  16000[      8]: system.cpu T0 : 0x4    : immtransr  r0, 0           : IntAlu :  D=0x0000000000000000
  18000[      9]: system.cpu T0 : 0x8    : immtransr  r1, 1073741824  : IntAlu :  D=0x0000000040000000
  20000[     10]: system.cpu T0 : 0x10    : immtransr  r2, 1077936128  : IntAlu :  D=0x0000000040400000
  22000[     11]: system.cpu T0 : 0x18    : immtransr  r3, 1065353216  : IntAlu :  D=0x000000003f800000
  22000[     11]: system.cpu T0 : 0x20    : r2shu0w    shu0.t1, r1     : IntAlu :  D=0x0 0x0 0x0 0x40 0x0 0x0 0x0 0x40 0x0 0x0 0x0 0x40 0x0 0x0 0x0 0x40 0x0 0x0 0x0 0x40 0x0 0x0 0x0 0x40 0x0 0x0 0x0 0x40 0x0 0x0 0x0 0x40 0x0 0x0 0x0 0x40 0x0 0x0 0x0 0x40 0x0 0x0 0x0 0x40 0x0 0x0 0x0 0x40 0x0 0x0 0x0 0x40 0x0 0x0 0x0 0x40 0x0 0x0 0x0 0x40 0x0 0x0 0x0 0x40 
  24000[     12]: system.cpu T0 : 0x24    : r2shu0w    shu0.t2, r2     : IntAlu :  D=0x0 0x0 0x40 0x40 0x0 0x0 0x40 0x40 0x0 0x0 0x40 0x40 0x0 0x0 0x40 0x40 0x0 0x0 0x40 0x40 0x0 0x0 0x40 0x40 0x0 0x0 0x40 0x40 0x0 0x0 0x40 0x40 0x0 0x0 0x40 0x40 0x0 0x0 0x40 0x40 0x0 0x0 0x40 0x40 0x0 0x0 0x40 0x40 0x0 0x0 0x40 0x40 0x0 0x0 0x40 0x40 0x0 0x0 0x40 0x40 0x0 0x0 0x40 0x40 
  26000[     13]: system.cpu T0 : 0x28    : r2shu0w    shu0.t0, r3     : IntAlu :  D=0x0 0x0 0x80 0x3f 0x0 0x0 0x80 0x3f 0x0 0x0 0x80 0x3f 0x0 0x0 0x80 0x3f 0x0 0x0 0x80 0x3f 0x0 0x0 0x80 0x3f 0x0 0x0 0x80 0x3f 0x0 0x0 0x80 0x3f 0x0 0x0 0x80 0x3f 0x0 0x0 0x80 0x3f 0x0 0x0 0x80 0x3f 0x0 0x0 0x80 0x3f 0x0 0x0 0x80 0x3f 0x0 0x0 0x80 0x3f 0x0 0x0 0x80 0x3f 0x0 0x0 0x80 0x3f 
  30000[     15]: system.cpu T0 : 0x2c    : immtransr  r1, 50462976    : IntAlu :  D=0x0000000003020100
  32000[     16]: system.cpu T0 : 0x34    : immtransr  r2, 117835012   : IntAlu :  D=0x0000000007060504
  34000[     17]: system.cpu T0 : 0x3c    : immtransr  r3, 185207048   : IntAlu :  D=0x000000000b0a0908
  36000[     18]: system.cpu T0 : 0x44    : immtransr  r4, 252579084   : IntAlu :  D=0x000000000f0e0d0c
  38000[     19]: system.cpu T0 : 0x4c    : immtransr  r5, 319951120   : IntAlu :  D=0x0000000013121110
  40000[     20]: system.cpu T0 : 0x54    : immtransr  r6, 387323156   : IntAlu :  D=0x0000000017161514
  42000[     21]: system.cpu T0 : 0x5c    : immtransr  r7, 454695192   : IntAlu :  D=0x000000001b1a1918
  44000[     22]: system.cpu T0 : 0x64    : immtransr  r8, 522067228   : IntAlu :  D=0x000000001f1e1d1c
  46000[     23]: system.cpu T0 : 0x6c    : immtransr  r9, 589439264   : IntAlu :  D=0x0000000023222120
  48000[     24]: system.cpu T0 : 0x74    : immtransr  r10, 656811300  : IntAlu :  D=0x0000000027262524
  50000[     25]: system.cpu T0 : 0x7c    : immtransr  r11, 724183336  : IntAlu :  D=0x000000002b2a2928
  52000[     26]: system.cpu T0 : 0x84    : immtransr  r12, 791555372  : IntAlu :  D=0x000000002f2e2d2c
  54000[     27]: system.cpu T0 : 0x8c    : immtransr  r13, 858927408  : IntAlu :  D=0x0000000033323130
  56000[     28]: system.cpu T0 : 0x94    : immtransr  r14, 926299444  : IntAlu :  D=0x0000000037363534
  58000[     29]: system.cpu T0 : 0x9c    : immtransr  r15, 993671480  : IntAlu :  D=0x000000003b3a3938
  60000[     30]: system.cpu T0 : 0xa4    : immtransr  r16, 1061043516 : IntAlu :  D=0x000000003f3e3d3c
  62000[     31]: system.cpu T0 : 0xac    : immtransj  j0, 4194304     : IntAlu :  D=0x0000000000400000
  64000[     32]: system.cpu T0 : 0xb4    : immtransj  j1, 4           : IntAlu :  D=0x0000000000000004
  66000[     33]: system.cpu T0 : 0xb8    : immtransj  j2, 4194304     : IntAlu :  D=0x0000000000400000
  68000[     34]: system.cpu T0 : 0xc0    : immtransj  j3, 4           : IntAlu :  D=0x0000000000000004
  76000[     38]: system.cpu T0 : 0xc4    : swrpost    r1, j1(j0)      : MemWrite :  D=0x0000000003020100 A=0x400000
  82000[     41]: system.cpu T0 : 0xc8    : swrpost    r2, j1(j0)      : MemWrite :  D=0x0000000007060504 A=0x400004
  88000[     44]: system.cpu T0 : 0xcc    : swrpost    r3, j1(j0)      : MemWrite :  D=0x000000000b0a0908 A=0x400008
  94000[     47]: system.cpu T0 : 0xd0    : swrpost    r4, j1(j0)      : MemWrite :  D=0x000000000f0e0d0c A=0x40000c
 100000[     50]: system.cpu T0 : 0xd4    : swrpost    r5, j1(j0)      : MemWrite :  D=0x0000000013121110 A=0x400010
 106000[     53]: system.cpu T0 : 0xd8    : swrpost    r6, j1(j0)      : MemWrite :  D=0x0000000017161514 A=0x400014
 112000[     56]: system.cpu T0 : 0xdc    : swrpost    r7, j1(j0)      : MemWrite :  D=0x000000001b1a1918 A=0x400018
 118000[     59]: system.cpu T0 : 0xe0    : swrpost    r8, j1(j0)      : MemWrite :  D=0x000000001f1e1d1c A=0x40001c
 124000[     62]: system.cpu T0 : 0xe4    : swrpost    r9, j1(j0)      : MemWrite :  D=0x0000000023222120 A=0x400020
 130000[     65]: system.cpu T0 : 0xe8    : swrpost    r10, j1(j0)     : MemWrite :  D=0x0000000027262524 A=0x400024
 136000[     68]: system.cpu T0 : 0xec    : swrpost    r11, j1(j0)     : MemWrite :  D=0x000000002b2a2928 A=0x400028
 142000[     71]: system.cpu T0 : 0xf0    : swrpost    r12, j1(j0)     : MemWrite :  D=0x000000002f2e2d2c A=0x40002c
 148000[     74]: system.cpu T0 : 0xf4    : swrpost    r13, j1(j0)     : MemWrite :  D=0x0000000033323130 A=0x400030
 154000[     77]: system.cpu T0 : 0xf8    : swrpost    r14, j1(j0)     : MemWrite :  D=0x0000000037363534 A=0x400034
 160000[     80]: system.cpu T0 : 0xfc    : swrpost    r15, j1(j0)     : MemWrite :  D=0x000000003b3a3938 A=0x400038
 166000[     83]: system.cpu T0 : 0x100    : swrpost    r16, j1(j0)     : MemWrite :  D=0x000000003f3e3d3c A=0x40003c
 170000[     85]: system.cpu T0 : 0x104    : lsvr       svr1, j3(j2)    : MemRead :  D=0x0 0x1 0x2 0x3 0x4 0x5 0x6 0x7 0x8 0x9 0xa 0xb 0xc 0xd 0xe 0xf 0x10 0x11 0x12 0x13 0x14 0x15 0x16 0x17 0x18 0x19 0x1a 0x1b 0x1c 0x1d 0x1e 0x1f 0x20 0x21 0x22 0x23 0x24 0x25 0x26 0x27 0x28 0x29 0x2a 0x2b 0x2c 0x2d 0x2e 0x2f 0x30 0x31 0x32 0x33 0x34 0x35 0x36 0x37 0x38 0x39 0x3a 0x3b 0x3c 0x3d 0x3e 0x3f  A=0x400000
 174000[     87]: system.cpu T0 : 0x108    : svr2shu0   shu0.t3, svr1   : IntAlu :  D=0x0 0x1 0x2 0x3 0x4 0x5 0x6 0x7 0x8 0x9 0xa 0xb 0xc 0xd 0xe 0xf 0x10 0x11 0x12 0x13 0x14 0x15 0x16 0x17 0x18 0x19 0x1a 0x1b 0x1c 0x1d 0x1e 0x1f 0x20 0x21 0x22 0x23 0x24 0x25 0x26 0x27 0x28 0x29 0x2a 0x2b 0x2c 0x2d 0x2e 0x2f 0x30 0x31 0x32 0x33 0x34 0x35 0x36 0x37 0x38 0x39 0x3a 0x3b 0x3c 0x3d 0x3e 0x3f 
 174000[     87]: system.cpu T0 : 0x10c    : callmimmb  _FMACTest       : IntAlu : 
 185000[     92]: system.cpu T1 : 0xd6(4)    : (memo:shu0idx   ) SHU0.T1 IND T3->FMAC.T1(I0) : IntAlu :  D=0x0 0x0 0x0 0x40 0x0 0x0 0x0 0x40 0x0 0x0 0x0 0x40 0x0 0x0 0x0 0x40 0x0 0x0 0x0 0x40 0x0 0x0 0x0 0x40 0x0 0x0 0x0 0x40 0x0 0x0 0x0 0x40 0x0 0x0 0x0 0x40 0x0 0x0 0x0 0x40 0x0 0x0 0x0 0x40 0x0 0x0 0x0 0x40 0x0 0x0 0x0 0x40 0x0 0x0 0x0 0x40 0x0 0x0 0x0 0x40 0x0 0x0 0x0 0x40 
 186000[     93]: system.cpu T1 : 0xff(4)    : (memo:shu0idx   ) SHU0.T2 IND T3->FMAC.T2(I0) : IntAlu :  D=0x0 0x0 0x40 0x40 0x0 0x0 0x40 0x40 0x0 0x0 0x40 0x40 0x0 0x0 0x40 0x40 0x0 0x0 0x40 0x40 0x0 0x0 0x40 0x40 0x0 0x0 0x40 0x40 0x0 0x0 0x40 0x40 0x0 0x0 0x40 0x40 0x0 0x0 0x40 0x40 0x0 0x0 0x40 0x40 0x0 0x0 0x40 0x40 0x0 0x0 0x40 0x40 0x0 0x0 0x40 0x40 0x0 0x0 0x40 0x40 0x0 0x0 0x40 0x40 
 187000[     93]: system.cpu T1 : 0x128(4)    : (memo:shu0idx   ) SHU0.T0 IND T3->FMAC.T3(I0) : IntAlu :  D=0x0 0x0 0x80 0x3f 0x0 0x0 0x80 0x3f 0x0 0x0 0x80 0x3f 0x0 0x0 0x80 0x3f 0x0 0x0 0x80 0x3f 0x0 0x0 0x80 0x3f 0x0 0x0 0x80 0x3f 0x0 0x0 0x80 0x3f 0x0 0x0 0x80 0x3f 0x0 0x0 0x80 0x3f 0x0 0x0 0x80 0x3f 0x0 0x0 0x80 0x3f 0x0 0x0 0x80 0x3f 0x0 0x0 0x80 0x3f 0x0 0x0 0x80 0x3f 0x0 0x0 0x80 0x3f 
 193000[     96]: system.cpu T1 : 0x18c(9)    : (memo:fmacmul   ) FMAC.T1*T2(S)->FALU.T0 : IntAlu :  D=0x0 0x0 0xc0 0x40 0x0 0x0 0xc0 0x40 0x0 0x0 0xc0 0x40 0x0 0x0 0xc0 0x40 0x0 0x0 0xc0 0x40 0x0 0x0 0xc0 0x40 0x0 0x0 0xc0 0x40 0x0 0x0 0xc0 0x40 0x0 0x0 0xc0 0x40 0x0 0x0 0xc0 0x40 0x0 0x0 0xc0 0x40 0x0 0x0 0xc0 0x40 0x0 0x0 0xc0 0x40 0x0 0x0 0xc0 0x40 0x0 0x0 0xc0 0x40 0x0 0x0 0xc0 0x40 
 196000[     98]: system.cpu T1 : 0x1b5(9)    : (memo:fmacmac   ) FMAC.MR+=T1*T3(S,CR)->MR : IntMult :  D=0x0 0x0 0x0 0x40 0x0 0x0 0x0 0x40 0x0 0x0 0x0 0x40 0x0 0x0 0x0 0x40 0x0 0x0 0x0 0x40 0x0 0x0 0x0 0x40 0x0 0x0 0x0 0x40 0x0 0x0 0x0 0x40 0x0 0x0 0x0 0x40 0x0 0x0 0x0 0x40 0x0 0x0 0x0 0x40 0x0 0x0 0x0 0x40 0x0 0x0 0x0 0x40 0x0 0x0 0x0 0x40 0x0 0x0 0x0 0x40 0x0 0x0 0x0 0x40 
 197000[     98]: system.cpu T1 : 0x1de(9)    : (memo:fmacmac   ) FMAC.MR+=T1*T3(S,CR)->MR : IntMult :  D=0x0 0x0 0x0 0x40 0x0 0x0 0x0 0x40 0x0 0x0 0x0 0x40 0x0 0x0 0x0 0x40 0x0 0x0 0x0 0x40 0x0 0x0 0x0 0x40 0x0 0x0 0x0 0x40 0x0 0x0 0x0 0x40 0x0 0x0 0x0 0x40 0x0 0x0 0x0 0x40 0x0 0x0 0x0 0x40 0x0 0x0 0x0 0x40 0x0 0x0 0x0 0x40 0x0 0x0 0x0 0x40 0x0 0x0 0x0 0x40 0x0 0x0 0x0 0x40 
 198000[     99]: system.cpu T1 : 0x207(9)    : (memo:fmacmac   ) FMAC.MR+=T1*T3(S,CR)->MR : IntMult :  D=0x0 0x0 0x0 0x40 0x0 0x0 0x0 0x40 0x0 0x0 0x0 0x40 0x0 0x0 0x0 0x40 0x0 0x0 0x0 0x40 0x0 0x0 0x0 0x40 0x0 0x0 0x0 0x40 0x0 0x0 0x0 0x40 0x0 0x0 0x0 0x40 0x0 0x0 0x0 0x40 0x0 0x0 0x0 0x40 0x0 0x0 0x0 0x40 0x0 0x0 0x0 0x40 0x0 0x0 0x0 0x40 0x0 0x0 0x0 0x40 0x0 0x0 0x0 0x40 
 199000[     99]: system.cpu T1 : 0x230(9)    : (memo:fmacmac   ) FMAC.MR+=T1*T3(S,CR)->MR : IntMult :  D=0x0 0x0 0x0 0x40 0x0 0x0 0x0 0x40 0x0 0x0 0x0 0x40 0x0 0x0 0x0 0x40 0x0 0x0 0x0 0x40 0x0 0x0 0x0 0x40 0x0 0x0 0x0 0x40 0x0 0x0 0x0 0x40 0x0 0x0 0x0 0x40 0x0 0x0 0x0 0x40 0x0 0x0 0x0 0x40 0x0 0x0 0x0 0x40 0x0 0x0 0x0 0x40 0x0 0x0 0x0 0x40 0x0 0x0 0x0 0x40 0x0 0x0 0x0 0x40 
 200000[    100]: system.cpu T1 : 0x259(9)    : (memo:fmacmac   ) FMAC.MR+=T1*T3(S,CR)->MR : IntMult :  D=0x0 0x0 0x0 0x40 0x0 0x0 0x0 0x40 0x0 0x0 0x0 0x40 0x0 0x0 0x0 0x40 0x0 0x0 0x0 0x40 0x0 0x0 0x0 0x40 0x0 0x0 0x0 0x40 0x0 0x0 0x0 0x40 0x0 0x0 0x0 0x40 0x0 0x0 0x0 0x40 0x0 0x0 0x0 0x40 0x0 0x0 0x0 0x40 0x0 0x0 0x0 0x40 0x0 0x0 0x0 0x40 0x0 0x0 0x0 0x40 0x0 0x0 0x0 0x40 
 201000[    100]: system.cpu T1 : 0x282(9)    : (memo:fmacmac   ) FMAC.MR+=T1*T3(S,CR)->MR : IntMult :  D=0x0 0x0 0x0 0x40 0x0 0x0 0x0 0x40 0x0 0x0 0x0 0x40 0x0 0x0 0x0 0x40 0x0 0x0 0x0 0x40 0x0 0x0 0x0 0x40 0x0 0x0 0x0 0x40 0x0 0x0 0x0 0x40 0x0 0x0 0x0 0x40 0x0 0x0 0x0 0x40 0x0 0x0 0x0 0x40 0x0 0x0 0x0 0x40 0x0 0x0 0x0 0x40 0x0 0x0 0x0 0x40 0x0 0x0 0x0 0x40 0x0 0x0 0x0 0x40 
 202000[    101]: system.cpu T1 : 0x2ab(9)    : (memo:fmacmac   ) FMAC.MR+=T1*T3(S,CR)->MR : IntMult :  D=0x0 0x0 0x0 0x40 0x0 0x0 0x0 0x40 0x0 0x0 0x0 0x40 0x0 0x0 0x0 0x40 0x0 0x0 0x0 0x40 0x0 0x0 0x0 0x40 0x0 0x0 0x0 0x40 0x0 0x0 0x0 0x40 0x0 0x0 0x0 0x40 0x0 0x0 0x0 0x40 0x0 0x0 0x0 0x40 0x0 0x0 0x0 0x40 0x0 0x0 0x0 0x40 0x0 0x0 0x0 0x40 0x0 0x0 0x0 0x40 0x0 0x0 0x0 0x40 
 203000[    101]: system.cpu T1 : 0x2d4(9)    : (memo:fmacmac   ) FMAC.MR+=T1*T3(S,CR)->MR : IntMult :  D=0x0 0x0 0x0 0x40 0x0 0x0 0x0 0x40 0x0 0x0 0x0 0x40 0x0 0x0 0x0 0x40 0x0 0x0 0x0 0x40 0x0 0x0 0x0 0x40 0x0 0x0 0x0 0x40 0x0 0x0 0x0 0x40 0x0 0x0 0x0 0x40 0x0 0x0 0x0 0x40 0x0 0x0 0x0 0x40 0x0 0x0 0x0 0x40 0x0 0x0 0x0 0x40 0x0 0x0 0x0 0x40 0x0 0x0 0x0 0x40 0x0 0x0 0x0 0x40 
 205000[    102]: system.cpu T1 : 0x2fd(9)    : (memo:fmacmacmov) FMAC.MR+=T1*T3(S)->FALU.T0 : IntMult :  D=0x0 0x0 0x80 0x40 0x0 0x0 0x80 0x40 0x0 0x0 0x80 0x40 0x0 0x0 0x80 0x40 0x0 0x0 0x80 0x40 0x0 0x0 0x80 0x40 0x0 0x0 0x80 0x40 0x0 0x0 0x80 0x40 0x0 0x0 0x80 0x40 0x0 0x0 0x80 0x40 0x0 0x0 0x80 0x40 0x0 0x0 0x80 0x40 0x0 0x0 0x80 0x40 0x0 0x0 0x80 0x40 0x0 0x0 0x80 0x40 0x0 0x0 0x80 0x40 
 206000[    103]: system.cpu T1 : 0x326(9)    : (memo:fmacmacmov) FMAC.MR+=T1*T3(S)->FALU.T1 : IntMult :  D=0x0 0x0 0x80 0x40 0x0 0x0 0x80 0x40 0x0 0x0 0x80 0x40 0x0 0x0 0x80 0x40 0x0 0x0 0x80 0x40 0x0 0x0 0x80 0x40 0x0 0x0 0x80 0x40 0x0 0x0 0x80 0x40 0x0 0x0 0x80 0x40 0x0 0x0 0x80 0x40 0x0 0x0 0x80 0x40 0x0 0x0 0x80 0x40 0x0 0x0 0x80 0x40 0x0 0x0 0x80 0x40 0x0 0x0 0x80 0x40 0x0 0x0 0x80 0x40 
 207000[    103]: system.cpu T1 : 0x34f(9)    : (memo:fmacmacmov) FMAC.MR+=T1*T3(S)->FALU.T2 : IntMult :  D=0x0 0x0 0x80 0x40 0x0 0x0 0x80 0x40 0x0 0x0 0x80 0x40 0x0 0x0 0x80 0x40 0x0 0x0 0x80 0x40 0x0 0x0 0x80 0x40 0x0 0x0 0x80 0x40 0x0 0x0 0x80 0x40 0x0 0x0 0x80 0x40 0x0 0x0 0x80 0x40 0x0 0x0 0x80 0x40 0x0 0x0 0x80 0x40 0x0 0x0 0x80 0x40 0x0 0x0 0x80 0x40 0x0 0x0 0x80 0x40 0x0 0x0 0x80 0x40 
 208000[    104]: system.cpu T1 : 0x378(9)    : (memo:fmacmacmov) FMAC.MR+=T1*T3(S)->FALU.T3 : IntMult :  D=0x0 0x0 0x80 0x40 0x0 0x0 0x80 0x40 0x0 0x0 0x80 0x40 0x0 0x0 0x80 0x40 0x0 0x0 0x80 0x40 0x0 0x0 0x80 0x40 0x0 0x0 0x80 0x40 0x0 0x0 0x80 0x40 0x0 0x0 0x80 0x40 0x0 0x0 0x80 0x40 0x0 0x0 0x80 0x40 0x0 0x0 0x80 0x40 0x0 0x0 0x80 0x40 0x0 0x0 0x80 0x40 0x0 0x0 0x80 0x40 0x0 0x0 0x80 0x40 
 209000[    104]: system.cpu T1 : 0x3a1(9)    : (memo:fmacmacmov) FMAC.MR+=T1*T3(S)->M[0] : IntMult :  D=0x0 0x0 0x80 0x40 0x0 0x0 0x80 0x40 0x0 0x0 0x80 0x40 0x0 0x0 0x80 0x40 0x0 0x0 0x80 0x40 0x0 0x0 0x80 0x40 0x0 0x0 0x80 0x40 0x0 0x0 0x80 0x40 0x0 0x0 0x80 0x40 0x0 0x0 0x80 0x40 0x0 0x0 0x80 0x40 0x0 0x0 0x80 0x40 0x0 0x0 0x80 0x40 0x0 0x0 0x80 0x40 0x0 0x0 0x80 0x40 0x0 0x0 0x80 0x40 
 210000[    105]: system.cpu T1 : 0x3ca(9)    : (memo:fmacmacmov) FMAC.MR+=T1*T3(S)->M[1] : IntMult :  D=0x0 0x0 0x80 0x40 0x0 0x0 0x80 0x40 0x0 0x0 0x80 0x40 0x0 0x0 0x80 0x40 0x0 0x0 0x80 0x40 0x0 0x0 0x80 0x40 0x0 0x0 0x80 0x40 0x0 0x0 0x80 0x40 0x0 0x0 0x80 0x40 0x0 0x0 0x80 0x40 0x0 0x0 0x80 0x40 0x0 0x0 0x80 0x40 0x0 0x0 0x80 0x40 0x0 0x0 0x80 0x40 0x0 0x0 0x80 0x40 0x0 0x0 0x80 0x40 
 211000[    105]: system.cpu T1 : 0x3f3(9)    : (memo:fmacmacmov) FMAC.MR+=T1*T3(S)->M[2] : IntMult :  D=0x0 0x0 0x80 0x40 0x0 0x0 0x80 0x40 0x0 0x0 0x80 0x40 0x0 0x0 0x80 0x40 0x0 0x0 0x80 0x40 0x0 0x0 0x80 0x40 0x0 0x0 0x80 0x40 0x0 0x0 0x80 0x40 0x0 0x0 0x80 0x40 0x0 0x0 0x80 0x40 0x0 0x0 0x80 0x40 0x0 0x0 0x80 0x40 0x0 0x0 0x80 0x40 0x0 0x0 0x80 0x40 0x0 0x0 0x80 0x40 0x0 0x0 0x80 0x40 
 212000[    106]: system.cpu T1 : 0x41c(9)    : (memo:fmacmacmov) FMAC.MR+=T1*T3(S)->M[3] : IntMult :  D=0x0 0x0 0x80 0x40 0x0 0x0 0x80 0x40 0x0 0x0 0x80 0x40 0x0 0x0 0x80 0x40 0x0 0x0 0x80 0x40 0x0 0x0 0x80 0x40 0x0 0x0 0x80 0x40 0x0 0x0 0x80 0x40 0x0 0x0 0x80 0x40 0x0 0x0 0x80 0x40 0x0 0x0 0x80 0x40 0x0 0x0 0x80 0x40 0x0 0x0 0x80 0x40 0x0 0x0 0x80 0x40 0x0 0x0 0x80 0x40 0x0 0x0 0x80 0x40 
 212000[    106]: system.cpu T1 : 0x520(0)    : (memo:mr0       ) R0.M[0]->FALU.T2(I0) : IntAlu :  D=0x0 0x0 0x80 0x40 0x0 0x0 0x80 0x40 0x0 0x0 0x80 0x40 0x0 0x0 0x80 0x40 0x0 0x0 0x80 0x40 0x0 0x0 0x80 0x40 0x0 0x0 0x80 0x40 0x0 0x0 0x80 0x40 0x0 0x0 0x80 0x40 0x0 0x0 0x80 0x40 0x0 0x0 0x80 0x40 0x0 0x0 0x80 0x40 0x0 0x0 0x80 0x40 0x0 0x0 0x80 0x40 0x0 0x0 0x80 0x40 0x0 0x0 0x80 0x40 
 213000[    106]: system.cpu T1 : 0x4e6(8)    : (memo:faluadd   ) FALU.T0+T1(S)->FALU.T0 : IntAlu :  D=0x0 0x0 0x0 0x41 0x0 0x0 0x0 0x41 0x0 0x0 0x0 0x41 0x0 0x0 0x0 0x41 0x0 0x0 0x0 0x41 0x0 0x0 0x0 0x41 0x0 0x0 0x0 0x41 0x0 0x0 0x0 0x41 0x0 0x0 0x0 0x41 0x0 0x0 0x0 0x41 0x0 0x0 0x0 0x41 0x0 0x0 0x0 0x41 0x0 0x0 0x0 0x41 0x0 0x0 0x0 0x41 0x0 0x0 0x0 0x41 0x0 0x0 0x0 0x41 
 213000[    106]: system.cpu T1 : 0x549(0)    : (memo:mr0       ) R0.M[1]->FALU.T3(I0) : IntAlu :  D=0x0 0x0 0x80 0x40 0x0 0x0 0x80 0x40 0x0 0x0 0x80 0x40 0x0 0x0 0x80 0x40 0x0 0x0 0x80 0x40 0x0 0x0 0x80 0x40 0x0 0x0 0x80 0x40 0x0 0x0 0x80 0x40 0x0 0x0 0x80 0x40 0x0 0x0 0x80 0x40 0x0 0x0 0x80 0x40 0x0 0x0 0x80 0x40 0x0 0x0 0x80 0x40 0x0 0x0 0x80 0x40 0x0 0x0 0x80 0x40 0x0 0x0 0x80 0x40 
 214000[    107]: system.cpu T1 : 0x50f(8)    : (memo:faluadd   ) FALU.T2+T3(S)->FALU.T1 : IntAlu :  D=0x0 0x0 0x0 0x41 0x0 0x0 0x0 0x41 0x0 0x0 0x0 0x41 0x0 0x0 0x0 0x41 0x0 0x0 0x0 0x41 0x0 0x0 0x0 0x41 0x0 0x0 0x0 0x41 0x0 0x0 0x0 0x41 0x0 0x0 0x0 0x41 0x0 0x0 0x0 0x41 0x0 0x0 0x0 0x41 0x0 0x0 0x0 0x41 0x0 0x0 0x0 0x41 0x0 0x0 0x0 0x41 0x0 0x0 0x0 0x41 0x0 0x0 0x0 0x41 
 218000[    109]: system.cpu T1 : 0x616(0)    : (memo:mr0       ) R0.M[2]->FALU.T2(I0) : IntAlu :  D=0x0 0x0 0x80 0x40 0x0 0x0 0x80 0x40 0x0 0x0 0x80 0x40 0x0 0x0 0x80 0x40 0x0 0x0 0x80 0x40 0x0 0x0 0x80 0x40 0x0 0x0 0x80 0x40 0x0 0x0 0x80 0x40 0x0 0x0 0x80 0x40 0x0 0x0 0x80 0x40 0x0 0x0 0x80 0x40 0x0 0x0 0x80 0x40 0x0 0x0 0x80 0x40 0x0 0x0 0x80 0x40 0x0 0x0 0x80 0x40 0x0 0x0 0x80 0x40 
 219000[    109]: system.cpu T1 : 0x5dc(8)    : (memo:faluadd   ) FALU.T2+T3(S)->FALU.T0 : IntAlu :  D=0x0 0x0 0x0 0x41 0x0 0x0 0x0 0x41 0x0 0x0 0x0 0x41 0x0 0x0 0x0 0x41 0x0 0x0 0x0 0x41 0x0 0x0 0x0 0x41 0x0 0x0 0x0 0x41 0x0 0x0 0x0 0x41 0x0 0x0 0x0 0x41 0x0 0x0 0x0 0x41 0x0 0x0 0x0 0x41 0x0 0x0 0x0 0x41 0x0 0x0 0x0 0x41 0x0 0x0 0x0 0x41 0x0 0x0 0x0 0x41 0x0 0x0 0x0 0x41 
 219000[    109]: system.cpu T1 : 0x63f(0)    : (memo:mr0       ) R0.M[3]->FALU.T3(I0) : IntAlu :  D=0x0 0x0 0x80 0x40 0x0 0x0 0x80 0x40 0x0 0x0 0x80 0x40 0x0 0x0 0x80 0x40 0x0 0x0 0x80 0x40 0x0 0x0 0x80 0x40 0x0 0x0 0x80 0x40 0x0 0x0 0x80 0x40 0x0 0x0 0x80 0x40 0x0 0x0 0x80 0x40 0x0 0x0 0x80 0x40 0x0 0x0 0x80 0x40 0x0 0x0 0x80 0x40 0x0 0x0 0x80 0x40 0x0 0x0 0x80 0x40 0x0 0x0 0x80 0x40 
 220000[    110]: system.cpu T1 : 0x605(8)    : (memo:faluadd   ) FALU.T0+T1(S)->FALU.T1 : IntAlu :  D=0x0 0x0 0x80 0x41 0x0 0x0 0x80 0x41 0x0 0x0 0x80 0x41 0x0 0x0 0x80 0x41 0x0 0x0 0x80 0x41 0x0 0x0 0x80 0x41 0x0 0x0 0x80 0x41 0x0 0x0 0x80 0x41 0x0 0x0 0x80 0x41 0x0 0x0 0x80 0x41 0x0 0x0 0x80 0x41 0x0 0x0 0x80 0x41 0x0 0x0 0x80 0x41 0x0 0x0 0x80 0x41 0x0 0x0 0x80 0x41 0x0 0x0 0x80 0x41 
 225000[    112]: system.cpu T1 : 0x6d2(8)    : (memo:faluadd   ) FALU.T2+T3(S)->FALU.T0 : IntAlu :  D=0x0 0x0 0x0 0x41 0x0 0x0 0x0 0x41 0x0 0x0 0x0 0x41 0x0 0x0 0x0 0x41 0x0 0x0 0x0 0x41 0x0 0x0 0x0 0x41 0x0 0x0 0x0 0x41 0x0 0x0 0x0 0x41 0x0 0x0 0x0 0x41 0x0 0x0 0x0 0x41 0x0 0x0 0x0 0x41 0x0 0x0 0x0 0x41 0x0 0x0 0x0 0x41 0x0 0x0 0x0 0x41 0x0 0x0 0x0 0x41 0x0 0x0 0x0 0x41 
 226000[    113]: system.cpu T1 : 0x6fb(8)    : (memo:faluadd   ) FALU.T0+T1(S)->FALU.T1 : IntAlu :  D=0x0 0x0 0xc0 0x41 0x0 0x0 0xc0 0x41 0x0 0x0 0xc0 0x41 0x0 0x0 0xc0 0x41 0x0 0x0 0xc0 0x41 0x0 0x0 0xc0 0x41 0x0 0x0 0xc0 0x41 0x0 0x0 0xc0 0x41 0x0 0x0 0xc0 0x41 0x0 0x0 0xc0 0x41 0x0 0x0 0xc0 0x41 0x0 0x0 0xc0 0x41 0x0 0x0 0xc0 0x41 0x0 0x0 0xc0 0x41 0x0 0x0 0xc0 0x41 0x0 0x0 0xc0 0x41 
 231000[    115]: system.cpu T1 : 0x7c8(8)    : (memo:faluadd   ) FALU.T0+T1(S)->FALU.T2 : IntAlu :  D=0x0 0x0 0x0 0x42 0x0 0x0 0x0 0x42 0x0 0x0 0x0 0x42 0x0 0x0 0x0 0x42 0x0 0x0 0x0 0x42 0x0 0x0 0x0 0x42 0x0 0x0 0x0 0x42 0x0 0x0 0x0 0x42 0x0 0x0 0x0 0x42 0x0 0x0 0x0 0x42 0x0 0x0 0x0 0x42 0x0 0x0 0x0 0x42 0x0 0x0 0x0 0x42 0x0 0x0 0x0 0x42 0x0 0x0 0x0 0x42 0x0 0x0 0x0 0x42 
 238000[    119]: system.cpu T1 : 0x828(13)    : (memo:mpustop   ) MSEQ.Stop : IntAlu : 
 244000[    122]: system.cpu T0 : 0x114    : immtransr  r0, 2           : IntAlu :  D=0x0000000000000002
 246000[    123]: system.cpu T0 : 0x118    : immtransr  r1, 3           : IntAlu :  D=0x0000000000000003
 252000[    126]: system.cpu T0 : 0x11c    : fixadd     r2, r1, r2      : IntAlu :  D=0x0000000007060507
 256000[    128]: system.cpu T0 : 0x12c    : spustop                    : IntAlu : 
