  14000[      7]: system.cpu T0 : 0x0    : immtransr  r0, -1073741824 : IntAlu :  D=0x00000000c0000000
  16000[      8]: system.cpu T0 : 0x8    : immtransr  r1, -1065353216 : IntAlu :  D=0x00000000c0800000
  18000[      9]: system.cpu T0 : 0x10    : immtransr  r2, -1056964608 : IntAlu :  D=0x00000000c1000000
  20000[     10]: system.cpu T0 : 0x18    : immtransr  r3, -1048576000 : IntAlu :  D=0x00000000c1800000
  22000[     11]: system.cpu T0 : 0x20    : immtransr  r4, -1040187392 : IntAlu :  D=0x00000000c2000000
  24000[     12]: system.cpu T0 : 0x28    : immtransr  r5, -1031798784 : IntAlu :  D=0x00000000c2800000
  26000[     13]: system.cpu T0 : 0x30    : immtransr  r6, -1023410176 : IntAlu :  D=0x00000000c3000000
  28000[     14]: system.cpu T0 : 0x38    : immtransr  r7, -1006632960 : IntAlu :  D=0x00000000c4000000
  30000[     15]: system.cpu T0 : 0x40    : immtransr  r8, 1073741824  : IntAlu :  D=0x0000000040000000
  32000[     16]: system.cpu T0 : 0x48    : immtransr  r9, 1082130432  : IntAlu :  D=0x0000000040800000
  34000[     17]: system.cpu T0 : 0x50    : immtransr  r10, 1090519040 : IntAlu :  D=0x0000000041000000
  36000[     18]: system.cpu T0 : 0x58    : immtransr  r11, 1098907648 : IntAlu :  D=0x0000000041800000
  38000[     19]: system.cpu T0 : 0x60    : immtransr  r12, 1107296256 : IntAlu :  D=0x0000000042000000
  40000[     20]: system.cpu T0 : 0x68    : immtransr  r13, 1115684864 : IntAlu :  D=0x0000000042800000
  42000[     21]: system.cpu T0 : 0x70    : immtransr  r14, 1124073472 : IntAlu :  D=0x0000000043000000
  44000[     22]: system.cpu T0 : 0x78    : immtransr  r15, 1140850688 : IntAlu :  D=0x0000000044000000
  46000[     23]: system.cpu T0 : 0x80    : r2svrwimm  svr0[0], r0     : IntAlu :  D=0x00000000c0000000
  52000[     26]: system.cpu T0 : 0x84    : r2svrwimm  svr0[1], r1     : IntAlu :  D=0x00000000c0800000
  58000[     29]: system.cpu T0 : 0x88    : r2svrwimm  svr0[2], r2     : IntAlu :  D=0x00000000c1000000
  64000[     32]: system.cpu T0 : 0x8c    : r2svrwimm  svr0[3], r3     : IntAlu :  D=0x00000000c1800000
  70000[     35]: system.cpu T0 : 0x90    : r2svrwimm  svr0[4], r4     : IntAlu :  D=0x00000000c2000000
  76000[     38]: system.cpu T0 : 0x94    : r2svrwimm  svr0[5], r5     : IntAlu :  D=0x00000000c2800000
  82000[     41]: system.cpu T0 : 0x98    : r2svrwimm  svr0[6], r6     : IntAlu :  D=0x00000000c3000000
  88000[     44]: system.cpu T0 : 0x9c    : r2svrwimm  svr0[7], r7     : IntAlu :  D=0x00000000c4000000
  94000[     47]: system.cpu T0 : 0xa0    : r2svrwimm  svr0[8], r8     : IntAlu :  D=0x0000000040000000
 100000[     50]: system.cpu T0 : 0xa4    : r2svrwimm  svr0[9], r9     : IntAlu :  D=0x0000000040800000
 106000[     53]: system.cpu T0 : 0xa8    : r2svrwimm  svr0[10], r10   : IntAlu :  D=0x0000000041000000
 112000[     56]: system.cpu T0 : 0xac    : r2svrwimm  svr0[11], r11   : IntAlu :  D=0x0000000041800000
 118000[     59]: system.cpu T0 : 0xb0    : r2svrwimm  svr0[12], r12   : IntAlu :  D=0x0000000042000000
 124000[     62]: system.cpu T0 : 0xb4    : r2svrwimm  svr0[13], r13   : IntAlu :  D=0x0000000042800000
 130000[     65]: system.cpu T0 : 0xb8    : r2svrwimm  svr0[14], r14   : IntAlu :  D=0x0000000043000000
 136000[     68]: system.cpu T0 : 0xbc    : r2svrwimm  svr0[15], r15   : IntAlu :  D=0x0000000044000000
 140000[     70]: system.cpu T0 : 0xc0    : svr2shu0   shu0.t0, svr0   : IntAlu :  D=0x0 0x0 0x0 0xc0 0x0 0x0 0x80 0xc0 0x0 0x0 0x0 0xc1 0x0 0x0 0x80 0xc1 0x0 0x0 0x0 0xc2 0x0 0x0 0x80 0xc2 0x0 0x0 0x0 0xc3 0x0 0x0 0x0 0xc4 0x0 0x0 0x0 0x40 0x0 0x0 0x80 0x40 0x0 0x0 0x0 0x41 0x0 0x0 0x80 0x41 0x0 0x0 0x0 0x42 0x0 0x0 0x80 0x42 0x0 0x0 0x0 0x43 0x0 0x0 0x0 0x44 
 144000[     72]: system.cpu T0 : 0xc4    : immtransr  r0, 1073741824  : IntAlu :  D=0x0000000040000000
 146000[     73]: system.cpu T0 : 0xcc    : immtransr  r1, 1082130432  : IntAlu :  D=0x0000000040800000
 148000[     74]: system.cpu T0 : 0xd4    : immtransr  r2, 1090519040  : IntAlu :  D=0x0000000041000000
 150000[     75]: system.cpu T0 : 0xdc    : immtransr  r3, 1098907648  : IntAlu :  D=0x0000000041800000
 152000[     76]: system.cpu T0 : 0xe4    : immtransr  r4, 1107296256  : IntAlu :  D=0x0000000042000000
 154000[     77]: system.cpu T0 : 0xec    : immtransr  r5, 1115684864  : IntAlu :  D=0x0000000042800000
 156000[     78]: system.cpu T0 : 0xf4    : immtransr  r6, 1124073472  : IntAlu :  D=0x0000000043000000
 158000[     79]: system.cpu T0 : 0xfc    : immtransr  r7, 1140850688  : IntAlu :  D=0x0000000044000000
 160000[     80]: system.cpu T0 : 0x104    : immtransr  r8, -1073741824 : IntAlu :  D=0x00000000c0000000
 162000[     81]: system.cpu T0 : 0x10c    : immtransr  r9, -1065353216 : IntAlu :  D=0x00000000c0800000
 164000[     82]: system.cpu T0 : 0x114    : immtransr  r10, -1056964608 : IntAlu :  D=0x00000000c1000000
 166000[     83]: system.cpu T0 : 0x11c    : immtransr  r11, -1048576000 : IntAlu :  D=0x00000000c1800000
 168000[     84]: system.cpu T0 : 0x124    : immtransr  r12, -1040187392 : IntAlu :  D=0x00000000c2000000
 170000[     85]: system.cpu T0 : 0x12c    : immtransr  r13, -1031798784 : IntAlu :  D=0x00000000c2800000
 172000[     86]: system.cpu T0 : 0x134    : immtransr  r14, -1023410176 : IntAlu :  D=0x00000000c3000000
 174000[     87]: system.cpu T0 : 0x13c    : immtransr  r15, -1006632960 : IntAlu :  D=0x00000000c4000000
 176000[     88]: system.cpu T0 : 0x144    : r2svrwimm  svr1[0], r0     : IntAlu :  D=0x0000000040000000
 182000[     91]: system.cpu T0 : 0x148    : r2svrwimm  svr1[1], r1     : IntAlu :  D=0x0000000040800000
 188000[     94]: system.cpu T0 : 0x14c    : r2svrwimm  svr1[2], r2     : IntAlu :  D=0x0000000041000000
 194000[     97]: system.cpu T0 : 0x150    : r2svrwimm  svr1[3], r3     : IntAlu :  D=0x0000000041800000
 200000[    100]: system.cpu T0 : 0x154    : r2svrwimm  svr1[4], r4     : IntAlu :  D=0x0000000042000000
 206000[    103]: system.cpu T0 : 0x158    : r2svrwimm  svr1[5], r5     : IntAlu :  D=0x0000000042800000
 212000[    106]: system.cpu T0 : 0x15c    : r2svrwimm  svr1[6], r6     : IntAlu :  D=0x0000000043000000
 218000[    109]: system.cpu T0 : 0x160    : r2svrwimm  svr1[7], r7     : IntAlu :  D=0x0000000044000000
 224000[    112]: system.cpu T0 : 0x164    : r2svrwimm  svr1[8], r8     : IntAlu :  D=0x00000000c0000000
 230000[    115]: system.cpu T0 : 0x168    : r2svrwimm  svr1[9], r9     : IntAlu :  D=0x00000000c0800000
 236000[    118]: system.cpu T0 : 0x16c    : r2svrwimm  svr1[10], r10   : IntAlu :  D=0x00000000c1000000
 242000[    121]: system.cpu T0 : 0x170    : r2svrwimm  svr1[11], r11   : IntAlu :  D=0x00000000c1800000
 248000[    124]: system.cpu T0 : 0x174    : r2svrwimm  svr1[12], r12   : IntAlu :  D=0x00000000c2000000
 254000[    127]: system.cpu T0 : 0x178    : r2svrwimm  svr1[13], r13   : IntAlu :  D=0x00000000c2800000
 260000[    130]: system.cpu T0 : 0x17c    : r2svrwimm  svr1[14], r14   : IntAlu :  D=0x00000000c3000000
 266000[    133]: system.cpu T0 : 0x180    : r2svrwimm  svr1[15], r15   : IntAlu :  D=0x00000000c4000000
 270000[    135]: system.cpu T0 : 0x184    : svr2shu1   shu1.t0, svr1   : IntAlu :  D=0x0 0x0 0x0 0x40 0x0 0x0 0x80 0x40 0x0 0x0 0x0 0x41 0x0 0x0 0x80 0x41 0x0 0x0 0x0 0x42 0x0 0x0 0x80 0x42 0x0 0x0 0x0 0x43 0x0 0x0 0x0 0x44 0x0 0x0 0x0 0xc0 0x0 0x0 0x80 0xc0 0x0 0x0 0x0 0xc1 0x0 0x0 0x80 0xc1 0x0 0x0 0x0 0xc2 0x0 0x0 0x80 0xc2 0x0 0x0 0x0 0xc3 0x0 0x0 0x0 0xc4 
 270000[    135]: system.cpu T0 : 0x188    : callmimmb  _FALUTest0      : IntAlu : 
 282000[    141]: system.cpu T1 : 0xff(4)    : (memo:shu0idx   ) SHU0.T0 IND TSQ->M[0] : IntDiv :  D=0x0 0x0 0x0 0xc0 0x0 0x0 0x80 0xc0 0x0 0x0 0x0 0xc1 0x0 0x0 0x80 0xc1 0x0 0x0 0x0 0xc2 0x0 0x0 0x80 0xc2 0x0 0x0 0x0 0xc3 0x0 0x0 0x0 0xc4 0x0 0x0 0x0 0x40 0x0 0x0 0x80 0x40 0x0 0x0 0x0 0x41 0x0 0x0 0x80 0x41 0x0 0x0 0x0 0x42 0x0 0x0 0x80 0x42 0x0 0x0 0x0 0x43 0x0 0x0 0x0 0x44 
 283000[    141]: system.cpu T1 : 0x12c(5)    : (memo:shu1idx   ) SHU1.T0 IND TSQ->M[1] : IntDiv :  D=0x0 0x0 0x0 0x40 0x0 0x0 0x80 0x40 0x0 0x0 0x0 0x41 0x0 0x0 0x80 0x41 0x0 0x0 0x0 0x42 0x0 0x0 0x80 0x42 0x0 0x0 0x0 0x43 0x0 0x0 0x0 0x44 0x0 0x0 0x0 0xc0 0x0 0x0 0x80 0xc0 0x0 0x0 0x0 0xc1 0x0 0x0 0x80 0xc1 0x0 0x0 0x0 0xc2 0x0 0x0 0x80 0xc2 0x0 0x0 0x0 0xc3 0x0 0x0 0x0 0xc4 
 284000[    142]: system.cpu T1 : 0x23b(13)    : (memo:mpustop   ) MSEQ.Stop : SimdFloatAlu : 
 288000[    144]: system.cpu T0 : 0x194    : callmimmb  _FALUTest1      : IntAlu : 
 297000[    148]: system.cpu T1 : 0x267(0)    : (memo:mr0       ) R0.M[0]->FALU.T0(I0) : IntAlu :  D=0x0 0x0 0x0 0xc0 0x0 0x0 0x80 0xc0 0x0 0x0 0x0 0xc1 0x0 0x0 0x80 0xc1 0x0 0x0 0x0 0xc2 0x0 0x0 0x80 0xc2 0x0 0x0 0x0 0xc3 0x0 0x0 0x0 0xc4 0x0 0x0 0x0 0x40 0x0 0x0 0x80 0x40 0x0 0x0 0x0 0x41 0x0 0x0 0x80 0x41 0x0 0x0 0x0 0x42 0x0 0x0 0x80 0x42 0x0 0x0 0x0 0x43 0x0 0x0 0x0 0x44 
 302000[    151]: system.cpu T1 : 0x31b(6)    : (memo:ialuequal2c) IALU.T0==T0->Cond : FloatMult :  D=0x0000000000000001
 303000[    151]: system.cpu T1 : 0x2fa(8)    : (memo:falucvts2d) FALU.Double T0(S)->SHU0.T1 : SimdMisc :  D=0x0 0x0 0x0 0x0 0x0 0x0 0x0 0xc0 0x0 0x0 0x0 0x0 0x0 0x0 0x20 0xc0 0x0 0x0 0x0 0x0 0x0 0x0 0x40 0xc0 0x0 0x0 0x0 0x0 0x0 0x0 0x60 0xc0 0x0 0x0 0x0 0x0 0x0 0x0 0x0 0x40 0x0 0x0 0x0 0x0 0x0 0x0 0x20 0x40 0x0 0x0 0x0 0x0 0x0 0x0 0x40 0x40 0x0 0x0 0x0 0x0 0x0 0x0 0x60 0x40 
 309000[    154]: system.cpu T1 : 0x43a(6)    : (memo:ialuneq2c ) IALU.T0!=T0->Cond : FloatMult :  D=0x0000000000000000
 310000[    155]: system.cpu T1 : 0x419(8)    : (memo:falucvts2d) FALU.Double T0(S)->SHU0.T2 : SimdMisc :  D=0x0 0x0 0x0 0x0 0x0 0x0 0x0 0xc0 0x0 0x0 0x0 0x0 0x0 0x0 0x20 0xc0 0x0 0x0 0x0 0x0 0x0 0x0 0x40 0xc0 0x0 0x0 0x0 0x0 0x0 0x0 0x60 0xc0 0x0 0x0 0x0 0x0 0x0 0x0 0x0 0x40 0x0 0x0 0x0 0x0 0x0 0x0 0x20 0x40 0x0 0x0 0x0 0x0 0x0 0x0 0x40 0x40 0x0 0x0 0x0 0x0 0x0 0x0 0x60 0x40 
 317000[    158]: system.cpu T1 : 0x538(8)    : (memo:falucvts2d) FALU.Double T0(S)->SHU0.T3 : SimdMisc :  D=0x0 0x0 0x0 0x0 0x0 0x0 0x0 0xc0 0x0 0x0 0x0 0x0 0x0 0x0 0x20 0xc0 0x0 0x0 0x0 0x0 0x0 0x0 0x40 0xc0 0x0 0x0 0x0 0x0 0x0 0x0 0x60 0xc0 0x0 0x0 0x0 0x0 0x0 0x0 0x0 0x40 0x0 0x0 0x0 0x0 0x0 0x0 0x20 0x40 0x0 0x0 0x0 0x0 0x0 0x0 0x40 0x40 0x0 0x0 0x0 0x0 0x0 0x0 0x60 0x40 
 319000[    159]: system.cpu T1 : 0x6b7(13)    : (memo:mpustop   ) MSEQ.Stop : SimdFloatAlu : 
 324000[    162]: system.cpu T0 : 0x1a0    : callmimmb  _FALUTest2      : IntAlu : 
 333000[    166]: system.cpu T1 : 0x6e3(0)    : (memo:mr0       ) R0.M[0]->FALU.T0(I0) : IntAlu :  D=0x0 0x0 0x0 0xc0 0x0 0x0 0x80 0xc0 0x0 0x0 0x0 0xc1 0x0 0x0 0x80 0xc1 0x0 0x0 0x0 0xc2 0x0 0x0 0x80 0xc2 0x0 0x0 0x0 0xc3 0x0 0x0 0x0 0xc4 0x0 0x0 0x0 0x40 0x0 0x0 0x80 0x40 0x0 0x0 0x0 0x41 0x0 0x0 0x80 0x41 0x0 0x0 0x0 0x42 0x0 0x0 0x80 0x42 0x0 0x0 0x0 0x43 0x0 0x0 0x0 0x44 
 338000[    169]: system.cpu T1 : 0x797(6)    : (memo:ialuequal2c) IALU.T0==T0->Cond : FloatMult :  D=0x0000000000000001
 339000[    169]: system.cpu T1 : 0x776(8)    : (memo:falucvts2d) FALU.Double T0(S)->SHU1.T1 : SimdMisc :  D=0x0 0x0 0x0 0x0 0x0 0x0 0x0 0xc0 0x0 0x0 0x0 0x0 0x0 0x0 0x20 0xc0 0x0 0x0 0x0 0x0 0x0 0x0 0x40 0xc0 0x0 0x0 0x0 0x0 0x0 0x0 0x60 0xc0 0x0 0x0 0x0 0x0 0x0 0x0 0x0 0x40 0x0 0x0 0x0 0x0 0x0 0x0 0x20 0x40 0x0 0x0 0x0 0x0 0x0 0x0 0x40 0x40 0x0 0x0 0x0 0x0 0x0 0x0 0x60 0x40 
 345000[    172]: system.cpu T1 : 0x8b6(6)    : (memo:ialuneq2c ) IALU.T0!=T0->Cond : FloatMult :  D=0x0000000000000000
 346000[    173]: system.cpu T1 : 0x895(8)    : (memo:falucvts2d) FALU.Double T0(S)->SHU1.T2 : SimdMisc :  D=0x0 0x0 0x0 0x0 0x0 0x0 0x0 0xc0 0x0 0x0 0x0 0x0 0x0 0x0 0x20 0xc0 0x0 0x0 0x0 0x0 0x0 0x0 0x40 0xc0 0x0 0x0 0x0 0x0 0x0 0x0 0x60 0xc0 0x0 0x0 0x0 0x0 0x0 0x0 0x0 0x40 0x0 0x0 0x0 0x0 0x0 0x0 0x20 0x40 0x0 0x0 0x0 0x0 0x0 0x0 0x40 0x40 0x0 0x0 0x0 0x0 0x0 0x0 0x60 0x40 
 353000[    176]: system.cpu T1 : 0x9b4(8)    : (memo:falucvts2d) FALU.Double T0(S)->SHU1.T3 : SimdMisc :  D=0x0 0x0 0x0 0x0 0x0 0x0 0x0 0xc0 0x0 0x0 0x0 0x0 0x0 0x0 0x20 0xc0 0x0 0x0 0x0 0x0 0x0 0x0 0x40 0xc0 0x0 0x0 0x0 0x0 0x0 0x0 0x60 0xc0 0x0 0x0 0x0 0x0 0x0 0x0 0x0 0x40 0x0 0x0 0x0 0x0 0x0 0x0 0x20 0x40 0x0 0x0 0x0 0x0 0x0 0x0 0x40 0x40 0x0 0x0 0x0 0x0 0x0 0x0 0x60 0x40 
 355000[    177]: system.cpu T1 : 0xb33(13)    : (memo:mpustop   ) MSEQ.Stop : SimdFloatAlu : 
 360000[    180]: system.cpu T0 : 0x1ac    : callmimmb  _FALUTest3      : IntAlu : 
 369000[    184]: system.cpu T1 : 0xb5f(0)    : (memo:mr0       ) R0.M[0]->FALU.T0(I0) : IntAlu :  D=0x0 0x0 0x0 0xc0 0x0 0x0 0x80 0xc0 0x0 0x0 0x0 0xc1 0x0 0x0 0x80 0xc1 0x0 0x0 0x0 0xc2 0x0 0x0 0x80 0xc2 0x0 0x0 0x0 0xc3 0x0 0x0 0x0 0xc4 0x0 0x0 0x0 0x40 0x0 0x0 0x80 0x40 0x0 0x0 0x0 0x41 0x0 0x0 0x80 0x41 0x0 0x0 0x0 0x42 0x0 0x0 0x80 0x42 0x0 0x0 0x0 0x43 0x0 0x0 0x0 0x44 
 374000[    187]: system.cpu T1 : 0xc13(6)    : (memo:ialuequal2c) IALU.T0==T0->Cond : FloatMult :  D=0x0000000000000001
 375000[    187]: system.cpu T1 : 0xbf2(8)    : (memo:falucvts2d) FALU.Double T0(S)->IALU.T1 : SimdMisc :  D=0x0 0x0 0x0 0x0 0x0 0x0 0x0 0xc0 0x0 0x0 0x0 0x0 0x0 0x0 0x20 0xc0 0x0 0x0 0x0 0x0 0x0 0x0 0x40 0xc0 0x0 0x0 0x0 0x0 0x0 0x0 0x60 0xc0 0x0 0x0 0x0 0x0 0x0 0x0 0x0 0x40 0x0 0x0 0x0 0x0 0x0 0x0 0x20 0x40 0x0 0x0 0x0 0x0 0x0 0x0 0x40 0x40 0x0 0x0 0x0 0x0 0x0 0x0 0x60 0x40 
 381000[    190]: system.cpu T1 : 0xd32(6)    : (memo:ialuneq2c ) IALU.T0!=T0->Cond : FloatMult :  D=0x0000000000000000
 382000[    191]: system.cpu T1 : 0xd11(8)    : (memo:falucvts2d) FALU.Double T0(S)->IALU.T2 : SimdMisc :  D=0x0 0x0 0x0 0x0 0x0 0x0 0x0 0xc0 0x0 0x0 0x0 0x0 0x0 0x0 0x20 0xc0 0x0 0x0 0x0 0x0 0x0 0x0 0x40 0xc0 0x0 0x0 0x0 0x0 0x0 0x0 0x60 0xc0 0x0 0x0 0x0 0x0 0x0 0x0 0x0 0x40 0x0 0x0 0x0 0x0 0x0 0x0 0x20 0x40 0x0 0x0 0x0 0x0 0x0 0x0 0x40 0x40 0x0 0x0 0x0 0x0 0x0 0x0 0x60 0x40 
 389000[    194]: system.cpu T1 : 0xe30(8)    : (memo:falucvts2d) FALU.Double T0(S)->IALU.T3 : SimdMisc :  D=0x0 0x0 0x0 0x0 0x0 0x0 0x0 0xc0 0x0 0x0 0x0 0x0 0x0 0x0 0x20 0xc0 0x0 0x0 0x0 0x0 0x0 0x0 0x40 0xc0 0x0 0x0 0x0 0x0 0x0 0x0 0x60 0xc0 0x0 0x0 0x0 0x0 0x0 0x0 0x0 0x40 0x0 0x0 0x0 0x0 0x0 0x0 0x20 0x40 0x0 0x0 0x0 0x0 0x0 0x0 0x40 0x40 0x0 0x0 0x0 0x0 0x0 0x0 0x60 0x40 
 391000[    195]: system.cpu T1 : 0xfaf(13)    : (memo:mpustop   ) MSEQ.Stop : SimdFloatAlu : 
 396000[    198]: system.cpu T0 : 0x1b8    : callmimmb  _FALUTest4      : IntAlu : 
 405000[    202]: system.cpu T1 : 0xfdb(0)    : (memo:mr0       ) R0.M[0]->FALU.T0(I0) : IntAlu :  D=0x0 0x0 0x0 0xc0 0x0 0x0 0x80 0xc0 0x0 0x0 0x0 0xc1 0x0 0x0 0x80 0xc1 0x0 0x0 0x0 0xc2 0x0 0x0 0x80 0xc2 0x0 0x0 0x0 0xc3 0x0 0x0 0x0 0xc4 0x0 0x0 0x0 0x40 0x0 0x0 0x80 0x40 0x0 0x0 0x0 0x41 0x0 0x0 0x80 0x41 0x0 0x0 0x0 0x42 0x0 0x0 0x80 0x42 0x0 0x0 0x0 0x43 0x0 0x0 0x0 0x44 
 410000[    205]: system.cpu T1 : 0x108f(6)    : (memo:ialuequal2c) IALU.T0==T0->Cond : FloatMult :  D=0x0000000000000001
 411000[    205]: system.cpu T1 : 0x106e(8)    : (memo:falucvts2d) FALU.Double T0(S)->IMAC.T1 : SimdMisc :  D=0x0 0x0 0x0 0x0 0x0 0x0 0x0 0xc0 0x0 0x0 0x0 0x0 0x0 0x0 0x20 0xc0 0x0 0x0 0x0 0x0 0x0 0x0 0x40 0xc0 0x0 0x0 0x0 0x0 0x0 0x0 0x60 0xc0 0x0 0x0 0x0 0x0 0x0 0x0 0x0 0x40 0x0 0x0 0x0 0x0 0x0 0x0 0x20 0x40 0x0 0x0 0x0 0x0 0x0 0x0 0x40 0x40 0x0 0x0 0x0 0x0 0x0 0x0 0x60 0x40 
 417000[    208]: system.cpu T1 : 0x11ae(6)    : (memo:ialuneq2c ) IALU.T0!=T0->Cond : FloatMult :  D=0x0000000000000000
 418000[    209]: system.cpu T1 : 0x118d(8)    : (memo:falucvts2d) FALU.Double T0(S)->IMAC.T2 : SimdMisc :  D=0x0 0x0 0x0 0x0 0x0 0x0 0x0 0xc0 0x0 0x0 0x0 0x0 0x0 0x0 0x20 0xc0 0x0 0x0 0x0 0x0 0x0 0x0 0x40 0xc0 0x0 0x0 0x0 0x0 0x0 0x0 0x60 0xc0 0x0 0x0 0x0 0x0 0x0 0x0 0x0 0x40 0x0 0x0 0x0 0x0 0x0 0x0 0x20 0x40 0x0 0x0 0x0 0x0 0x0 0x0 0x40 0x40 0x0 0x0 0x0 0x0 0x0 0x0 0x60 0x40 
 425000[    212]: system.cpu T1 : 0x12ac(8)    : (memo:falucvts2d) FALU.Double T0(S)->IMAC.T3 : SimdMisc :  D=0x0 0x0 0x0 0x0 0x0 0x0 0x0 0xc0 0x0 0x0 0x0 0x0 0x0 0x0 0x20 0xc0 0x0 0x0 0x0 0x0 0x0 0x0 0x40 0xc0 0x0 0x0 0x0 0x0 0x0 0x0 0x60 0xc0 0x0 0x0 0x0 0x0 0x0 0x0 0x0 0x40 0x0 0x0 0x0 0x0 0x0 0x0 0x20 0x40 0x0 0x0 0x0 0x0 0x0 0x0 0x40 0x40 0x0 0x0 0x0 0x0 0x0 0x0 0x60 0x40 
 427000[    213]: system.cpu T1 : 0x142b(13)    : (memo:mpustop   ) MSEQ.Stop : SimdFloatAlu : 
 432000[    216]: system.cpu T0 : 0x1c4    : callmimmb  _FALUTest5      : IntAlu : 
 441000[    220]: system.cpu T1 : 0x1457(0)    : (memo:mr0       ) R0.M[0]->FALU.T0(I0) : IntAlu :  D=0x0 0x0 0x0 0xc0 0x0 0x0 0x80 0xc0 0x0 0x0 0x0 0xc1 0x0 0x0 0x80 0xc1 0x0 0x0 0x0 0xc2 0x0 0x0 0x80 0xc2 0x0 0x0 0x0 0xc3 0x0 0x0 0x0 0xc4 0x0 0x0 0x0 0x40 0x0 0x0 0x80 0x40 0x0 0x0 0x0 0x41 0x0 0x0 0x80 0x41 0x0 0x0 0x0 0x42 0x0 0x0 0x80 0x42 0x0 0x0 0x0 0x43 0x0 0x0 0x0 0x44 
 446000[    223]: system.cpu T1 : 0x150b(6)    : (memo:ialuequal2c) IALU.T0==T0->Cond : FloatMult :  D=0x0000000000000001
 447000[    223]: system.cpu T1 : 0x14ea(8)    : (memo:falucvts2d) FALU.Double T0(S)->FALU.T1 : SimdMisc :  D=0x0 0x0 0x0 0x0 0x0 0x0 0x0 0xc0 0x0 0x0 0x0 0x0 0x0 0x0 0x20 0xc0 0x0 0x0 0x0 0x0 0x0 0x0 0x40 0xc0 0x0 0x0 0x0 0x0 0x0 0x0 0x60 0xc0 0x0 0x0 0x0 0x0 0x0 0x0 0x0 0x40 0x0 0x0 0x0 0x0 0x0 0x0 0x20 0x40 0x0 0x0 0x0 0x0 0x0 0x0 0x40 0x40 0x0 0x0 0x0 0x0 0x0 0x0 0x60 0x40 
 453000[    226]: system.cpu T1 : 0x162a(6)    : (memo:ialuneq2c ) IALU.T0!=T0->Cond : FloatMult :  D=0x0000000000000000
 454000[    227]: system.cpu T1 : 0x1609(8)    : (memo:falucvts2d) FALU.Double T0(S)->FALU.T2 : SimdMisc :  D=0x0 0x0 0x0 0x0 0x0 0x0 0x0 0xc0 0x0 0x0 0x0 0x0 0x0 0x0 0x20 0xc0 0x0 0x0 0x0 0x0 0x0 0x0 0x40 0xc0 0x0 0x0 0x0 0x0 0x0 0x0 0x60 0xc0 0x0 0x0 0x0 0x0 0x0 0x0 0x0 0x40 0x0 0x0 0x0 0x0 0x0 0x0 0x20 0x40 0x0 0x0 0x0 0x0 0x0 0x0 0x40 0x40 0x0 0x0 0x0 0x0 0x0 0x0 0x60 0x40 
 461000[    230]: system.cpu T1 : 0x1728(8)    : (memo:falucvts2d) FALU.Double T0(S)->FALU.T3 : SimdMisc :  D=0x0 0x0 0x0 0x0 0x0 0x0 0x0 0xc0 0x0 0x0 0x0 0x0 0x0 0x0 0x20 0xc0 0x0 0x0 0x0 0x0 0x0 0x0 0x40 0xc0 0x0 0x0 0x0 0x0 0x0 0x0 0x60 0xc0 0x0 0x0 0x0 0x0 0x0 0x0 0x0 0x40 0x0 0x0 0x0 0x0 0x0 0x0 0x20 0x40 0x0 0x0 0x0 0x0 0x0 0x0 0x40 0x40 0x0 0x0 0x0 0x0 0x0 0x0 0x60 0x40 
 463000[    231]: system.cpu T1 : 0x18a7(13)    : (memo:mpustop   ) MSEQ.Stop : SimdFloatAlu : 
 468000[    234]: system.cpu T0 : 0x1d0    : callmimmb  _FALUTest6      : IntAlu : 
 477000[    238]: system.cpu T1 : 0x18d3(0)    : (memo:mr0       ) R0.M[0]->FALU.T0(I0) : IntAlu :  D=0x0 0x0 0x0 0xc0 0x0 0x0 0x80 0xc0 0x0 0x0 0x0 0xc1 0x0 0x0 0x80 0xc1 0x0 0x0 0x0 0xc2 0x0 0x0 0x80 0xc2 0x0 0x0 0x0 0xc3 0x0 0x0 0x0 0xc4 0x0 0x0 0x0 0x40 0x0 0x0 0x80 0x40 0x0 0x0 0x0 0x41 0x0 0x0 0x80 0x41 0x0 0x0 0x0 0x42 0x0 0x0 0x80 0x42 0x0 0x0 0x0 0x43 0x0 0x0 0x0 0x44 
 482000[    241]: system.cpu T1 : 0x1987(6)    : (memo:ialuequal2c) IALU.T0==T0->Cond : FloatMult :  D=0x0000000000000001
 483000[    241]: system.cpu T1 : 0x1966(8)    : (memo:falucvts2d) FALU.Double T0(S)->FMAC.T1 : SimdMisc :  D=0x0 0x0 0x0 0x0 0x0 0x0 0x0 0xc0 0x0 0x0 0x0 0x0 0x0 0x0 0x20 0xc0 0x0 0x0 0x0 0x0 0x0 0x0 0x40 0xc0 0x0 0x0 0x0 0x0 0x0 0x0 0x60 0xc0 0x0 0x0 0x0 0x0 0x0 0x0 0x0 0x40 0x0 0x0 0x0 0x0 0x0 0x0 0x20 0x40 0x0 0x0 0x0 0x0 0x0 0x0 0x40 0x40 0x0 0x0 0x0 0x0 0x0 0x0 0x60 0x40 
 489000[    244]: system.cpu T1 : 0x1aa6(6)    : (memo:ialuneq2c ) IALU.T0!=T0->Cond : FloatMult :  D=0x0000000000000000
 490000[    245]: system.cpu T1 : 0x1a85(8)    : (memo:falucvts2d) FALU.Double T0(S)->FMAC.T2 : SimdMisc :  D=0x0 0x0 0x0 0x0 0x0 0x0 0x0 0xc0 0x0 0x0 0x0 0x0 0x0 0x0 0x20 0xc0 0x0 0x0 0x0 0x0 0x0 0x0 0x40 0xc0 0x0 0x0 0x0 0x0 0x0 0x0 0x60 0xc0 0x0 0x0 0x0 0x0 0x0 0x0 0x0 0x40 0x0 0x0 0x0 0x0 0x0 0x0 0x20 0x40 0x0 0x0 0x0 0x0 0x0 0x0 0x40 0x40 0x0 0x0 0x0 0x0 0x0 0x0 0x60 0x40 
 497000[    248]: system.cpu T1 : 0x1ba4(8)    : (memo:falucvts2d) FALU.Double T0(S)->FMAC.T3 : SimdMisc :  D=0x0 0x0 0x0 0x0 0x0 0x0 0x0 0xc0 0x0 0x0 0x0 0x0 0x0 0x0 0x20 0xc0 0x0 0x0 0x0 0x0 0x0 0x0 0x40 0xc0 0x0 0x0 0x0 0x0 0x0 0x0 0x60 0xc0 0x0 0x0 0x0 0x0 0x0 0x0 0x0 0x40 0x0 0x0 0x0 0x0 0x0 0x0 0x20 0x40 0x0 0x0 0x0 0x0 0x0 0x0 0x40 0x40 0x0 0x0 0x0 0x0 0x0 0x0 0x60 0x40 
 499000[    249]: system.cpu T1 : 0x1d23(13)    : (memo:mpustop   ) MSEQ.Stop : SimdFloatAlu : 
 504000[    252]: system.cpu T0 : 0x1dc    : callmimmb  _FALUTest7      : IntAlu : 
 513000[    256]: system.cpu T1 : 0x1d4f(0)    : (memo:mr0       ) R0.M[0]->FALU.T0(I0) : IntAlu :  D=0x0 0x0 0x0 0xc0 0x0 0x0 0x80 0xc0 0x0 0x0 0x0 0xc1 0x0 0x0 0x80 0xc1 0x0 0x0 0x0 0xc2 0x0 0x0 0x80 0xc2 0x0 0x0 0x0 0xc3 0x0 0x0 0x0 0xc4 0x0 0x0 0x0 0x40 0x0 0x0 0x80 0x40 0x0 0x0 0x0 0x41 0x0 0x0 0x80 0x41 0x0 0x0 0x0 0x42 0x0 0x0 0x80 0x42 0x0 0x0 0x0 0x43 0x0 0x0 0x0 0x44 
 514000[    257]: system.cpu T1 : 0x1d78(0)    : (memo:mr0       ) R0.M[1]->FALU.T1(I0) : IntAlu :  D=0x0 0x0 0x0 0x40 0x0 0x0 0x80 0x40 0x0 0x0 0x0 0x41 0x0 0x0 0x80 0x41 0x0 0x0 0x0 0x42 0x0 0x0 0x80 0x42 0x0 0x0 0x0 0x43 0x0 0x0 0x0 0x44 0x0 0x0 0x0 0xc0 0x0 0x0 0x80 0xc0 0x0 0x0 0x0 0xc1 0x0 0x0 0x80 0xc1 0x0 0x0 0x0 0xc2 0x0 0x0 0x80 0xc2 0x0 0x0 0x0 0xc3 0x0 0x0 0x0 0xc4 
 518000[    259]: system.cpu T1 : 0x1e03(6)    : (memo:ialuequal2c) IALU.T0==T0->Cond : FloatMult :  D=0x0000000000000001
 519000[    259]: system.cpu T1 : 0x1de2(8)    : (memo:falucvts2d) FALU.Double T0(S)->BIU0 : SimdMisc :  D=0x0 0x0 0x0 0x0 0x0 0x0 0x0 0xc0 0x0 0x0 0x0 0x0 0x0 0x0 0x20 0xc0 0x0 0x0 0x0 0x0 0x0 0x0 0x40 0xc0 0x0 0x0 0x0 0x0 0x0 0x0 0x60 0xc0 0x0 0x0 0x0 0x0 0x0 0x0 0x0 0x40 0x0 0x0 0x0 0x0 0x0 0x0 0x20 0x40 0x0 0x0 0x0 0x0 0x0 0x0 0x40 0x40 0x0 0x0 0x0 0x0 0x0 0x0 0x60 0x40 
 525000[    262]: system.cpu T1 : 0x1f22(6)    : (memo:ialuneq2c ) IALU.T0!=T0->Cond : FloatMult :  D=0x0000000000000000
 526000[    263]: system.cpu T1 : 0x1f01(8)    : (memo:falucvts2d) FALU.Double T1(S)->BIU0 : SimdMisc :  D=0x0 0x0 0x0 0x0 0x0 0x0 0x0 0x40 0x0 0x0 0x0 0x0 0x0 0x0 0x20 0x40 0x0 0x0 0x0 0x0 0x0 0x0 0x40 0x40 0x0 0x0 0x0 0x0 0x0 0x0 0x60 0x40 0x0 0x0 0x0 0x0 0x0 0x0 0x0 0xc0 0x0 0x0 0x0 0x0 0x0 0x0 0x20 0xc0 0x0 0x0 0x0 0x0 0x0 0x0 0x40 0xc0 0x0 0x0 0x0 0x0 0x0 0x0 0x60 0xc0 
 533000[    266]: system.cpu T1 : 0x2020(8)    : (memo:falucvts2d) FALU.Double T0(S)->BIU0 : SimdMisc :  D=0x0 0x0 0x0 0x0 0x0 0x0 0x0 0xc0 0x0 0x0 0x0 0x0 0x0 0x0 0x20 0xc0 0x0 0x0 0x0 0x0 0x0 0x0 0x40 0xc0 0x0 0x0 0x0 0x0 0x0 0x0 0x60 0xc0 0x0 0x0 0x0 0x0 0x0 0x0 0x0 0x40 0x0 0x0 0x0 0x0 0x0 0x0 0x20 0x40 0x0 0x0 0x0 0x0 0x0 0x0 0x40 0x40 0x0 0x0 0x0 0x0 0x0 0x0 0x60 0x40 
 535000[    267]: system.cpu T1 : 0x219f(13)    : (memo:mpustop   ) MSEQ.Stop : SimdFloatAlu : 
 540000[    270]: system.cpu T0 : 0x1e8    : callmimmb  _FALUTest8      : IntAlu : 
 549000[    274]: system.cpu T1 : 0x21cb(0)    : (memo:mr0       ) R0.M[0]->FALU.T0(I0) : IntAlu :  D=0x0 0x0 0x0 0xc0 0x0 0x0 0x80 0xc0 0x0 0x0 0x0 0xc1 0x0 0x0 0x80 0xc1 0x0 0x0 0x0 0xc2 0x0 0x0 0x80 0xc2 0x0 0x0 0x0 0xc3 0x0 0x0 0x0 0xc4 0x0 0x0 0x0 0x40 0x0 0x0 0x80 0x40 0x0 0x0 0x0 0x41 0x0 0x0 0x80 0x41 0x0 0x0 0x0 0x42 0x0 0x0 0x80 0x42 0x0 0x0 0x0 0x43 0x0 0x0 0x0 0x44 
 550000[    275]: system.cpu T1 : 0x21f4(0)    : (memo:mr0       ) R0.M[1]->FALU.T1(I0) : IntAlu :  D=0x0 0x0 0x0 0x40 0x0 0x0 0x80 0x40 0x0 0x0 0x0 0x41 0x0 0x0 0x80 0x41 0x0 0x0 0x0 0x42 0x0 0x0 0x80 0x42 0x0 0x0 0x0 0x43 0x0 0x0 0x0 0x44 0x0 0x0 0x0 0xc0 0x0 0x0 0x80 0xc0 0x0 0x0 0x0 0xc1 0x0 0x0 0x80 0xc1 0x0 0x0 0x0 0xc2 0x0 0x0 0x80 0xc2 0x0 0x0 0x0 0xc3 0x0 0x0 0x0 0xc4 
 554000[    277]: system.cpu T1 : 0x227f(6)    : (memo:ialuequal2c) IALU.T0==T0->Cond : FloatMult :  D=0x0000000000000001
 555000[    277]: system.cpu T1 : 0x225e(8)    : (memo:falucvts2d) FALU.Double T0(S)->BIU1 : SimdMisc :  D=0x0 0x0 0x0 0x0 0x0 0x0 0x0 0xc0 0x0 0x0 0x0 0x0 0x0 0x0 0x20 0xc0 0x0 0x0 0x0 0x0 0x0 0x0 0x40 0xc0 0x0 0x0 0x0 0x0 0x0 0x0 0x60 0xc0 0x0 0x0 0x0 0x0 0x0 0x0 0x0 0x40 0x0 0x0 0x0 0x0 0x0 0x0 0x20 0x40 0x0 0x0 0x0 0x0 0x0 0x0 0x40 0x40 0x0 0x0 0x0 0x0 0x0 0x0 0x60 0x40 
 561000[    280]: system.cpu T1 : 0x239e(6)    : (memo:ialuneq2c ) IALU.T0!=T0->Cond : FloatMult :  D=0x0000000000000000
 562000[    281]: system.cpu T1 : 0x237d(8)    : (memo:falucvts2d) FALU.Double T1(S)->BIU1 : SimdMisc :  D=0x0 0x0 0x0 0x0 0x0 0x0 0x0 0x40 0x0 0x0 0x0 0x0 0x0 0x0 0x20 0x40 0x0 0x0 0x0 0x0 0x0 0x0 0x40 0x40 0x0 0x0 0x0 0x0 0x0 0x0 0x60 0x40 0x0 0x0 0x0 0x0 0x0 0x0 0x0 0xc0 0x0 0x0 0x0 0x0 0x0 0x0 0x20 0xc0 0x0 0x0 0x0 0x0 0x0 0x0 0x40 0xc0 0x0 0x0 0x0 0x0 0x0 0x0 0x60 0xc0 
 569000[    284]: system.cpu T1 : 0x249c(8)    : (memo:falucvts2d) FALU.Double T0(S)->BIU1 : SimdMisc :  D=0x0 0x0 0x0 0x0 0x0 0x0 0x0 0xc0 0x0 0x0 0x0 0x0 0x0 0x0 0x20 0xc0 0x0 0x0 0x0 0x0 0x0 0x0 0x40 0xc0 0x0 0x0 0x0 0x0 0x0 0x0 0x60 0xc0 0x0 0x0 0x0 0x0 0x0 0x0 0x0 0x40 0x0 0x0 0x0 0x0 0x0 0x0 0x20 0x40 0x0 0x0 0x0 0x0 0x0 0x0 0x40 0x40 0x0 0x0 0x0 0x0 0x0 0x0 0x60 0x40 
 571000[    285]: system.cpu T1 : 0x261b(13)    : (memo:mpustop   ) MSEQ.Stop : SimdFloatAlu : 
 576000[    288]: system.cpu T0 : 0x1f4    : callmimmb  _FALUTest9      : IntAlu : 
 585000[    292]: system.cpu T1 : 0x2647(0)    : (memo:mr0       ) R0.M[0]->FALU.T0(I0) : IntAlu :  D=0x0 0x0 0x0 0xc0 0x0 0x0 0x80 0xc0 0x0 0x0 0x0 0xc1 0x0 0x0 0x80 0xc1 0x0 0x0 0x0 0xc2 0x0 0x0 0x80 0xc2 0x0 0x0 0x0 0xc3 0x0 0x0 0x0 0xc4 0x0 0x0 0x0 0x40 0x0 0x0 0x80 0x40 0x0 0x0 0x0 0x41 0x0 0x0 0x80 0x41 0x0 0x0 0x0 0x42 0x0 0x0 0x80 0x42 0x0 0x0 0x0 0x43 0x0 0x0 0x0 0x44 
 586000[    293]: system.cpu T1 : 0x2670(0)    : (memo:mr0       ) R0.M[1]->FALU.T1(I0) : IntAlu :  D=0x0 0x0 0x0 0x40 0x0 0x0 0x80 0x40 0x0 0x0 0x0 0x41 0x0 0x0 0x80 0x41 0x0 0x0 0x0 0x42 0x0 0x0 0x80 0x42 0x0 0x0 0x0 0x43 0x0 0x0 0x0 0x44 0x0 0x0 0x0 0xc0 0x0 0x0 0x80 0xc0 0x0 0x0 0x0 0xc1 0x0 0x0 0x80 0xc1 0x0 0x0 0x0 0xc2 0x0 0x0 0x80 0xc2 0x0 0x0 0x0 0xc3 0x0 0x0 0x0 0xc4 
 590000[    295]: system.cpu T1 : 0x26fb(6)    : (memo:ialuequal2c) IALU.T0==T0->Cond : FloatMult :  D=0x0000000000000001
 591000[    295]: system.cpu T1 : 0x26da(8)    : (memo:falucvts2d) FALU.Double T0(S)->BIU2 : SimdMisc :  D=0x0 0x0 0x0 0x0 0x0 0x0 0x0 0xc0 0x0 0x0 0x0 0x0 0x0 0x0 0x20 0xc0 0x0 0x0 0x0 0x0 0x0 0x0 0x40 0xc0 0x0 0x0 0x0 0x0 0x0 0x0 0x60 0xc0 0x0 0x0 0x0 0x0 0x0 0x0 0x0 0x40 0x0 0x0 0x0 0x0 0x0 0x0 0x20 0x40 0x0 0x0 0x0 0x0 0x0 0x0 0x40 0x40 0x0 0x0 0x0 0x0 0x0 0x0 0x60 0x40 
 597000[    298]: system.cpu T1 : 0x281a(6)    : (memo:ialuneq2c ) IALU.T0!=T0->Cond : FloatMult :  D=0x0000000000000000
 598000[    299]: system.cpu T1 : 0x27f9(8)    : (memo:falucvts2d) FALU.Double T1(S)->BIU2 : SimdMisc :  D=0x0 0x0 0x0 0x0 0x0 0x0 0x0 0x40 0x0 0x0 0x0 0x0 0x0 0x0 0x20 0x40 0x0 0x0 0x0 0x0 0x0 0x0 0x40 0x40 0x0 0x0 0x0 0x0 0x0 0x0 0x60 0x40 0x0 0x0 0x0 0x0 0x0 0x0 0x0 0xc0 0x0 0x0 0x0 0x0 0x0 0x0 0x20 0xc0 0x0 0x0 0x0 0x0 0x0 0x0 0x40 0xc0 0x0 0x0 0x0 0x0 0x0 0x0 0x60 0xc0 
 605000[    302]: system.cpu T1 : 0x2918(8)    : (memo:falucvts2d) FALU.Double T0(S)->BIU2 : SimdMisc :  D=0x0 0x0 0x0 0x0 0x0 0x0 0x0 0xc0 0x0 0x0 0x0 0x0 0x0 0x0 0x20 0xc0 0x0 0x0 0x0 0x0 0x0 0x0 0x40 0xc0 0x0 0x0 0x0 0x0 0x0 0x0 0x60 0xc0 0x0 0x0 0x0 0x0 0x0 0x0 0x0 0x40 0x0 0x0 0x0 0x0 0x0 0x0 0x20 0x40 0x0 0x0 0x0 0x0 0x0 0x0 0x40 0x40 0x0 0x0 0x0 0x0 0x0 0x0 0x60 0x40 
 607000[    303]: system.cpu T1 : 0x2a97(13)    : (memo:mpustop   ) MSEQ.Stop : SimdFloatAlu : 
 612000[    306]: system.cpu T0 : 0x200    : callmimmb  _FALUTest10     : IntAlu : 
 621000[    310]: system.cpu T1 : 0x2ac3(0)    : (memo:mr0       ) R0.M[0]->FALU.T0(I0) : IntAlu :  D=0x0 0x0 0x0 0xc0 0x0 0x0 0x80 0xc0 0x0 0x0 0x0 0xc1 0x0 0x0 0x80 0xc1 0x0 0x0 0x0 0xc2 0x0 0x0 0x80 0xc2 0x0 0x0 0x0 0xc3 0x0 0x0 0x0 0xc4 0x0 0x0 0x0 0x40 0x0 0x0 0x80 0x40 0x0 0x0 0x0 0x41 0x0 0x0 0x80 0x41 0x0 0x0 0x0 0x42 0x0 0x0 0x80 0x42 0x0 0x0 0x0 0x43 0x0 0x0 0x0 0x44 
 622000[    311]: system.cpu T1 : 0x2aec(0)    : (memo:mr0       ) R0.M[1]->FALU.T1(I0) : IntAlu :  D=0x0 0x0 0x0 0x40 0x0 0x0 0x80 0x40 0x0 0x0 0x0 0x41 0x0 0x0 0x80 0x41 0x0 0x0 0x0 0x42 0x0 0x0 0x80 0x42 0x0 0x0 0x0 0x43 0x0 0x0 0x0 0x44 0x0 0x0 0x0 0xc0 0x0 0x0 0x80 0xc0 0x0 0x0 0x0 0xc1 0x0 0x0 0x80 0xc1 0x0 0x0 0x0 0xc2 0x0 0x0 0x80 0xc2 0x0 0x0 0x0 0xc3 0x0 0x0 0x0 0xc4 
 626000[    313]: system.cpu T1 : 0x2b77(6)    : (memo:ialuequal2c) IALU.T0==T0->Cond : FloatMult :  D=0x0000000000000001
 628000[    314]: system.cpu T1 : 0x2b56(8)    : (memo:falucvts2d) FALU.Double T0(S)->M[10] : SimdMisc :  D=0x0 0x0 0x0 0x0 0x0 0x0 0x0 0xc0 0x0 0x0 0x0 0x0 0x0 0x0 0x20 0xc0 0x0 0x0 0x0 0x0 0x0 0x0 0x40 0xc0 0x0 0x0 0x0 0x0 0x0 0x0 0x60 0xc0 0x0 0x0 0x0 0x0 0x0 0x0 0x0 0x40 0x0 0x0 0x0 0x0 0x0 0x0 0x20 0x40 0x0 0x0 0x0 0x0 0x0 0x0 0x40 0x40 0x0 0x0 0x0 0x0 0x0 0x0 0x60 0x40 
 633000[    316]: system.cpu T1 : 0x2c96(6)    : (memo:ialuneq2c ) IALU.T0!=T0->Cond : FloatMult :  D=0x0000000000000000
 635000[    317]: system.cpu T1 : 0x2c75(8)    : (memo:falucvts2d) FALU.Double T1(S)->M[10] : SimdMisc :  D=0x0 0x0 0x0 0x0 0x0 0x0 0x0 0x40 0x0 0x0 0x0 0x0 0x0 0x0 0x20 0x40 0x0 0x0 0x0 0x0 0x0 0x0 0x40 0x40 0x0 0x0 0x0 0x0 0x0 0x0 0x60 0x40 0x0 0x0 0x0 0x0 0x0 0x0 0x0 0xc0 0x0 0x0 0x0 0x0 0x0 0x0 0x20 0xc0 0x0 0x0 0x0 0x0 0x0 0x0 0x40 0xc0 0x0 0x0 0x0 0x0 0x0 0x0 0x60 0xc0 
 642000[    321]: system.cpu T1 : 0x2d94(8)    : (memo:falucvts2d) FALU.Double T0(S)->M[10] : SimdMisc :  D=0x0 0x0 0x0 0x0 0x0 0x0 0x0 0xc0 0x0 0x0 0x0 0x0 0x0 0x0 0x20 0xc0 0x0 0x0 0x0 0x0 0x0 0x0 0x40 0xc0 0x0 0x0 0x0 0x0 0x0 0x0 0x60 0xc0 0x0 0x0 0x0 0x0 0x0 0x0 0x0 0x40 0x0 0x0 0x0 0x0 0x0 0x0 0x20 0x40 0x0 0x0 0x0 0x0 0x0 0x0 0x40 0x40 0x0 0x0 0x0 0x0 0x0 0x0 0x60 0x40 
 643000[    321]: system.cpu T1 : 0x2f13(13)    : (memo:mpustop   ) MSEQ.Stop : SimdFloatAlu : 
 654000[    327]: system.cpu T0 : 0x218    : spustop                    : IntAlu : 
