[OrderedDict([('enum', 'MyEnum'), ('data', [])])]
[{'enum_name': 'MyEnum', 'enum_values': []}]
[]
