[OrderedDict([('command', 'fooA'), ('data', OrderedDict([('bar1', 'str')]))])]
[]
[]
