[OrderedDict([('command', 'eins')]), OrderedDict([('command', 'zwei')])]
[]
[]
