[OrderedDict([('enum', 'EnumOne'), ('data', ['value1', 'value2', 'value3'])]),
 OrderedDict([('struct', 'NestedEnumsOne'), ('data', OrderedDict([('enum1', 'EnumOne'), ('*enum2', 'EnumOne'), ('enum3', 'EnumOne'), ('*enum4', 'EnumOne')]))]),
 OrderedDict([('struct', 'UserDefZero'), ('data', OrderedDict([('integer', 'int')]))]),
 OrderedDict([('struct', 'UserDefOne'), ('base', 'UserDefZero'), ('data', OrderedDict([('string', 'str'), ('*enum1', 'EnumOne')]))]),
 OrderedDict([('struct', 'UserDefTwoDictDict'), ('data', OrderedDict([('userdef', 'UserDefOne'), ('string', 'str')]))]),
 OrderedDict([('struct', 'UserDefTwoDict'), ('data', OrderedDict([('string1', 'str'), ('dict2', 'UserDefTwoDictDict'), ('*dict3', 'UserDefTwoDictDict')]))]),
 OrderedDict([('struct', 'UserDefTwo'), ('data', OrderedDict([('string0', 'str'), ('dict1', 'UserDefTwoDict')]))]),
 OrderedDict([('struct', 'UserDefA'), ('data', OrderedDict([('boolean', 'bool')]))]),
 OrderedDict([('struct', 'UserDefB'), ('data', OrderedDict([('integer', 'int')]))]),
 OrderedDict([('struct', 'UserDefC'), ('data', OrderedDict([('string1', 'str'), ('string2', 'str')]))]),
 OrderedDict([('struct', 'UserDefUnionBase'), ('data', OrderedDict([('string', 'str'), ('enum1', 'EnumOne')]))]),
 OrderedDict([('union', 'UserDefFlatUnion'), ('base', 'UserDefUnionBase'), ('discriminator', 'enum1'), ('data', OrderedDict([('value1', 'UserDefA'), ('value2', 'UserDefB'), ('value3', 'UserDefB')]))]),
 OrderedDict([('union', 'UserDefFlatUnion2'), ('base', 'UserDefUnionBase'), ('discriminator', 'enum1'), ('data', OrderedDict([('value1', 'UserDefC'), ('value2', 'UserDefB'), ('value3', 'UserDefA')]))]),
 OrderedDict([('alternate', 'UserDefAlternate'), ('data', OrderedDict([('uda', 'UserDefA'), ('s', 'str'), ('i', 'int')]))]),
 OrderedDict([('union', 'UserDefNativeListUnion'), ('data', OrderedDict([('integer', ['int']), ('s8', ['int8']), ('s16', ['int16']), ('s32', ['int32']), ('s64', ['int64']), ('u8', ['uint8']), ('u16', ['uint16']), ('u32', ['uint32']), ('u64', ['uint64']), ('number', ['number']), ('boolean', ['bool']), ('string', ['str']), ('sizes', ['size'])]))]),
 OrderedDict([('command', 'user_def_cmd'), ('data', OrderedDict())]),
 OrderedDict([('command', 'user_def_cmd1'), ('data', OrderedDict([('ud1a', 'UserDefOne')]))]),
 OrderedDict([('command', 'user_def_cmd2'), ('data', OrderedDict([('ud1a', 'UserDefOne'), ('*ud1b', 'UserDefOne')])), ('returns', 'UserDefTwo')]),
 OrderedDict([('command', 'user_def_cmd3'), ('data', OrderedDict([('a', 'int'), ('*b', 'int')])), ('returns', 'int')]),
 OrderedDict([('struct', 'UserDefOptions'), ('data', OrderedDict([('*i64', ['int']), ('*u64', ['uint64']), ('*u16', ['uint16']), ('*i64x', 'int'), ('*u64x', 'uint64')]))]),
 OrderedDict([('struct', 'EventStructOne'), ('data', OrderedDict([('struct1', 'UserDefOne'), ('string', 'str'), ('*enum2', 'EnumOne')]))]),
 OrderedDict([('event', 'EVENT_A')]),
 OrderedDict([('event', 'EVENT_B'), ('data', OrderedDict())]),
 OrderedDict([('event', 'EVENT_C'), ('data', OrderedDict([('*a', 'int'), ('*b', 'UserDefOne'), ('c', 'str')]))]),
 OrderedDict([('event', 'EVENT_D'), ('data', OrderedDict([('a', 'EventStructOne'), ('b', 'str'), ('*c', 'str'), ('*enum3', 'EnumOne')]))]),
 OrderedDict([('enum', '__org.qemu_x-Enum'), ('data', ['__org.qemu_x-value'])]),
 OrderedDict([('struct', '__org.qemu_x-Base'), ('data', OrderedDict([('__org.qemu_x-member1', '__org.qemu_x-Enum')]))]),
 OrderedDict([('struct', '__org.qemu_x-Struct'), ('base', '__org.qemu_x-Base'), ('data', OrderedDict([('__org.qemu_x-member2', 'str')]))]),
 OrderedDict([('union', '__org.qemu_x-Union1'), ('data', OrderedDict([('__org.qemu_x-branch', 'str')]))]),
 OrderedDict([('struct', '__org.qemu_x-Struct2'), ('data', OrderedDict([('array', ['__org.qemu_x-Union1'])]))]),
 OrderedDict([('union', '__org.qemu_x-Union2'), ('base', '__org.qemu_x-Base'), ('discriminator', '__org.qemu_x-member1'), ('data', OrderedDict([('__org.qemu_x-value', '__org.qemu_x-Struct2')]))]),
 OrderedDict([('alternate', '__org.qemu_x-Alt'), ('data', OrderedDict([('__org.qemu_x-branch', 'str'), ('b', '__org.qemu_x-Base')]))]),
 OrderedDict([('event', '__ORG.QEMU_X-EVENT'), ('data', '__org.qemu_x-Struct')]),
 OrderedDict([('command', '__org.qemu_x-command'), ('data', OrderedDict([('a', ['__org.qemu_x-Enum']), ('b', ['__org.qemu_x-Struct']), ('c', '__org.qemu_x-Union2'), ('d', '__org.qemu_x-Alt')])), ('returns', '__org.qemu_x-Union1')])]
[{'enum_name': 'EnumOne', 'enum_values': ['value1', 'value2', 'value3']},
 {'enum_name': '__org.qemu_x-Enum', 'enum_values': ['__org.qemu_x-value']},
 {'enum_name': 'UserDefAlternateKind', 'enum_values': None},
 {'enum_name': 'UserDefNativeListUnionKind', 'enum_values': None},
 {'enum_name': '__org.qemu_x-Union1Kind', 'enum_values': None},
 {'enum_name': '__org.qemu_x-AltKind', 'enum_values': None}]
[OrderedDict([('struct', 'NestedEnumsOne'), ('data', OrderedDict([('enum1', 'EnumOne'), ('*enum2', 'EnumOne'), ('enum3', 'EnumOne'), ('*enum4', 'EnumOne')]))]),
 OrderedDict([('struct', 'UserDefZero'), ('data', OrderedDict([('integer', 'int')]))]),
 OrderedDict([('struct', 'UserDefOne'), ('base', 'UserDefZero'), ('data', OrderedDict([('string', 'str'), ('*enum1', 'EnumOne')]))]),
 OrderedDict([('struct', 'UserDefTwoDictDict'), ('data', OrderedDict([('userdef', 'UserDefOne'), ('string', 'str')]))]),
 OrderedDict([('struct', 'UserDefTwoDict'), ('data', OrderedDict([('string1', 'str'), ('dict2', 'UserDefTwoDictDict'), ('*dict3', 'UserDefTwoDictDict')]))]),
 OrderedDict([('struct', 'UserDefTwo'), ('data', OrderedDict([('string0', 'str'), ('dict1', 'UserDefTwoDict')]))]),
 OrderedDict([('struct', 'UserDefA'), ('data', OrderedDict([('boolean', 'bool')]))]),
 OrderedDict([('struct', 'UserDefB'), ('data', OrderedDict([('integer', 'int')]))]),
 OrderedDict([('struct', 'UserDefC'), ('data', OrderedDict([('string1', 'str'), ('string2', 'str')]))]),
 OrderedDict([('struct', 'UserDefUnionBase'), ('data', OrderedDict([('string', 'str'), ('enum1', 'EnumOne')]))]),
 OrderedDict([('struct', 'UserDefOptions'), ('data', OrderedDict([('*i64', ['int']), ('*u64', ['uint64']), ('*u16', ['uint16']), ('*i64x', 'int'), ('*u64x', 'uint64')]))]),
 OrderedDict([('struct', 'EventStructOne'), ('data', OrderedDict([('struct1', 'UserDefOne'), ('string', 'str'), ('*enum2', 'EnumOne')]))]),
 OrderedDict([('struct', '__org.qemu_x-Base'), ('data', OrderedDict([('__org.qemu_x-member1', '__org.qemu_x-Enum')]))]),
 OrderedDict([('struct', '__org.qemu_x-Struct'), ('base', '__org.qemu_x-Base'), ('data', OrderedDict([('__org.qemu_x-member2', 'str')]))]),
 OrderedDict([('struct', '__org.qemu_x-Struct2'), ('data', OrderedDict([('array', ['__org.qemu_x-Union1'])]))])]
