[OrderedDict([('command', 'guest-get-time'), ('returns', 'int')])]
[]
[]
