[OrderedDict([('command', 'unsafe'), ('data', OrderedDict([('arg', '**')])), ('returns', '**'), ('gen', False)])]
[]
[]
