  14000[      7]: system.cpu T0 : 0x0    : immtransr  r1, 1           : IntAlu :  D=0x0000000000000001
  14000[      7]: system.cpu T0 : 0x8    : b          0x10            : IntAlu : 
  16000[      8]: system.cpu T0 : 0x4    : immtransr  r2, 2           : IntAlu :  D=0x0000000000000002
  30000[     15]: system.cpu T0 : 0x10    : immtransr  r2, 6           : IntAlu :  D=0x0000000000000006
  34000[     17]: system.cpu T0 : 0x18    : bne        r1, 0x28        : IntAlu : 
  36000[     18]: system.cpu T0 : 0x14    : fixadd     r3, r1, r2      : IntAlu :  D=0x0000000000000007
  50000[     25]: system.cpu T0 : 0x28    : immtransj  j8, 8           : IntAlu :  D=0x0000000000000008
  52000[     26]: system.cpu T0 : 0x2c    : immtransj  j9, 9           : IntAlu :  D=0x0000000000000009
  54000[     27]: system.cpu T0 : 0x30    : immtransr  r1, 0           : IntAlu :  D=0x0000000000000000
  56000[     28]: system.cpu T0 : 0x34    : bne        r1, 0x44        : IntAlu : 
  62000[     31]: system.cpu T0 : 0x38    : immtransr  r5, 5           : IntAlu :  D=0x0000000000000005
  64000[     32]: system.cpu T0 : 0x3c    : immtransr  r6, 6           : IntAlu :  D=0x0000000000000006
  66000[     33]: system.cpu T0 : 0x40    : immtransr  r7, 7           : IntAlu :  D=0x0000000000000007
  68000[     34]: system.cpu T0 : 0x44    : immtransr  r8, 8           : IntAlu :  D=0x0000000000000008
  70000[     35]: system.cpu T0 : 0x48    : immtransr  r9, 9           : IntAlu :  D=0x0000000000000009
  72000[     36]: system.cpu T0 : 0x4c    : immtransr  r1, 1           : IntAlu :  D=0x0000000000000001
  74000[     37]: system.cpu T0 : 0x50    : immtransr  r2, 2           : IntAlu :  D=0x0000000000000002
  76000[     38]: system.cpu T0 : 0x54    : immtransj  j1, 104         : IntAlu :  D=0x0000000000000068
  78000[     39]: system.cpu T0 : 0x58    : j          j1              : IntAlu : 
  94000[     47]: system.cpu T0 : 0x68    : immtransr  r6, 6           : IntAlu :  D=0x0000000000000006
  96000[     48]: system.cpu T0 : 0x6c    : immtransj  j30, 136        : IntAlu :  D=0x0000000000000088
  98000[     49]: system.cpu T0 : 0x70    : jne        j30, r1         : IntAlu : 
 114000[     57]: system.cpu T0 : 0x88    : immtransr  r1, 0           : IntAlu :  D=0x0000000000000000
 116000[     58]: system.cpu T0 : 0x8c    : immtransj  j1, 160         : IntAlu :  D=0x00000000000000a0
 118000[     59]: system.cpu T0 : 0x90    : jne        j1, r1          : IntAlu : 
 124000[     62]: system.cpu T0 : 0x94    : immtransr  r2, 2           : IntAlu :  D=0x0000000000000002
 126000[     63]: system.cpu T0 : 0x98    : immtransr  r3, 3           : IntAlu :  D=0x0000000000000003
 128000[     64]: system.cpu T0 : 0xa0    : b          _start2         : IntAlu : 
 130000[     65]: system.cpu T0 : 0x9c    : eq         r31, r1, r2     : IntAlu :  D=0x0000000000000000
 144000[     72]: system.cpu T0 : 0xac    : immtransr  r5, 5           : IntAlu :  D=0x0000000000000005
 146000[     73]: system.cpu T0 : 0xb0    : immtransr  r6, 6           : IntAlu :  D=0x0000000000000006
 148000[     74]: system.cpu T0 : 0xb4    : immtransr  r7, 7           : IntAlu :  D=0x0000000000000007
 150000[     75]: system.cpu T0 : 0xb8    : immtransr  r8, 8           : IntAlu :  D=0x0000000000000008
 150000[     75]: system.cpu T0 : 0xc0    : b          0x20c0          : IntAlu : 
 152000[     76]: system.cpu T0 : 0xbc    : immtransr  r9, 9           : IntAlu :  D=0x0000000000000009
 168000[     84]: system.cpu T0 : 0x20c4    : immtransr  r5, 5           : IntAlu :  D=0x0000000000000005
 170000[     85]: system.cpu T0 : 0x20c8    : immtransr  r6, 6           : IntAlu :  D=0x0000000000000006
 172000[     86]: system.cpu T0 : 0x20cc    : immtransr  r7, 7           : IntAlu :  D=0x0000000000000007
 174000[     87]: system.cpu T0 : 0x20d0    : immtransr  r8, 8           : IntAlu :  D=0x0000000000000008
 176000[     88]: system.cpu T0 : 0x20d4    : immtransr  r9, 9           : IntAlu :  D=0x0000000000000009
 178000[     89]: system.cpu T0 : 0x20d8    : immtransr  r10, 5          : IntAlu :  D=0x0000000000000005
 180000[     90]: system.cpu T0 : 0x20dc    : immtransr  r11, 6          : IntAlu :  D=0x0000000000000006
 182000[     91]: system.cpu T0 : 0x20e0    : immtransr  r12, 7          : IntAlu :  D=0x0000000000000007
 184000[     92]: system.cpu T0 : 0x20e4    : immtransr  r13, 8          : IntAlu :  D=0x0000000000000008
 186000[     93]: system.cpu T0 : 0x20e8    : immtransr  r14, 9          : IntAlu :  D=0x0000000000000009
 188000[     94]: system.cpu T0 : 0x20ec    : immtransr  r1, 1           : IntAlu :  D=0x0000000000000001
 190000[     95]: system.cpu T0 : 0x20f0    : bne        r1, 0x140f0     : IntAlu : 
 210000[    105]: system.cpu T0 : 0x140f8    : immtransr  r5, 5           : IntAlu :  D=0x0000000000000005
 212000[    106]: system.cpu T0 : 0x140fc    : immtransr  r6, 6           : IntAlu :  D=0x0000000000000006
 214000[    107]: system.cpu T0 : 0x14100    : immtransr  r7, 7           : IntAlu :  D=0x0000000000000007
 216000[    108]: system.cpu T0 : 0x14104    : immtransr  r8, 8           : IntAlu :  D=0x0000000000000008
 218000[    109]: system.cpu T0 : 0x14108    : immtransr  r9, 9           : IntAlu :  D=0x0000000000000009
 220000[    110]: system.cpu T0 : 0x1410c    : immtransr  r10, 5          : IntAlu :  D=0x0000000000000005
 222000[    111]: system.cpu T0 : 0x14110    : immtransr  r11, 6          : IntAlu :  D=0x0000000000000006
 224000[    112]: system.cpu T0 : 0x14114    : immtransr  r12, 7          : IntAlu :  D=0x0000000000000007
 226000[    113]: system.cpu T0 : 0x14118    : immtransr  r13, 8          : IntAlu :  D=0x0000000000000008
 228000[    114]: system.cpu T0 : 0x1411c    : immtransr  r14, 9          : IntAlu :  D=0x0000000000000009
 230000[    115]: system.cpu T0 : 0x14120    : immtransr  r1, 0           : IntAlu :  D=0x0000000000000000
 232000[    116]: system.cpu T0 : 0x14124    : bne        r1, 0x14924     : IntAlu : 
1262000[    631]: system.cpu T0 : 0x14928    : immtransr  r5, 5           : IntAlu :  D=0x0000000000000005
1264000[    632]: system.cpu T0 : 0x1492c    : immtransr  r6, 6           : IntAlu :  D=0x0000000000000006
1266000[    633]: system.cpu T0 : 0x14930    : immtransr  r7, 7           : IntAlu :  D=0x0000000000000007
1268000[    634]: system.cpu T0 : 0x14934    : immtransr  r8, 8           : IntAlu :  D=0x0000000000000008
1270000[    635]: system.cpu T0 : 0x14938    : immtransr  r9, 9           : IntAlu :  D=0x0000000000000009
1272000[    636]: system.cpu T0 : 0x1493c    : immtransr  r10, 5          : IntAlu :  D=0x0000000000000005
1274000[    637]: system.cpu T0 : 0x14940    : immtransr  r11, 6          : IntAlu :  D=0x0000000000000006
1276000[    638]: system.cpu T0 : 0x14944    : immtransr  r12, 7          : IntAlu :  D=0x0000000000000007
1278000[    639]: system.cpu T0 : 0x14948    : immtransr  r13, 8          : IntAlu :  D=0x0000000000000008
1280000[    640]: system.cpu T0 : 0x1494c    : immtransr  r14, 9          : IntAlu :  D=0x0000000000000009
1280000[    640]: system.cpu T0 : 0x14954    : spustop                    : IntAlu : 
