  14000[      7]: system.cpu T0 : 0x0    : immtransr  r0, 1           : IntAlu :  D=0x0000000000000001
  20000[     10]: system.cpu T0 : 0x4    : movrr      r1, r0          : IntAlu :  D=0x0000000000000001
  22000[     11]: system.cpu T0 : 0x8    : immtransr  r2, 2           : IntAlu :  D=0x0000000000000002
  26000[     13]: system.cpu T0 : 0xc    : movrr      r3, r1          : IntAlu :  D=0x0000000000000001
  28000[     14]: system.cpu T0 : 0x10    : fixadd     r4, r1, r2      : IntAlu :  D=0x0000000000000003
  30000[     15]: system.cpu T0 : 0x14    : fixadd     r5, r1, r2      : IntAlu :  D=0x0000000000000003
  36000[     18]: system.cpu T0 : 0x18    : addci_t    r6, r1, r2      : IntAlu :  D=0x0000000000000003
  38000[     19]: system.cpu T0 : 0x1c    : fixsub     r7, r1, r2      : IntAlu :  D=0x00000000ffffffff
  44000[     22]: system.cpu T0 : 0x20    : subci_t    r8, r1, r2      : IntAlu :  D=0x00000000fffffffe
  48000[     24]: system.cpu T0 : 0x24    : mul        r9, r1, r2      : IntAlu :  D=0x0000000000000002
  50000[     25]: system.cpu T0 : 0x28    : mul        r10, r1, r2     : IntAlu :  D=0x0000000000000002
  50000[     25]: system.cpu T0 : 0x2c    : subci_t    r12, r1, r2     : IntAlu :  D=0x00000000fffffffe
  52000[     26]: system.cpu T0 : 0x30    : fixadd     r13, r1, r2     : IntAlu :  D=0x0000000000000003
  54000[     27]: system.cpu T0 : 0x34    : fixsub     r14, r1, r2     : IntAlu :  D=0x00000000ffffffff
  60000[     30]: system.cpu T0 : 0x38    : subci_t    r15, r1, r2     : IntAlu :  D=0x00000000fffffffe
  62000[     31]: system.cpu T0 : 0x3c    : movrr      r16, r1         : IntAlu :  D=0x0000000000000001
  66000[     33]: system.cpu T0 : 0x40    : addci_t    r17, r1, r2     : IntAlu :  D=0x0000000000000003
  68000[     34]: system.cpu T0 : 0x44    : immtransr  r0, -1          : IntAlu :  D=0x00000000ffffffff
  70000[     35]: system.cpu T0 : 0x4c    : immtransr  r1, 2           : IntAlu :  D=0x0000000000000002
  72000[     36]: system.cpu T0 : 0x50    : immtransr  r2, 3           : IntAlu :  D=0x0000000000000003
  74000[     37]: system.cpu T0 : 0x54    : immtransr  r3, 4           : IntAlu :  D=0x0000000000000004
  76000[     38]: system.cpu T0 : 0x58    : fixadd     r5, r0, r1      : IntAlu :  D=0x0000000000000001
  82000[     41]: system.cpu T0 : 0x5c    : addci_t    r6, r2, r3      : IntAlu :  D=0x0000000000000008
  88000[     44]: system.cpu T0 : 0x68    : fixadd     r7, r0, r1      : IntAlu :  D=0x0000000000000001
  94000[     47]: system.cpu T0 : 0x6c    : addci_t    r8, r2, r3      : IntAlu :  D=0x0000000000000008
 100000[     50]: system.cpu T0 : 0x78    : fixadd     r9, r0, r1      : IntAlu :  D=0x0000000000000001
 106000[     53]: system.cpu T0 : 0x7c    : addci_t    r10, r2, r3     : IntAlu :  D=0x0000000000000008
 112000[     56]: system.cpu T0 : 0x88    : fixadd     r11, r0, r1     : IntAlu :  D=0x00000000ffffffff
 118000[     59]: system.cpu T0 : 0x8c    : addci_t    r12, r2, r3     : IntAlu :  D=0x0000000000000008
 124000[     62]: system.cpu T0 : 0x98    : immtransr  r0, 1           : IntAlu :  D=0x0000000000000001
 126000[     63]: system.cpu T0 : 0x9c    : immtransr  r1, 2           : IntAlu :  D=0x0000000000000002
 128000[     64]: system.cpu T0 : 0xa0    : immtransr  r2, 8           : IntAlu :  D=0x0000000000000008
 130000[     65]: system.cpu T0 : 0xa4    : immtransr  r3, 4           : IntAlu :  D=0x0000000000000004
 132000[     66]: system.cpu T0 : 0xa8    : fixsub     r5, r0, r1      : IntAlu :  D=0x00000000ffffffff
 138000[     69]: system.cpu T0 : 0xac    : subci_t    r6, r2, r3      : IntAlu :  D=0x0000000000000003
 144000[     72]: system.cpu T0 : 0xb8    : fixsub     r7, r0, r1      : IntAlu :  D=0x00000000ffffffff
 150000[     75]: system.cpu T0 : 0xbc    : subci_t    r8, r2, r3      : IntAlu :  D=0x0000000000000003
 156000[     78]: system.cpu T0 : 0xc8    : fixsub     r9, r0, r1      : IntAlu :  D=0x00000000ffffffff
 162000[     81]: system.cpu T0 : 0xcc    : subci_t    r10, r2, r3     : IntAlu :  D=0x0000000000000003
 168000[     84]: system.cpu T0 : 0xd8    : fixsub     r11, r0, r1     : IntAlu :  D=0x0000000000000000
 174000[     87]: system.cpu T0 : 0xdc    : subci_t    r12, r2, r3     : IntAlu :  D=0x0000000000000003
 180000[     90]: system.cpu T0 : 0xf0    : spustop                    : IntAlu : 
