  16000[      8]: system.cpu T0 : 0x4    : immtransr  r1, -255        : IntAlu :  D=0x00000000ffffff01
  18000[      9]: system.cpu T0 : 0xc    : immtransr  r2, -254        : IntAlu :  D=0x00000000ffffff02
  20000[     10]: system.cpu T0 : 0x14    : immtransr  r3, -253        : IntAlu :  D=0x00000000ffffff03
  22000[     11]: system.cpu T0 : 0x1c    : immtransr  r4, -252        : IntAlu :  D=0x00000000ffffff04
  24000[     12]: system.cpu T0 : 0x24    : immtransr  r5, -251        : IntAlu :  D=0x00000000ffffff05
  26000[     13]: system.cpu T0 : 0x2c    : immtransr  r6, -250        : IntAlu :  D=0x00000000ffffff06
  28000[     14]: system.cpu T0 : 0x34    : immtransr  r7, -249        : IntAlu :  D=0x00000000ffffff07
  30000[     15]: system.cpu T0 : 0x3c    : immtransr  r8, -248        : IntAlu :  D=0x00000000ffffff08
  32000[     16]: system.cpu T0 : 0x44    : immtransr  r9, -247        : IntAlu :  D=0x00000000ffffff09
  34000[     17]: system.cpu T0 : 0x4c    : immtransr  r10, -246       : IntAlu :  D=0x00000000ffffff0a
  36000[     18]: system.cpu T0 : 0x54    : immtransr  r11, -245       : IntAlu :  D=0x00000000ffffff0b
  38000[     19]: system.cpu T0 : 0x5c    : immtransr  r12, -244       : IntAlu :  D=0x00000000ffffff0c
  40000[     20]: system.cpu T0 : 0x64    : immtransr  r13, -243       : IntAlu :  D=0x00000000ffffff0d
  42000[     21]: system.cpu T0 : 0x6c    : immtransr  r14, -242       : IntAlu :  D=0x00000000ffffff0e
  44000[     22]: system.cpu T0 : 0x74    : immtransr  r15, -241       : IntAlu :  D=0x00000000ffffff0f
  46000[     23]: system.cpu T0 : 0x7c    : immtransr  r16, -240       : IntAlu :  D=0x00000000ffffff10
  48000[     24]: system.cpu T0 : 0x84    : immtransr  r17, 286331153  : IntAlu :  D=0x0000000011111111
  50000[     25]: system.cpu T0 : 0x8c    : immtransr  r18, 2          : IntAlu :  D=0x0000000000000002
  52000[     26]: system.cpu T0 : 0x90    : immtransj  j0, 4194304     : IntAlu :  D=0x0000000000400000
  54000[     27]: system.cpu T0 : 0x98    : immtransj  j1, 4           : IntAlu :  D=0x0000000000000004
  56000[     28]: system.cpu T0 : 0x9c    : immtransj  j2, 4194304     : IntAlu :  D=0x0000000000400000
  58000[     29]: system.cpu T0 : 0xa4    : immtransj  j3, 4           : IntAlu :  D=0x0000000000000004
  66000[     33]: system.cpu T0 : 0xa8    : swrpost    r1, j1(j0)      : MemWrite :  D=0x00000000ffffff01 A=0x400000
  72000[     36]: system.cpu T0 : 0xac    : swrpost    r2, j1(j0)      : MemWrite :  D=0x00000000ffffff02 A=0x400004
  78000[     39]: system.cpu T0 : 0xb0    : swrpost    r3, j1(j0)      : MemWrite :  D=0x00000000ffffff03 A=0x400008
  84000[     42]: system.cpu T0 : 0xb4    : swrpost    r4, j1(j0)      : MemWrite :  D=0x00000000ffffff04 A=0x40000c
  90000[     45]: system.cpu T0 : 0xb8    : swrpost    r5, j1(j0)      : MemWrite :  D=0x00000000ffffff05 A=0x400010
  96000[     48]: system.cpu T0 : 0xbc    : swrpost    r6, j1(j0)      : MemWrite :  D=0x00000000ffffff06 A=0x400014
 102000[     51]: system.cpu T0 : 0xc0    : swrpost    r7, j1(j0)      : MemWrite :  D=0x00000000ffffff07 A=0x400018
 108000[     54]: system.cpu T0 : 0xc4    : swrpost    r8, j1(j0)      : MemWrite :  D=0x00000000ffffff08 A=0x40001c
 114000[     57]: system.cpu T0 : 0xc8    : swrpost    r9, j1(j0)      : MemWrite :  D=0x00000000ffffff09 A=0x400020
 120000[     60]: system.cpu T0 : 0xcc    : swrpost    r10, j1(j0)     : MemWrite :  D=0x00000000ffffff0a A=0x400024
 126000[     63]: system.cpu T0 : 0xd0    : swrpost    r11, j1(j0)     : MemWrite :  D=0x00000000ffffff0b A=0x400028
 132000[     66]: system.cpu T0 : 0xd4    : swrpost    r12, j1(j0)     : MemWrite :  D=0x00000000ffffff0c A=0x40002c
 138000[     69]: system.cpu T0 : 0xd8    : swrpost    r13, j1(j0)     : MemWrite :  D=0x00000000ffffff0d A=0x400030
 144000[     72]: system.cpu T0 : 0xdc    : swrpost    r14, j1(j0)     : MemWrite :  D=0x00000000ffffff0e A=0x400034
 150000[     75]: system.cpu T0 : 0xe0    : swrpost    r15, j1(j0)     : MemWrite :  D=0x00000000ffffff0f A=0x400038
 156000[     78]: system.cpu T0 : 0xe4    : swrpost    r16, j1(j0)     : MemWrite :  D=0x00000000ffffff10 A=0x40003c
 160000[     80]: system.cpu T0 : 0xe8    : lsvr       svr1, j3(j2)    : MemRead :  D=0x1 0xff 0xff 0xff 0x2 0xff 0xff 0xff 0x3 0xff 0xff 0xff 0x4 0xff 0xff 0xff 0x5 0xff 0xff 0xff 0x6 0xff 0xff 0xff 0x7 0xff 0xff 0xff 0x8 0xff 0xff 0xff 0x9 0xff 0xff 0xff 0xa 0xff 0xff 0xff 0xb 0xff 0xff 0xff 0xc 0xff 0xff 0xff 0xd 0xff 0xff 0xff 0xe 0xff 0xff 0xff 0xf 0xff 0xff 0xff 0x10 0xff 0xff 0xff  A=0x400000
 164000[     82]: system.cpu T0 : 0xec    : svr2shu0   shu0.t1, svr1   : IntAlu :  D=0x1 0xff 0xff 0xff 0x2 0xff 0xff 0xff 0x3 0xff 0xff 0xff 0x4 0xff 0xff 0xff 0x5 0xff 0xff 0xff 0x6 0xff 0xff 0xff 0x7 0xff 0xff 0xff 0x8 0xff 0xff 0xff 0x9 0xff 0xff 0xff 0xa 0xff 0xff 0xff 0xb 0xff 0xff 0xff 0xc 0xff 0xff 0xff 0xd 0xff 0xff 0xff 0xe 0xff 0xff 0xff 0xf 0xff 0xff 0xff 0x10 0xff 0xff 0xff 
 166000[     83]: system.cpu T0 : 0xf0    : r2shu0w    shu0.t2, r17    : IntAlu :  D=0x11 0x11 0x11 0x11 0x11 0x11 0x11 0x11 0x11 0x11 0x11 0x11 0x11 0x11 0x11 0x11 0x11 0x11 0x11 0x11 0x11 0x11 0x11 0x11 0x11 0x11 0x11 0x11 0x11 0x11 0x11 0x11 0x11 0x11 0x11 0x11 0x11 0x11 0x11 0x11 0x11 0x11 0x11 0x11 0x11 0x11 0x11 0x11 0x11 0x11 0x11 0x11 0x11 0x11 0x11 0x11 0x11 0x11 0x11 0x11 0x11 0x11 0x11 0x11 
 168000[     84]: system.cpu T0 : 0xf4    : r2shu0w    shu0.t0, r18    : IntAlu :  D=0x2 0x0 0x0 0x0 0x2 0x0 0x0 0x0 0x2 0x0 0x0 0x0 0x2 0x0 0x0 0x0 0x2 0x0 0x0 0x0 0x2 0x0 0x0 0x0 0x2 0x0 0x0 0x0 0x2 0x0 0x0 0x0 0x2 0x0 0x0 0x0 0x2 0x0 0x0 0x0 0x2 0x0 0x0 0x0 0x2 0x0 0x0 0x0 0x2 0x0 0x0 0x0 0x2 0x0 0x0 0x0 0x2 0x0 0x0 0x0 0x2 0x0 0x0 0x0 
 172000[     86]: system.cpu T0 : 0xf8    : immtransr  r1, 50462976    : IntAlu :  D=0x0000000003020100
 174000[     87]: system.cpu T0 : 0x100    : immtransr  r2, 117835012   : IntAlu :  D=0x0000000007060504
 176000[     88]: system.cpu T0 : 0x108    : immtransr  r3, 185207048   : IntAlu :  D=0x000000000b0a0908
 178000[     89]: system.cpu T0 : 0x110    : immtransr  r4, 252579084   : IntAlu :  D=0x000000000f0e0d0c
 180000[     90]: system.cpu T0 : 0x118    : immtransr  r5, 319951120   : IntAlu :  D=0x0000000013121110
 182000[     91]: system.cpu T0 : 0x120    : immtransr  r6, 387323156   : IntAlu :  D=0x0000000017161514
 184000[     92]: system.cpu T0 : 0x128    : immtransr  r7, 454695192   : IntAlu :  D=0x000000001b1a1918
 186000[     93]: system.cpu T0 : 0x130    : immtransr  r8, 522067228   : IntAlu :  D=0x000000001f1e1d1c
 188000[     94]: system.cpu T0 : 0x138    : immtransr  r9, 589439264   : IntAlu :  D=0x0000000023222120
 190000[     95]: system.cpu T0 : 0x140    : immtransr  r10, 656811300  : IntAlu :  D=0x0000000027262524
 192000[     96]: system.cpu T0 : 0x148    : immtransr  r11, 724183336  : IntAlu :  D=0x000000002b2a2928
 194000[     97]: system.cpu T0 : 0x150    : immtransr  r12, 791555372  : IntAlu :  D=0x000000002f2e2d2c
 196000[     98]: system.cpu T0 : 0x158    : immtransr  r13, 858927408  : IntAlu :  D=0x0000000033323130
 198000[     99]: system.cpu T0 : 0x160    : immtransr  r14, 926299444  : IntAlu :  D=0x0000000037363534
 200000[    100]: system.cpu T0 : 0x168    : immtransr  r15, 993671480  : IntAlu :  D=0x000000003b3a3938
 202000[    101]: system.cpu T0 : 0x170    : immtransr  r16, 1061043516 : IntAlu :  D=0x000000003f3e3d3c
 204000[    102]: system.cpu T0 : 0x178    : immtransj  j0, 4194304     : IntAlu :  D=0x0000000000400000
 206000[    103]: system.cpu T0 : 0x180    : immtransj  j1, 4           : IntAlu :  D=0x0000000000000004
 208000[    104]: system.cpu T0 : 0x184    : immtransj  j2, 4194304     : IntAlu :  D=0x0000000000400000
 210000[    105]: system.cpu T0 : 0x18c    : immtransj  j3, 4           : IntAlu :  D=0x0000000000000004
 218000[    109]: system.cpu T0 : 0x190    : swrpost    r1, j1(j0)      : MemWrite :  D=0x0000000003020100 A=0x400000
 224000[    112]: system.cpu T0 : 0x194    : swrpost    r2, j1(j0)      : MemWrite :  D=0x0000000007060504 A=0x400004
 230000[    115]: system.cpu T0 : 0x198    : swrpost    r3, j1(j0)      : MemWrite :  D=0x000000000b0a0908 A=0x400008
 236000[    118]: system.cpu T0 : 0x19c    : swrpost    r4, j1(j0)      : MemWrite :  D=0x000000000f0e0d0c A=0x40000c
 242000[    121]: system.cpu T0 : 0x1a0    : swrpost    r5, j1(j0)      : MemWrite :  D=0x0000000013121110 A=0x400010
 248000[    124]: system.cpu T0 : 0x1a4    : swrpost    r6, j1(j0)      : MemWrite :  D=0x0000000017161514 A=0x400014
 254000[    127]: system.cpu T0 : 0x1a8    : swrpost    r7, j1(j0)      : MemWrite :  D=0x000000001b1a1918 A=0x400018
 260000[    130]: system.cpu T0 : 0x1ac    : swrpost    r8, j1(j0)      : MemWrite :  D=0x000000001f1e1d1c A=0x40001c
 266000[    133]: system.cpu T0 : 0x1b0    : swrpost    r9, j1(j0)      : MemWrite :  D=0x0000000023222120 A=0x400020
 272000[    136]: system.cpu T0 : 0x1b4    : swrpost    r10, j1(j0)     : MemWrite :  D=0x0000000027262524 A=0x400024
 278000[    139]: system.cpu T0 : 0x1b8    : swrpost    r11, j1(j0)     : MemWrite :  D=0x000000002b2a2928 A=0x400028
 284000[    142]: system.cpu T0 : 0x1bc    : swrpost    r12, j1(j0)     : MemWrite :  D=0x000000002f2e2d2c A=0x40002c
 290000[    145]: system.cpu T0 : 0x1c0    : swrpost    r13, j1(j0)     : MemWrite :  D=0x0000000033323130 A=0x400030
 296000[    148]: system.cpu T0 : 0x1c4    : swrpost    r14, j1(j0)     : MemWrite :  D=0x0000000037363534 A=0x400034
 302000[    151]: system.cpu T0 : 0x1c8    : swrpost    r15, j1(j0)     : MemWrite :  D=0x000000003b3a3938 A=0x400038
 308000[    154]: system.cpu T0 : 0x1cc    : swrpost    r16, j1(j0)     : MemWrite :  D=0x000000003f3e3d3c A=0x40003c
 312000[    156]: system.cpu T0 : 0x1d0    : lsvr       svr1, j3(j2)    : MemRead :  D=0x0 0x1 0x2 0x3 0x4 0x5 0x6 0x7 0x8 0x9 0xa 0xb 0xc 0xd 0xe 0xf 0x10 0x11 0x12 0x13 0x14 0x15 0x16 0x17 0x18 0x19 0x1a 0x1b 0x1c 0x1d 0x1e 0x1f 0x20 0x21 0x22 0x23 0x24 0x25 0x26 0x27 0x28 0x29 0x2a 0x2b 0x2c 0x2d 0x2e 0x2f 0x30 0x31 0x32 0x33 0x34 0x35 0x36 0x37 0x38 0x39 0x3a 0x3b 0x3c 0x3d 0x3e 0x3f  A=0x400000
 316000[    158]: system.cpu T0 : 0x1d4    : svr2shu0   shu0.t3, svr1   : IntAlu :  D=0x0 0x1 0x2 0x3 0x4 0x5 0x6 0x7 0x8 0x9 0xa 0xb 0xc 0xd 0xe 0xf 0x10 0x11 0x12 0x13 0x14 0x15 0x16 0x17 0x18 0x19 0x1a 0x1b 0x1c 0x1d 0x1e 0x1f 0x20 0x21 0x22 0x23 0x24 0x25 0x26 0x27 0x28 0x29 0x2a 0x2b 0x2c 0x2d 0x2e 0x2f 0x30 0x31 0x32 0x33 0x34 0x35 0x36 0x37 0x38 0x39 0x3a 0x3b 0x3c 0x3d 0x3e 0x3f 
 316000[    158]: system.cpu T0 : 0x1d8    : callmimmb  _IALUTest       : IntAlu : 
 325000[    162]: system.cpu T1 : 0xad(4)    : (memo:shu0idx   ) SHU0.T3 IND T3->IALU.T0(I0) : IntDiv :  D=0x0 0x1 0x2 0x3 0x4 0x5 0x6 0x7 0x8 0x9 0xa 0xb 0xc 0xd 0xe 0xf 0x10 0x11 0x12 0x13 0x14 0x15 0x16 0x17 0x18 0x19 0x1a 0x1b 0x1c 0x1d 0x1e 0x1f 0x20 0x21 0x22 0x23 0x24 0x25 0x26 0x27 0x28 0x29 0x2a 0x2b 0x2c 0x2d 0x2e 0x2f 0x30 0x31 0x32 0x33 0x34 0x35 0x36 0x37 0x38 0x39 0x3a 0x3b 0x3c 0x3d 0x3e 0x3f 
 326000[    163]: system.cpu T1 : 0xd6(4)    : (memo:shu0idx   ) SHU0.T1 IND T3->IALU.T1(I0) : IntDiv :  D=0x1 0xff 0xff 0xff 0x2 0xff 0xff 0xff 0x3 0xff 0xff 0xff 0x4 0xff 0xff 0xff 0x5 0xff 0xff 0xff 0x6 0xff 0xff 0xff 0x7 0xff 0xff 0xff 0x8 0xff 0xff 0xff 0x9 0xff 0xff 0xff 0xa 0xff 0xff 0xff 0xb 0xff 0xff 0xff 0xc 0xff 0xff 0xff 0xd 0xff 0xff 0xff 0xe 0xff 0xff 0xff 0xf 0xff 0xff 0xff 0x10 0xff 0xff 0xff 
 327000[    163]: system.cpu T1 : 0xff(4)    : (memo:shu0idx   ) SHU0.T2 IND T3->IALU.T2(I0) : IntDiv :  D=0x11 0x11 0x11 0x11 0x11 0x11 0x11 0x11 0x11 0x11 0x11 0x11 0x11 0x11 0x11 0x11 0x11 0x11 0x11 0x11 0x11 0x11 0x11 0x11 0x11 0x11 0x11 0x11 0x11 0x11 0x11 0x11 0x11 0x11 0x11 0x11 0x11 0x11 0x11 0x11 0x11 0x11 0x11 0x11 0x11 0x11 0x11 0x11 0x11 0x11 0x11 0x11 0x11 0x11 0x11 0x11 0x11 0x11 0x11 0x11 0x11 0x11 0x11 0x11 
 328000[    164]: system.cpu T1 : 0x128(4)    : (memo:shu0idx   ) SHU0.T0 IND T3->IALU.T3(I0) : IntDiv :  D=0x2 0x0 0x0 0x0 0x2 0x0 0x0 0x0 0x2 0x0 0x0 0x0 0x2 0x0 0x0 0x0 0x2 0x0 0x0 0x0 0x2 0x0 0x0 0x0 0x2 0x0 0x0 0x0 0x2 0x0 0x0 0x0 0x2 0x0 0x0 0x0 0x2 0x0 0x0 0x0 0x2 0x0 0x0 0x0 0x2 0x0 0x0 0x0 0x2 0x0 0x0 0x0 0x2 0x0 0x0 0x0 0x2 0x0 0x0 0x0 0x2 0x0 0x0 0x0 
 331000[    165]: system.cpu T1 : 0x181(6)    : (memo:ialuadd   ) IALU.T1+T2->IMAC.T0 : FloatAdd :  D=0x12 0x10 0x11 0x11 0x13 0x10 0x11 0x11 0x14 0x10 0x11 0x11 0x15 0x10 0x11 0x11 0x16 0x10 0x11 0x11 0x17 0x10 0x11 0x11 0x18 0x10 0x11 0x11 0x19 0x10 0x11 0x11 0x1a 0x10 0x11 0x11 0x1b 0x10 0x11 0x11 0x1c 0x10 0x11 0x11 0x1d 0x10 0x11 0x11 0x1e 0x10 0x11 0x11 0x1f 0x10 0x11 0x11 0x20 0x10 0x11 0x11 0x21 0x10 0x11 0x11 
 332000[    166]: system.cpu T1 : 0x1aa(6)    : (memo:ialusub   ) IALU.T1-T2->IMAC.T1 : FloatAdd :  D=0xf0 0xed 0xee 0xee 0xf1 0xed 0xee 0xee 0xf2 0xed 0xee 0xee 0xf3 0xed 0xee 0xee 0xf4 0xed 0xee 0xee 0xf5 0xed 0xee 0xee 0xf6 0xed 0xee 0xee 0xf7 0xed 0xee 0xee 0xf8 0xed 0xee 0xee 0xf9 0xed 0xee 0xee 0xfa 0xed 0xee 0xee 0xfb 0xed 0xee 0xee 0xfc 0xed 0xee 0xee 0xfd 0xed 0xee 0xee 0xfe 0xed 0xee 0xee 0xff 0xed 0xee 0xee 
 333000[    166]: system.cpu T1 : 0x1d3(6)    : (memo:ialumax   ) IALU.Max(T1,T2)(U)->IMAC.T2 : FloatAdd :  D=0x1 0xff 0xff 0xff 0x2 0xff 0xff 0xff 0x3 0xff 0xff 0xff 0x4 0xff 0xff 0xff 0x5 0xff 0xff 0xff 0x6 0xff 0xff 0xff 0x7 0xff 0xff 0xff 0x8 0xff 0xff 0xff 0x9 0xff 0xff 0xff 0xa 0xff 0xff 0xff 0xb 0xff 0xff 0xff 0xc 0xff 0xff 0xff 0xd 0xff 0xff 0xff 0xe 0xff 0xff 0xff 0xf 0xff 0xff 0xff 0x10 0xff 0xff 0xff 
 334000[    167]: system.cpu T1 : 0x1fc(6)    : (memo:ialumin   ) IALU.Min(T1,T2)(U,H)->IMAC.T3 : FloatAdd :  D=0x11 0x11 0x11 0x11 0x11 0x11 0x11 0x11 0x11 0x11 0x11 0x11 0x11 0x11 0x11 0x11 0x11 0x11 0x11 0x11 0x11 0x11 0x11 0x11 0x11 0x11 0x11 0x11 0x11 0x11 0x11 0x11 0x11 0x11 0x11 0x11 0x11 0x11 0x11 0x11 0x11 0x11 0x11 0x11 0x11 0x11 0x11 0x11 0x11 0x11 0x11 0x11 0x11 0x11 0x11 0x11 0x11 0x11 0x11 0x11 0x11 0x11 0x11 0x11 
 335000[    167]: system.cpu T1 : 0x225(6)    : (memo:ialuabs   ) IALU.Abs(T1-T2)->IMAC.T0 : FloatAdd :  D=0x10 0x12 0x11 0x11 0xf 0x12 0x11 0x11 0xe 0x12 0x11 0x11 0xd 0x12 0x11 0x11 0xc 0x12 0x11 0x11 0xb 0x12 0x11 0x11 0xa 0x12 0x11 0x11 0x9 0x12 0x11 0x11 0x8 0x12 0x11 0x11 0x7 0x12 0x11 0x11 0x6 0x12 0x11 0x11 0x5 0x12 0x11 0x11 0x4 0x12 0x11 0x11 0x3 0x12 0x11 0x11 0x2 0x12 0x11 0x11 0x1 0x12 0x11 0x11 
 336000[    168]: system.cpu T1 : 0x24e(6)    : (memo:ialumerge ) IALU.Merge(T2,T1,T0)->IMAC.T1 : FloatAdd :  D=0x11 0x11 0x11 0x11 0x11 0x11 0x11 0x11 0x11 0x11 0x11 0x11 0x11 0x11 0x11 0x11 0x11 0x11 0x11 0x11 0x11 0x11 0x11 0x11 0x11 0x11 0x11 0x11 0x11 0x11 0x11 0x11 0x11 0x11 0x11 0x11 0x11 0x11 0x11 0x11 0x11 0x11 0x11 0x11 0x11 0x11 0x11 0x11 0x11 0x11 0x11 0x11 0x11 0x11 0x11 0x11 0x11 0x11 0x11 0x11 0x11 0x11 0x11 0x11 
 337000[    168]: system.cpu T1 : 0x277(6)    : (memo:ialumerge ) IALU.Merge(T2,T1,T1)->IMAC.T2 : FloatAdd :  D=0x1 0xff 0xff 0xff 0x11 0x11 0x11 0x11 0x3 0xff 0xff 0xff 0x11 0x11 0x11 0x11 0x5 0xff 0xff 0xff 0x11 0x11 0x11 0x11 0x7 0xff 0xff 0xff 0x11 0x11 0x11 0x11 0x9 0xff 0xff 0xff 0x11 0x11 0x11 0x11 0xb 0xff 0xff 0xff 0x11 0x11 0x11 0x11 0xd 0xff 0xff 0xff 0x11 0x11 0x11 0x11 0xf 0xff 0xff 0xff 0x11 0x11 0x11 0x11 
 338000[    169]: system.cpu T1 : 0x2a0(6)    : (memo:ialuor    ) IALU.T1&T2->FALU.T0 : FloatAdd :  D=0x1 0x11 0x11 0x11 0x0 0x11 0x11 0x11 0x1 0x11 0x11 0x11 0x0 0x11 0x11 0x11 0x1 0x11 0x11 0x11 0x0 0x11 0x11 0x11 0x1 0x11 0x11 0x11 0x0 0x11 0x11 0x11 0x1 0x11 0x11 0x11 0x0 0x11 0x11 0x11 0x1 0x11 0x11 0x11 0x0 0x11 0x11 0x11 0x1 0x11 0x11 0x11 0x0 0x11 0x11 0x11 0x1 0x11 0x11 0x11 0x10 0x11 0x11 0x11 
 339000[    169]: system.cpu T1 : 0x2c9(6)    : (memo:ialuand   ) IALU.T1|T2->FALU.T1 : FloatAdd :  D=0x11 0xff 0xff 0xff 0x13 0xff 0xff 0xff 0x13 0xff 0xff 0xff 0x15 0xff 0xff 0xff 0x15 0xff 0xff 0xff 0x17 0xff 0xff 0xff 0x17 0xff 0xff 0xff 0x19 0xff 0xff 0xff 0x19 0xff 0xff 0xff 0x1b 0xff 0xff 0xff 0x1b 0xff 0xff 0xff 0x1d 0xff 0xff 0xff 0x1d 0xff 0xff 0xff 0x1f 0xff 0xff 0xff 0x1f 0xff 0xff 0xff 0x11 0xff 0xff 0xff 
 340000[    170]: system.cpu T1 : 0x2f2(6)    : (memo:ialunor   ) IALU.T1^T2->FALU.T2 : FloatAdd :  D=0x10 0xee 0xee 0xee 0x13 0xee 0xee 0xee 0x12 0xee 0xee 0xee 0x15 0xee 0xee 0xee 0x14 0xee 0xee 0xee 0x17 0xee 0xee 0xee 0x16 0xee 0xee 0xee 0x19 0xee 0xee 0xee 0x18 0xee 0xee 0xee 0x1b 0xee 0xee 0xee 0x1a 0xee 0xee 0xee 0x1d 0xee 0xee 0xee 0x1c 0xee 0xee 0xee 0x1f 0xee 0xee 0xee 0x1e 0xee 0xee 0xee 0x1 0xee 0xee 0xee 
 341000[    170]: system.cpu T1 : 0x31b(6)    : (memo:ialunot   ) IALU.Not T2->FALU.T3 : FloatAdd :  D=0xee 0xee 0xee 0xee 0xee 0xee 0xee 0xee 0xee 0xee 0xee 0xee 0xee 0xee 0xee 0xee 0xee 0xee 0xee 0xee 0xee 0xee 0xee 0xee 0xee 0xee 0xee 0xee 0xee 0xee 0xee 0xee 0xee 0xee 0xee 0xee 0xee 0xee 0xee 0xee 0xee 0xee 0xee 0xee 0xee 0xee 0xee 0xee 0xee 0xee 0xee 0xee 0xee 0xee 0xee 0xee 0xee 0xee 0xee 0xee 0xee 0xee 0xee 0xee 
 342000[    171]: system.cpu T1 : 0x344(6)    : (memo:ialusr    ) IALU.T2>>T3>>24->IMAC.T0 : FloatAdd :  D=0x44 0x44 0x44 0x4 0x44 0x44 0x44 0x4 0x44 0x44 0x44 0x4 0x44 0x44 0x44 0x4 0x44 0x44 0x44 0x4 0x44 0x44 0x44 0x4 0x44 0x44 0x44 0x4 0x44 0x44 0x44 0x4 0x44 0x44 0x44 0x4 0x44 0x44 0x44 0x4 0x44 0x44 0x44 0x4 0x44 0x44 0x44 0x4 0x44 0x44 0x44 0x4 0x44 0x44 0x44 0x4 0x44 0x44 0x44 0x4 0x44 0x44 0x44 0x4 
 343000[    171]: system.cpu T1 : 0x36d(6)    : (memo:ialusl    ) IALU.T2<<T3<<24->IMAC.T1 : FloatAdd :  D=0x44 0x44 0x44 0x44 0x44 0x44 0x44 0x44 0x44 0x44 0x44 0x44 0x44 0x44 0x44 0x44 0x44 0x44 0x44 0x44 0x44 0x44 0x44 0x44 0x44 0x44 0x44 0x44 0x44 0x44 0x44 0x44 0x44 0x44 0x44 0x44 0x44 0x44 0x44 0x44 0x44 0x44 0x44 0x44 0x44 0x44 0x44 0x44 0x44 0x44 0x44 0x44 0x44 0x44 0x44 0x44 0x44 0x44 0x44 0x44 0x44 0x44 0x44 0x44 
 344000[    172]: system.cpu T1 : 0x396(6)    : (memo:ialusrimm ) IALU.T2>>2->IMAC.T2 : FloatAdd :  D=0x44 0x44 0x44 0x4 0x44 0x44 0x44 0x4 0x44 0x44 0x44 0x4 0x44 0x44 0x44 0x4 0x44 0x44 0x44 0x4 0x44 0x44 0x44 0x4 0x44 0x44 0x44 0x4 0x44 0x44 0x44 0x4 0x44 0x44 0x44 0x4 0x44 0x44 0x44 0x4 0x44 0x44 0x44 0x4 0x44 0x44 0x44 0x4 0x44 0x44 0x44 0x4 0x44 0x44 0x44 0x4 0x44 0x44 0x44 0x4 0x44 0x44 0x44 0x4 
 345000[    172]: system.cpu T1 : 0x3bf(6)    : (memo:ialuslimm ) IALU.T2<<2->IMAC.T3 : FloatAdd :  D=0x44 0x44 0x44 0x44 0x44 0x44 0x44 0x44 0x44 0x44 0x44 0x44 0x44 0x44 0x44 0x44 0x44 0x44 0x44 0x44 0x44 0x44 0x44 0x44 0x44 0x44 0x44 0x44 0x44 0x44 0x44 0x44 0x44 0x44 0x44 0x44 0x44 0x44 0x44 0x44 0x44 0x44 0x44 0x44 0x44 0x44 0x44 0x44 0x44 0x44 0x44 0x44 0x44 0x44 0x44 0x44 0x44 0x44 0x44 0x44 0x44 0x44 0x44 0x44 
 346000[    173]: system.cpu T1 : 0x3e8(6)    : (memo:ialugreater) IALU.T1>T2->FALU.T0 : FloatAdd :  D=0x0 0x0 0x0 0x0 0x0 0x0 0x0 0x0 0x0 0x0 0x0 0x0 0x0 0x0 0x0 0x0 0x0 0x0 0x0 0x0 0x0 0x0 0x0 0x0 0x0 0x0 0x0 0x0 0x0 0x0 0x0 0x0 0x0 0x0 0x0 0x0 0x0 0x0 0x0 0x0 0x0 0x0 0x0 0x0 0x0 0x0 0x0 0x0 0x0 0x0 0x0 0x0 0x0 0x0 0x0 0x0 0x0 0x0 0x0 0x0 0x0 0x0 0x0 0x0 
 347000[    173]: system.cpu T1 : 0x411(6)    : (memo:ialugreater) IALU.T1>T2(B)->FALU.T1 : FloatAdd :  D=0x0 0x0 0x0 0x0 0x0 0x0 0x0 0x0 0x0 0x0 0x0 0x0 0x0 0x0 0x0 0x0 0x0 0x0 0x0 0x0 0x0 0x0 0x0 0x0 0x0 0x0 0x0 0x0 0x0 0x0 0x0 0x0 0x0 0x0 0x0 0x0 0x0 0x0 0x0 0x0 0x0 0x0 0x0 0x0 0x0 0x0 0x0 0x0 0x0 0x0 0x0 0x0 0x0 0x0 0x0 0x0 0x0 0x0 0x0 0x0 0x0 0x0 0x0 0x0 
 348000[    174]: system.cpu T1 : 0x43a(6)    : (memo:ialugreater) IALU.T1>T2(U)->FALU.T2 : FloatAdd :  D=0x1 0x0 0x0 0x0 0x1 0x0 0x0 0x0 0x1 0x0 0x0 0x0 0x1 0x0 0x0 0x0 0x1 0x0 0x0 0x0 0x1 0x0 0x0 0x0 0x1 0x0 0x0 0x0 0x1 0x0 0x0 0x0 0x1 0x0 0x0 0x0 0x1 0x0 0x0 0x0 0x1 0x0 0x0 0x0 0x1 0x0 0x0 0x0 0x1 0x0 0x0 0x0 0x1 0x0 0x0 0x0 0x1 0x0 0x0 0x0 0x1 0x0 0x0 0x0 
 348000[    174]: system.cpu T1 : 0x51d(13)    : (memo:mpustop   ) MSEQ.Stop : SimdFloatAlu : 
 354000[    177]: system.cpu T0 : 0x1e0    : immtransr  r0, 2           : IntAlu :  D=0x0000000000000002
 356000[    178]: system.cpu T0 : 0x1e4    : immtransr  r1, 3           : IntAlu :  D=0x0000000000000003
 362000[    181]: system.cpu T0 : 0x1e8    : fixadd     r2, r1, r2      : IntAlu :  D=0x0000000007060507
 366000[    183]: system.cpu T0 : 0x1f8    : spustop                    : IntAlu : 
