  14000[      7]: system.cpu T0 : 0x0    : immtransr  r4, 0           : IntAlu :  D=0x0000000000000000
  16000[      8]: system.cpu T0 : 0x4    : immtransr  r5, 4           : IntAlu :  D=0x0000000000000004
  18000[      9]: system.cpu T0 : 0x8    : immtransr  r6, 4           : IntAlu :  D=0x0000000000000004
  20000[     10]: system.cpu T0 : 0xc    : immtransr  r7, 16          : IntAlu :  D=0x0000000000000010
  22000[     11]: system.cpu T0 : 0x10    : immtransr  r8, 64          : IntAlu :  D=0x0000000000000040
  24000[     12]: system.cpu T0 : 0x14    : immtransr  r9, 64          : IntAlu :  D=0x0000000000000040
  26000[     13]: system.cpu T0 : 0x18    : immtransr  r10, 16384      : IntAlu :  D=0x0000000000004000
  28000[     14]: system.cpu T0 : 0x20    : immtransr  r11, 4          : IntAlu :  D=0x0000000000000004
  30000[     15]: system.cpu T0 : 0x24    : immtransr  r12, 4          : IntAlu :  D=0x0000000000000004
  32000[     16]: system.cpu T0 : 0x28    : immtransr  r13, 16         : IntAlu :  D=0x0000000000000010
  34000[     17]: system.cpu T0 : 0x2c    : immtransr  r14, 64         : IntAlu :  D=0x0000000000000040
  36000[     18]: system.cpu T0 : 0x30    : immtransr  r15, 64         : IntAlu :  D=0x0000000000000040
  38000[     19]: system.cpu T0 : 0x34    : immtransr  r16, 5          : IntAlu :  D=0x0000000000000005
  40000[     20]: system.cpu T0 : 0x38    : immtransr  r17, 1          : IntAlu :  D=0x0000000000000001
  40000[     20]: system.cpu T0 : 0x3c    : wrchimmr   CH[4], r4       : IntAlu :  D=0x0000000000000000
  42000[     21]: system.cpu T0 : 0x40    : wrchimmr   CH[5], r5       : IntAlu :  D=0x0000000000000004
  44000[     22]: system.cpu T0 : 0x44    : wrchimmr   CH[6], r6       : IntAlu :  D=0x0000000000000004
  46000[     23]: system.cpu T0 : 0x48    : wrchimmr   CH[7], r7       : IntAlu :  D=0x0000000000000010
  48000[     24]: system.cpu T0 : 0x4c    : wrchimmr   CH[8], r8       : IntAlu :  D=0x0000000000000040
  50000[     25]: system.cpu T0 : 0x50    : wrchimmr   CH[9], r9       : IntAlu :  D=0x0000000000000040
  52000[     26]: system.cpu T0 : 0x54    : wrchimmr   CH[10], r10     : IntAlu :  D=0x0000000000004000
  54000[     27]: system.cpu T0 : 0x58    : wrchimmr   CH[11], r11     : IntAlu :  D=0x0000000000000004
  56000[     28]: system.cpu T0 : 0x5c    : wrchimmr   CH[12], r12     : IntAlu :  D=0x0000000000000004
  58000[     29]: system.cpu T0 : 0x60    : wrchimmr   CH[13], r13     : IntAlu :  D=0x0000000000000010
  60000[     30]: system.cpu T0 : 0x64    : wrchimmr   CH[14], r14     : IntAlu :  D=0x0000000000000040
  62000[     31]: system.cpu T0 : 0x68    : wrchimmr   CH[15], r15     : IntAlu :  D=0x0000000000000040
  64000[     32]: system.cpu T0 : 0x6c    : wrchimmr   CH[16], r16     : IntAlu :  D=0x0000000000000005
  66000[     33]: system.cpu T0 : 0x70    : wrchimmr   CH[17], r17     : IntAlu :  D=0x0000000000000001
  76000[     38]: system.cpu T0 : 0x80    : immtransj  j0, 16384       : IntAlu :  D=0x0000000000004000
  78000[     39]: system.cpu T0 : 0x88    : immtransj  j1, 0           : IntAlu :  D=0x0000000000000000
  90000[     45]: system.cpu T0 : 0x8c    : lwir       r0, 0(j0)       : MemRead :  D=0x00000000b0c00004 A=0x4000
  92000[     46]: system.cpu T0 : 0x90    : lwir       r1, 4(j0)       : MemRead :  D=0x00000000b0c00085 A=0x4004
  94000[     47]: system.cpu T0 : 0x94    : lsvr       svr0, j1(j0)    : MemRead :  D=0x4 0x0 0xc0 0xb0 0x85 0x0 0xc0 0xb0 0x86 0x0 0xc0 0xb0 0x7 0x2 0xc0 0xb0 0x8 0x8 0xc0 0xb0 0x9 0x8 0xc0 0xb0 0xa 0x0 0xc0 0x30 0x0 0x4 0x0 0xd0 0x8b 0x0 0xc0 0xb0 0x8c 0x0 0xc0 0xb0 0xd 0x2 0xc0 0xb0 0xe 0x8 0xc0 0xb0 0xf 0x8 0xc0 0xb0 0xb0 0x0 0xc0 0xb0 0x31 0x0 0xc0 0xb0 0x84 0x0 0x0 0xb8  A=0x4000
 100000[     50]: system.cpu T0 : 0xb8    : spustop                    : IntAlu : 
