EA=0xc00000 6e d0 17 37 
EA=0xc00004 3a 6c 5b 1d 
EA=0xc00008 1c 03 13 8e 
EA=0xc0000c 76 8b b8 bb 
EA=0xc00010 72 bc 95 39 
EA=0xc00014 de c0 a5 6f 
EA=0xc00018 1c bf 5a 8e 
EA=0xc0001c 00 00 00 80 
EA=0xc00020 3b eb 05 9e 
EA=0xc00024 7e 07 c2 bf 
EA=0xc00028 d8 f8 9f 6c 
EA=0xc0002c 21 38 c3 10 
EA=0xc00030 ff ff ff 7f 
EA=0xc00034 09 3c 08 05 
EA=0xc00038 ff ff ff 7f 
EA=0xc0003c ab c8 fa 55 
EA=0xc00040 b2 f0 d5 59 
EA=0xc00044 73 d3 bb b9 
EA=0xc00048 26 c4 5e 13 
EA=0xc0004c 26 44 94 13 
EA=0xc00050 00 00 00 80 
EA=0xc00054 5c c4 83 2e 
EA=0xc00058 ff ff ff 7f 
EA=0xc0005c 00 00 00 80 
EA=0xc00060 8a 9b 48 c5 
EA=0xc00064 82 8c 62 41 
EA=0xc00068 c6 27 ae e3 
EA=0xc0006c 99 70 cb 4c 
EA=0xc00070 00 00 00 80 
EA=0xc00074 00 00 00 80 
EA=0xc00078 00 00 00 80 
EA=0xc0007c 82 0b b3 c1 
EA=0xc00080 76 ac b6 3b 
EA=0xc00084 7c ef 87 be 
EA=0xc00088 cd e0 44 67 
EA=0xc0008c 16 78 80 0b 
EA=0xc00090 5e 44 66 2f 
EA=0xc00094 00 00 00 80 
EA=0xc00098 00 00 00 80 
EA=0xc0009c 00 00 00 80 
EA=0xc000a0 77 e0 10 3c 
EA=0xc000a4 a3 c3 b5 d1 
EA=0xc000a8 d6 ab 31 eb 
EA=0xc000ac 07 1b 43 84 
EA=0xc000b0 d6 58 a2 6b 
EA=0xc000b4 82 33 7e c1 
EA=0xc000b8 ff ff ff 7f 
EA=0xc000bc 7f 47 fe bf 
EA=0xc000c0 d6 fb df eb 
EA=0xc000c4 00 00 00 80 
EA=0xc000c8 f4 50 db 7a 
EA=0xc000cc 9f 1f 1b d0 
EA=0xc000d0 46 ac c0 23 
EA=0xc000d4 26 78 67 13 
EA=0xc000d8 7a 1c 60 3d 
EA=0xc000dc 41 64 03 21 
EA=0xc000e0 f3 bf 44 fa 
EA=0xc000e4 ff ff ff 7f 
EA=0xc000e8 75 88 00 3b 
EA=0xc000ec ff ff ff 7f 
EA=0xc000f0 4c 0c ce 26 
EA=0xc000f4 ff ff ff 7f 
EA=0xc000f8 00 00 00 80 
EA=0xc000fc ec 7b 1a f6 
EA=0xc00100 c5 e7 f7 e2 
EA=0xc00104 74 58 9b 3a 
EA=0xc00108 00 00 00 80 
EA=0xc0010c aa 43 82 d5 
EA=0xc00110 ab 2b ef d5 
EA=0xc00114 3e 23 89 9f 
EA=0xc00118 ff ff ff 7f 
EA=0xc0011c 09 54 17 05 
EA=0xc00120 ff ff ff 7f 
EA=0xc00124 9c 64 ac 4e 
EA=0xc00128 40 c0 70 20 
EA=0xc0012c dc e0 78 6e 
EA=0xc00130 ed d8 60 77 
EA=0xc00134 ac 10 55 56 
EA=0xc00138 00 00 00 80 
EA=0xc0013c 00 00 00 80 
EA=0xc00140 00 00 00 80 
EA=0xc00144 ff ff ff 7f 
EA=0xc00148 01 3b f1 80 
EA=0xc0014c 6e db 53 b7 
EA=0xc00150 d1 c7 77 e9 
EA=0xc00154 97 07 08 cc 
EA=0xc00158 9d 93 1b cf 
EA=0xc0015c 9f 3b e9 cf 
EA=0xc00160 17 43 07 8c 
EA=0xc00164 ff ff ff 7f 
EA=0xc00168 bc 4b 58 de 
EA=0xc0016c a0 f7 72 d0 
EA=0xc00170 6b bb a0 b5 
EA=0xc00174 00 00 00 80 
EA=0xc00178 d5 f7 2e eb 
EA=0xc0017c 57 cb 3d ac 
EA=0xc00180 af 83 0b d8 
EA=0xc00184 2d 9c 05 17 
EA=0xc00188 a1 b4 1c 51 
EA=0xc0018c 31 f0 ad 18 
EA=0xc00190 ff ff ff 7f 
EA=0xc00194 ff ff ff 7f 
EA=0xc00198 ae 13 ac d7 
EA=0xc0019c ff ff ff 7f 
EA=0xc001a0 9d eb e1 ce 
EA=0xc001a4 13 e0 15 0a 
EA=0xc001a8 19 30 0d 0d 
EA=0xc001ac 98 84 54 4c 
EA=0xc001b0 ff ff ff 7f 
EA=0xc001b4 00 00 00 80 
EA=0xc001b8 8c a4 2d 46 
EA=0xc001bc 48 e8 40 24 
EA=0xc001c0 00 00 00 80 
EA=0xc001c4 a6 53 5e d3 
EA=0xc001c8 00 00 00 80 
EA=0xc001cc ff ff ff 7f 
EA=0xc001d0 ff ff ff 7f 
EA=0xc001d4 d1 7b d5 e8 
EA=0xc001d8 80 6b 26 c0 
EA=0xc001dc 72 f4 3e 39 
EA=0xc001e0 ee 27 c0 f7 
EA=0xc001e4 97 b4 98 4b 
EA=0xc001e8 f4 6f 65 fa 
EA=0xc001ec 28 8c 7b 14 
EA=0xc001f0 67 cc bf 33 
EA=0xc001f4 eb f7 f1 f5 
EA=0xc001f8 62 28 e1 31 
EA=0xc001fc ff ff ff 7f 
EA=0xc00200 bb 80 21 5e 
EA=0xc00204 ff ff ff 7f 
EA=0xc00208 ff ff ff 7f 
EA=0xc0020c 97 7c f3 4b 
EA=0xc00210 ff ff ff 7f 
EA=0xc00214 b5 07 40 db 
EA=0xc00218 aa 9b 80 d5 
EA=0xc0021c 2b c4 3e 16 
EA=0xc00220 7b ff 07 be 
EA=0xc00224 ff ff ff 7f 
EA=0xc00228 12 04 b7 09 
EA=0xc0022c 00 00 00 80 
EA=0xc00230 36 f8 aa 1b 
EA=0xc00234 95 63 e5 ca 
EA=0xc00238 fb 84 ff 7d 
EA=0xc0023c 00 00 00 80 
EA=0xc00240 eb 64 1c 76 
EA=0xc00244 c9 e8 fc 64 
EA=0xc00248 36 2f a9 9b 
EA=0xc0024c 00 00 00 80 
EA=0xc00250 bf 18 17 60 
EA=0xc00254 00 00 00 80 
EA=0xc00258 83 a4 30 42 
EA=0xc0025c 2d 8c f4 16 
EA=0xc00260 00 00 00 80 
EA=0xc00264 ff ff ff 7f 
EA=0xc00268 27 f0 d7 13 
EA=0xc0026c ff ff ff 7f 
EA=0xc00270 02 3c 5b 01 
EA=0xc00274 e0 03 e5 f0 
EA=0xc00278 ff ff ff 7f 
EA=0xc0027c 2a 0c 78 15 
EA=0xc00280 9f dc 69 50 
EA=0xc00284 ff ff ff 7f 
EA=0xc00288 b1 07 7a d9 
EA=0xc0028c 00 00 00 80 
EA=0xc00290 86 27 bc c3 
EA=0xc00294 00 00 00 80 
EA=0xc00298 00 00 00 80 
EA=0xc0029c f2 47 5e f9 
EA=0xc002a0 7f 73 ec bf 
EA=0xc002a4 43 7c 01 22 
EA=0xc002a8 8d 37 1e c7 
EA=0xc002ac 5d 6c bd 2e 
EA=0xc002b0 00 00 00 80 
EA=0xc002b4 2e db 7e 97 
EA=0xc002b8 ff ff ff 7f 
EA=0xc002bc 75 07 13 bb 
EA=0xc002c0 8f ef 2f c8 
EA=0xc002c4 ff ff ff 7f 
EA=0xc002c8 4a 3c ab 25 
EA=0xc002cc 24 50 89 12 
EA=0xc002d0 3a 50 5f 1d 
EA=0xc002d4 51 fb b6 a8 
EA=0xc002d8 00 00 00 80 
EA=0xc002dc 35 00 fa 1a 
EA=0xc002e0 93 14 d5 49 
EA=0xc002e4 fe 2f b3 ff 
EA=0xc002e8 0e d4 5f 07 
EA=0xc002ec 2a 53 a6 95 
EA=0xc002f0 ff ff ff 7f 
EA=0xc002f4 e2 eb c0 f1 
EA=0xc002f8 98 a4 77 4c 
EA=0xc002fc e0 fb 6e f0 
EA=0xc00300 43 9c 14 22 
EA=0xc00304 d9 af ad ec 
EA=0xc00308 05 c4 d2 02 
EA=0xc0030c ff ff ff 7f 
EA=0xc00310 f5 90 06 7b 
EA=0xc00314 00 00 00 80 
EA=0xc00318 2e c8 5f 17 
EA=0xc0031c 00 00 00 80 
EA=0xc00320 9a 47 bf cd 
EA=0xc00324 7a 9b 63 bd 
EA=0xc00328 9b c8 f2 4d 
EA=0xc0032c 09 af 2a 85 
EA=0xc00330 00 00 00 80 
EA=0xc00334 2c 38 39 16 
EA=0xc00338 c9 5f 5d e5 
EA=0xc0033c 8c e7 49 c6 
EA=0xc00340 d8 dc 3d 6c 
EA=0xc00344 54 b3 76 aa 
EA=0xc00348 71 a4 06 39 
EA=0xc0034c 43 8b e9 a1 
EA=0xc00350 17 e8 37 0c 
EA=0xc00354 08 0f ab 84 
EA=0xc00358 ef 2f 03 f8 
EA=0xc0035c dd 57 3f ef 
EA=0xc00360 45 18 91 22 
EA=0xc00364 3e bc 40 1f 
EA=0xc00368 12 18 ad 09 
EA=0xc0036c 38 87 a8 9c 
EA=0xc00370 ff ff ff 7f 
EA=0xc00374 bd b7 f5 de 
EA=0xc00378 ff ff ff 7f 
EA=0xc0037c 38 cb e1 9c 
EA=0xc00380 bc b7 51 de 
EA=0xc00384 ff ff ff 7f 
EA=0xc00388 6b e0 dc 35 
EA=0xc0038c 66 60 bf 33 
EA=0xc00390 ff ff ff 7f 
EA=0xc00394 26 ec a6 13 
EA=0xc00398 3d 70 ca 1e 
EA=0xc0039c b4 f8 64 5a 
EA=0xc003a0 f1 7c b0 78 
EA=0xc003a4 29 98 f8 14 
EA=0xc003a8 fd bb e4 fe 
EA=0xc003ac 00 00 00 80 
EA=0xc003b0 91 fb ea c8 
EA=0xc003b4 92 6f 84 c9 
EA=0xc003b8 ff ff ff 7f 
EA=0xc003bc 07 a8 f4 03 
EA=0xc003c0 72 28 76 39 
EA=0xc003c4 51 ec 31 29 
EA=0xc003c8 d8 70 6b 6c 
EA=0xc003cc 64 a7 ab b2 
EA=0xc003d0 dd e4 d0 6e 
EA=0xc003d4 6c 00 8c 36 
EA=0xc003d8 8e 87 2b c7 
EA=0xc003dc 6a 90 b4 35 
EA=0xc003e0 73 7b 03 ba 
EA=0xc003e4 32 2b b9 99 
EA=0xc003e8 4e b7 6f a7 
EA=0xc003ec ec 98 88 76 
EA=0xc003f0 e1 d0 f7 70 
EA=0xc003f4 ad 5f f3 d6 
EA=0xc003f8 b1 a3 3b d9 
EA=0xc003fc ff ff ff 7f 
EA=0xc00400 4f 34 51 28 
EA=0xc00404 30 17 80 98 
EA=0xc00408 ff ff ff 7f 
EA=0xc0040c 59 68 cc 2c 
EA=0xc00410 4c 83 c4 a6 
EA=0xc00414 08 50 28 04 
EA=0xc00418 53 73 1c aa 
EA=0xc0041c 37 20 2c 1c 
EA=0xc00420 d3 13 f0 e9 
EA=0xc00424 27 77 30 94 
EA=0xc00428 ff ff ff 7f 
EA=0xc0042c 9a d7 26 cd 
EA=0xc00430 29 bc b3 14 
EA=0xc00434 00 00 00 80 
EA=0xc00438 00 00 00 80 
EA=0xc0043c df 47 03 f0 
EA=0xc00440 ff ff ff 7f 
EA=0xc00444 ff ff ff 7f 
EA=0xc00448 5c 9b 89 ae 
EA=0xc0044c 00 00 00 80 
EA=0xc00450 3d 3b 5a 9f 
EA=0xc00454 00 00 00 80 
EA=0xc00458 bb 3c 13 5e 
EA=0xc0045c 0f a7 49 88 
EA=0xc00460 ff ff ff 7f 
EA=0xc00464 6d 77 8c b6 
EA=0xc00468 8a bb 57 c5 
EA=0xc0046c 68 8c 36 34 
EA=0xc00470 3c c0 64 1e 
EA=0xc00474 60 ec 29 30 
EA=0xc00478 ff ff ff 7f 
EA=0xc0047c c3 08 fb 61 
EA=0xc00480 76 10 43 3b 
EA=0xc00484 d1 9f 23 e9 
EA=0xc00488 00 00 00 80 
EA=0xc0048c 00 00 00 80 
EA=0xc00490 9e 0b 98 cf 
EA=0xc00494 f7 8f 3e fc 
EA=0xc00498 6d db 05 b7 
EA=0xc0049c 67 27 0b b4 
EA=0xc004a0 c5 07 ae e2 
EA=0xc004a4 00 00 00 80 
EA=0xc004a8 33 c0 e0 19 
EA=0xc004ac c0 bb 95 e0 
EA=0xc004b0 53 dc d0 29 
EA=0xc004b4 ff ff ff 7f 
EA=0xc004b8 ff ff ff 7f 
EA=0xc004bc fc c3 65 fe 
EA=0xc004c0 ff ff ff 7f 
EA=0xc004c4 7b f8 d4 3d 
EA=0xc004c8 8b 24 11 46 
EA=0xc004cc 37 80 15 1c 
EA=0xc004d0 1f f4 03 10 
EA=0xc004d4 ea 83 d4 f5 
EA=0xc004d8 4c 54 6a 26 
EA=0xc004dc f1 a0 ee 78 
EA=0xc004e0 23 63 cb 91 
EA=0xc004e4 e9 a8 2a 75 
EA=0xc004e8 ff ff ff 7f 
EA=0xc004ec 00 00 00 80 
EA=0xc004f0 c8 10 3e 64 
EA=0xc004f4 00 00 00 80 
EA=0xc004f8 6a 1f ad b5 
EA=0xc004fc c4 78 81 62 
EA=0xc00500 d4 4b 57 ea 
EA=0xc00504 00 00 00 80 
EA=0xc00508 b7 70 03 5c 
EA=0xc0050c 8c 20 34 46 
EA=0xc00510 f4 f3 a3 fa 
EA=0xc00514 ef af 59 f8 
EA=0xc00518 00 00 00 80 
EA=0xc0051c 5f 10 f2 2f 
EA=0xc00520 77 5b 1a bc 
EA=0xc00524 9e d0 48 4f 
EA=0xc00528 f9 d3 4a fd 
EA=0xc0052c e3 80 3a 72 
EA=0xc00530 d8 5b 72 ec 
EA=0xc00534 fe 5c 2b 7f 
EA=0xc00538 c4 9c 41 62 
EA=0xc0053c ff ff ff 7f 
EA=0xc00540 cf 4f fd e7 
EA=0xc00544 dc cb 9c ee 
EA=0xc00548 a2 0f b2 d1 
EA=0xc0054c 05 3c 9d 02 
EA=0xc00550 95 0c fe 4a 
EA=0xc00554 f7 17 1c fc 
EA=0xc00558 c3 cc e0 61 
EA=0xc0055c ff ff ff 7f 
EA=0xc00560 08 eb 80 84 
EA=0xc00564 19 b3 03 8d 
EA=0xc00568 98 e3 57 cc 
EA=0xc0056c ec 13 bc f6 
EA=0xc00570 65 c0 b3 32 
EA=0xc00574 00 00 00 80 
EA=0xc00578 8f ef fe c7 
EA=0xc0057c 07 c8 43 04 
EA=0xc00580 40 eb bd a0 
EA=0xc00584 85 4c 0f 43 
EA=0xc00588 80 07 b3 c0 
EA=0xc0058c d8 cc 6e 6c 
EA=0xc00590 00 00 00 80 
EA=0xc00594 59 b4 e9 2c 
EA=0xc00598 ff ff ff 7f 
EA=0xc0059c 2b d7 d0 95 
EA=0xc005a0 ce 10 65 67 
EA=0xc005a4 f3 4f 09 fa 
EA=0xc005a8 fa 47 92 fd 
EA=0xc005ac 7d 23 05 bf 
EA=0xc005b0 00 00 00 80 
EA=0xc005b4 f9 18 1a 7d 
EA=0xc005b8 26 1b 9b 93 
EA=0xc005bc 53 64 e6 29 
EA=0xc005c0 42 1b bf a1 
EA=0xc005c4 a5 80 f3 52 
EA=0xc005c8 90 5c 1c 48 
EA=0xc005cc ff ff ff 7f 
EA=0xc005d0 e4 83 78 f2 
EA=0xc005d4 93 87 10 ca 
EA=0xc005d8 54 a0 26 2a 
EA=0xc005dc a8 30 28 54 
EA=0xc005e0 ff ff ff 7f 
EA=0xc005e4 da a4 87 6d 
EA=0xc005e8 6c 04 d0 36 
EA=0xc005ec 00 00 00 80 
EA=0xc005f0 ff ff ff 7f 
EA=0xc005f4 56 c8 82 2b 
EA=0xc005f8 7e 1c 4c 3f 
EA=0xc005fc ff ff ff 7f 
EA=0xc00600 c2 e8 a6 61 
EA=0xc00604 ff ff ff 7f 
EA=0xc00608 d8 03 84 ec 
EA=0xc0060c 33 58 43 1a 
EA=0xc00610 8f e3 24 c8 
EA=0xc00614 0c 94 5e 06 
EA=0xc00618 ef 50 2e 78 
EA=0xc0061c c6 7f 97 e3 
EA=0xc00620 00 00 00 80 
EA=0xc00624 54 ab 2c aa 
EA=0xc00628 66 1c 67 33 
EA=0xc0062c 00 00 00 80 
EA=0xc00630 05 7f 02 83 
EA=0xc00634 06 af c9 83 
EA=0xc00638 00 00 00 80 
EA=0xc0063c 0c 84 e4 06 
EA=0xc00640 40 47 9b a0 
EA=0xc00644 88 17 49 c4 
EA=0xc00648 ef 03 00 f8 
EA=0xc0064c 33 53 02 9a 
EA=0xc00650 81 5b a3 c0 
EA=0xc00654 ff ff ff 7f 
EA=0xc00658 00 00 00 80 
EA=0xc0065c 74 c8 9c 3a 
EA=0xc00660 52 13 7f a9 
EA=0xc00664 00 00 00 80 
EA=0xc00668 48 88 2d 24 
EA=0xc0066c ff ff ff 7f 
EA=0xc00670 43 43 34 a2 
EA=0xc00674 93 cf fc c9 
EA=0xc00678 c6 ac 44 63 
EA=0xc0067c 45 07 3c a3 
EA=0xc00680 ff ff ff 7f 
EA=0xc00684 f3 77 16 fa 
EA=0xc00688 b3 5f 26 da 
EA=0xc0068c fd c3 a1 fe 
EA=0xc00690 bd ef f9 de 
EA=0xc00694 52 58 28 29 
EA=0xc00698 a8 38 55 54 
EA=0xc0069c 1e 08 36 0f 
EA=0xc006a0 e0 97 55 f0 
EA=0xc006a4 c5 ec 22 63 
EA=0xc006a8 1e 4c 79 0f 
EA=0xc006ac ab 0b cc d5 
EA=0xc006b0 2e 1f 51 97 
EA=0xc006b4 ca 2c aa 65 
EA=0xc006b8 66 38 78 33 
EA=0xc006bc 0b 83 f6 85 
EA=0xc006c0 96 d8 c1 4b 
EA=0xc006c4 00 00 00 80 
EA=0xc006c8 ff ff ff 7f 
EA=0xc006cc ff ff ff 7f 
EA=0xc006d0 0f 97 ae 87 
EA=0xc006d4 2d 0c c0 16 
EA=0xc006d8 fe 6f e0 ff 
EA=0xc006dc 6c 3f e1 b6 
EA=0xc006e0 3c b8 27 1e 
EA=0xc006e4 bc 1b 50 de 
EA=0xc006e8 61 6c 20 31 
EA=0xc006ec c4 70 7c 62 
EA=0xc006f0 ff ff ff 7f 
EA=0xc006f4 ff ff ff 7f 
EA=0xc006f8 a7 9c 98 53 
EA=0xc006fc 00 00 00 80 
EA=0xc00700 0e 00 c0 07 
EA=0xc00704 e1 5b 1c f1 
EA=0xc00708 b7 1b 4a dc 
EA=0xc0070c 80 10 7a 40 
EA=0xc00710 ff ff ff 7f 
EA=0xc00714 e2 f8 b6 71 
EA=0xc00718 9c 80 83 4e 
EA=0xc0071c 0c 70 9c 06 
EA=0xc00720 4f 6f 5b a8 
EA=0xc00724 c0 07 5c e0 
EA=0xc00728 b4 e0 78 5a 
EA=0xc0072c 00 00 00 80 
EA=0xc00730 b3 1f e4 d9 
EA=0xc00734 5a 84 2b 2d 
EA=0xc00738 c1 d7 5b e1 
EA=0xc0073c e5 63 0c f3 
EA=0xc00740 43 c3 62 a2 
EA=0xc00744 96 e3 b0 cb 
EA=0xc00748 ed 7b f3 f6 
EA=0xc0074c ff ff ff 7f 
EA=0xc00750 63 30 ca 31 
EA=0xc00754 9c 1c 5b 4e 
EA=0xc00758 f1 64 b4 78 
EA=0xc0075c 65 98 e5 32 
EA=0xc00760 fa bb d6 fd 
EA=0xc00764 ca ab 74 e5 
EA=0xc00768 a4 ac 58 52 
EA=0xc0076c 34 a4 ad 1a 
EA=0xc00770 ff ff ff 7f 
EA=0xc00774 72 83 9b b9 
EA=0xc00778 0f ec f7 07 
EA=0xc0077c bc c7 63 de 
EA=0xc00780 d6 1b 50 eb 
EA=0xc00784 ff ff ff 7f 
EA=0xc00788 3a 33 9f 9d 
EA=0xc0078c fc 3c bc 7e 
EA=0xc00790 00 00 00 80 
EA=0xc00794 e8 7b 7a f4 
EA=0xc00798 e7 24 69 74 
EA=0xc0079c 5f b7 ba af 
EA=0xc007a0 cd a3 ff e6 
EA=0xc007a4 ff ff ff 7f 
EA=0xc007a8 69 d4 15 35 
EA=0xc007ac 00 00 00 80 
EA=0xc007b0 ff ff ff 7f 
EA=0xc007b4 39 bc bd 1c 
EA=0xc007b8 bf d4 22 60 
EA=0xc007bc 23 23 16 92 
EA=0xc007c0 77 10 ae 3b 
EA=0xc007c4 ff ff ff 7f 
EA=0xc007c8 ff ff ff 7f 
EA=0xc007cc 75 07 00 bb 
EA=0xc007d0 ff ff ff 7f 
EA=0xc007d4 7d 0f 63 bf 
EA=0xc007d8 a9 bc 17 55 
EA=0xc007dc 20 d0 99 10 
EA=0xc007e0 cb 1f bc e5 
EA=0xc007e4 ff ff ff 7f 
EA=0xc007e8 a8 4f 86 d4 
EA=0xc007ec 99 b8 3c 4d 
EA=0xc007f0 45 d3 b9 a2 
EA=0xc007f4 ff ff ff 7f 
EA=0xc007f8 00 00 00 80 
EA=0xc007fc 4a 77 61 a5 
