.int 0xffebb217
.int 0xffeb798f
.int 0x2a19fe
.int 0x2e3857
.int 0x2b0a3b
.int 0xffff4579
.int 0xffc0ea82
.int 0xfffb4b2f
.int 0x3c6a7d
.int 0x1a3e5d
.int 0xff6a1a24
.int 0xff8be6d1
.int 0x89847
.int 0x532e71
.int 0xffe871dc
.int 0xff806bda
.int 0xff63c24d
.int 0x7948ea
.int 0xedce50
.int 0xffcd24db
.int 0xffcb25f6
.int 0x8679bc
.int 0xe04c7a
.int 0x3f1593
.int 0xff9ad485
.int 0xff3e7cb0
.int 0x90fbd2
.int 0x3a0158
.int 0xffceed90
.int 0xffdc01ac
.int 0xff9c92a6
.int 0xc1065b
.int 0xceac5
.int 0xffc233a0
.int 0xff21818e
.int 0x1ad4e3
.int 0xb79303
.int 0xfff0dc09
.int 0xff407568
.int 0xffe9a9ad
.int 0x4121b1
.int 0xffc2dabb
.int 0xfffeb0af
.int 0xffb36885
.int 0xffdd9d7a
.int 0x62605d
.int 0x14d42a9
.int 0xff7eb249
.int 0x62cc5d
.int 0x40171a
.int 0xff46d0b3
.int 0x3b8d4c
.int 0xff8e7671
.int 0xa25b38
.int 0x1d2c4d
.int 0xfffa45f8
.int 0xff95ebd2
.int 0x1402919
.int 0xff83d57b
.int 0xff689a12
.int 0xff1722c9
.int 0x3f76c4
.int 0x1845a6f
.int 0xff9f5f31
.int 0xfff09c4d
.int 0xe7a4a3
.int 0x526004
.int 0xffc1ee4b
.int 0xff08efd4
.int 0xffb3e689
.int 0x201bc64
.int 0x60bccb
.int 0xff50bcd7
.int 0xa4e511
.int 0xf0b3c9
.int 0xe2e839
.int 0xff3ba33e
.int 0xffd815f7
.int 0xffda2caf
.int 0xe2d678
.int 0x56acd4
.int 0xff20c45c
.int 0x95f671
.int 0x2526dc
.int 0x69ebb3
.int 0xff1fd7ae
.int 0xa7da26
.int 0x54253a
.int 0x486e24
.int 0xffe8698f
.int 0x84b977
.int 0xff7d2c83
.int 0xffed4a62
.int 0xfff83402
.int 0xff27f9ed
.int 0xfff72115
.int 0xffc32108
.int 0xffe225ca
.int 0x70fcd1
.int 0xffe7ae8d
.int 0xff284ba3
.int 0x7a389d
.int 0x26c957
.int 0xffd32fc1
.int 0xfff62708
.int 0x375789
.int 0xd050d0
.int 0xb05973
.int 0x2da15a
.int 0xff50f143
.int 0xffd7d44b
.int 0x5c237c
.int 0xff8ed754
.int 0xdce9d
.int 0x975513
.int 0xffd88a44
.int 0xbd39a4
.int 0xffa2e9f9
.int 0xff306e5f
.int 0xff1b6fde
.int 0xffbba650
.int 0x279a6
.int 0xff652c45
.int 0xff503e55
.int 0xfff4bc6f
.int 0xffe84d0b
.int 0x687c7a
.int 0xfeb30068
.int 0xfffeabad
.int 0x7244aa
.int 0x8547a
.int 0xb4cf69
.int 0xff756bb4
.int 0xffb1fac2
.int 0xffdf168b
.int 0xa85142
.int 0xff7579f4
.int 0xff82602a
.int 0x315a08
.int 0x5a9076
.int 0x69fde1
.int 0xfe1aa7b1
.int 0x2f0272
.int 0xd39e1c
.int 0xff630bb2
.int 0xf31cb7
.int 0x1a0ae3
.int 0xffbb7ff2
.int 0xfff15f0b
.int 0xffd502c7
.int 0xffa3c37b
.int 0xffd34e22
.int 0xff02e5e6
.int 0xc6ff41
.int 0xfff7db32
.int 0xff9a4bea
.int 0x252dd9
.int 0xff3dd856
.int 0xffc6ad92
.int 0xe8dbce
.int 0xff6c24dd
.int 0xdd2469
.int 0x11210fb
.int 0xffdd8633
.int 0x4a5f81
.int 0xfdefb719
.int 0xff390a26
.int 0x10c6697
.int 0xffad000d
.int 0xcc8bf4
.int 0xffe90484
.int 0xc4b3c9
.int 0x3505d2
.int 0xff356618
.int 0xfff6c86e
.int 0xfe58645f
.int 0xebbeb9
.int 0x112199a
.int 0xffc2527c
.int 0x222b0a
.int 0xff92c59d
.int 0xff073ada
.int 0xff787fc5
.int 0xfec3b11d
.int 0x3cc172
.int 0x324594
.int 0x5b57de
.int 0xffbd404e
.int 0x4c778d
.int 0xff7e02b6
.int 0xe8214
.int 0x2d6260
.int 0xaad370
.int 0x8e4376
.int 0xda68fc
.int 0xffc3bfae
.int 0x7db563
.int 0xff0e284b
.int 0xffbb40fc
.int 0xfe06955d
.int 0x591558
.int 0x42b933
.int 0x142371c
.int 0x9f8675
.int 0xfebd3126
.int 0x8c3a5a
.int 0xff608f73
.int 0x6dff0f
.int 0xff81bf1e
.int 0x1f21af
.int 0x1de3807
.int 0x11e0f3e
.int 0xff17a8aa
.int 0xcdb296
.int 0xff83b3bd
.int 0xe12a49
.int 0x34c27
.int 0xff109885
.int 0x9a887c
.int 0x2d0d71
.int 0xfff2a387
.int 0xc68b3a
.int 0x3e62f2
.int 0xffaf7097
.int 0xff5942cb
.int 0x57ab71
.int 0xffa3d873
.int 0x1666f35
.int 0xff1ab255
.int 0x8622c1
.int 0x406580
.int 0x406acf
.int 0xff8aa43d
.int 0xff7f2ba1
.int 0x7c1a3e
.int 0x78b3ef
.int 0xe4a3fa
.int 0x615e52
.int 0x7b98f
.int 0x4bb2cd
.int 0xfb03ad
.int 0xff98bc88
.int 0xff60b7a4
.int 0xff8f5ed6
.int 0xa24360
.int 0xfffd5be3
.int 0xffc40b3b
.int 0xffac0915
.int 0x3144ee
.int 0xa9e092
.int 0xfeb87f6a
.int 0xfe248961
.int 0xfebd02c8
.int 0x69eac8
.int 0x142fcde
.int 0xffbb3672
.int 0xffaec243
.int 0x53e40f
.int 0x94140d
.int 0xfecd91d0
.int 0xfe9e1cd4
.int 0xffc13916
.int 0xf0012e
.int 0xffa41032
.int 0x1c5459
.int 0x1b290e
.int 0xffc834dc
.int 0xcc1cb5
.int 0xff085fe3
.int 0xffdce717
.int 0x3e713
.int 0x203966
.int 0xc611ae
.int 0xffd87d9b
.int 0x85d5fc
.int 0xff5dcf9b
.int 0xfff50e31
.int 0xff8e386d
.int 0xff46ffe4
.int 0xff49dabc
.int 0xffd54c5e
.int 0x7b4f8d
.int 0xfff0acac
.int 0x504b3e
.int 0xfef122bf
.int 0xff207a70
.int 0xfff836ef
.int 0x6a4d2b
.int 0x6fdb2
.int 0x163bf9
.int 0x589578
.int 0xffddf26a
.int 0xff59fb18
.int 0xffe8743e
.int 0xff4a9d9a
.int 0xff808768
.int 0x1046f6
.int 0xffd7f283
.int 0x4a9599
.int 0x33df19
.int 0x4292b8
.int 0xff0cbb1f
.int 0xffd30f1b
.int 0xff05d1fe
.int 0xffb9a079
.int 0x4749a
.int 0xff97edb8
.int 0x2b591a
.int 0x46988f
.int 0xffca6248
.int 0x7d80b3
.int 0xff502c8b
.int 0x729214
.int 0xf6dd7f
.int 0xffd6f157
.int 0xffe14ef9
.int 0xfff08c33
.int 0xffe10558
.int 0x81ffa0
.int 0xffbbe3ab
.int 0xff4b961a
.int 0xf7057a
.int 0xff5492e3
.int 0xffc426c7
.int 0xff588c29
.int 0xfe722b41
.int 0x4d061f
.int 0x61c861
.int 0xff5ca7ca
.int 0x529b7d
.int 0xff3e08f9
.int 0xffc61733
.int 0xff9db3c0
.int 0xff8170e4
.int 0xe5ff5
.int 0xff358785
.int 0xffd15d80
.int 0x97fd5e
.int 0xffbb24de
.int 0xff65715e
.int 0xff9ad809
.int 0x5b00b4
.int 0xff66617b
.int 0x13ac57
.int 0xfe8884e2
.int 0x66832a
.int 0xcdb9e7
.int 0xff50d2ad
.int 0x8c3416
.int 0xff219b5b
.int 0x73099b
.int 0xff8af21f
.int 0x3a1ea5
.int 0xfefb3858
.int 0xfef6547f
.int 0xffe08576
.int 0xe0eb2
.int 0xffd65b89
.int 0xff3e50d0
.int 0xffc903c0
.int 0xffbb0ff5
.int 0xff16c70c
.int 0xff6977f4
.int 0xff68180b
.int 0xa42fb
.int 0x9a70b8
.int 0x78ef1
.int 0x725f16
.int 0xff598a7f
.int 0x2cb25c
.int 0x17dfcd
.int 0xfeda8f1b
.int 0xffc1fe61
.int 0x9121f0
.int 0x7ad84d
.int 0xcc3215
.int 0x261192
.int 0xe85de3
.int 0xff256cea
.int 0x5caab6
.int 0xff099e91
.int 0x8844da
.int 0xffbbb211
.int 0x18a98f
.int 0xffa8e149
.int 0xff344f8b
.int 0xffa03011
.int 0xfffd1741
.int 0xff1d9e95
.int 0xa6e1d3
.int 0x411c14
.int 0x2dff4e
.int 0xffc1a376
.int 0xff5faf03
.int 0xff84db59
.int 0xffa2118c
.int 0x9c222c
.int 0x3e1c55
.int 0x845c90
.int 0xffd26822
.int 0x36039a
.int 0x400491
.int 0x44106d
.int 0xff45faad
.int 0xff2b55a3
.int 0x173b00
.int 0x80f613
.int 0x125a812
.int 0x3f222d
.int 0xff8a1489
.int 0x150caaf
.int 0xfe9c7b2a
.int 0xff11897a
.int 0xff03df26
.int 0x105a0
.int 0x9a8f40
.int 0xff81a68b
.int 0xfff918d6
.int 0x9d749
.int 0x721a6
.int 0xafedde
.int 0xffbae9c1
.int 0xff767dba
.int 0xffe3b266
.int 0xfef83c43
.int 0x1079453
.int 0x4cadb3
.int 0x240a6b
.int 0x1f28
.int 0xff264aab
.int 0xffd95fc8
.int 0x823e29
.int 0xfe8b5128
.int 0x11194b
.int 0xffd4cd5d
.int 0xff9ff38f
.int 0xbf7e23
.int 0xfe77a085
.int 0xfff4baea
.int 0xffbcc3a6
.int 0x6d3d6f
.int 0x6b4215
.int 0xfea23a15
.int 0xff1361f3
.int 0x1313be0
.int 0xfffaaf2a
.int 0xff4c8463
.int 0x82940
.int 0xe874e7
.int 0x1831dab
.int 0x21b135
.int 0xff1cd95e
.int 0x133913b
.int 0x62c1d6
.int 0x9fb183
.int 0xfea1c1f5
.int 0x5eb75d
.int 0x1094e7
.int 0xf08806
.int 0x1bbac7
.int 0xff5af4ec
.int 0x49dabc
.int 0x89fa74
.int 0xff5d1b8d
.int 0xff680be7
.int 0xff6c5ad0
.int 0xffafc36b
.int 0xe31076
.int 0x47edf6
.int 0xfff53598
.int 0xfedfc623
.int 0x9165ed
.int 0xff0b5745
.int 0xff9a26ec
.int 0x4d84aa
.int 0x60cb88
.int 0xbda277
.int 0xff3d4ab7
.int 0xff6532b4
.int 0xffb1aaf9
.int 0xffcf3203
.int 0xffccc825
.int 0xff410bfc
.int 0xcefc03
.int 0xff7a4037
.int 0x691e24
.int 0x7c0aa2
.int 0x2314ef
.int 0xff98347f
.int 0xeb3c5d
.int 0xfed5e551
.int 0x56271
.int 0xd53d98
.int 0xfff76d9c
.int 0x34c78a
.int 0xff729d14
.int 0xff2e8c76
.int 0xff5159f7
.int 0xffaac363
.int 0xffb3336e
.int 0x237f18
.int 0xff8dcc35
.int 0x28a889
.int 0xff9798cc
.int 0x6a239c
.int 0xff80bf7c
.int 0xffcf1f30
.int 0xd3bced
.int 0xffc1e9ca
.int 0xff3cee25
.int 0xffcc1798
.int 0xff8765a9
.int 0x1c0a326
.int 0x60745b
.int 0x80778f
.int 0xff4dff5a
.int 0xff5f6642
.int 0xb91341
.int 0xffe808f5
.int 0x5bb0a4
.int 0xca55b6
.int 0xffff0ebf
.int 0x56477f
.int 0xffb5a283
.int 0xffd29460
.int 0xac0f31
.int 0x48bdd8
.int 0xff7b8c7f
.int 0xffd6f6b3
.int 0x8358e6
.int 0x674943
.int 0xe5c741
.int 0xff76b7fd
.int 0x4fee49
.int 0xff7ce5ab
.int 0x10ace1c
.int 0x1ff893
.int 0x7aa100
.int 0x5f05e7
.int 0x6bd742
.int 0xffb6f0cc
.int 0xfec03256
.int 0xff8dbc00
.int 0x3889bd
.int 0xffee2f2f
.int 0xffd6b314
.int 0x39e051
.int 0xff7ae43f
.int 0xffea1343
.int 0xfe9139a3
.int 0x74a24a
.int 0xff31b305
.int 0x9c7a4
.int 0xa87fdd
.int 0xff568f22
.int 0x49b7a2
.int 0xffb21ebe
.int 0xff08c744
.int 0xff32d00f
.int 0xff513a17
.int 0x6ac351
.int 0xffde8a7d
.int 0x2c91f4
.int 0x2f1c17
.int 0x8abd6b
.int 0xffd27fb7
.int 0xffdad40f
.int 0xffddb391
.int 0x14946ec
.int 0xffd21f91
.int 0x1f667b
.int 0xff4fc49a
.int 0xff85305a
.int 0x2c49e1
.int 0xffc90a2b
.int 0xff8e7dc1
.int 0xfef083c3
.int 0x80eb5c
.int 0xffb5105e
.int 0xc04a9a
.int 0xfe8fb960
.int 0xfc03b2
.int 0xfdd45ef3
.int 0x8e5261
.int 0xbdb2ae
.int 0xff0509c4
.int 0x1bc35be
.int 0x2826bc
.int 0xfefe9ba9
.int 0xfff38154
.int 0xff3e888d
.int 0xde1ed6
.int 0xf2fa4b
.int 0x676e53
.int 0x83be77
.int 0xff6d3fd9
.int 0xff51e6fd
.int 0xffbb1e78
.int 0xffb1f512
.int 0xb6ab4
.int 0xffd634b6
.int 0xffee73c6
.int 0x4d07f5
.int 0xffbaeba5
.int 0xff755acb
.int 0xff7cda45
.int 0xfeb9c3eb
.int 0xff356166
.int 0x2e4700
.int 0xffbc2335
.int 0x62226a
.int 0xcf732e
.int 0xccd420
.int 0xff320324
.int 0xffda7fd7
.int 0xff4bc37f
.int 0x40c1a9
.int 0xf7fd40
.int 0x754712
.int 0x4f74b6
.int 0x4bbf7
.int 0xffe7ab1f
.int 0xffedae87
.int 0x4c4d2b
.int 0xffce152a
.int 0x449248
.int 0x8ed7fd
.int 0xffe13484
.int 0xff3d713e
.int 0xff93537e
.int 0xffe1a102
.int 0xdabef2
.int 0xffda2c79
.int 0xffa83bcf
.int 0x66bd86
.int 0xffd249bf
.int 0xfffb356f
.int 0xff594277
.int 0xfff58f86
.int 0xffcb8723
.int 0xf4392a
.int 0xff0874bc
.int 0x1f2dc8e
.int 0x91a53f
.int 0xfffbb8cf
.int 0x1b5ded
.int 0xff281f1b
.int 0x1008505
.int 0x932e56
.int 0x402916
.int 0xffbcd72c
.int 0x648349
.int 0xff3c9ecc
.int 0xff33255d
.int 0x1b15ed
.int 0xffdd4a0d
.int 0x45aa5
.int 0xff43ddc1
.int 0xff3c4008
.int 0xff9ec38b
.int 0xff186a8c
.int 0xfeef2249
.int 0xffcf105b
.int 0x945000
.int 0xfefe1a65
.int 0xac327f
.int 0xffa45e92
.int 0x9ce506
.int 0xffea5c67
.int 0x8a57f
.int 0x66c91f
.int 0x174d980
.int 0x253d0
.int 0x1e18f9c
.int 0xff98f060
.int 0x35013f
.int 0xadfc77
.int 0x1e07
.int 0x13f4bcd
.int 0xffea52a4
.int 0xcacf6c
.int 0xffd28d9d
.int 0x376ce2
.int 0xff734fad
.int 0xff024547
.int 0xff2ac6a2
.int 0x1df9bf
.int 0xaa468f
.int 0xff31c840
.int 0x2345f9
.int 0x82a904
.int 0xff3855a3
.int 0x190d2f
.int 0xfeceab0c
.int 0x633445
.int 0x8ce791
.int 0x14e42a7
.int 0x3796f1
.int 0x109620e
.int 0x21bed6
.int 0xff76d671
.int 0xff380553
.int 0x79d64c
.int 0xff5f2535
.int 0x73223b
.int 0xffdcc28f
.int 0xffbe28d2
.int 0x9246e2
.int 0xffa1b768
.int 0xff90fd2d
.int 0xff559a2b
.int 0xab83b1
.int 0xff8c436b
.int 0x3082af
.int 0x5a3b71
.int 0x87443e
.int 0x1c22462
.int 0xffca1693
.int 0xffb9e773
.int 0x30c75f
.int 0x11e056e
.int 0x72c103
.int 0x4f006a
.int 0x36d01a
.int 0x2a3f93
.int 0xe12c69
.int 0x7042db
.int 0xb1df86
.int 0xff3dcc71
.int 0xbf52f9
.int 0x4b957a
.int 0xfff22983
.int 0x97745
.int 0xffb8968e
.int 0xa8ed76
.int 0xffb0fb86
.int 0x8f3e7d
.int 0xffcc7f8f
.int 0x11a6bd
.int 0xff4308dd
.int 0xffa757a1
.int 0xe7b5db
.int 0x5fc260
.int 0xff525bde
.int 0xeeb7d9
.int 0x424723
.int 0xe0b96b
.int 0xffefe4af
.int 0xffc8e9e2
.int 0x920de9
.int 0x21708e
.int 0xf048ca
.int 0xff29fdad
.int 0xffce7303
.int 0xffaadbd3
.int 0x5e1b40
.int 0xff7a99bc
.int 0xfefc6701
.int 0xffc7be08
.int 0xffaeb913
.int 0xf67a08
.int 0xffdd6637
.int 0xffb5b8b3
.int 0x114be08
.int 0xffd085b9
.int 0x1ad1c20
.int 0xff1e7afd
.int 0xfefa0f51
.int 0xffa2f399
.int 0x549360
.int 0x7e4f48
.int 0xff7737b8
.int 0x4c9ca5
.int 0xfff551cf
.int 0xffa4900d
.int 0xffa21ed0
.int 0xffd34ca9
.int 0xff94676a
.int 0xffdfde6a
.int 0x108341
.int 0x1f140e
.int 0xff5115ed
.int 0x3ec29d
.int 0xffc84a15
.int 0xffda0a61
.int 0xff4c051a
.int 0xff42af45
.int 0xffb19698
.int 0xffa6dfdd
.int 0x35dc10
.int 0xab0f79
.int 0xb2406
.int 0x5333c8
.int 0x482c3d
.int 0x6b86b9
.int 0xff39350a
.int 0xffc96b19
.int 0x439709
.int 0x6227e2
.int 0x46902a
.int 0x37c6ec
.int 0x33d8c2
.int 0xff89a1f1
.int 0x45bad7
.int 0xfff77e5e
.int 0xfeb91dba
.int 0xffca9180
.int 0xfffae8ab
.int 0x11cf941
.int 0x7eedfc
.int 0xff8bedd7
.int 0xfffffca1
.int 0xfff287cc
.int 0xffbeb119
.int 0xff8302c9
.int 0xff0a31c8
.int 0x8082f2
.int 0x219e7f9
.int 0xaa0080
.int 0xfff17d28
.int 0xff860bba
.int 0xffd4a04c
.int 0x4c4b18
.int 0xff9d37ac
.int 0xfeacb929
.int 0x112b43d
.int 0xeef70e
.int 0x1156120
.int 0x301bb1
.int 0xfee35cf9
.int 0xff2246cb
.int 0x396a26
.int 0xffdfeff9
.int 0x6a39d1
.int 0x11e477
.int 0xfff81b13
.int 0xef7e30
.int 0xb3f971
.int 0xff01690b
.int 0xff450df6
.int 0xff3a0dfe
.int 0xfff52e19
.int 0xffc5c0e0
.int 0x7ae4b4
.int 0xffbec43c
.int 0xffc6ad71
.int 0x9d3bd3
.int 0x424afa
.int 0xfea86fb8
.int 0xfea44a25
.int 0xf6c72b
.int 0x102f266
.int 0xeef704
.int 0xff2d5e6c
.int 0xfe6d9b55
.int 0xffb28aa7
.int 0x8d6904
.int 0xfe97afe2
.int 0xffdf1c18
.int 0xffccf91c
.int 0x134451b
.int 0xdf9c18
.int 0xfebaa3bb
.int 0xff9ec2f5
.int 0x9c1052
.int 0x7fb33
.int 0xffd937f6
.int 0x4cbbe7
.int 0xff4a271e
.int 0x429ae1
.int 0x799319
.int 0xff395d8d
.int 0xff34fbd2
.int 0xff872221
.int 0xa50653
.int 0xb883c0
.int 0x1235aa6
.int 0x822c69
.int 0xff90e81b
.int 0xc542fa
.int 0xff811086
.int 0xfeceae8f
.int 0xffe54d78
.int 0x1cf60f
.int 0x16368c
.int 0x4cc26
.int 0xfeebacc0
.int 0xff5f90a1
.int 0xfe18e8cb
.int 0xff5d1689
.int 0xff89f444
.int 0x108dce6
.int 0xffd701fb
.int 0x8469c4
.int 0xddae64
.int 0x3f1ef8
.int 0xffa54b6a
.int 0xfed3307f
.int 0xff943fb8
.int 0xff7d25d7
.int 0xa5ac45
.int 0x41f134
.int 0x36ca7c
.int 0x1028334
.int 0xec9301
.int 0xffb34b15
.int 0xff336591
.int 0x3fcc0c
.int 0x1aad3b
.int 0x56201c
.int 0x1115f30
.int 0xfffeb45f
.int 0xfff80128
.int 0xff85439f
.int 0xff3fd132
.int 0x541213
.int 0xff8f3c4d
.int 0x18f834
.int 0xffd96a6c
.int 0x40309d
.int 0xda1e83
.int 0xfee4d26e
.int 0x284d4d
.int 0xb0a5b5
.int 0x8ffb0
.int 0x396e8a
.int 0x6b3676
.int 0xff494c67
.int 0x5efa1b
.int 0xeb768
.int 0xfebb1b20
.int 0xffd0e794
.int 0xfeea4f9a
.int 0xfeb163fc
.int 0x926070
.int 0x1f71f6
.int 0xfff3f698
.int 0x3987c7
.int 0xff42c562
.int 0xff7eca18
.int 0x746b27
.int 0xffb6644a
.int 0xfee9ab90
.int 0x5ebb66
.int 0xb4a861
.int 0x4f981e
.int 0x45e714
.int 0xff9d6d00
.int 0x5651fe
.int 0xb39e6
.int 0xff034242
.int 0x47af5f
.int 0xff490ecf
.int 0x1031d60
.int 0xc9b225
.int 0xffb84b8f
.int 0x40e847
.int 0xffb0a7ef
.int 0xc193a5
.int 0x44ac24
.int 0xffb11f7c
.int 0x1f4203
.int 0x97e749
.int 0xffaf29d5
.int 0x14df35
.int 0xf204f9
.int 0x10a90a
.int 0xd85370
.int 0xff5e94db
.int 0xfff11d75
.int 0xa68dc
.int 0xba5e0
.int 0x463daa
.int 0xfff0a42d
.int 0xff3f82f7
.int 0x3f9474
.int 0xff9ac904
.int 0xffab8f18
.int 0x6ca52a
.int 0x2a679b
.int 0xbc7d94
.int 0xfeba9a81
.int 0x924a54
.int 0x70ed98
.int 0xff914835
.int 0xfffe6dee
.int 0xfff19de3
.int 0x3c63f1
.int 0x33b33
.int 0x23a161
.int 0x922e55
.int 0x1307c8d
.int 0xffa3d040
.int 0xffe47ff9
.int 0xff855dab
.int 0xfefe24af
.int 0x1342a4d
.int 0xfee78291
.int 0xb53b62
.int 0xff3223eb
.int 0x6a085
.int 0xfeca5f11
.int 0xe875bd
.int 0xffad8365
.int 0x13b252a
.int 0xffd5a4e0
.int 0xff9c5f55
.int 0x71b0c1
.int 0x469cfb
.int 0x440ba6
.int 0xffe23d16
.int 0x41cc07
.int 0xff9302c3
.int 0xdb968b
.int 0xac132
.int 0xfffe1695
.int 0x20ae87
.int 0xffd16455
.int 0xffaf9d5c
.int 0xff376a7f
.int 0xfff8e9d9
.int 0x1340a63
.int 0x831980
.int 0xfefd6bed
.int 0x4956656
.int 0xcf8fcf6b
.int 0xe87f8c63
.int 0xae4ffd73
.int 0x3d96d00e
.int 0xe440dca
.int 0xc7b696e5
.int 0x862aae88
.int 0xd0a8853
.int 0xe512d9c2
.int 0x8651bad9
.int 0x533da9ae
.int 0xc0ba1cdc
.int 0x89502a4c
.int 0x15ef0288
.int 0x8f5fb50e
.int 0x32fda358
.int 0xa16b85eb
.int 0xb6f77e61
.int 0x8502bc73
.int 0x3acec88f
.int 0xdb13fd50
.int 0x1d127738
.int 0xb9aeb3ed
.int 0x5112f78e
.int 0xd55fb480
.int 0xed8f8c8d
.int 0xb86575f7
.int 0xba651363
.int 0x86794d7e
.int 0x4938fb49
.int 0x94b6f1dc
.int 0x1cdc8ece
.int 0xa261fb5
.int 0x28f21308
.int 0x8f2a124c
.int 0xb6fdd912
.int 0xb61d4bd5
.int 0xc4aa8e12
.int 0x9d7f448f
.int 0x38b650c7
.int 0x73042a4e
.int 0x80e64cab
.int 0x213592d
.int 0xdcc67e86
.int 0x49e5b6ae
.int 0x6d734bc8
.int 0x24b6082a
.int 0xc8ed86c6
.int 0x89949861
.int 0xe9f5a86
.int 0x3796fa95
.int 0x1a5acafd
.int 0xb9e6124e
.int 0xd02a810a
.int 0x70ca61cf
.int 0xfbb9703f
.int 0x4dc8f265
.int 0x6bc71ffa
.int 0x5ac8d55b
.int 0x58a82a73
.int 0xbdc61c32
.int 0xbcca79df
.int 0x703df229
.int 0x7777c09f
.int 0xca378949
.int 0x6b85b3c6
.int 0xc7c8df02
.int 0x704f5086
.int 0x652fc12a
.int 0x2a8edc28
.int 0x2913655b
.int 0xed9d12a1
.int 0x44f9b686
.int 0xc84ec5ed
.int 0xcbcafac0
.int 0x8f09b6ed
.int 0x96099f8d
.int 0xc4703801
.int 0x65f8a994
.int 0x2f8c1385
.int 0xca7dd5cf
.int 0xb7885b7e
.int 0xdb7ea9a9
.int 0xf7967d8e
.int 0x5912f1ef
.int 0x78153751
.int 0x63580dc8
.int 0xc02d7794
.int 0xea34b86
.int 0x360a3815
.int 0x2ec5c72a
.int 0xfac2e40b
.int 0xe8b66512
.int 0x795c1c61
.int 0x79b9ed5e
.int 0x4e84fbb4
.int 0x583dbda3
.int 0xbd869813
.int 0xdab7ed0
.int 0xedf2780c
.int 0x7e1cf26b
.int 0xc9b3b623
.int 0xdbce2a7d
.int 0xb84e1ab4
.int 0xa98a7378
.int 0xa1b35cab
.int 0x8dc1bdf9
.int 0x27f762d
.int 0x8f638949
.int 0xf7c40b75
.int 0x58e56573
.int 0xe4788f61
.int 0xc6ce9cc9
.int 0x4e080212
.int 0xca0d9c35
.int 0xc09ac838
.int 0xbcf11f50
.int 0xf944c289
.int 0x244bca2a
.int 0xd088fb3a
.int 0xefc33976
.int 0x3c9c2fcf
.int 0x8f8cede5
.int 0xd0d7db85
.int 0x2a867977
.int 0x9d395329
.int 0x50aaeb86
.int 0xa1c5aba1
.int 0xcb012a96
.int 0xabeb5c1a
.int 0xc72d5bc2
.int 0xd7659249
.int 0x8962863d
.int 0xe891afb
.int 0xc973d895
.int 0x8de8ca5c
.int 0x51c8d3f1
.int 0x8a9e3d0a
.int 0xa8c2b96b
.int 0x79c74e79
.int 0xb40ec6a9
.int 0x5a1578ab
.int 0x17fbcb15
.int 0x463c5bfa
.int 0x86f9707d
.int 0x1c9a9e5e
.int 0x8ab6cf6b
.int 0xcf0ac926
.int 0xd3f7b329
.int 0x7e937865
.int 0x89d779c8
.int 0xe96ba4c
.int 0x5a4dc03d
.int 0xd70b6bd
.int 0xfa8636e5
.int 0x7744cf71
.int 0xb6f78fb4
.int 0x7638caca
.int 0xdc84c569
.int 0x4ed7d586
.int 0xaed8da77
.int 0x51410ad8
.int 0xdb1c847d
.int 0xef864f6b
.int 0xc41a6bc1
.int 0x6689e58f
.int 0xaa9f80fb
.int 0x63da027f
.int 0x733db4b9
.int 0xa15b56d
.int 0xc80e89e5
.int 0xc1a89fc5
.int 0x5c7fca6b
.int 0xcfe47f13
.int 0xb87f8d12
.int 0x5386296b
.int 0xb6ed77c9
.int 0x768e4cb6
.int 0x230dd9e8
.int 0xcbe63fdc
.int 0xb5654db8
.int 0xd55050a3
.int 0x8c383d9f
.int 0xd890e2f
.int 0xf5650bd0
.int 0x73dc5038
.int 0xda9ec5b9
.int 0x8cd3a10d
.int 0xab68a93
.int 0x7e17379f
.int 0x957e0a46
.int 0x3823b985
.int 0x89b41c17
.int 0x73c1c432
.int 0xc2df38b6
.int 0xd5656d69
.int 0xb77ea1fa
.int 0xc09f4444
.int 0x3c2ab679
.int 0xc67e8fb8
.int 0xb696868a
.int 0xc68a4c12
.int 0x13b6290e
.int 0x8a1d960d
.int 0xc4da245c
.int 0x7365b4fa
.int 0x7e0e9f24
.int 0x898973f8
.int 0xd079fa15
.int 0x3c2a6236
.int 0x24710e1c
.int 0x79bd795b
.int 0x764cc4f7
.int 0x134c8939
.int 0xa6dc2fa
.int 0xdb4e530e
.int 0xa3f1bc04
.int 0x5ff28e4f
.int 0x35041328
.int 0x51353c58
.int 0x1ac16db3
.int 0x7371ab01
.int 0x6d8df2da
.int 0x3876df96
.int 0xc7d5bd50
.int 0x3ccf9d41
.int 0x5bf9d56d
.int 0x9567625b
.int 0x13869cc1
.int 0x79cfe6dc
.int 0xd596539
.int 0x9cfa0d8d
.int 0xc2e8e73
.int 0x65d55ce6
.int 0xf73ff1c3
.int 0xf8d7d771
.int 0xfdcf5b65
.int 0xb4f2968e
.int 0x51fd0d71
.int 0xa9c59663
.int 0xd8982913
.int 0x77a9b985
.int 0x7e5313c8
.int 0x50fd69ed
.int 0x56449a9a
.int 0x892a41d9
.int 0xd5dc2dbd
.int 0x7fc80a9f
.int 0x137e0463
.int 0xdc938f5b
.int 0x2dfa774c
.int 0xfa7e026b
.int 0xf529b629
.int 0x35e6637e
.int 0xd80d52a
.int 0x1504c1ed
.int 0x7e8df729
.int 0x5e2ab68f
.int 0xc8623dfa
.int 0xf9b47036
.int 0x538ce6cb
.int 0x397836f7
.int 0xc9ef582a
.int 0xf2d008c5
.int 0x205bba86
.int 0xa31258a1
.int 0xf18e0b02
.int 0xcaefb42a
.int 0x2f2a248a
.int 0xa1d9c6d5
.int 0x9f9f659d
.int 0xb3c1564f
.int 0x51fa776b
.int 0xdbcaa38f
.int 0xb3de88a
.int 0x13621386
.int 0x2f2a674b
.int 0x5f989f1f
.int 0x76c4db84
.int 0x3538fbf7
.int 0x8879eb70
.int 0x132088db
.int 0x4623aeb4
.int 0x4dcf80f2
.int 0xc4128dcf
.int 0xb46d5876
.int 0xfd0e4989
.int 0x5ff741b3
.int 0x7e562984
.int 0xb8cab6ab
.int 0x358f2a61
.int 0x2aa90278
.int 0x59faaef1
.int 0x5f5ffa6b
.int 0xda2d1a89
.int 0xc863c6d
.int 0x4424d5e6
.int 0x26635fd5
.int 0xbda175c1
.int 0xc3f5d9c5
.int 0xaa131dcf
.int 0x732a0ee4
.int 0xb6fdfac0
.int 0x383604ab
.int 0x127eede6
.int 0x2dfd5c2a
.int 0xe8dc0b56
.int 0xd9df9c0a
.int 0x71b8aa3d
.int 0x61cf6576
.int 0xa1f57e6b
.int 0xb45c8d2a
.int 0xd77d5ec
.int 0x7984a965
.int 0x15fa8e04
.int 0xd1c268f
.int 0x38b6c8aa
.int 0xf898ae8d
.int 0x13e81c35
.int 0x4b3dc6fa
.int 0xfa806d0a
.int 0xdd55f13
.int 0xa78fab4
.int 0x6bd8122a
.int 0xc7c066c5
.int 0xd7658c77
.int 0x89da882a
.int 0x6dc8128f
.int 0xf5c7bda9
.int 0x8924623d
.int 0xc5bd65b5
.int 0xcfa39378
.int 0xe8cb3244
.int 0x2aaaface
.int 0x3b700e8c
.int 0x2a65d786
.int 0x8689ba61
.int 0xae0bf2ce
.int 0x697e858c
.int 0xb4849862
.int 0xb3c889db
.int 0xfd0ed938
.int 0xfa5b77f8
.int 0x166ae0b
.int 0x86fa38e5
.int 0x750afa8f
.int 0x8f3813f8
.int 0xb3773da
.int 0x8ad08a78
.int 0x24ccbbd
.int 0x8f355b28
.int 0x5ce4c089
.int 0xb6e52d7f
.int 0x9fb49fd0
.int 0xe65ae5b
.int 0x7e3d86b6
.int 0xa92a9f6d
.int 0x3afd5eaa
.int 0xd98ea123
.int 0xdb4bdc81
.int 0x887909ca
.int 0xc86b170e
.int 0xc641bc7e
.int 0x1f4df22a
.int 0xc5782a37
.int 0xc6bc1d9e
.int 0xb8fc702
.int 0x9d6d0d67
.int 0xe50b2d5a
.int 0x61caa976
.int 0x4ecfbdfa
.int 0xb6d786c6
.int 0xe0aced0
.int 0xbdc9b51d
.int 0xd74989b6
.int 0x79e42646
.int 0x441f4436
.int 0x668d4c8e
.int 0x12869513
.int 0x236944b4
.int 0xc3ab8a9
.int 0xdb3c321c
.int 0x5c67b950
.int 0x8cc4b804
.int 0x2850e637
.int 0xfda1fa38
.int 0x84cab9ca
.int 0xa96c7f7
.int 0x8db780a
.int 0xed0eb8fd
.int 0x171ffad0
.int 0xbc98639a
.int 0xf789fdf8
.int 0xdb8e86b4
.int 0xb54ea9ca
.int 0x2d923dbd
.int 0x7ea8661f
.int 0x5b7f5cd9
.int 0x4e2aca63
.int 0xb33df2b9
.int 0x964ffab5
.int 0x797e5ffd
.int 0xec5b85fa
.int 0x2e5c7e4f
.int 0xf244988a
.int 0x3b7901ae
.int 0xa8efa0e
.int 0x1d6d4bca
.int 0x4149bd2d
.int 0x2ab48517
.int 0xe80db653
.int 0xd33d36c3
.int 0xe6cafdb4
.int 0xf8d556f7
.int 0xb4718c8f
.int 0x49b67f86
.int 0xc75edbc5
.int 0x9f5fbc79
.int 0x86fddbd3
.int 0x9ae0949
.int 0x79a9dc80
.int 0x8a79ab4e
.int 0x79628a0c
.int 0x670979c7
.int 0x7edfcf65
.int 0xfa49aeca
.int 0x9f8d13f8
.int 0xd5ce8550
.int 0x8686c865
.int 0x80b7db67
.int 0x8032d7e4
.int 0x2a8f9fd9
.int 0x781c2639
.int 0x8863c3ae
.int 0xe6a88686
.int 0xc579711c
.int 0xf2faedd9
.int 0x1a12ce3d
.int 0xed32a1ca
.int 0x86157829
.int 0x1c127936
.int 0xcf1d9a1c
.int 0x3baa791f
.int 0xb7084f9f
.int 0x7632bcc7
.int 0xd755c2d
.int 0xc3a1c878
.int 0x8dca1d86
.int 0x7deb5cb4
.int 0xdfc5c6e6
.int 0xc68ca1e6
.int 0xcac1852d
.int 0x3d9a49fb
.int 0x3ddb49c2
.int 0x568cba15
.int 0x588f296b
.int 0x817decba
.int 0xf7775001
.int 0x5b65c72e
.int 0x1335b4ca
.int 0xd97e2dd8
.int 0xda67e612
.int 0x6becfab9
.int 0xc51d6612
.int 0x12c4963d
.int 0x8e0ec6c5
.int 0x5ffa0453
.int 0x8a8670f2
.int 0x86b6f23f
.int 0x9abd9aa9
.int 0xa82a96fb
.int 0xce29d9bd
.int 0xd79279ae
.int 0x69a8ca5b
.int 0xe6bc72a
.int 0x662d1c76
.int 0x945e49da
.int 0xf2ebabd0
.int 0xc40b58db
.int 0xf23dda58
.int 0x3f86460e
.int 0x2fc43a3d
.int 0x3973e40c
.int 0xb6b99612
.int 0xcabcdc4f
.int 0x9d9d8f7e
.int 0xe5469f02
.int 0x931a0d38
.int 0x5e398a65
.int 0xb609d0fd
.int 0x2a418af1
.int 0x497386ca
.int 0xa863daed
.int 0x3b9895c2
.int 0xaafbb65f
.int 0x9f043212
.int 0xfd496184
.int 0xf2fab644
.int 0xdbf2c1fa
.int 0x9467125b
.int 0x2365f2dc
.int 0xf27023fb
.int 0x7950c52a
.int 0xcfa35ecf
.int 0xda2a658a
.int 0x3d17860b
.int 0xa926c72e
.int 0x85bd5956
.int 0x9ab785b8
.int 0xd0446c2
.int 0xed39a15f
.int 0x8098a18a
.int 0x2dc178f8
.int 0x5b76d55f
.int 0xa912d0b6
.int 0x5093a19f
.int 0x1a49c84e
.int 0x7395260a
.int 0x7ec84ce5
.int 0xcfb6f1db
.int 0x5bec795b
.int 0x5056aec6
.int 0xcbf93dae
.int 0xa15f1238
.int 0xb826c56d
.int 0xa6279f5
.int 0xdc5ce4d8
.int 0xb69f365b
.int 0xdb38c0c0
.int 0x79b9b973
.int 0x3986b686
.int 0x7669c713
.int 0x9eb64f0e
.int 0xca26868c
.int 0x22a2a3d
.int 0xfd3a73b7
.int 0x23b478b4
.int 0x6bcfdb9a
.int 0xeb23b550
.int 0x78b7c259
.int 0x78aeb9e6
.int 0xb6783ae6
.int 0x7f534f2a
.int 0x85299fdb
.int 0x7efa0a4e
.int 0xdb3d71c2
.int 0x95c95e04
.int 0x4c7650b6
.int 0xe626e63d
.int 0xe4d59fbd
.int 0x4986b60d
.int 0x3762d877
.int 0x96ab8f0b
.int 0x93c50867
.int 0x2d769294
.int 0xd0784c86
.int 0xbdb9772f
.int 0x44aa20fd
.int 0x9d794d0d
.int 0x8c5ecf2a
.int 0xd9c16579
.int 0x8db58477
.int 0x4c5bb3d9
.int 0x8ffdca1f
.int 0x51bac53a
.int 0xab516985
.int 0x6689c526
.int 0x15735363
.int 0xcca8e6b
.int 0xf841a19a
.int 0x2d6250d0
.int 0xc46dd7fb
.int 0xfd2665f2
.int 0x5989d753
.int 0xc3ab3a9e
.int 0x1ab985c8
.int 0x28ba3c5c
.int 0xbcc97876
.int 0xfd65862a
.int 0x20985cca
.int 0xabdb793b
.int 0xfafb56fa
.int 0x13bc8e5c
.int 0xae595c6b
.int 0x859f7961
.int 0x20cac578
.int 0x297d3d49
.int 0x78854912
.int 0x5a499aae
.int 0xf756b60b
.int 0xb8565c9
.int 0xf2fa381f
.int 0xb94ed8f
.int 0x7e5b38c4
.int 0xed9677a9
.int 0xd54965c5
.int 0xc6c42a67
.int 0xaad9803b
.int 0x86139db3
.int 0x7e61eb9c
.int 0x28378d2a
.int 0x9601c30a
.int 0x8f84135c
.int 0xcbc9c70e
.int 0xc55b12ec
.int 0x868c86b9
.int 0xa13d290e
.int 0x4eb696f8
.int 0x8ea82fb6
.int 0xca20c5a8
.int 0xc9172a5f
.int 0x8c4ef262
.int 0x1d35c029
.int 0xab4109a3
.int 0xb6025149
.int 0x2abdfab4
.int 0xad95851
.int 0xd58cdfba
.int 0x4458760a
.int 0x7ec7cffd
.int 0x46b60a8f
.int 0x96088de6
.int 0x9ba53ce
.int 0xc986a376
.int 0xa93a284d
.int 0xb7590ada
.int 0x86132638
.int 0xf14cbaae
.int 0x5696abb6
.int 0x8fc88fef
.int 0xcc44d20
.int 0x4e357524
.int 0xb6a9f2cf
.int 0x2aa83dc8
.int 0x4e5c2350
.int 0x964b3f6b
.int 0x49d9c5ca
.int 0xd9769d2f
.int 0xe669df0e
.int 0xb5d95aae
.int 0xaba5b8e
.int 0xb68ff963
.int 0xb8357986
.int 0xf5bac581
.int 0xd0fb0edc
.int 0x2a76d973
.int 0x7e79a1dc
.int 0xab0ab315
.int 0xfa418641
.int 0xfd179385
.int 0x8ac30e9f
.int 0xab4ddc01
.int 0x9ec7851d
.int 0x129d3fa
.int 0xbc639f58
.int 0xfa9febba
.int 0xba89c99e
.int 0xb9a3ecce
.int 0xb4b609c5
.int 0xaaebef44
.int 0x2a04792a
.int 0xae2975a8
.int 0xf7c3ed67
.int 0xb948a29
.int 0x94daaa2a
.int 0x76a1138a
.int 0xc9da79c5
.int 0x7056f2b6
.int 0x73dc178e
.int 0xeb63ca69
.int 0x4ec6fab9
.int 0x58866bbd
.int 0x26b6024f
.int 0x392e4dc8
.int 0x1f44d00c
.int 0xe5594492
.int 0xf7d5bca9
.int 0x73c76596
.int 0x599d922a
.int 0x8db83cc7
.int 0x8a8c3df2
.int 0x4eaec70a
.int 0x138de576
.int 0x78785e3d
.int 0x968ccf8e
.int 0x297d6b8f
.int 0x88aa0a36
.int 0xef26d5a
.int 0x940d4149
.int 0x98aa930d
.int 0x7923c34d
.int 0x1529d74f
.int 0xfdd5c524
.int 0xcf5ce580
.int 0x7dfa9637
.int 0xc086f2f2
.int 0xae2ed99f
.int 0x1d0d2970
.int 0x5804fa86
.int 0x4e4b1c75
.int 0x493ae829
.int 0xb4f5b904
.int 0x13e83fcf
.int 0x969f8fc6
.int 0x88238d46
.int 0x4f3d2a26
.int 0x9c86739f
.int 0x28b6c74b
.int 0xd9c243d
.int 0xca3ce6d9
.int 0xf9652912
.int 0xfd8ab68f
.int 0xc3715caa
.int 0xe6d951fa
.int 0xa98d70e
.int 0xb698753b
.int 0x8b6ae93
.int 0xbed89b6
.int 0x230b3f8d
.int 0x5ac1bab9
.int 0x260a5837
.int 0xae0828f7
.int 0xd553c729
.int 0x88735cb3
.int 0xf12aca0a
.int 0x12a3490d
.int 0x20d29b9
.int 0x9632058
.int 0xeae8d13
.int 0x9d50b57e
.int 0x35c05808
.int 0x9fd00af2
.int 0xb44d38fd
.int 0x7f86f204
.int 0xca96ab73
.int 0x6b6db913
.int 0xf1b6ca01
.int 0xa176702a
.int 0x1c1fa128
.int 0x89c31379
.int 0xb84e3b89
.int 0x6d9f650c
.int 0x2377b61c
.int 0xf7639e3a
.int 0x1d78cf53
.int 0xec8ddcdb
.int 0x539813f2
.int 0xf1b30b04
.int 0x96b676cf
.int 0x95798e1f
.int 0x9ecb38e8
.int 0xfdbd9ac6
.int 0xef0ed51f
.int 0x8e0c1380
.int 0x8c5996a1
.int 0x9e931c73
.int 0x59db77a1
.int 0x8dfb8a8a
.int 0xb6792e93
.int 0xa80d5b8f
.int 0x123d6329
.int 0x1d3c7789
.int 0x80f9eb04
.int 0xe6868e89
.int 0x780ab677
.int 0xcb7efd86
.int 0xe8f8def
.int 0xaa8904b9
.int 0xe65c65c5
.int 0xcf4eef04
.int 0xbddf6d9c
.int 0xb60db6cf
.int 0xabda2d0a
.int 0xaec10d7e
.int 0xf278c151
.int 0xb535abca
.int 0xf77eaa7d
.int 0xef5eefca
.int 0xd5e4127e
.int 0x7e5b0d9c
.int 0x3d651335
.int 0xac604dc
.int 0x70ab3a96
.int 0x9cda294b
.int 0x5eb68ab4
.int 0x6dd00a2a
.int 0x4d124638
.int 0xc0bd39ae
.int 0x3dc786c8
.int 0x4979ebdb
.int 0x8e0df151
.int 0x86792412
.int 0x77db9de4
.int 0xab73fa73
.int 0x78b5dbeb
.int 0xf2dc0aed
.int 0x6db78515
.int 0x799c67f2
.int 0xcfed125f
.int 0xed963d2a
.int 0xa8bcf74f
.int 0x73772a53
.int 0x26fa2eba
.int 0x7e619649
.int 0x6d1c8632
.int 0x9cd8c986
.int 0xb7779d5f
.int 0x8f0e4ec5
.int 0xc2804e7e
.int 0x38f5b6c7
.int 0xcf0d3d5b
.int 0xc7c5edd9
.int 0x78fa86a9
.int 0x652d86e6
.int 0x95edaa35
.int 0x131de83a
.int 0xaa3781c7
.int 0x6b618563
.int 0x622fcfa1
.int 0xfa0bdb8f
.int 0x2b571df
.int 0xb9d0a3db
.int 0xd817fb8c
.int 0x128cb60d
.int 0x539fc879
.int 0x85da7853
.int 0x94f2f7c7
.int 0x77c9eb3d
.int 0x3bb6aaf5
.int 0xe558e613
.int 0xb6cacfca
.int 0xdb7db7c6
.int 0x37ed6353
.int 0xa890cb9
.int 0x2ab4582a
.int 0x3ff92a78
.int 0x699a3deb
.int 0x1d710aa1
.int 0x3afaa10d
.int 0x384e3cb8
.int 0xa97f8fd9
.int 0x86ed3996
.int 0x7951dfeb
.int 0x5f29faca
.int 0xa8ecf9eb
.int 0xb68f2f44
.int 0x698fa13d
.int 0x2962176d
.int 0xdb17c6e6
.int 0x8d0ec2f2
.int 0x9d260173
.int 0xc60e1c6b
.int 0x261af2d7
.int 0x41795144
.int 0xf2c496a1
.int 0x9e855bba
.int 0xa1d9db65
.int 0x12f2a80d
.int 0xc7d79c13
.int 0xb613c279
.int 0xc4f1860a
.int 0x42ab78f
.int 0xd76dc96
.int 0x1a61c5ae
.int 0xefa9e8b7
.int 0xc9f820aa
.int 0x73df4fc7
.int 0x783d806b
.int 0xcf5ac2ab
.int 0x96f2448f
.int 0xc50cc36b
.int 0x2afaca86
.int 0x4dcfc884
.int 0xb6928570
.int 0x8a8e126b
.int 0x20e8c5c5
.int 0x9c772880
.int 0x860df586
.int 0x3715c1cb
.int 0xda1c3cf2
.int 0x3713c9d7
.int 0x26c0865b
.int 0x200da196
.int 0xc27884aa
.int 0x9f26b4e4
.int 0x65b61728
.int 0x76c87538
.int 0xad52926
.int 0x7e9229b9
.int 0x3d9f4693
.int 0xb64dfa6b
.int 0xd3b662df
.int 0x29c4d08f
.int 0x284d7973
.int 0xd85a9e6
.int 0xe57fc62d
.int 0xbd781c71
.int 0xae612980
.int 0xb544c17f
.int 0xc55c9f38
.int 0x4f7f3d77
.int 0xf8b6a173
.int 0x920d29e6
.int 0x73b7dab8
.int 0xaab77675
.int 0x9d8f4993
.int 0xbd0d9cb
.int 0x732e9201
.int 0x75bd17b6
.int 0x5b65593d
.int 0x9ec14b96
.int 0xe56bb9db
.int 0xa90b39c8
.int 0xb4db8f6b
.int 0xb881271
.int 0x63d9ecb7
.int 0x9f0bc7ba
.int 0xda29f762
.int 0x8c8d56fa
.int 0xb9f9e42a
.int 0xb6c7b67e
.int 0x94aad9bd
.int 0x73b41565
.int 0x15b45bd7
.int 0x9c9e0cfa
.int 0x3d65f25b
.int 0xd9135e29
.int 0x592afa3a
.int 0x4d79ba67
.int 0xc3c1b6cf
.int 0x1c262969
.int 0xd5b43786
.int 0xca5b53f8
.int 0x962a6ba9
.int 0x4fa7ed5
.int 0xe8aa6370
.int 0x61b6867e
.int 0x7d171cf2
.int 0xc9c961a9
.int 0xe6c169da
.int 0x659fd9c5
.int 0xa4ffd0d
.int 0xaa2a73e6
.int 0x1dca7388
.int 0xf5d0ab8c
.int 0xdb4d3f89
.int 0xe68f498c
.int 0xbcac7d0
.int 0x8d8d3d26
.int 0x2d099686
.int 0x5c9fdb2f
.int 0x23dc5688
.int 0x8f794f5c
.int 0x862df7fa
.int 0x651f6763
.int 0x2d79128f
.int 0x71592a8c
.int 0x651d9d5c
.int 0x66650c71
.int 0xa985f1a8
.int 0x6b2aca26
.int 0x2d0471d9
.int 0xb40ca3ed
.int 0x9c8f790d
.int 0xf1c6ca6b
.int 0xb59d5e23
.int 0xfa260a9d
.int 0x4bd92aa1
.int 0xcfc879d0
.int 0x7f567f67
.int 0xa89fc35f
.int 0x77b64e2a
.int 0xdeb230a
.int 0x562d6b4e
.int 0xf89f4fcb
.int 0x9a4165c8
.int 0xfad72a78
.int 0xc7c4242e
.int 0x172f6595
.int 0xa950cfe6
.int 0xeecc8ef
.int 0x86cf325c
.int 0x23cfdc2e
.int 0xd7caa1c4
.int 0x36760ad0
.int 0x24849496
.int 0x28db0a63
.int 0x782fb80a
.int 0x61cbc13f
.int 0x8d86170b
.int 0x8f9644c6
.int 0xca61460d
.int 0xfd01b477
.int 0xd80b3f1c
.int 0x1565dc0b
.int 0x947535f5
.int 0xfadbef66
.int 0x94ba8c1c
.int 0xda8e2aa8
.int 0x590cf2ca
.int 0x17ae611a
.int 0x32dc65b6
.int 0xeebe68e
.int 0xfa768d5c
.int 0x5fed299d
.int 0xdac5132a
.int 0x6780c723
.int 0xe68ef737
.int 0x1dd55a2f
.int 0x96c086f1
.int 0x6b04baca
.int 0xfa864ec9
.int 0x967e493c
.int 0x59f29662
.int 0x151cf7f2
.int 0x6b020d12
.int 0x2db8592a
.int 0x637362f7
.int 0xb734baa
.int 0x26d90c0e
.int 0xedf22ec8
.int 0x65b62a2d
.int 0x8ec717f7
