  14000[      7]: system.cpu T0 : 0x0    : immtransj  j1, 32          : IntAlu :  D=0x0000000000000020
  16000[      8]: system.cpu T0 : 0x4    : immtransr  r0, 0           : IntAlu :  D=0x0000000000000000
  18000[      9]: system.cpu T0 : 0x8    : immtransr  r1, 1           : IntAlu :  D=0x0000000000000001
  20000[     10]: system.cpu T0 : 0xc    : immtransr  r2, 2           : IntAlu :  D=0x0000000000000002
  22000[     11]: system.cpu T0 : 0x10    : immtransr  r3, 3           : IntAlu :  D=0x0000000000000003
  24000[     12]: system.cpu T0 : 0x14    : immtransr  r4, 4           : IntAlu :  D=0x0000000000000004
  26000[     13]: system.cpu T0 : 0x18    : immtransr  r5, 5           : IntAlu :  D=0x0000000000000005
  28000[     14]: system.cpu T0 : 0x1c    : immtransr  r6, 6           : IntAlu :  D=0x0000000000000006
  30000[     15]: system.cpu T0 : 0x20    : immtransr  r7, 7           : IntAlu :  D=0x0000000000000007
  32000[     16]: system.cpu T0 : 0x24    : immtransr  r8, 8           : IntAlu :  D=0x0000000000000008
  34000[     17]: system.cpu T0 : 0x28    : r2svrwimm  svr0[24], r1    : IntAlu :  D=0x0000000000000001
  34000[     17]: system.cpu T0 : 0x2c    : r2k        kb0, r0         : IntAlu :  D=0x0000000000000000
  36000[     18]: system.cpu T0 : 0x30    : r2k        ke0, r1         : IntAlu :  D=0x0000000000000001
  38000[     19]: system.cpu T0 : 0x34    : r2k        ks0, r2         : IntAlu :  D=0x0000000000000002
  40000[     20]: system.cpu T0 : 0x38    : r2ki       ki0, r3         : IntAlu :  D=0x0000000000000003
  42000[     21]: system.cpu T0 : 0x3c    : r2k        km1, r4         : IntAlu :  D=0x0000000000000004
  44000[     22]: system.cpu T0 : 0x40    : r2k        kg0, r5         : IntAlu :  D=0x0000000000000005
  46000[     23]: system.cpu T0 : 0x44    : r2k        kl0, r6         : IntAlu :  D=0x0000000000000006
  48000[     24]: system.cpu T0 : 0x48    : r2k        kl4, r7         : IntAlu :  D=0x0000000000000007
  50000[     25]: system.cpu T0 : 0x4c    : r2k        kl8, r8         : IntAlu :  D=0x0000000000000008
  54000[     27]: system.cpu T0 : 0x50    : immtransj  j0, 4194304     : IntAlu :  D=0x0000000000400000
  56000[     28]: system.cpu T0 : 0x58    : immtransj  j1, 0           : IntAlu :  D=0x0000000000000000
  58000[     29]: system.cpu T0 : 0x5c    : immtransr  r0, 6           : IntAlu :  D=0x0000000000000006
  68000[     34]: system.cpu T0 : 0x60    : swr        r0, j1(j0)      : MemWrite :  D=0x0000000000000006 A=0x400000
  74000[     37]: system.cpu T0 : 0x64    : lsvr       svr1, j1(j0)    : MemRead :  D=0x6 0x0 0x0 0x0 0x0 0x0 0x0 0x0 0x0 0x0 0x0 0x0 0x0 0x0 0x0 0x0 0x0 0x0 0x0 0x0 0x0 0x0 0x0 0x0 0x0 0x0 0x0 0x0 0x0 0x0 0x0 0x0 0x0 0x0 0x0 0x0 0x0 0x0 0x0 0x0 0x0 0x0 0x0 0x0 0x0 0x0 0x0 0x0 0x0 0x0 0x0 0x0 0x0 0x0 0x0 0x0 0x0 0x0 0x0 0x0 0x0 0x0 0x0 0x0  A=0x400000
  78000[     39]: system.cpu T0 : 0x68    : svr2shu0   shu0.t0, svr1   : IntAlu :  D=0x6 0x0 0x0 0x0 0x0 0x0 0x0 0x0 0x0 0x0 0x0 0x0 0x0 0x0 0x0 0x0 0x0 0x0 0x0 0x0 0x0 0x0 0x0 0x0 0x0 0x0 0x0 0x0 0x0 0x0 0x0 0x0 0x0 0x0 0x0 0x0 0x0 0x0 0x0 0x0 0x0 0x0 0x0 0x0 0x0 0x0 0x0 0x0 0x0 0x0 0x0 0x0 0x0 0x0 0x0 0x0 0x0 0x0 0x0 0x0 0x0 0x0 0x0 0x0 
  84000[     42]: system.cpu T0 : 0x70    : shu02svr   svr1, shu0.t0   : IntAlu :  D=0x6 0x0 0x0 0x0 0x0 0x0 0x0 0x0 0x0 0x0 0x0 0x0 0x0 0x0 0x0 0x0 0x0 0x0 0x0 0x0 0x0 0x0 0x0 0x0 0x0 0x0 0x0 0x0 0x0 0x0 0x0 0x0 0x0 0x0 0x0 0x0 0x0 0x0 0x0 0x0 0x0 0x0 0x0 0x0 0x0 0x0 0x0 0x0 0x0 0x0 0x0 0x0 0x0 0x0 0x0 0x0 0x0 0x0 0x0 0x0 0x0 0x0 0x0 0x0 
  86000[     43]: system.cpu T0 : 0x74    : immtransr  r1, 248         : IntAlu :  D=0x00000000000000f8
  90000[     45]: system.cpu T0 : 0x78    : r2shu0w    shu0.t0, r1     : IntAlu :  D=0xf8 0x0 0x0 0x0 0xf8 0x0 0x0 0x0 0xf8 0x0 0x0 0x0 0xf8 0x0 0x0 0x0 0xf8 0x0 0x0 0x0 0xf8 0x0 0x0 0x0 0xf8 0x0 0x0 0x0 0xf8 0x0 0x0 0x0 0xf8 0x0 0x0 0x0 0xf8 0x0 0x0 0x0 0xf8 0x0 0x0 0x0 0xf8 0x0 0x0 0x0 0xf8 0x0 0x0 0x0 0xf8 0x0 0x0 0x0 0xf8 0x0 0x0 0x0 0xf8 0x0 0x0 0x0 
  96000[     48]: system.cpu T0 : 0x80    : shu02svr   svr1, shu0.t0   : IntAlu :  D=0xf8 0x0 0x0 0x0 0xf8 0x0 0x0 0x0 0xf8 0x0 0x0 0x0 0xf8 0x0 0x0 0x0 0xf8 0x0 0x0 0x0 0xf8 0x0 0x0 0x0 0xf8 0x0 0x0 0x0 0xf8 0x0 0x0 0x0 0xf8 0x0 0x0 0x0 0xf8 0x0 0x0 0x0 0xf8 0x0 0x0 0x0 0xf8 0x0 0x0 0x0 0xf8 0x0 0x0 0x0 0xf8 0x0 0x0 0x0 0xf8 0x0 0x0 0x0 0xf8 0x0 0x0 0x0 
  96000[     48]: system.cpu T0 : 0x84    : r2shu0b    shu0.t1, r1     : IntAlu :  D=0xf8 0xf8 0xf8 0xf8 0xf8 0xf8 0xf8 0xf8 0xf8 0xf8 0xf8 0xf8 0xf8 0xf8 0xf8 0xf8 0xf8 0xf8 0xf8 0xf8 0xf8 0xf8 0xf8 0xf8 0xf8 0xf8 0xf8 0xf8 0xf8 0xf8 0xf8 0xf8 0xf8 0xf8 0xf8 0xf8 0xf8 0xf8 0xf8 0xf8 0xf8 0xf8 0xf8 0xf8 0xf8 0xf8 0xf8 0xf8 0xf8 0xf8 0xf8 0xf8 0xf8 0xf8 0xf8 0xf8 0xf8 0xf8 0xf8 0xf8 0xf8 0xf8 0xf8 0xf8 
 102000[     51]: system.cpu T0 : 0x8c    : shu02svr   svr1, shu0.t1   : IntAlu :  D=0xf8 0xf8 0xf8 0xf8 0xf8 0xf8 0xf8 0xf8 0xf8 0xf8 0xf8 0xf8 0xf8 0xf8 0xf8 0xf8 0xf8 0xf8 0xf8 0xf8 0xf8 0xf8 0xf8 0xf8 0xf8 0xf8 0xf8 0xf8 0xf8 0xf8 0xf8 0xf8 0xf8 0xf8 0xf8 0xf8 0xf8 0xf8 0xf8 0xf8 0xf8 0xf8 0xf8 0xf8 0xf8 0xf8 0xf8 0xf8 0xf8 0xf8 0xf8 0xf8 0xf8 0xf8 0xf8 0xf8 0xf8 0xf8 0xf8 0xf8 0xf8 0xf8 0xf8 0xf8 
 102000[     51]: system.cpu T0 : 0x90    : r2shu1h    shu1.t0, r1     : IntAlu :  D=0xf8 0x0 0xf8 0x0 0xf8 0x0 0xf8 0x0 0xf8 0x0 0xf8 0x0 0xf8 0x0 0xf8 0x0 0xf8 0x0 0xf8 0x0 0xf8 0x0 0xf8 0x0 0xf8 0x0 0xf8 0x0 0xf8 0x0 0xf8 0x0 0xf8 0x0 0xf8 0x0 0xf8 0x0 0xf8 0x0 0xf8 0x0 0xf8 0x0 0xf8 0x0 0xf8 0x0 0xf8 0x0 0xf8 0x0 0xf8 0x0 0xf8 0x0 0xf8 0x0 0xf8 0x0 0xf8 0x0 0xf8 0x0 
 108000[     54]: system.cpu T0 : 0x98    : shu12svr   svr1, shu1.t0   : IntAlu :  D=0xf8 0x0 0xf8 0x0 0xf8 0x0 0xf8 0x0 0xf8 0x0 0xf8 0x0 0xf8 0x0 0xf8 0x0 0xf8 0x0 0xf8 0x0 0xf8 0x0 0xf8 0x0 0xf8 0x0 0xf8 0x0 0xf8 0x0 0xf8 0x0 0xf8 0x0 0xf8 0x0 0xf8 0x0 0xf8 0x0 0xf8 0x0 0xf8 0x0 0xf8 0x0 0xf8 0x0 0xf8 0x0 0xf8 0x0 0xf8 0x0 0xf8 0x0 0xf8 0x0 0xf8 0x0 0xf8 0x0 0xf8 0x0 
 108000[     54]: system.cpu T0 : 0x9c    : r2shu1w    shu1.t1, r1     : IntAlu :  D=0xf8 0x0 0x0 0x0 0xf8 0x0 0x0 0x0 0xf8 0x0 0x0 0x0 0xf8 0x0 0x0 0x0 0xf8 0x0 0x0 0x0 0xf8 0x0 0x0 0x0 0xf8 0x0 0x0 0x0 0xf8 0x0 0x0 0x0 0xf8 0x0 0x0 0x0 0xf8 0x0 0x0 0x0 0xf8 0x0 0x0 0x0 0xf8 0x0 0x0 0x0 0xf8 0x0 0x0 0x0 0xf8 0x0 0x0 0x0 0xf8 0x0 0x0 0x0 0xf8 0x0 0x0 0x0 
 114000[     57]: system.cpu T0 : 0xa4    : shu12svr   svr1, shu1.t1   : IntAlu :  D=0xf8 0x0 0x0 0x0 0xf8 0x0 0x0 0x0 0xf8 0x0 0x0 0x0 0xf8 0x0 0x0 0x0 0xf8 0x0 0x0 0x0 0xf8 0x0 0x0 0x0 0xf8 0x0 0x0 0x0 0xf8 0x0 0x0 0x0 0xf8 0x0 0x0 0x0 0xf8 0x0 0x0 0x0 0xf8 0x0 0x0 0x0 0xf8 0x0 0x0 0x0 0xf8 0x0 0x0 0x0 0xf8 0x0 0x0 0x0 0xf8 0x0 0x0 0x0 0xf8 0x0 0x0 0x0 
 116000[     58]: system.cpu T0 : 0xa8    : shu02rw    r2, shu0.t0     : IntAlu :  D=0x00000000000000f8
 118000[     59]: system.cpu T0 : 0xac    : shu02rb    r3, shu0.t0     : IntAlu :  D=0x00000000fffffff8
 120000[     60]: system.cpu T0 : 0xb0    : shu02rbu   r4, shu0.t0     : IntAlu :  D=0x00000000000000f8
 122000[     61]: system.cpu T0 : 0xb4    : shu02rh    r5, shu0.t0     : IntAlu :  D=0x00000000000000f8
 124000[     62]: system.cpu T0 : 0xb8    : shu02rhu   r6, shu0.t0     : IntAlu :  D=0x00000000000000f8
 126000[     63]: system.cpu T0 : 0xbc    : immtransr  r0, 8           : IntAlu :  D=0x0000000000000008
 128000[     64]: system.cpu T0 : 0xc0    : immtransr  r1, 6           : IntAlu :  D=0x0000000000000006
 132000[     66]: system.cpu T0 : 0xc4    : dr2shu1    shu1.t2, dr0    : FloatAdd :  D=0x8 0x0 0x0 0x0 0x6 0x0 0x0 0x0 0x8 0x0 0x0 0x0 0x6 0x0 0x0 0x0 0x8 0x0 0x0 0x0 0x6 0x0 0x0 0x0 0x8 0x0 0x0 0x0 0x6 0x0 0x0 0x0 0x8 0x0 0x0 0x0 0x6 0x0 0x0 0x0 0x8 0x0 0x0 0x0 0x6 0x0 0x0 0x0 0x8 0x0 0x0 0x0 0x6 0x0 0x0 0x0 0x8 0x0 0x0 0x0 0x6 0x0 0x0 0x0 
 138000[     69]: system.cpu T0 : 0xcc    : shu12dr    dr2, shu1.t2    : FloatAdd :  D=0x0000000600000008
 140000[     70]: system.cpu T0 : 0xd0    : immtransr  r0, 0           : IntAlu :  D=0x0000000000000000
 142000[     71]: system.cpu T0 : 0xd4    : immtransr  r1, 1           : IntAlu :  D=0x0000000000000001
 144000[     72]: system.cpu T0 : 0xd8    : immtransr  r2, 3           : IntAlu :  D=0x0000000000000003
 146000[     73]: system.cpu T0 : 0xdc    : immtransr  r3, 129254      : IntAlu :  D=0x000000000001f8e6
 152000[     76]: system.cpu T0 : 0xe4    : r2svrb     svr0[r0], r3    : IntAlu :  D=0x00000000000000e6
 158000[     79]: system.cpu T0 : 0xe8    : r2svrh     svr0[r1], r3    : IntAlu :  D=0x000000000000f8e6
 164000[     82]: system.cpu T0 : 0xec    : r2svrw     svr0[r1], r3    : IntAlu :  D=0x000000000001f8e6
 170000[     85]: system.cpu T0 : 0xf0    : svr2rw     r4, svr0[r1]    : IntAlu :  D=0x000000000001f8e6
 172000[     86]: system.cpu T0 : 0xf4    : svr2rb     r5, svr0[r2]    : IntAlu :  D=0x00000000000000f8
 174000[     87]: system.cpu T0 : 0xf8    : svr2rbu    r6, svr0[r2]    : IntAlu :  D=0x00000000000000f8
 176000[     88]: system.cpu T0 : 0xfc    : svr2rh     r7, svr0[r2]    : IntAlu :  D=0x0000000000000001
 178000[     89]: system.cpu T0 : 0x100    : svr2rhu    r8, svr0[r2]    : IntAlu :  D=0x0000000000000001
 180000[     90]: system.cpu T0 : 0x104    : immtransr  r3, 129254      : IntAlu :  D=0x000000000001f8e6
 186000[     93]: system.cpu T0 : 0x10c    : r2svrbimm  svr1[0], r3     : IntAlu :  D=0x00000000000000e6
 192000[     96]: system.cpu T0 : 0x110    : r2svrhimm  svr1[1], r3     : IntAlu :  D=0x000000000000f8e6
 198000[     99]: system.cpu T0 : 0x114    : r2svrwimm  svr1[1], r3     : IntAlu :  D=0x000000000001f8e6
 204000[    102]: system.cpu T0 : 0x118    : svr2rwimm  r2, svr1[1]     : IntAlu :  D=0x000000000001f8e6
 206000[    103]: system.cpu T0 : 0x11c    : svr2rbimm  r3, svr1[3]     : IntAlu :  D=0x00000000000000f8
 208000[    104]: system.cpu T0 : 0x120    : svr2rbuimm r4, svr1[3]     : IntAlu :  D=0x00000000000000f8
 210000[    105]: system.cpu T0 : 0x124    : svr2rhimm  r5, svr1[3]     : IntAlu :  D=0x0000000000000001
 212000[    106]: system.cpu T0 : 0x128    : svr2rhuimm r6, svr1[3]     : IntAlu :  D=0x0000000000000001
 214000[    107]: system.cpu T0 : 0x12c    : immtransr  r0, 0           : IntAlu :  D=0x0000000000000000
 216000[    108]: system.cpu T0 : 0x130    : immtransr  r1, 255         : IntAlu :  D=0x00000000000000ff
 220000[    110]: system.cpu T0 : 0x134    : r2svrbimm  svr1[0], r0     : IntAlu :  D=0x0000000000000000
 226000[    113]: system.cpu T0 : 0x138    : r2svrbimm  svr1[1], r0     : IntAlu :  D=0x0000000000000000
 232000[    116]: system.cpu T0 : 0x13c    : r2svrbimm  svr1[2], r0     : IntAlu :  D=0x0000000000000000
 238000[    119]: system.cpu T0 : 0x140    : r2svrbimm  svr1[3], r0     : IntAlu :  D=0x0000000000000000
 244000[    122]: system.cpu T0 : 0x144    : r2svrbimm  svr1[4], r0     : IntAlu :  D=0x0000000000000000
 250000[    125]: system.cpu T0 : 0x148    : r2svrbimm  svr1[5], r0     : IntAlu :  D=0x0000000000000000
 256000[    128]: system.cpu T0 : 0x14c    : r2svrbimm  svr1[6], r0     : IntAlu :  D=0x0000000000000000
 262000[    131]: system.cpu T0 : 0x150    : r2svrbimm  svr1[7], r0     : IntAlu :  D=0x0000000000000000
 268000[    134]: system.cpu T0 : 0x154    : r2svrbimm  svr1[8], r0     : IntAlu :  D=0x0000000000000000
 274000[    137]: system.cpu T0 : 0x158    : r2svrbimm  svr1[9], r0     : IntAlu :  D=0x0000000000000000
 280000[    140]: system.cpu T0 : 0x15c    : r2svrbimm  svr1[10], r0    : IntAlu :  D=0x0000000000000000
 286000[    143]: system.cpu T0 : 0x160    : r2svrbimm  svr1[11], r0    : IntAlu :  D=0x0000000000000000
 290000[    145]: system.cpu T0 : 0x164    : svr2shu0   shu0.t0, svr1   : IntAlu :  D=0x0 0x0 0x0 0x0 0x0 0x0 0x0 0x0 0x0 0x0 0x0 0x0 0xf8 0x0 0x0 0x0 0xf8 0x0 0x0 0x0 0xf8 0x0 0x0 0x0 0xf8 0x0 0x0 0x0 0xf8 0x0 0x0 0x0 0xf8 0x0 0x0 0x0 0xf8 0x0 0x0 0x0 0xf8 0x0 0x0 0x0 0xf8 0x0 0x0 0x0 0xf8 0x0 0x0 0x0 0xf8 0x0 0x0 0x0 0xf8 0x0 0x0 0x0 0xf8 0x0 0x0 0x0 
 294000[    147]: system.cpu T0 : 0x168    : r2svrbimm  svr1[0], r1     : IntAlu :  D=0x00000000000000ff
 300000[    150]: system.cpu T0 : 0x16c    : r2svrbimm  svr1[1], r1     : IntAlu :  D=0x00000000000000ff
 306000[    153]: system.cpu T0 : 0x170    : r2svrbimm  svr1[2], r1     : IntAlu :  D=0x00000000000000ff
 312000[    156]: system.cpu T0 : 0x174    : r2svrbimm  svr1[3], r1     : IntAlu :  D=0x00000000000000ff
 318000[    159]: system.cpu T0 : 0x178    : r2svrbimm  svr1[4], r1     : IntAlu :  D=0x00000000000000ff
 324000[    162]: system.cpu T0 : 0x17c    : r2svrbimm  svr1[5], r1     : IntAlu :  D=0x00000000000000ff
 330000[    165]: system.cpu T0 : 0x180    : r2svrbimm  svr1[6], r1     : IntAlu :  D=0x00000000000000ff
 336000[    168]: system.cpu T0 : 0x184    : r2svrbimm  svr1[7], r1     : IntAlu :  D=0x00000000000000ff
 342000[    171]: system.cpu T0 : 0x188    : r2svrbimm  svr1[8], r1     : IntAlu :  D=0x00000000000000ff
 348000[    174]: system.cpu T0 : 0x18c    : r2svrbimm  svr1[9], r1     : IntAlu :  D=0x00000000000000ff
 354000[    177]: system.cpu T0 : 0x190    : r2svrbimm  svr1[10], r1    : IntAlu :  D=0x00000000000000ff
 360000[    180]: system.cpu T0 : 0x194    : r2svrbimm  svr1[11], r1    : IntAlu :  D=0x00000000000000ff
 364000[    182]: system.cpu T0 : 0x198    : svr2shu0   shu0.t1, svr1   : IntAlu :  D=0xff 0xff 0xff 0xff 0xff 0xff 0xff 0xff 0xff 0xff 0xff 0xff 0xf8 0x0 0x0 0x0 0xf8 0x0 0x0 0x0 0xf8 0x0 0x0 0x0 0xf8 0x0 0x0 0x0 0xf8 0x0 0x0 0x0 0xf8 0x0 0x0 0x0 0xf8 0x0 0x0 0x0 0xf8 0x0 0x0 0x0 0xf8 0x0 0x0 0x0 0xf8 0x0 0x0 0x0 0xf8 0x0 0x0 0x0 0xf8 0x0 0x0 0x0 0xf8 0x0 0x0 0x0 
 370000[    185]: system.cpu T0 : 0x1a8    : spustop                    : IntAlu : 
