  14000[      7]: system.cpu T0 : 0x0    : immtransr  r1, 1           : IntAlu :  D=0x0000000000000001
  16000[      8]: system.cpu T0 : 0x4    : immtransr  r2, 2           : IntAlu :  D=0x0000000000000002
  20000[     10]: system.cpu T0 : 0x8    : callimm    _label1[#0]     : IntAlu :  D=0x0000000000000010
  22000[     11]: system.cpu T0 : 0xc    : fixadd     r3, r1, r2      : IntAlu :  D=0x0000000000000003
  34000[     17]: system.cpu T0 : 0x7c    : immtransr  r1, 7           : IntAlu :  D=0x0000000000000007
  36000[     18]: system.cpu T0 : 0x80    : immtransr  r2, 6           : IntAlu :  D=0x0000000000000006
  36000[     18]: system.cpu T0 : 0x88    : j          j30[#0]         : IntAlu : 
  38000[     19]: system.cpu T0 : 0x84    : immtransr  r3, 8           : IntAlu :  D=0x0000000000000008
  52000[     26]: system.cpu T0 : 0x10    : immtransr  r1, 1           : IntAlu :  D=0x0000000000000001
  56000[     28]: system.cpu T0 : 0x14    : callimmne  r1, _label2     : IntAlu :  D=0x0000000000000018
  70000[     35]: system.cpu T0 : 0x8c    : immtransr  r4, 4           : IntAlu :  D=0x0000000000000004
  72000[     36]: system.cpu T0 : 0x90    : immtransr  r5, 5           : IntAlu :  D=0x0000000000000005
  76000[     38]: system.cpu T0 : 0x98    : j          j30[#0]         : IntAlu : 
  78000[     39]: system.cpu T0 : 0x94    : fixadd     r6, r4, r5      : IntAlu :  D=0x0000000000000009
  92000[     46]: system.cpu T0 : 0x18    : immtransj  j1, 1           : IntAlu :  D=0x0000000000000001
  94000[     47]: system.cpu T0 : 0x1c    : immtransj  j2, 2           : IntAlu :  D=0x0000000000000002
  96000[     48]: system.cpu T0 : 0x20    : immtransj  j3, 3           : IntAlu :  D=0x0000000000000003
  98000[     49]: system.cpu T0 : 0x24    : immtransr  r1, 0           : IntAlu :  D=0x0000000000000000
 102000[     51]: system.cpu T0 : 0x28    : callimmne  r1, _label3     : IntAlu :  D=0x0000000000000000
 106000[     53]: system.cpu T0 : 0x2c    : immtransj  j1, 1           : IntAlu :  D=0x0000000000000001
 108000[     54]: system.cpu T0 : 0x30    : immtransj  j2, 2           : IntAlu :  D=0x0000000000000002
 110000[     55]: system.cpu T0 : 0x34    : immtransj  j3, 3           : IntAlu :  D=0x0000000000000003
 112000[     56]: system.cpu T0 : 0x38    : immtransj  j1, 124         : IntAlu :  D=0x000000000000007c
 116000[     58]: system.cpu T0 : 0x3c    : calljm     j1[#4294967295] : IntAlu :  D=0x0000000000000040
 130000[     65]: system.cpu T0 : 0x7c    : immtransr  r1, 7           : IntAlu :  D=0x0000000000000007
 132000[     66]: system.cpu T0 : 0x80    : immtransr  r2, 6           : IntAlu :  D=0x0000000000000006
 132000[     66]: system.cpu T0 : 0x88    : j          j30[#0]         : IntAlu : 
 134000[     67]: system.cpu T0 : 0x84    : immtransr  r3, 8           : IntAlu :  D=0x0000000000000008
 148000[     74]: system.cpu T0 : 0x40    : immtransr  r10, 16         : IntAlu :  D=0x0000000000000010
 150000[     75]: system.cpu T0 : 0x44    : immtransr  r11, 17         : IntAlu :  D=0x0000000000000011
 152000[     76]: system.cpu T0 : 0x48    : immtransr  r12, 18         : IntAlu :  D=0x0000000000000012
 154000[     77]: system.cpu T0 : 0x4c    : immtransr  r1, 1           : IntAlu :  D=0x0000000000000001
 158000[     79]: system.cpu T0 : 0x50    : calljmne   j1, r1          : IntAlu :  D=0x0000000000000054
 172000[     86]: system.cpu T0 : 0x7c    : immtransr  r1, 7           : IntAlu :  D=0x0000000000000007
 174000[     87]: system.cpu T0 : 0x80    : immtransr  r2, 6           : IntAlu :  D=0x0000000000000006
 174000[     87]: system.cpu T0 : 0x88    : j          j30[#0]         : IntAlu : 
 176000[     88]: system.cpu T0 : 0x84    : immtransr  r3, 8           : IntAlu :  D=0x0000000000000008
 190000[     95]: system.cpu T0 : 0x54    : immtransr  r13, 19         : IntAlu :  D=0x0000000000000013
 192000[     96]: system.cpu T0 : 0x58    : immtransr  r14, 20         : IntAlu :  D=0x0000000000000014
 194000[     97]: system.cpu T0 : 0x5c    : immtransr  r15, 21         : IntAlu :  D=0x0000000000000015
 196000[     98]: system.cpu T0 : 0x60    : immtransr  r1, 0           : IntAlu :  D=0x0000000000000000
 200000[    100]: system.cpu T0 : 0x64    : calljmne   j1, r1          : IntAlu :  D=0x0000000000000000
 204000[    102]: system.cpu T0 : 0x68    : immtransr  r13, 19         : IntAlu :  D=0x0000000000000013
 206000[    103]: system.cpu T0 : 0x6c    : immtransr  r14, 20         : IntAlu :  D=0x0000000000000014
 208000[    104]: system.cpu T0 : 0x70    : immtransr  r15, 21         : IntAlu :  D=0x0000000000000015
 208000[    104]: system.cpu T0 : 0x78    : spustop                    : IntAlu : 
