  14000[      7]: system.cpu T0 : 0x0    : immtransr  r0, 12582912    : IntAlu :  D=0x0000000000c00000
  16000[      8]: system.cpu T0 : 0x8    : immtransr  r1, 1103101952  : IntAlu :  D=0x0000000041c00000
  18000[      9]: system.cpu T0 : 0x10    : immtransr  r2, 0           : IntAlu :  D=0x0000000000000000
  20000[     10]: system.cpu T0 : 0x14    : immtransr  r3, -1073741824 : IntAlu :  D=0x00000000c0000000
  22000[     11]: system.cpu T0 : 0x1c    : immtransr  r4, 0           : IntAlu :  D=0x0000000000000000
  24000[     12]: system.cpu T0 : 0x20    : immtransr  r5, 1074135040  : IntAlu :  D=0x0000000040060000
  26000[     13]: system.cpu T0 : 0x28    : immtransr  r6, 0           : IntAlu :  D=0x0000000000000000
  28000[     14]: system.cpu T0 : 0x2c    : immtransr  r7, -1073348608 : IntAlu :  D=0x00000000c0060000
  30000[     15]: system.cpu T0 : 0x34    : immtransr  r8, 0           : IntAlu :  D=0x0000000000000000
  32000[     16]: system.cpu T0 : 0x38    : immtransr  r9, -1074266112 : IntAlu :  D=0x00000000bff80000
  34000[     17]: system.cpu T0 : 0x40    : immtransr  r10, 0          : IntAlu :  D=0x0000000000000000
  36000[     18]: system.cpu T0 : 0x44    : immtransr  r11, 1073217536 : IntAlu :  D=0x000000003ff80000
  38000[     19]: system.cpu T0 : 0x4c    : immtransr  r12, -268435456 : IntAlu :  D=0x00000000f0000000
  40000[     20]: system.cpu T0 : 0x54    : immtransr  r13, -16842752  : IntAlu :  D=0x00000000feff0000
  42000[     21]: system.cpu T0 : 0x5c    : immtransr  r14, 0          : IntAlu :  D=0x0000000000000000
  44000[     22]: system.cpu T0 : 0x60    : immtransr  r15, 2146435071 : IntAlu :  D=0x000000007fefffff
  46000[     23]: system.cpu T0 : 0x68    : r2svrwimm  svr0[0], r0     : IntAlu :  D=0x0000000000c00000
  52000[     26]: system.cpu T0 : 0x6c    : r2svrwimm  svr0[1], r1     : IntAlu :  D=0x0000000041c00000
  58000[     29]: system.cpu T0 : 0x70    : r2svrwimm  svr0[2], r2     : IntAlu :  D=0x0000000000000000
  64000[     32]: system.cpu T0 : 0x74    : r2svrwimm  svr0[3], r3     : IntAlu :  D=0x00000000c0000000
  70000[     35]: system.cpu T0 : 0x78    : r2svrwimm  svr0[4], r4     : IntAlu :  D=0x0000000000000000
  76000[     38]: system.cpu T0 : 0x7c    : r2svrwimm  svr0[5], r5     : IntAlu :  D=0x0000000040060000
  82000[     41]: system.cpu T0 : 0x80    : r2svrwimm  svr0[6], r6     : IntAlu :  D=0x0000000000000000
  88000[     44]: system.cpu T0 : 0x84    : r2svrwimm  svr0[7], r7     : IntAlu :  D=0x00000000c0060000
  94000[     47]: system.cpu T0 : 0x88    : r2svrwimm  svr0[8], r8     : IntAlu :  D=0x0000000000000000
 100000[     50]: system.cpu T0 : 0x8c    : r2svrwimm  svr0[9], r9     : IntAlu :  D=0x00000000bff80000
 106000[     53]: system.cpu T0 : 0x90    : r2svrwimm  svr0[10], r10   : IntAlu :  D=0x0000000000000000
 112000[     56]: system.cpu T0 : 0x94    : r2svrwimm  svr0[11], r11   : IntAlu :  D=0x000000003ff80000
 118000[     59]: system.cpu T0 : 0x98    : r2svrwimm  svr0[12], r12   : IntAlu :  D=0x00000000f0000000
 124000[     62]: system.cpu T0 : 0x9c    : r2svrwimm  svr0[13], r13   : IntAlu :  D=0x00000000feff0000
 130000[     65]: system.cpu T0 : 0xa0    : r2svrwimm  svr0[14], r14   : IntAlu :  D=0x0000000000000000
 136000[     68]: system.cpu T0 : 0xa4    : r2svrwimm  svr0[15], r15   : IntAlu :  D=0x000000007fefffff
 140000[     70]: system.cpu T0 : 0xa8    : svr2shu0   shu0.t0, svr0   : IntAlu :  D=0x0 0x0 0xc0 0x0 0x0 0x0 0xc0 0x41 0x0 0x0 0x0 0x0 0x0 0x0 0x0 0xc0 0x0 0x0 0x0 0x0 0x0 0x0 0x6 0x40 0x0 0x0 0x0 0x0 0x0 0x0 0x6 0xc0 0x0 0x0 0x0 0x0 0x0 0x0 0xf8 0xbf 0x0 0x0 0x0 0x0 0x0 0x0 0xf8 0x3f 0x0 0x0 0x0 0xf0 0x0 0x0 0xff 0xfe 0x0 0x0 0x0 0x0 0xff 0xff 0xef 0x7f 
 144000[     72]: system.cpu T0 : 0xac    : immtransr  r0, 0           : IntAlu :  D=0x0000000000000000
 146000[     73]: system.cpu T0 : 0xb0    : immtransr  r1, 1074790400  : IntAlu :  D=0x0000000040100000
 148000[     74]: system.cpu T0 : 0xb8    : immtransr  r2, 0           : IntAlu :  D=0x0000000000000000
 150000[     75]: system.cpu T0 : 0xbc    : immtransr  r3, 1074790400  : IntAlu :  D=0x0000000040100000
 152000[     76]: system.cpu T0 : 0xc4    : immtransr  r4, 0           : IntAlu :  D=0x0000000000000000
 154000[     77]: system.cpu T0 : 0xc8    : immtransr  r5, 1074790400  : IntAlu :  D=0x0000000040100000
 156000[     78]: system.cpu T0 : 0xd0    : immtransr  r6, 0           : IntAlu :  D=0x0000000000000000
 158000[     79]: system.cpu T0 : 0xd4    : immtransr  r7, 1074790400  : IntAlu :  D=0x0000000040100000
 160000[     80]: system.cpu T0 : 0xdc    : immtransr  r8, 0           : IntAlu :  D=0x0000000000000000
 162000[     81]: system.cpu T0 : 0xe0    : immtransr  r9, 1074790400  : IntAlu :  D=0x0000000040100000
 164000[     82]: system.cpu T0 : 0xe8    : immtransr  r10, 0          : IntAlu :  D=0x0000000000000000
 166000[     83]: system.cpu T0 : 0xec    : immtransr  r11, 1074790400 : IntAlu :  D=0x0000000040100000
 168000[     84]: system.cpu T0 : 0xf4    : immtransr  r12, 0          : IntAlu :  D=0x0000000000000000
 170000[     85]: system.cpu T0 : 0xf8    : immtransr  r13, 1074790400 : IntAlu :  D=0x0000000040100000
 172000[     86]: system.cpu T0 : 0x100    : immtransr  r14, 0          : IntAlu :  D=0x0000000000000000
 174000[     87]: system.cpu T0 : 0x104    : immtransr  r15, 1074790400 : IntAlu :  D=0x0000000040100000
 176000[     88]: system.cpu T0 : 0x10c    : r2svrwimm  svr1[0], r0     : IntAlu :  D=0x0000000000000000
 182000[     91]: system.cpu T0 : 0x110    : r2svrwimm  svr1[1], r1     : IntAlu :  D=0x0000000040100000
 188000[     94]: system.cpu T0 : 0x114    : r2svrwimm  svr1[2], r2     : IntAlu :  D=0x0000000000000000
 194000[     97]: system.cpu T0 : 0x118    : r2svrwimm  svr1[3], r3     : IntAlu :  D=0x0000000040100000
 200000[    100]: system.cpu T0 : 0x11c    : r2svrwimm  svr1[4], r4     : IntAlu :  D=0x0000000000000000
 206000[    103]: system.cpu T0 : 0x120    : r2svrwimm  svr1[5], r5     : IntAlu :  D=0x0000000040100000
 212000[    106]: system.cpu T0 : 0x124    : r2svrwimm  svr1[6], r6     : IntAlu :  D=0x0000000000000000
 218000[    109]: system.cpu T0 : 0x128    : r2svrwimm  svr1[7], r7     : IntAlu :  D=0x0000000040100000
 224000[    112]: system.cpu T0 : 0x12c    : r2svrwimm  svr1[8], r8     : IntAlu :  D=0x0000000000000000
 230000[    115]: system.cpu T0 : 0x130    : r2svrwimm  svr1[9], r9     : IntAlu :  D=0x0000000040100000
 236000[    118]: system.cpu T0 : 0x134    : r2svrwimm  svr1[10], r10   : IntAlu :  D=0x0000000000000000
 242000[    121]: system.cpu T0 : 0x138    : r2svrwimm  svr1[11], r11   : IntAlu :  D=0x0000000040100000
 248000[    124]: system.cpu T0 : 0x13c    : r2svrwimm  svr1[12], r12   : IntAlu :  D=0x0000000000000000
 254000[    127]: system.cpu T0 : 0x140    : r2svrwimm  svr1[13], r13   : IntAlu :  D=0x0000000040100000
 260000[    130]: system.cpu T0 : 0x144    : r2svrwimm  svr1[14], r14   : IntAlu :  D=0x0000000000000000
 266000[    133]: system.cpu T0 : 0x148    : r2svrwimm  svr1[15], r15   : IntAlu :  D=0x0000000040100000
 270000[    135]: system.cpu T0 : 0x14c    : svr2shu1   shu1.t0, svr1   : IntAlu :  D=0x0 0x0 0x0 0x0 0x0 0x0 0x10 0x40 0x0 0x0 0x0 0x0 0x0 0x0 0x10 0x40 0x0 0x0 0x0 0x0 0x0 0x0 0x10 0x40 0x0 0x0 0x0 0x0 0x0 0x0 0x10 0x40 0x0 0x0 0x0 0x0 0x0 0x0 0x10 0x40 0x0 0x0 0x0 0x0 0x0 0x0 0x10 0x40 0x0 0x0 0x0 0x0 0x0 0x0 0x10 0x40 0x0 0x0 0x0 0x0 0x0 0x0 0x10 0x40 
 270000[    135]: system.cpu T0 : 0x150    : callmimmb  _FALUTest0      : IntAlu : 
 282000[    141]: system.cpu T1 : 0xff(4)    : (memo:shu0idx   ) SHU0.T0 IND TSQ->M[0] : IntDiv :  D=0x0 0x0 0xc0 0x0 0x0 0x0 0xc0 0x41 0x0 0x0 0x0 0x0 0x0 0x0 0x0 0xc0 0x0 0x0 0x0 0x0 0x0 0x0 0x6 0x40 0x0 0x0 0x0 0x0 0x0 0x0 0x6 0xc0 0x0 0x0 0x0 0x0 0x0 0x0 0xf8 0xbf 0x0 0x0 0x0 0x0 0x0 0x0 0xf8 0x3f 0x0 0x0 0x0 0xf0 0x0 0x0 0xff 0xfe 0x0 0x0 0x0 0x0 0xff 0xff 0xef 0x7f 
 283000[    141]: system.cpu T1 : 0x12c(5)    : (memo:shu1idx   ) SHU1.T0 IND TSQ->M[1] : IntDiv :  D=0x0 0x0 0x0 0x0 0x0 0x0 0x10 0x40 0x0 0x0 0x0 0x0 0x0 0x0 0x10 0x40 0x0 0x0 0x0 0x0 0x0 0x0 0x10 0x40 0x0 0x0 0x0 0x0 0x0 0x0 0x10 0x40 0x0 0x0 0x0 0x0 0x0 0x0 0x10 0x40 0x0 0x0 0x0 0x0 0x0 0x0 0x10 0x40 0x0 0x0 0x0 0x0 0x0 0x0 0x10 0x40 0x0 0x0 0x0 0x0 0x0 0x0 0x10 0x40 
 284000[    142]: system.cpu T1 : 0x23b(13)    : (memo:mpustop   ) MSEQ.Stop : SimdFloatAlu : 
 288000[    144]: system.cpu T0 : 0x15c    : callmimmb  _FALUTest1      : IntAlu : 
 297000[    148]: system.cpu T1 : 0x267(0)    : (memo:mr0       ) R0.M[0]->FALU.T0(I0) : IntAlu :  D=0x0 0x0 0xc0 0x0 0x0 0x0 0xc0 0x41 0x0 0x0 0x0 0x0 0x0 0x0 0x0 0xc0 0x0 0x0 0x0 0x0 0x0 0x0 0x6 0x40 0x0 0x0 0x0 0x0 0x0 0x0 0x6 0xc0 0x0 0x0 0x0 0x0 0x0 0x0 0xf8 0xbf 0x0 0x0 0x0 0x0 0x0 0x0 0xf8 0x3f 0x0 0x0 0x0 0xf0 0x0 0x0 0xff 0xfe 0x0 0x0 0x0 0x0 0xff 0xff 0xef 0x7f 
 298000[    149]: system.cpu T1 : 0x290(0)    : (memo:mr0       ) R0.M[1]->FALU.T1(I0) : IntAlu :  D=0x0 0x0 0x0 0x0 0x0 0x0 0x10 0x40 0x0 0x0 0x0 0x0 0x0 0x0 0x10 0x40 0x0 0x0 0x0 0x0 0x0 0x0 0x10 0x40 0x0 0x0 0x0 0x0 0x0 0x0 0x10 0x40 0x0 0x0 0x0 0x0 0x0 0x0 0x10 0x40 0x0 0x0 0x0 0x0 0x0 0x0 0x10 0x40 0x0 0x0 0x0 0x0 0x0 0x0 0x10 0x40 0x0 0x0 0x0 0x0 0x0 0x0 0x10 0x40 
 303000[    151]: system.cpu T1 : 0x2fa(8)    : (memo:falucvtd2w) FALU.Int T0(D)->SHU0.T2 : SimdMisc :  D=0x2 0x0 0x0 0x20 0x0 0x0 0x0 0x0 0xfe 0xff 0xff 0xff 0x0 0x0 0x0 0x0 0x3 0x0 0x0 0x0 0x0 0x0 0x0 0x0 0xfd 0xff 0xff 0xff 0x0 0x0 0x0 0x0 0xfe 0xff 0xff 0xff 0x0 0x0 0x0 0x0 0x2 0x0 0x0 0x0 0x0 0x0 0x0 0x0 0x0 0x0 0x0 0x80 0x0 0x0 0x0 0x0 0xff 0xff 0xff 0x7f 0x0 0x0 0x0 0x0 
 304000[    152]: system.cpu T1 : 0x323(8)    : (memo:falucvtd2w) FALU.Int T0(T,D)->SHU0.T2 : SimdMisc :  D=0x1 0x0 0x0 0x20 0x0 0x0 0x0 0x0 0xfe 0xff 0xff 0xff 0x0 0x0 0x0 0x0 0x2 0x0 0x0 0x0 0x0 0x0 0x0 0x0 0xfe 0xff 0xff 0xff 0x0 0x0 0x0 0x0 0xff 0xff 0xff 0xff 0x0 0x0 0x0 0x0 0x1 0x0 0x0 0x0 0x0 0x0 0x0 0x0 0x0 0x0 0x0 0x80 0x0 0x0 0x0 0x0 0xff 0xff 0xff 0x7f 0x0 0x0 0x0 0x0 
 304000[    152]: system.cpu T1 : 0x36d(6)    : (memo:ialuequal2c) IALU.T0==T0->Cond : FloatMult :  D=0x0000000000000001
 310000[    155]: system.cpu T1 : 0x419(8)    : (memo:falucvtd2w) FALU.Int T0(D)->SHU0.T2 : SimdMisc :  D=0x2 0x0 0x0 0x20 0x0 0x0 0x0 0x0 0xfe 0xff 0xff 0xff 0x0 0x0 0x0 0x0 0x3 0x0 0x0 0x0 0x0 0x0 0x0 0x0 0xfd 0xff 0xff 0xff 0x0 0x0 0x0 0x0 0xfe 0xff 0xff 0xff 0x0 0x0 0x0 0x0 0x2 0x0 0x0 0x0 0x0 0x0 0x0 0x0 0x0 0x0 0x0 0x80 0x0 0x0 0x0 0x0 0xff 0xff 0xff 0x7f 0x0 0x0 0x0 0x0 
 311000[    155]: system.cpu T1 : 0x48c(6)    : (memo:ialuneq2c ) IALU.T0!=T0->Cond : FloatMult :  D=0x0000000000000000
 317000[    158]: system.cpu T1 : 0x538(8)    : (memo:falucvtd2w) FALU.Int T0(T,D)->SHU0.T2 : SimdMisc :  D=0x1 0x0 0x0 0x20 0x0 0x0 0x0 0x0 0xfe 0xff 0xff 0xff 0x0 0x0 0x0 0x0 0x2 0x0 0x0 0x0 0x0 0x0 0x0 0x0 0xfe 0xff 0xff 0xff 0x0 0x0 0x0 0x0 0xff 0xff 0xff 0xff 0x0 0x0 0x0 0x0 0x1 0x0 0x0 0x0 0x0 0x0 0x0 0x0 0x0 0x0 0x0 0x80 0x0 0x0 0x0 0x0 0xff 0xff 0xff 0x7f 0x0 0x0 0x0 0x0 
 320000[    160]: system.cpu T1 : 0x6e0(13)    : (memo:mpustop   ) MSEQ.Stop : SimdFloatAlu : 
 324000[    162]: system.cpu T0 : 0x168    : callmimmb  _FALUTest2      : IntAlu : 
 333000[    166]: system.cpu T1 : 0x70c(0)    : (memo:mr0       ) R0.M[0]->FALU.T0(I0) : IntAlu :  D=0x0 0x0 0xc0 0x0 0x0 0x0 0xc0 0x41 0x0 0x0 0x0 0x0 0x0 0x0 0x0 0xc0 0x0 0x0 0x0 0x0 0x0 0x0 0x6 0x40 0x0 0x0 0x0 0x0 0x0 0x0 0x6 0xc0 0x0 0x0 0x0 0x0 0x0 0x0 0xf8 0xbf 0x0 0x0 0x0 0x0 0x0 0x0 0xf8 0x3f 0x0 0x0 0x0 0xf0 0x0 0x0 0xff 0xfe 0x0 0x0 0x0 0x0 0xff 0xff 0xef 0x7f 
 334000[    167]: system.cpu T1 : 0x735(0)    : (memo:mr0       ) R0.M[1]->FALU.T1(I0) : IntAlu :  D=0x0 0x0 0x0 0x0 0x0 0x0 0x10 0x40 0x0 0x0 0x0 0x0 0x0 0x0 0x10 0x40 0x0 0x0 0x0 0x0 0x0 0x0 0x10 0x40 0x0 0x0 0x0 0x0 0x0 0x0 0x10 0x40 0x0 0x0 0x0 0x0 0x0 0x0 0x10 0x40 0x0 0x0 0x0 0x0 0x0 0x0 0x10 0x40 0x0 0x0 0x0 0x0 0x0 0x0 0x10 0x40 0x0 0x0 0x0 0x0 0x0 0x0 0x10 0x40 
 339000[    169]: system.cpu T1 : 0x79f(8)    : (memo:falucvtd2w) FALU.Int T0(D)->SHU1.T2 : SimdMisc :  D=0x2 0x0 0x0 0x20 0x0 0x0 0x0 0x0 0xfe 0xff 0xff 0xff 0x0 0x0 0x0 0x0 0x3 0x0 0x0 0x0 0x0 0x0 0x0 0x0 0xfd 0xff 0xff 0xff 0x0 0x0 0x0 0x0 0xfe 0xff 0xff 0xff 0x0 0x0 0x0 0x0 0x2 0x0 0x0 0x0 0x0 0x0 0x0 0x0 0x0 0x0 0x0 0x80 0x0 0x0 0x0 0x0 0xff 0xff 0xff 0x7f 0x0 0x0 0x0 0x0 
 340000[    170]: system.cpu T1 : 0x7c8(8)    : (memo:falucvtd2w) FALU.Int T0(T,D)->SHU1.T2 : SimdMisc :  D=0x1 0x0 0x0 0x20 0x0 0x0 0x0 0x0 0xfe 0xff 0xff 0xff 0x0 0x0 0x0 0x0 0x2 0x0 0x0 0x0 0x0 0x0 0x0 0x0 0xfe 0xff 0xff 0xff 0x0 0x0 0x0 0x0 0xff 0xff 0xff 0xff 0x0 0x0 0x0 0x0 0x1 0x0 0x0 0x0 0x0 0x0 0x0 0x0 0x0 0x0 0x0 0x80 0x0 0x0 0x0 0x0 0xff 0xff 0xff 0x7f 0x0 0x0 0x0 0x0 
 340000[    170]: system.cpu T1 : 0x812(6)    : (memo:ialuequal2c) IALU.T0==T0->Cond : FloatMult :  D=0x0000000000000001
 346000[    173]: system.cpu T1 : 0x8be(8)    : (memo:falucvtd2w) FALU.Int T0(D)->SHU1.T2 : SimdMisc :  D=0x2 0x0 0x0 0x20 0x0 0x0 0x0 0x0 0xfe 0xff 0xff 0xff 0x0 0x0 0x0 0x0 0x3 0x0 0x0 0x0 0x0 0x0 0x0 0x0 0xfd 0xff 0xff 0xff 0x0 0x0 0x0 0x0 0xfe 0xff 0xff 0xff 0x0 0x0 0x0 0x0 0x2 0x0 0x0 0x0 0x0 0x0 0x0 0x0 0x0 0x0 0x0 0x80 0x0 0x0 0x0 0x0 0xff 0xff 0xff 0x7f 0x0 0x0 0x0 0x0 
 347000[    173]: system.cpu T1 : 0x931(6)    : (memo:ialuneq2c ) IALU.T0!=T0->Cond : FloatMult :  D=0x0000000000000000
 353000[    176]: system.cpu T1 : 0x9dd(8)    : (memo:falucvtd2w) FALU.Int T0(T,D)->SHU1.T2 : SimdMisc :  D=0x1 0x0 0x0 0x20 0x0 0x0 0x0 0x0 0xfe 0xff 0xff 0xff 0x0 0x0 0x0 0x0 0x2 0x0 0x0 0x0 0x0 0x0 0x0 0x0 0xfe 0xff 0xff 0xff 0x0 0x0 0x0 0x0 0xff 0xff 0xff 0xff 0x0 0x0 0x0 0x0 0x1 0x0 0x0 0x0 0x0 0x0 0x0 0x0 0x0 0x0 0x0 0x80 0x0 0x0 0x0 0x0 0xff 0xff 0xff 0x7f 0x0 0x0 0x0 0x0 
 356000[    178]: system.cpu T1 : 0xb85(13)    : (memo:mpustop   ) MSEQ.Stop : SimdFloatAlu : 
 360000[    180]: system.cpu T0 : 0x174    : callmimmb  _FALUTest3      : IntAlu : 
 369000[    184]: system.cpu T1 : 0xbb1(0)    : (memo:mr0       ) R0.M[0]->FALU.T0(I0) : IntAlu :  D=0x0 0x0 0xc0 0x0 0x0 0x0 0xc0 0x41 0x0 0x0 0x0 0x0 0x0 0x0 0x0 0xc0 0x0 0x0 0x0 0x0 0x0 0x0 0x6 0x40 0x0 0x0 0x0 0x0 0x0 0x0 0x6 0xc0 0x0 0x0 0x0 0x0 0x0 0x0 0xf8 0xbf 0x0 0x0 0x0 0x0 0x0 0x0 0xf8 0x3f 0x0 0x0 0x0 0xf0 0x0 0x0 0xff 0xfe 0x0 0x0 0x0 0x0 0xff 0xff 0xef 0x7f 
 370000[    185]: system.cpu T1 : 0xbda(0)    : (memo:mr0       ) R0.M[1]->FALU.T1(I0) : IntAlu :  D=0x0 0x0 0x0 0x0 0x0 0x0 0x10 0x40 0x0 0x0 0x0 0x0 0x0 0x0 0x10 0x40 0x0 0x0 0x0 0x0 0x0 0x0 0x10 0x40 0x0 0x0 0x0 0x0 0x0 0x0 0x10 0x40 0x0 0x0 0x0 0x0 0x0 0x0 0x10 0x40 0x0 0x0 0x0 0x0 0x0 0x0 0x10 0x40 0x0 0x0 0x0 0x0 0x0 0x0 0x10 0x40 0x0 0x0 0x0 0x0 0x0 0x0 0x10 0x40 
 375000[    187]: system.cpu T1 : 0xc44(8)    : (memo:falucvtd2w) FALU.Int T0(D)->IALU.T2 : SimdMisc :  D=0x2 0x0 0x0 0x20 0x0 0x0 0x0 0x0 0xfe 0xff 0xff 0xff 0x0 0x0 0x0 0x0 0x3 0x0 0x0 0x0 0x0 0x0 0x0 0x0 0xfd 0xff 0xff 0xff 0x0 0x0 0x0 0x0 0xfe 0xff 0xff 0xff 0x0 0x0 0x0 0x0 0x2 0x0 0x0 0x0 0x0 0x0 0x0 0x0 0x0 0x0 0x0 0x80 0x0 0x0 0x0 0x0 0xff 0xff 0xff 0x7f 0x0 0x0 0x0 0x0 
 376000[    188]: system.cpu T1 : 0xc6d(8)    : (memo:falucvtd2w) FALU.Int T0(T,D)->IALU.T2 : SimdMisc :  D=0x1 0x0 0x0 0x20 0x0 0x0 0x0 0x0 0xfe 0xff 0xff 0xff 0x0 0x0 0x0 0x0 0x2 0x0 0x0 0x0 0x0 0x0 0x0 0x0 0xfe 0xff 0xff 0xff 0x0 0x0 0x0 0x0 0xff 0xff 0xff 0xff 0x0 0x0 0x0 0x0 0x1 0x0 0x0 0x0 0x0 0x0 0x0 0x0 0x0 0x0 0x0 0x80 0x0 0x0 0x0 0x0 0xff 0xff 0xff 0x7f 0x0 0x0 0x0 0x0 
 376000[    188]: system.cpu T1 : 0xcb7(6)    : (memo:ialuequal2c) IALU.T0==T0->Cond : FloatMult :  D=0x0000000000000001
 382000[    191]: system.cpu T1 : 0xd63(8)    : (memo:falucvtd2w) FALU.Int T0(D)->IALU.T2 : SimdMisc :  D=0x2 0x0 0x0 0x20 0x0 0x0 0x0 0x0 0xfe 0xff 0xff 0xff 0x0 0x0 0x0 0x0 0x3 0x0 0x0 0x0 0x0 0x0 0x0 0x0 0xfd 0xff 0xff 0xff 0x0 0x0 0x0 0x0 0xfe 0xff 0xff 0xff 0x0 0x0 0x0 0x0 0x2 0x0 0x0 0x0 0x0 0x0 0x0 0x0 0x0 0x0 0x0 0x80 0x0 0x0 0x0 0x0 0xff 0xff 0xff 0x7f 0x0 0x0 0x0 0x0 
 383000[    191]: system.cpu T1 : 0xdd6(6)    : (memo:ialuneq2c ) IALU.T0!=T0->Cond : FloatMult :  D=0x0000000000000000
 389000[    194]: system.cpu T1 : 0xe82(8)    : (memo:falucvtd2w) FALU.Int T0(T,D)->IALU.T2 : SimdMisc :  D=0x1 0x0 0x0 0x20 0x0 0x0 0x0 0x0 0xfe 0xff 0xff 0xff 0x0 0x0 0x0 0x0 0x2 0x0 0x0 0x0 0x0 0x0 0x0 0x0 0xfe 0xff 0xff 0xff 0x0 0x0 0x0 0x0 0xff 0xff 0xff 0xff 0x0 0x0 0x0 0x0 0x1 0x0 0x0 0x0 0x0 0x0 0x0 0x0 0x0 0x0 0x0 0x80 0x0 0x0 0x0 0x0 0xff 0xff 0xff 0x7f 0x0 0x0 0x0 0x0 
 392000[    196]: system.cpu T1 : 0x102a(13)    : (memo:mpustop   ) MSEQ.Stop : SimdFloatAlu : 
 396000[    198]: system.cpu T0 : 0x180    : callmimmb  _FALUTest4      : IntAlu : 
 405000[    202]: system.cpu T1 : 0x1056(0)    : (memo:mr0       ) R0.M[0]->FALU.T0(I0) : IntAlu :  D=0x0 0x0 0xc0 0x0 0x0 0x0 0xc0 0x41 0x0 0x0 0x0 0x0 0x0 0x0 0x0 0xc0 0x0 0x0 0x0 0x0 0x0 0x0 0x6 0x40 0x0 0x0 0x0 0x0 0x0 0x0 0x6 0xc0 0x0 0x0 0x0 0x0 0x0 0x0 0xf8 0xbf 0x0 0x0 0x0 0x0 0x0 0x0 0xf8 0x3f 0x0 0x0 0x0 0xf0 0x0 0x0 0xff 0xfe 0x0 0x0 0x0 0x0 0xff 0xff 0xef 0x7f 
 406000[    203]: system.cpu T1 : 0x107f(0)    : (memo:mr0       ) R0.M[1]->FALU.T1(I0) : IntAlu :  D=0x0 0x0 0x0 0x0 0x0 0x0 0x10 0x40 0x0 0x0 0x0 0x0 0x0 0x0 0x10 0x40 0x0 0x0 0x0 0x0 0x0 0x0 0x10 0x40 0x0 0x0 0x0 0x0 0x0 0x0 0x10 0x40 0x0 0x0 0x0 0x0 0x0 0x0 0x10 0x40 0x0 0x0 0x0 0x0 0x0 0x0 0x10 0x40 0x0 0x0 0x0 0x0 0x0 0x0 0x10 0x40 0x0 0x0 0x0 0x0 0x0 0x0 0x10 0x40 
 411000[    205]: system.cpu T1 : 0x10e9(8)    : (memo:falucvtd2w) FALU.Int T0(D)->IMAC.T2 : SimdMisc :  D=0x2 0x0 0x0 0x20 0x0 0x0 0x0 0x0 0xfe 0xff 0xff 0xff 0x0 0x0 0x0 0x0 0x3 0x0 0x0 0x0 0x0 0x0 0x0 0x0 0xfd 0xff 0xff 0xff 0x0 0x0 0x0 0x0 0xfe 0xff 0xff 0xff 0x0 0x0 0x0 0x0 0x2 0x0 0x0 0x0 0x0 0x0 0x0 0x0 0x0 0x0 0x0 0x80 0x0 0x0 0x0 0x0 0xff 0xff 0xff 0x7f 0x0 0x0 0x0 0x0 
 412000[    206]: system.cpu T1 : 0x1112(8)    : (memo:falucvtd2w) FALU.Int T0(T,D)->IMAC.T2 : SimdMisc :  D=0x1 0x0 0x0 0x20 0x0 0x0 0x0 0x0 0xfe 0xff 0xff 0xff 0x0 0x0 0x0 0x0 0x2 0x0 0x0 0x0 0x0 0x0 0x0 0x0 0xfe 0xff 0xff 0xff 0x0 0x0 0x0 0x0 0xff 0xff 0xff 0xff 0x0 0x0 0x0 0x0 0x1 0x0 0x0 0x0 0x0 0x0 0x0 0x0 0x0 0x0 0x0 0x80 0x0 0x0 0x0 0x0 0xff 0xff 0xff 0x7f 0x0 0x0 0x0 0x0 
 412000[    206]: system.cpu T1 : 0x115c(6)    : (memo:ialuequal2c) IALU.T0==T0->Cond : FloatMult :  D=0x0000000000000001
 418000[    209]: system.cpu T1 : 0x1208(8)    : (memo:falucvtd2w) FALU.Int T0(D)->IMAC.T2 : SimdMisc :  D=0x2 0x0 0x0 0x20 0x0 0x0 0x0 0x0 0xfe 0xff 0xff 0xff 0x0 0x0 0x0 0x0 0x3 0x0 0x0 0x0 0x0 0x0 0x0 0x0 0xfd 0xff 0xff 0xff 0x0 0x0 0x0 0x0 0xfe 0xff 0xff 0xff 0x0 0x0 0x0 0x0 0x2 0x0 0x0 0x0 0x0 0x0 0x0 0x0 0x0 0x0 0x0 0x80 0x0 0x0 0x0 0x0 0xff 0xff 0xff 0x7f 0x0 0x0 0x0 0x0 
 419000[    209]: system.cpu T1 : 0x127b(6)    : (memo:ialuneq2c ) IALU.T0!=T0->Cond : FloatMult :  D=0x0000000000000000
 425000[    212]: system.cpu T1 : 0x1327(8)    : (memo:falucvtd2w) FALU.Int T0(T,D)->IMAC.T2 : SimdMisc :  D=0x1 0x0 0x0 0x20 0x0 0x0 0x0 0x0 0xfe 0xff 0xff 0xff 0x0 0x0 0x0 0x0 0x2 0x0 0x0 0x0 0x0 0x0 0x0 0x0 0xfe 0xff 0xff 0xff 0x0 0x0 0x0 0x0 0xff 0xff 0xff 0xff 0x0 0x0 0x0 0x0 0x1 0x0 0x0 0x0 0x0 0x0 0x0 0x0 0x0 0x0 0x0 0x80 0x0 0x0 0x0 0x0 0xff 0xff 0xff 0x7f 0x0 0x0 0x0 0x0 
 428000[    214]: system.cpu T1 : 0x14cf(13)    : (memo:mpustop   ) MSEQ.Stop : SimdFloatAlu : 
 432000[    216]: system.cpu T0 : 0x18c    : callmimmb  _FALUTest5      : IntAlu : 
 441000[    220]: system.cpu T1 : 0x14fb(0)    : (memo:mr0       ) R0.M[0]->FALU.T0(I0) : IntAlu :  D=0x0 0x0 0xc0 0x0 0x0 0x0 0xc0 0x41 0x0 0x0 0x0 0x0 0x0 0x0 0x0 0xc0 0x0 0x0 0x0 0x0 0x0 0x0 0x6 0x40 0x0 0x0 0x0 0x0 0x0 0x0 0x6 0xc0 0x0 0x0 0x0 0x0 0x0 0x0 0xf8 0xbf 0x0 0x0 0x0 0x0 0x0 0x0 0xf8 0x3f 0x0 0x0 0x0 0xf0 0x0 0x0 0xff 0xfe 0x0 0x0 0x0 0x0 0xff 0xff 0xef 0x7f 
 442000[    221]: system.cpu T1 : 0x1524(0)    : (memo:mr0       ) R0.M[1]->FALU.T1(I0) : IntAlu :  D=0x0 0x0 0x0 0x0 0x0 0x0 0x10 0x40 0x0 0x0 0x0 0x0 0x0 0x0 0x10 0x40 0x0 0x0 0x0 0x0 0x0 0x0 0x10 0x40 0x0 0x0 0x0 0x0 0x0 0x0 0x10 0x40 0x0 0x0 0x0 0x0 0x0 0x0 0x10 0x40 0x0 0x0 0x0 0x0 0x0 0x0 0x10 0x40 0x0 0x0 0x0 0x0 0x0 0x0 0x10 0x40 0x0 0x0 0x0 0x0 0x0 0x0 0x10 0x40 
 447000[    223]: system.cpu T1 : 0x158e(8)    : (memo:falucvtd2w) FALU.Int T0(D)->FALU.T2 : SimdMisc :  D=0x2 0x0 0x0 0x20 0x0 0x0 0x0 0x0 0xfe 0xff 0xff 0xff 0x0 0x0 0x0 0x0 0x3 0x0 0x0 0x0 0x0 0x0 0x0 0x0 0xfd 0xff 0xff 0xff 0x0 0x0 0x0 0x0 0xfe 0xff 0xff 0xff 0x0 0x0 0x0 0x0 0x2 0x0 0x0 0x0 0x0 0x0 0x0 0x0 0x0 0x0 0x0 0x80 0x0 0x0 0x0 0x0 0xff 0xff 0xff 0x7f 0x0 0x0 0x0 0x0 
 448000[    224]: system.cpu T1 : 0x15b7(8)    : (memo:falucvtd2w) FALU.Int T0(T,D)->FALU.T2 : SimdMisc :  D=0x1 0x0 0x0 0x20 0x0 0x0 0x0 0x0 0xfe 0xff 0xff 0xff 0x0 0x0 0x0 0x0 0x2 0x0 0x0 0x0 0x0 0x0 0x0 0x0 0xfe 0xff 0xff 0xff 0x0 0x0 0x0 0x0 0xff 0xff 0xff 0xff 0x0 0x0 0x0 0x0 0x1 0x0 0x0 0x0 0x0 0x0 0x0 0x0 0x0 0x0 0x0 0x80 0x0 0x0 0x0 0x0 0xff 0xff 0xff 0x7f 0x0 0x0 0x0 0x0 
 448000[    224]: system.cpu T1 : 0x1601(6)    : (memo:ialuequal2c) IALU.T0==T0->Cond : FloatMult :  D=0x0000000000000001
 454000[    227]: system.cpu T1 : 0x16ad(8)    : (memo:falucvtd2w) FALU.Int T0(D)->FALU.T2 : SimdMisc :  D=0x2 0x0 0x0 0x20 0x0 0x0 0x0 0x0 0xfe 0xff 0xff 0xff 0x0 0x0 0x0 0x0 0x3 0x0 0x0 0x0 0x0 0x0 0x0 0x0 0xfd 0xff 0xff 0xff 0x0 0x0 0x0 0x0 0xfe 0xff 0xff 0xff 0x0 0x0 0x0 0x0 0x2 0x0 0x0 0x0 0x0 0x0 0x0 0x0 0x0 0x0 0x0 0x80 0x0 0x0 0x0 0x0 0xff 0xff 0xff 0x7f 0x0 0x0 0x0 0x0 
 455000[    227]: system.cpu T1 : 0x1720(6)    : (memo:ialuneq2c ) IALU.T0!=T0->Cond : FloatMult :  D=0x0000000000000000
 461000[    230]: system.cpu T1 : 0x17cc(8)    : (memo:falucvtd2w) FALU.Int T0(T,D)->FALU.T2 : SimdMisc :  D=0x1 0x0 0x0 0x20 0x0 0x0 0x0 0x0 0xfe 0xff 0xff 0xff 0x0 0x0 0x0 0x0 0x2 0x0 0x0 0x0 0x0 0x0 0x0 0x0 0xfe 0xff 0xff 0xff 0x0 0x0 0x0 0x0 0xff 0xff 0xff 0xff 0x0 0x0 0x0 0x0 0x1 0x0 0x0 0x0 0x0 0x0 0x0 0x0 0x0 0x0 0x0 0x80 0x0 0x0 0x0 0x0 0xff 0xff 0xff 0x7f 0x0 0x0 0x0 0x0 
 464000[    232]: system.cpu T1 : 0x1974(13)    : (memo:mpustop   ) MSEQ.Stop : SimdFloatAlu : 
 468000[    234]: system.cpu T0 : 0x198    : callmimmb  _FALUTest6      : IntAlu : 
 477000[    238]: system.cpu T1 : 0x19a0(0)    : (memo:mr0       ) R0.M[0]->FALU.T0(I0) : IntAlu :  D=0x0 0x0 0xc0 0x0 0x0 0x0 0xc0 0x41 0x0 0x0 0x0 0x0 0x0 0x0 0x0 0xc0 0x0 0x0 0x0 0x0 0x0 0x0 0x6 0x40 0x0 0x0 0x0 0x0 0x0 0x0 0x6 0xc0 0x0 0x0 0x0 0x0 0x0 0x0 0xf8 0xbf 0x0 0x0 0x0 0x0 0x0 0x0 0xf8 0x3f 0x0 0x0 0x0 0xf0 0x0 0x0 0xff 0xfe 0x0 0x0 0x0 0x0 0xff 0xff 0xef 0x7f 
 478000[    239]: system.cpu T1 : 0x19c9(0)    : (memo:mr0       ) R0.M[1]->FALU.T1(I0) : IntAlu :  D=0x0 0x0 0x0 0x0 0x0 0x0 0x10 0x40 0x0 0x0 0x0 0x0 0x0 0x0 0x10 0x40 0x0 0x0 0x0 0x0 0x0 0x0 0x10 0x40 0x0 0x0 0x0 0x0 0x0 0x0 0x10 0x40 0x0 0x0 0x0 0x0 0x0 0x0 0x10 0x40 0x0 0x0 0x0 0x0 0x0 0x0 0x10 0x40 0x0 0x0 0x0 0x0 0x0 0x0 0x10 0x40 0x0 0x0 0x0 0x0 0x0 0x0 0x10 0x40 
 483000[    241]: system.cpu T1 : 0x1a33(8)    : (memo:falucvtd2w) FALU.Int T0(D)->FMAC.T2 : SimdMisc :  D=0x2 0x0 0x0 0x20 0x0 0x0 0x0 0x0 0xfe 0xff 0xff 0xff 0x0 0x0 0x0 0x0 0x3 0x0 0x0 0x0 0x0 0x0 0x0 0x0 0xfd 0xff 0xff 0xff 0x0 0x0 0x0 0x0 0xfe 0xff 0xff 0xff 0x0 0x0 0x0 0x0 0x2 0x0 0x0 0x0 0x0 0x0 0x0 0x0 0x0 0x0 0x0 0x80 0x0 0x0 0x0 0x0 0xff 0xff 0xff 0x7f 0x0 0x0 0x0 0x0 
 484000[    242]: system.cpu T1 : 0x1a5c(8)    : (memo:falucvtd2w) FALU.Int T0(T,D)->FMAC.T2 : SimdMisc :  D=0x1 0x0 0x0 0x20 0x0 0x0 0x0 0x0 0xfe 0xff 0xff 0xff 0x0 0x0 0x0 0x0 0x2 0x0 0x0 0x0 0x0 0x0 0x0 0x0 0xfe 0xff 0xff 0xff 0x0 0x0 0x0 0x0 0xff 0xff 0xff 0xff 0x0 0x0 0x0 0x0 0x1 0x0 0x0 0x0 0x0 0x0 0x0 0x0 0x0 0x0 0x0 0x80 0x0 0x0 0x0 0x0 0xff 0xff 0xff 0x7f 0x0 0x0 0x0 0x0 
 484000[    242]: system.cpu T1 : 0x1aa6(6)    : (memo:ialuequal2c) IALU.T0==T0->Cond : FloatMult :  D=0x0000000000000001
 490000[    245]: system.cpu T1 : 0x1b52(8)    : (memo:falucvtd2w) FALU.Int T0(D)->FMAC.T2 : SimdMisc :  D=0x2 0x0 0x0 0x20 0x0 0x0 0x0 0x0 0xfe 0xff 0xff 0xff 0x0 0x0 0x0 0x0 0x3 0x0 0x0 0x0 0x0 0x0 0x0 0x0 0xfd 0xff 0xff 0xff 0x0 0x0 0x0 0x0 0xfe 0xff 0xff 0xff 0x0 0x0 0x0 0x0 0x2 0x0 0x0 0x0 0x0 0x0 0x0 0x0 0x0 0x0 0x0 0x80 0x0 0x0 0x0 0x0 0xff 0xff 0xff 0x7f 0x0 0x0 0x0 0x0 
 491000[    245]: system.cpu T1 : 0x1bc5(6)    : (memo:ialuneq2c ) IALU.T0!=T0->Cond : FloatMult :  D=0x0000000000000000
 497000[    248]: system.cpu T1 : 0x1c71(8)    : (memo:falucvtd2w) FALU.Int T0(T,D)->FMAC.T2 : SimdMisc :  D=0x1 0x0 0x0 0x20 0x0 0x0 0x0 0x0 0xfe 0xff 0xff 0xff 0x0 0x0 0x0 0x0 0x2 0x0 0x0 0x0 0x0 0x0 0x0 0x0 0xfe 0xff 0xff 0xff 0x0 0x0 0x0 0x0 0xff 0xff 0xff 0xff 0x0 0x0 0x0 0x0 0x1 0x0 0x0 0x0 0x0 0x0 0x0 0x0 0x0 0x0 0x0 0x80 0x0 0x0 0x0 0x0 0xff 0xff 0xff 0x7f 0x0 0x0 0x0 0x0 
 500000[    250]: system.cpu T1 : 0x1e19(13)    : (memo:mpustop   ) MSEQ.Stop : SimdFloatAlu : 
 504000[    252]: system.cpu T0 : 0x1a4    : callmimmb  _FALUTest7      : IntAlu : 
 513000[    256]: system.cpu T1 : 0x1e45(0)    : (memo:mr0       ) R0.M[0]->FALU.T0(I0) : IntAlu :  D=0x0 0x0 0xc0 0x0 0x0 0x0 0xc0 0x41 0x0 0x0 0x0 0x0 0x0 0x0 0x0 0xc0 0x0 0x0 0x0 0x0 0x0 0x0 0x6 0x40 0x0 0x0 0x0 0x0 0x0 0x0 0x6 0xc0 0x0 0x0 0x0 0x0 0x0 0x0 0xf8 0xbf 0x0 0x0 0x0 0x0 0x0 0x0 0xf8 0x3f 0x0 0x0 0x0 0xf0 0x0 0x0 0xff 0xfe 0x0 0x0 0x0 0x0 0xff 0xff 0xef 0x7f 
 514000[    257]: system.cpu T1 : 0x1e6e(0)    : (memo:mr0       ) R0.M[1]->FALU.T1(I0) : IntAlu :  D=0x0 0x0 0x0 0x0 0x0 0x0 0x10 0x40 0x0 0x0 0x0 0x0 0x0 0x0 0x10 0x40 0x0 0x0 0x0 0x0 0x0 0x0 0x10 0x40 0x0 0x0 0x0 0x0 0x0 0x0 0x10 0x40 0x0 0x0 0x0 0x0 0x0 0x0 0x10 0x40 0x0 0x0 0x0 0x0 0x0 0x0 0x10 0x40 0x0 0x0 0x0 0x0 0x0 0x0 0x10 0x40 0x0 0x0 0x0 0x0 0x0 0x0 0x10 0x40 
 519000[    259]: system.cpu T1 : 0x1ed8(8)    : (memo:falucvtd2w) FALU.Int T0(D)->BIU0 : SimdMisc :  D=0x2 0x0 0x0 0x20 0x0 0x0 0x0 0x0 0xfe 0xff 0xff 0xff 0x0 0x0 0x0 0x0 0x3 0x0 0x0 0x0 0x0 0x0 0x0 0x0 0xfd 0xff 0xff 0xff 0x0 0x0 0x0 0x0 0xfe 0xff 0xff 0xff 0x0 0x0 0x0 0x0 0x2 0x0 0x0 0x0 0x0 0x0 0x0 0x0 0x0 0x0 0x0 0x80 0x0 0x0 0x0 0x0 0xff 0xff 0xff 0x7f 0x0 0x0 0x0 0x0 
 520000[    260]: system.cpu T1 : 0x1f01(8)    : (memo:falucvtd2w) FALU.Int T0(T,D)->BIU0 : SimdMisc :  D=0x1 0x0 0x0 0x20 0x0 0x0 0x0 0x0 0xfe 0xff 0xff 0xff 0x0 0x0 0x0 0x0 0x2 0x0 0x0 0x0 0x0 0x0 0x0 0x0 0xfe 0xff 0xff 0xff 0x0 0x0 0x0 0x0 0xff 0xff 0xff 0xff 0x0 0x0 0x0 0x0 0x1 0x0 0x0 0x0 0x0 0x0 0x0 0x0 0x0 0x0 0x0 0x80 0x0 0x0 0x0 0x0 0xff 0xff 0xff 0x7f 0x0 0x0 0x0 0x0 
 520000[    260]: system.cpu T1 : 0x1f4b(6)    : (memo:ialuequal2c) IALU.T0==T0->Cond : FloatMult :  D=0x0000000000000001
 526000[    263]: system.cpu T1 : 0x1ff7(8)    : (memo:falucvtd2w) FALU.Int T0(D)->BIU0 : SimdMisc :  D=0x2 0x0 0x0 0x20 0x0 0x0 0x0 0x0 0xfe 0xff 0xff 0xff 0x0 0x0 0x0 0x0 0x3 0x0 0x0 0x0 0x0 0x0 0x0 0x0 0xfd 0xff 0xff 0xff 0x0 0x0 0x0 0x0 0xfe 0xff 0xff 0xff 0x0 0x0 0x0 0x0 0x2 0x0 0x0 0x0 0x0 0x0 0x0 0x0 0x0 0x0 0x0 0x80 0x0 0x0 0x0 0x0 0xff 0xff 0xff 0x7f 0x0 0x0 0x0 0x0 
 527000[    263]: system.cpu T1 : 0x206a(6)    : (memo:ialuneq2c ) IALU.T0!=T0->Cond : FloatMult :  D=0x0000000000000000
 533000[    266]: system.cpu T1 : 0x2116(8)    : (memo:falucvtd2w) FALU.Int T0(T,D)->BIU0 : SimdMisc :  D=0x1 0x0 0x0 0x20 0x0 0x0 0x0 0x0 0xfe 0xff 0xff 0xff 0x0 0x0 0x0 0x0 0x2 0x0 0x0 0x0 0x0 0x0 0x0 0x0 0xfe 0xff 0xff 0xff 0x0 0x0 0x0 0x0 0xff 0xff 0xff 0xff 0x0 0x0 0x0 0x0 0x1 0x0 0x0 0x0 0x0 0x0 0x0 0x0 0x0 0x0 0x0 0x80 0x0 0x0 0x0 0x0 0xff 0xff 0xff 0x7f 0x0 0x0 0x0 0x0 
 536000[    268]: system.cpu T1 : 0x22be(13)    : (memo:mpustop   ) MSEQ.Stop : SimdFloatAlu : 
 540000[    270]: system.cpu T0 : 0x1b0    : callmimmb  _FALUTest8      : IntAlu : 
 549000[    274]: system.cpu T1 : 0x22ea(0)    : (memo:mr0       ) R0.M[0]->FALU.T0(I0) : IntAlu :  D=0x0 0x0 0xc0 0x0 0x0 0x0 0xc0 0x41 0x0 0x0 0x0 0x0 0x0 0x0 0x0 0xc0 0x0 0x0 0x0 0x0 0x0 0x0 0x6 0x40 0x0 0x0 0x0 0x0 0x0 0x0 0x6 0xc0 0x0 0x0 0x0 0x0 0x0 0x0 0xf8 0xbf 0x0 0x0 0x0 0x0 0x0 0x0 0xf8 0x3f 0x0 0x0 0x0 0xf0 0x0 0x0 0xff 0xfe 0x0 0x0 0x0 0x0 0xff 0xff 0xef 0x7f 
 550000[    275]: system.cpu T1 : 0x2313(0)    : (memo:mr0       ) R0.M[1]->FALU.T1(I0) : IntAlu :  D=0x0 0x0 0x0 0x0 0x0 0x0 0x10 0x40 0x0 0x0 0x0 0x0 0x0 0x0 0x10 0x40 0x0 0x0 0x0 0x0 0x0 0x0 0x10 0x40 0x0 0x0 0x0 0x0 0x0 0x0 0x10 0x40 0x0 0x0 0x0 0x0 0x0 0x0 0x10 0x40 0x0 0x0 0x0 0x0 0x0 0x0 0x10 0x40 0x0 0x0 0x0 0x0 0x0 0x0 0x10 0x40 0x0 0x0 0x0 0x0 0x0 0x0 0x10 0x40 
 555000[    277]: system.cpu T1 : 0x237d(8)    : (memo:falucvtd2w) FALU.Int T0(D)->BIU1 : SimdMisc :  D=0x2 0x0 0x0 0x20 0x0 0x0 0x0 0x0 0xfe 0xff 0xff 0xff 0x0 0x0 0x0 0x0 0x3 0x0 0x0 0x0 0x0 0x0 0x0 0x0 0xfd 0xff 0xff 0xff 0x0 0x0 0x0 0x0 0xfe 0xff 0xff 0xff 0x0 0x0 0x0 0x0 0x2 0x0 0x0 0x0 0x0 0x0 0x0 0x0 0x0 0x0 0x0 0x80 0x0 0x0 0x0 0x0 0xff 0xff 0xff 0x7f 0x0 0x0 0x0 0x0 
 556000[    278]: system.cpu T1 : 0x23a6(8)    : (memo:falucvtd2w) FALU.Int T0(T,D)->BIU1 : SimdMisc :  D=0x1 0x0 0x0 0x20 0x0 0x0 0x0 0x0 0xfe 0xff 0xff 0xff 0x0 0x0 0x0 0x0 0x2 0x0 0x0 0x0 0x0 0x0 0x0 0x0 0xfe 0xff 0xff 0xff 0x0 0x0 0x0 0x0 0xff 0xff 0xff 0xff 0x0 0x0 0x0 0x0 0x1 0x0 0x0 0x0 0x0 0x0 0x0 0x0 0x0 0x0 0x0 0x80 0x0 0x0 0x0 0x0 0xff 0xff 0xff 0x7f 0x0 0x0 0x0 0x0 
 556000[    278]: system.cpu T1 : 0x23f0(6)    : (memo:ialuequal2c) IALU.T0==T0->Cond : FloatMult :  D=0x0000000000000001
 562000[    281]: system.cpu T1 : 0x249c(8)    : (memo:falucvtd2w) FALU.Int T0(D)->BIU1 : SimdMisc :  D=0x2 0x0 0x0 0x20 0x0 0x0 0x0 0x0 0xfe 0xff 0xff 0xff 0x0 0x0 0x0 0x0 0x3 0x0 0x0 0x0 0x0 0x0 0x0 0x0 0xfd 0xff 0xff 0xff 0x0 0x0 0x0 0x0 0xfe 0xff 0xff 0xff 0x0 0x0 0x0 0x0 0x2 0x0 0x0 0x0 0x0 0x0 0x0 0x0 0x0 0x0 0x0 0x80 0x0 0x0 0x0 0x0 0xff 0xff 0xff 0x7f 0x0 0x0 0x0 0x0 
 563000[    281]: system.cpu T1 : 0x250f(6)    : (memo:ialuneq2c ) IALU.T0!=T0->Cond : FloatMult :  D=0x0000000000000000
 569000[    284]: system.cpu T1 : 0x25bb(8)    : (memo:falucvtd2w) FALU.Int T0(T,D)->BIU1 : SimdMisc :  D=0x1 0x0 0x0 0x20 0x0 0x0 0x0 0x0 0xfe 0xff 0xff 0xff 0x0 0x0 0x0 0x0 0x2 0x0 0x0 0x0 0x0 0x0 0x0 0x0 0xfe 0xff 0xff 0xff 0x0 0x0 0x0 0x0 0xff 0xff 0xff 0xff 0x0 0x0 0x0 0x0 0x1 0x0 0x0 0x0 0x0 0x0 0x0 0x0 0x0 0x0 0x0 0x80 0x0 0x0 0x0 0x0 0xff 0xff 0xff 0x7f 0x0 0x0 0x0 0x0 
 572000[    286]: system.cpu T1 : 0x2763(13)    : (memo:mpustop   ) MSEQ.Stop : SimdFloatAlu : 
 576000[    288]: system.cpu T0 : 0x1bc    : callmimmb  _FALUTest9      : IntAlu : 
 585000[    292]: system.cpu T1 : 0x278f(0)    : (memo:mr0       ) R0.M[0]->FALU.T0(I0) : IntAlu :  D=0x0 0x0 0xc0 0x0 0x0 0x0 0xc0 0x41 0x0 0x0 0x0 0x0 0x0 0x0 0x0 0xc0 0x0 0x0 0x0 0x0 0x0 0x0 0x6 0x40 0x0 0x0 0x0 0x0 0x0 0x0 0x6 0xc0 0x0 0x0 0x0 0x0 0x0 0x0 0xf8 0xbf 0x0 0x0 0x0 0x0 0x0 0x0 0xf8 0x3f 0x0 0x0 0x0 0xf0 0x0 0x0 0xff 0xfe 0x0 0x0 0x0 0x0 0xff 0xff 0xef 0x7f 
 586000[    293]: system.cpu T1 : 0x27b8(0)    : (memo:mr0       ) R0.M[1]->FALU.T1(I0) : IntAlu :  D=0x0 0x0 0x0 0x0 0x0 0x0 0x10 0x40 0x0 0x0 0x0 0x0 0x0 0x0 0x10 0x40 0x0 0x0 0x0 0x0 0x0 0x0 0x10 0x40 0x0 0x0 0x0 0x0 0x0 0x0 0x10 0x40 0x0 0x0 0x0 0x0 0x0 0x0 0x10 0x40 0x0 0x0 0x0 0x0 0x0 0x0 0x10 0x40 0x0 0x0 0x0 0x0 0x0 0x0 0x10 0x40 0x0 0x0 0x0 0x0 0x0 0x0 0x10 0x40 
 591000[    295]: system.cpu T1 : 0x2822(8)    : (memo:falucvtd2w) FALU.Int T0(D)->BIU2 : SimdMisc :  D=0x2 0x0 0x0 0x20 0x0 0x0 0x0 0x0 0xfe 0xff 0xff 0xff 0x0 0x0 0x0 0x0 0x3 0x0 0x0 0x0 0x0 0x0 0x0 0x0 0xfd 0xff 0xff 0xff 0x0 0x0 0x0 0x0 0xfe 0xff 0xff 0xff 0x0 0x0 0x0 0x0 0x2 0x0 0x0 0x0 0x0 0x0 0x0 0x0 0x0 0x0 0x0 0x80 0x0 0x0 0x0 0x0 0xff 0xff 0xff 0x7f 0x0 0x0 0x0 0x0 
 592000[    296]: system.cpu T1 : 0x284b(8)    : (memo:falucvtd2w) FALU.Int T0(T,D)->BIU2 : SimdMisc :  D=0x1 0x0 0x0 0x20 0x0 0x0 0x0 0x0 0xfe 0xff 0xff 0xff 0x0 0x0 0x0 0x0 0x2 0x0 0x0 0x0 0x0 0x0 0x0 0x0 0xfe 0xff 0xff 0xff 0x0 0x0 0x0 0x0 0xff 0xff 0xff 0xff 0x0 0x0 0x0 0x0 0x1 0x0 0x0 0x0 0x0 0x0 0x0 0x0 0x0 0x0 0x0 0x80 0x0 0x0 0x0 0x0 0xff 0xff 0xff 0x7f 0x0 0x0 0x0 0x0 
 592000[    296]: system.cpu T1 : 0x2895(6)    : (memo:ialuequal2c) IALU.T0==T0->Cond : FloatMult :  D=0x0000000000000001
 598000[    299]: system.cpu T1 : 0x2941(8)    : (memo:falucvtd2w) FALU.Int T0(D)->BIU2 : SimdMisc :  D=0x2 0x0 0x0 0x20 0x0 0x0 0x0 0x0 0xfe 0xff 0xff 0xff 0x0 0x0 0x0 0x0 0x3 0x0 0x0 0x0 0x0 0x0 0x0 0x0 0xfd 0xff 0xff 0xff 0x0 0x0 0x0 0x0 0xfe 0xff 0xff 0xff 0x0 0x0 0x0 0x0 0x2 0x0 0x0 0x0 0x0 0x0 0x0 0x0 0x0 0x0 0x0 0x80 0x0 0x0 0x0 0x0 0xff 0xff 0xff 0x7f 0x0 0x0 0x0 0x0 
 599000[    299]: system.cpu T1 : 0x29b4(6)    : (memo:ialuneq2c ) IALU.T0!=T0->Cond : FloatMult :  D=0x0000000000000000
 605000[    302]: system.cpu T1 : 0x2a60(8)    : (memo:falucvtd2w) FALU.Int T0(T,D)->BIU2 : SimdMisc :  D=0x1 0x0 0x0 0x20 0x0 0x0 0x0 0x0 0xfe 0xff 0xff 0xff 0x0 0x0 0x0 0x0 0x2 0x0 0x0 0x0 0x0 0x0 0x0 0x0 0xfe 0xff 0xff 0xff 0x0 0x0 0x0 0x0 0xff 0xff 0xff 0xff 0x0 0x0 0x0 0x0 0x1 0x0 0x0 0x0 0x0 0x0 0x0 0x0 0x0 0x0 0x0 0x80 0x0 0x0 0x0 0x0 0xff 0xff 0xff 0x7f 0x0 0x0 0x0 0x0 
 608000[    304]: system.cpu T1 : 0x2c08(13)    : (memo:mpustop   ) MSEQ.Stop : SimdFloatAlu : 
 612000[    306]: system.cpu T0 : 0x1c8    : callmimmb  _FALUTest10     : IntAlu : 
 621000[    310]: system.cpu T1 : 0x2c34(0)    : (memo:mr0       ) R0.M[0]->FALU.T0(I0) : IntAlu :  D=0x0 0x0 0xc0 0x0 0x0 0x0 0xc0 0x41 0x0 0x0 0x0 0x0 0x0 0x0 0x0 0xc0 0x0 0x0 0x0 0x0 0x0 0x0 0x6 0x40 0x0 0x0 0x0 0x0 0x0 0x0 0x6 0xc0 0x0 0x0 0x0 0x0 0x0 0x0 0xf8 0xbf 0x0 0x0 0x0 0x0 0x0 0x0 0xf8 0x3f 0x0 0x0 0x0 0xf0 0x0 0x0 0xff 0xfe 0x0 0x0 0x0 0x0 0xff 0xff 0xef 0x7f 
 622000[    311]: system.cpu T1 : 0x2c5d(0)    : (memo:mr0       ) R0.M[1]->FALU.T1(I0) : IntAlu :  D=0x0 0x0 0x0 0x0 0x0 0x0 0x10 0x40 0x0 0x0 0x0 0x0 0x0 0x0 0x10 0x40 0x0 0x0 0x0 0x0 0x0 0x0 0x10 0x40 0x0 0x0 0x0 0x0 0x0 0x0 0x10 0x40 0x0 0x0 0x0 0x0 0x0 0x0 0x10 0x40 0x0 0x0 0x0 0x0 0x0 0x0 0x10 0x40 0x0 0x0 0x0 0x0 0x0 0x0 0x10 0x40 0x0 0x0 0x0 0x0 0x0 0x0 0x10 0x40 
 628000[    314]: system.cpu T1 : 0x2cc7(8)    : (memo:falucvtd2w) FALU.Int T0(D)->M[99] : SimdMisc :  D=0x2 0x0 0x0 0x20 0x0 0x0 0x0 0x0 0xfe 0xff 0xff 0xff 0x0 0x0 0x0 0x0 0x3 0x0 0x0 0x0 0x0 0x0 0x0 0x0 0xfd 0xff 0xff 0xff 0x0 0x0 0x0 0x0 0xfe 0xff 0xff 0xff 0x0 0x0 0x0 0x0 0x2 0x0 0x0 0x0 0x0 0x0 0x0 0x0 0x0 0x0 0x0 0x80 0x0 0x0 0x0 0x0 0xff 0xff 0xff 0x7f 0x0 0x0 0x0 0x0 
 628000[    314]: system.cpu T1 : 0x2d3a(6)    : (memo:ialuequal2c) IALU.T0==T0->Cond : FloatMult :  D=0x0000000000000001
 629000[    314]: system.cpu T1 : 0x2cf0(8)    : (memo:falucvtd2w) FALU.Int T0(T,D)->M[99] : SimdMisc :  D=0x1 0x0 0x0 0x20 0x0 0x0 0x0 0x0 0xfe 0xff 0xff 0xff 0x0 0x0 0x0 0x0 0x2 0x0 0x0 0x0 0x0 0x0 0x0 0x0 0xfe 0xff 0xff 0xff 0x0 0x0 0x0 0x0 0xff 0xff 0xff 0xff 0x0 0x0 0x0 0x0 0x1 0x0 0x0 0x0 0x0 0x0 0x0 0x0 0x0 0x0 0x0 0x80 0x0 0x0 0x0 0x0 0xff 0xff 0xff 0x7f 0x0 0x0 0x0 0x0 
 635000[    317]: system.cpu T1 : 0x2de6(8)    : (memo:falucvtd2w) FALU.Int T0(D)->M[99] : SimdMisc :  D=0x2 0x0 0x0 0x20 0x0 0x0 0x0 0x0 0xfe 0xff 0xff 0xff 0x0 0x0 0x0 0x0 0x3 0x0 0x0 0x0 0x0 0x0 0x0 0x0 0xfd 0xff 0xff 0xff 0x0 0x0 0x0 0x0 0xfe 0xff 0xff 0xff 0x0 0x0 0x0 0x0 0x2 0x0 0x0 0x0 0x0 0x0 0x0 0x0 0x0 0x0 0x0 0x80 0x0 0x0 0x0 0x0 0xff 0xff 0xff 0x7f 0x0 0x0 0x0 0x0 
 635000[    317]: system.cpu T1 : 0x2e59(6)    : (memo:ialuneq2c ) IALU.T0!=T0->Cond : FloatMult :  D=0x0000000000000000
 642000[    321]: system.cpu T1 : 0x2f05(8)    : (memo:falucvtd2w) FALU.Int T0(T,D)->M[99] : SimdMisc :  D=0x1 0x0 0x0 0x20 0x0 0x0 0x0 0x0 0xfe 0xff 0xff 0xff 0x0 0x0 0x0 0x0 0x2 0x0 0x0 0x0 0x0 0x0 0x0 0x0 0xfe 0xff 0xff 0xff 0x0 0x0 0x0 0x0 0xff 0xff 0xff 0xff 0x0 0x0 0x0 0x0 0x1 0x0 0x0 0x0 0x0 0x0 0x0 0x0 0x0 0x0 0x0 0x80 0x0 0x0 0x0 0x0 0xff 0xff 0xff 0x7f 0x0 0x0 0x0 0x0 
 644000[    322]: system.cpu T1 : 0x30ad(13)    : (memo:mpustop   ) MSEQ.Stop : SimdFloatAlu : 
 654000[    327]: system.cpu T0 : 0x1e0    : spustop                    : IntAlu : 
