  14000[      7]: system.cpu T0 : 0x8    : callmimmb  _IALUTest       : IntAlu : 
  26000[     13]: system.cpu T1 : 0xff(4)    : (memo:shu0idx   ) SHU0.TSQ IND TSQ->IALU.T0(I0) : IntAlu :  D=0x0 0x1 0x2 0x3 0x4 0x5 0x6 0x7 0x8 0x9 0xa 0xb 0xc 0xd 0xe 0xf 0x10 0x11 0x12 0x13 0x14 0x15 0x16 0x17 0x18 0x19 0x1a 0x1b 0x1c 0x1d 0x1e 0x1f 0x20 0x21 0x22 0x23 0x24 0x25 0x26 0x27 0x28 0x29 0x2a 0x2b 0x2c 0x2d 0x2e 0x2f 0x30 0x31 0x32 0x33 0x34 0x35 0x36 0x37 0x38 0x39 0x3a 0x3b 0x3c 0x3d 0x3e 0x3f 
  29000[     14]: system.cpu T1 : 0x158(6)    : (memo:ialuexpd  ) IALU.Expd T0(H)->IALU.T0 : IntAlu :  D=0x0 0x1 0x0 0x0 0x4 0x5 0x0 0x0 0x8 0x9 0x0 0x0 0xc 0xd 0x0 0x0 0x10 0x11 0x0 0x0 0x14 0x15 0x0 0x0 0x18 0x19 0x0 0x0 0x1c 0x1d 0x0 0x0 0x20 0x21 0x0 0x0 0x24 0x25 0x0 0x0 0x28 0x29 0x0 0x0 0x2c 0x2d 0x0 0x0 0x30 0x31 0x0 0x0 0x34 0x35 0x0 0x0 0x38 0x39 0x0 0x0 0x3c 0x3d 0x0 0x0 
  34000[     17]: system.cpu T1 : 0x225(6)    : (memo:ialucprs  ) IALU.Cprs(T0,T1)->IALU.T0 : IntAlu :  D=0x0 0x1 0x2 0x3 0x4 0x5 0x6 0x7 0x8 0x9 0xa 0xb 0xc 0xd 0xe 0xf 0x10 0x11 0x12 0x13 0x14 0x15 0x16 0x17 0x18 0x19 0x1a 0x1b 0x1c 0x1d 0x1e 0x1f 0x20 0x21 0x22 0x23 0x24 0x25 0x26 0x27 0x28 0x29 0x2a 0x2b 0x2c 0x2d 0x2e 0x2f 0x30 0x31 0x32 0x33 0x34 0x35 0x36 0x37 0x38 0x39 0x3a 0x3b 0x3c 0x3d 0x3e 0x3f 
  39000[     19]: system.cpu T1 : 0x2f2(6)    : (memo:ialuexpd  ) IALU.Expd T0(B)->IALU.T0 : IntAlu :  D=0x0 0x0 0x1 0x0 0x4 0x0 0x5 0x0 0x8 0x0 0x9 0x0 0xc 0x0 0xd 0x0 0x10 0x0 0x11 0x0 0x14 0x0 0x15 0x0 0x18 0x0 0x19 0x0 0x1c 0x0 0x1d 0x0 0x20 0x0 0x21 0x0 0x24 0x0 0x25 0x0 0x28 0x0 0x29 0x0 0x2c 0x0 0x2d 0x0 0x30 0x0 0x31 0x0 0x34 0x0 0x35 0x0 0x38 0x0 0x39 0x0 0x3c 0x0 0x3d 0x0 
  44000[     22]: system.cpu T1 : 0x3bf(6)    : (memo:ialucprs  ) IALU.Cprs(T0,T1)(H)->IALU.T0 : IntAlu :  D=0x0 0x1 0x2 0x3 0x4 0x5 0x6 0x7 0x8 0x9 0xa 0xb 0xc 0xd 0xe 0xf 0x10 0x11 0x12 0x13 0x14 0x15 0x16 0x17 0x18 0x19 0x1a 0x1b 0x1c 0x1d 0x1e 0x1f 0x20 0x21 0x22 0x23 0x24 0x25 0x26 0x27 0x28 0x29 0x2a 0x2b 0x2c 0x2d 0x2e 0x2f 0x30 0x31 0x32 0x33 0x34 0x35 0x36 0x37 0x38 0x39 0x3a 0x3b 0x3c 0x3d 0x3e 0x3f 
  46000[     23]: system.cpu T1 : 0x4a2(13)    : (memo:mpustop   ) MSEQ.Stop : IntAlu : 
  52000[     26]: system.cpu T0 : 0x10    : immtransr  r0, 2           : IntAlu :  D=0x0000000000000002
  54000[     27]: system.cpu T0 : 0x14    : immtransr  r1, 3           : IntAlu :  D=0x0000000000000003
  60000[     30]: system.cpu T0 : 0x18    : fixadd     r2, r1, r2      : IntAlu :  D=0x0000000000000003
  64000[     32]: system.cpu T0 : 0x28    : spustop                    : IntAlu : 
