EA=0xc00000 56 66 95 04 
EA=0xc00004 6b cf 8f cf 
EA=0xc00008 63 8c 7f e8 
EA=0xc0000c 73 fd 4f ae 
EA=0xc00010 0e d0 96 3d 
EA=0xc00014 ca 0d 44 0e 
EA=0xc00018 e5 96 b6 c7 
EA=0xc0001c 88 ae 2a 86 
EA=0xc00020 53 88 0a 0d 
EA=0xc00024 c2 d9 12 e5 
EA=0xc00028 d9 ba 51 86 
EA=0xc0002c ae a9 3d 53 
EA=0xc00030 dc 1c ba c0 
EA=0xc00034 4c 2a 50 89 
EA=0xc00038 88 02 ef 15 
EA=0xc0003c 0e b5 5f 8f 
EA=0xc00040 58 a3 fd 32 
EA=0xc00044 eb 85 6b a1 
EA=0xc00048 61 7e f7 b6 
EA=0xc0004c 73 bc 02 85 
EA=0xc00050 8f c8 ce 3a 
EA=0xc00054 50 fd 13 db 
EA=0xc00058 38 77 12 1d 
EA=0xc0005c ed b3 ae b9 
EA=0xc00060 8e f7 12 51 
EA=0xc00064 80 b4 5f d5 
EA=0xc00068 8d 8c 8f ed 
EA=0xc0006c f7 75 65 b8 
EA=0xc00070 63 13 65 ba 
EA=0xc00074 7e 4d 79 86 
EA=0xc00078 49 fb 38 49 
EA=0xc0007c dc f1 b6 94 
EA=0xc00080 ce 8e dc 1c 
EA=0xc00084 b5 1f 26 0a 
EA=0xc00088 08 13 f2 28 
EA=0xc0008c 4c 12 2a 8f 
EA=0xc00090 12 d9 fd b6 
EA=0xc00094 d5 4b 1d b6 
EA=0xc00098 12 8e aa c4 
EA=0xc0009c 8f 44 7f 9d 
EA=0xc000a0 c7 50 b6 38 
EA=0xc000a4 4e 2a 04 73 
EA=0xc000a8 ab 4c e6 80 
EA=0xc000ac 2d 59 13 02 
EA=0xc000b0 86 7e c6 dc 
EA=0xc000b4 ae b6 e5 49 
EA=0xc000b8 c8 4b 73 6d 
EA=0xc000bc 2a 08 b6 24 
EA=0xc000c0 c6 86 ed c8 
EA=0xc000c4 61 98 94 89 
EA=0xc000c8 86 5a 9f 0e 
EA=0xc000cc 95 fa 96 37 
EA=0xc000d0 fd ca 5a 1a 
EA=0xc000d4 4e 12 e6 b9 
EA=0xc000d8 0a 81 2a d0 
EA=0xc000dc cf 61 ca 70 
EA=0xc000e0 3f 70 b9 fb 
EA=0xc000e4 65 f2 c8 4d 
EA=0xc000e8 fa 1f c7 6b 
EA=0xc000ec 5b d5 c8 5a 
EA=0xc000f0 73 2a a8 58 
EA=0xc000f4 32 1c c6 bd 
EA=0xc000f8 df 79 ca bc 
EA=0xc000fc 29 f2 3d 70 
EA=0xc00100 9f c0 77 77 
EA=0xc00104 49 89 37 ca 
EA=0xc00108 c6 b3 85 6b 
EA=0xc0010c 02 df c8 c7 
EA=0xc00110 86 50 4f 70 
EA=0xc00114 2a c1 2f 65 
EA=0xc00118 28 dc 8e 2a 
EA=0xc0011c 5b 65 13 29 
EA=0xc00120 a1 12 9d ed 
EA=0xc00124 86 b6 f9 44 
EA=0xc00128 ed c5 4e c8 
EA=0xc0012c c0 fa ca cb 
EA=0xc00130 ed b6 09 8f 
EA=0xc00134 8d 9f 09 96 
EA=0xc00138 01 38 70 c4 
EA=0xc0013c 94 a9 f8 65 
EA=0xc00140 85 13 8c 2f 
EA=0xc00144 cf d5 7d ca 
EA=0xc00148 7e 5b 88 b7 
EA=0xc0014c a9 a9 7e db 
EA=0xc00150 8e 7d 96 f7 
EA=0xc00154 ef f1 12 59 
EA=0xc00158 51 37 15 78 
EA=0xc0015c c8 0d 58 63 
EA=0xc00160 94 77 2d c0 
EA=0xc00164 86 4b a3 0e 
EA=0xc00168 15 38 0a 36 
EA=0xc0016c 2a c7 c5 2e 
EA=0xc00170 0b e4 c2 fa 
EA=0xc00174 12 65 b6 e8 
EA=0xc00178 61 1c 5c 79 
EA=0xc0017c 5e ed b9 79 
EA=0xc00180 b4 fb 84 4e 
EA=0xc00184 a3 bd 3d 58 
EA=0xc00188 13 98 86 bd 
EA=0xc0018c d0 7e ab 0d 
EA=0xc00190 0c 78 f2 ed 
EA=0xc00194 6b f2 1c 7e 
EA=0xc00198 23 b6 b3 c9 
EA=0xc0019c 7d 2a ce db 
EA=0xc001a0 b4 1a 4e b8 
EA=0xc001a4 78 73 8a a9 
EA=0xc001a8 ab 5c b3 a1 
EA=0xc001ac f9 bd c1 8d 
EA=0xc001b0 2d 76 7f 02 
EA=0xc001b4 49 89 63 8f 
EA=0xc001b8 75 0b c4 f7 
EA=0xc001bc 73 65 e5 58 
EA=0xc001c0 61 8f 78 e4 
EA=0xc001c4 c9 9c ce c6 
EA=0xc001c8 12 02 08 4e 
EA=0xc001cc 35 9c 0d ca 
EA=0xc001d0 38 c8 9a c0 
EA=0xc001d4 50 1f f1 bc 
EA=0xc001d8 89 c2 44 f9 
EA=0xc001dc 2a ca 4b 24 
EA=0xc001e0 3a fb 88 d0 
EA=0xc001e4 76 39 c3 ef 
EA=0xc001e8 cf 2f 9c 3c 
EA=0xc001ec e5 ed 8c 8f 
EA=0xc001f0 85 db d7 d0 
EA=0xc001f4 77 79 86 2a 
EA=0xc001f8 29 53 39 9d 
EA=0xc001fc 86 eb aa 50 
EA=0xc00200 a1 ab c5 a1 
EA=0xc00204 96 2a 01 cb 
EA=0xc00208 1a 5c eb ab 
EA=0xc0020c c2 5b 2d c7 
EA=0xc00210 49 92 65 d7 
EA=0xc00214 3d 86 62 89 
EA=0xc00218 fb 1a 89 0e 
EA=0xc0021c 95 d8 73 c9 
EA=0xc00220 5c ca e8 8d 
EA=0xc00224 f1 d3 c8 51 
EA=0xc00228 0a 3d 9e 8a 
EA=0xc0022c 6b b9 c2 a8 
EA=0xc00230 79 4e c7 79 
EA=0xc00234 a9 c6 0e b4 
EA=0xc00238 ab 78 15 5a 
EA=0xc0023c 15 cb fb 17 
EA=0xc00240 fa 5b 3c 46 
EA=0xc00244 7d 70 f9 86 
EA=0xc00248 5e 9e 9a 1c 
EA=0xc0024c 6b cf b6 8a 
EA=0xc00250 26 c9 0a cf 
EA=0xc00254 29 b3 f7 d3 
EA=0xc00258 65 78 93 7e 
EA=0xc0025c c8 79 d7 89 
EA=0xc00260 4c ba 96 0e 
EA=0xc00264 3d c0 4d 5a 
EA=0xc00268 bd b6 70 0d 
EA=0xc0026c e5 36 86 fa 
EA=0xc00270 71 cf 44 77 
EA=0xc00274 b4 8f f7 b6 
EA=0xc00278 ca ca 38 76 
EA=0xc0027c 69 c5 84 dc 
EA=0xc00280 86 d5 d7 4e 
EA=0xc00284 77 da d8 ae 
EA=0xc00288 d8 0a 41 51 
EA=0xc0028c 7d 84 1c db 
EA=0xc00290 6b 4f 86 ef 
EA=0xc00294 c1 6b 1a c4 
EA=0xc00298 8f e5 89 66 
EA=0xc0029c fb 80 9f aa 
EA=0xc002a0 7f 02 da 63 
EA=0xc002a4 b9 b4 3d 73 
EA=0xc002a8 6d b5 15 0a 
EA=0xc002ac e5 89 0e c8 
EA=0xc002b0 c5 9f a8 c1 
EA=0xc002b4 6b ca 7f 5c 
EA=0xc002b8 13 7f e4 cf 
EA=0xc002bc 12 8d 7f b8 
EA=0xc002c0 6b 29 86 53 
EA=0xc002c4 c9 77 ed b6 
EA=0xc002c8 b6 4c 8e 76 
EA=0xc002cc e8 d9 0d 23 
EA=0xc002d0 dc 3f e6 cb 
EA=0xc002d4 b8 4d 65 b5 
EA=0xc002d8 a3 50 50 d5 
EA=0xc002dc 9f 3d 38 8c 
EA=0xc002e0 2f 0e 89 0d 
EA=0xc002e4 d0 0b 65 f5 
EA=0xc002e8 38 50 dc 73 
EA=0xc002ec b9 c5 9e da 
EA=0xc002f0 0d a1 d3 8c 
EA=0xc002f4 93 8a b6 0a 
EA=0xc002f8 9f 37 17 7e 
EA=0xc002fc 46 0a 7e 95 
EA=0xc00300 85 b9 23 38 
EA=0xc00304 17 1c b4 89 
EA=0xc00308 32 c4 c1 73 
EA=0xc0030c b6 38 df c2 
EA=0xc00310 69 6d 65 d5 
EA=0xc00314 fa a1 7e b7 
EA=0xc00318 44 44 9f c0 
EA=0xc0031c 79 b6 2a 3c 
EA=0xc00320 b8 8f 7e c6 
EA=0xc00324 8a 86 96 b6 
EA=0xc00328 12 4c 8a c6 
EA=0xc0032c 0e 29 b6 13 
EA=0xc00330 0d 96 1d 8a 
EA=0xc00334 5c 24 da c4 
EA=0xc00338 fa b4 65 73 
EA=0xc0033c 24 9f 0e 7e 
EA=0xc00340 f8 73 89 89 
EA=0xc00344 15 fa 79 d0 
EA=0xc00348 36 62 2a 3c 
EA=0xc0034c 1c 0e 71 24 
EA=0xc00350 5b 79 bd 79 
EA=0xc00354 f7 c4 4c 76 
EA=0xc00358 39 89 4c 13 
EA=0xc0035c fa c2 6d 0a 
EA=0xc00360 0e 53 4e db 
EA=0xc00364 04 bc f1 a3 
EA=0xc00368 4f 8e f2 5f 
EA=0xc0036c 28 13 04 35 
EA=0xc00370 58 3c 35 51 
EA=0xc00374 b3 6d c1 1a 
EA=0xc00378 01 ab 71 73 
EA=0xc0037c da f2 8d 6d 
EA=0xc00380 96 df 76 38 
EA=0xc00384 50 bd d5 c7 
EA=0xc00388 41 9d cf 3c 
EA=0xc0038c 6d d5 f9 5b 
EA=0xc00390 5b 62 67 95 
EA=0xc00394 c1 9c 86 13 
EA=0xc00398 dc e6 cf 79 
EA=0xc0039c 39 65 59 0d 
EA=0xc003a0 8d 0d fa 9c 
EA=0xc003a4 73 8e 2e 0c 
EA=0xc003a8 e6 5c d5 65 
EA=0xc003ac c3 f1 3f f7 
EA=0xc003b0 71 d7 d7 f8 
EA=0xc003b4 65 5b cf fd 
EA=0xc003b8 8e 96 f2 b4 
EA=0xc003bc 71 0d fd 51 
EA=0xc003c0 63 96 c5 a9 
EA=0xc003c4 13 29 98 d8 
EA=0xc003c8 85 b9 a9 77 
EA=0xc003cc c8 13 53 7e 
EA=0xc003d0 ed 69 fd 50 
EA=0xc003d4 9a 9a 44 56 
EA=0xc003d8 d9 41 2a 89 
EA=0xc003dc bd 2d dc d5 
EA=0xc003e0 9f 0a c8 7f 
EA=0xc003e4 63 04 7e 13 
EA=0xc003e8 5b 8f 93 dc 
EA=0xc003ec 4c 77 fa 2d 
EA=0xc003f0 6b 02 7e fa 
EA=0xc003f4 29 b6 29 f5 
EA=0xc003f8 7e 63 e6 35 
EA=0xc003fc 2a d5 80 0d 
EA=0xc00400 ed c1 04 15 
EA=0xc00404 29 f7 8d 7e 
EA=0xc00408 8f b6 2a 5e 
EA=0xc0040c fa 3d 62 c8 
EA=0xc00410 36 70 b4 f9 
EA=0xc00414 cb e6 8c 53 
EA=0xc00418 f7 36 78 39 
EA=0xc0041c 2a 58 ef c9 
EA=0xc00420 c5 08 d0 f2 
EA=0xc00424 86 ba 5b 20 
EA=0xc00428 a1 58 12 a3 
EA=0xc0042c 02 0b 8e f1 
EA=0xc00430 2a b4 ef ca 
EA=0xc00434 8a 24 2a 2f 
EA=0xc00438 d5 c6 d9 a1 
EA=0xc0043c 9d 65 9f 9f 
EA=0xc00440 4f 56 c1 b3 
EA=0xc00444 6b 77 fa 51 
EA=0xc00448 8f a3 ca db 
EA=0xc0044c 8a e8 3d 0b 
EA=0xc00450 86 13 62 13 
EA=0xc00454 4b 67 2a 2f 
EA=0xc00458 1f 9f 98 5f 
EA=0xc0045c 84 db c4 76 
EA=0xc00460 f7 fb 38 35 
EA=0xc00464 70 eb 79 88 
EA=0xc00468 db 88 20 13 
EA=0xc0046c b4 ae 23 46 
EA=0xc00470 f2 80 cf 4d 
EA=0xc00474 cf 8d 12 c4 
EA=0xc00478 76 58 6d b4 
EA=0xc0047c 89 49 0e fd 
EA=0xc00480 b3 41 f7 5f 
EA=0xc00484 84 29 56 7e 
EA=0xc00488 ab b6 ca b8 
EA=0xc0048c 61 2a 8f 35 
EA=0xc00490 78 02 a9 2a 
EA=0xc00494 f1 ae fa 59 
EA=0xc00498 6b fa 5f 5f 
EA=0xc0049c 89 1a 2d da 
EA=0xc004a0 6d 3c 86 0c 
EA=0xc004a4 e6 d5 24 44 
EA=0xc004a8 d5 5f 63 26 
EA=0xc004ac c1 75 a1 bd 
EA=0xc004b0 c5 d9 f5 c3 
EA=0xc004b4 cf 1d 13 aa 
EA=0xc004b8 e4 0e 2a 73 
EA=0xc004bc c0 fa fd b6 
EA=0xc004c0 ab 04 36 38 
EA=0xc004c4 e6 ed 7e 12 
EA=0xc004c8 2a 5c fd 2d 
EA=0xc004cc 56 0b dc e8 
EA=0xc004d0 0a 9c df d9 
EA=0xc004d4 3d aa b8 71 
EA=0xc004d8 76 65 cf 61 
EA=0xc004dc 6b 7e f5 a1 
EA=0xc004e0 2a 8d 5c b4 
EA=0xc004e4 ec d5 77 0d 
EA=0xc004e8 65 a9 84 79 
EA=0xc004ec 04 8e fa 15 
EA=0xc004f0 8f 26 1c 0d 
EA=0xc004f4 aa c8 b6 38 
EA=0xc004f8 8d ae 98 f8 
EA=0xc004fc 35 1c e8 13 
EA=0xc00500 fa c6 3d 4b 
EA=0xc00504 0a 6d 80 fa 
EA=0xc00508 13 5f d5 0d 
EA=0xc0050c b4 fa 78 0a 
EA=0xc00510 2a 12 d8 6b 
EA=0xc00514 c5 66 c0 c7 
EA=0xc00518 77 8c 65 d7 
EA=0xc0051c 2a 88 da 89 
EA=0xc00520 8f 12 c8 6d 
EA=0xc00524 a9 bd c7 f5 
EA=0xc00528 3d 62 24 89 
EA=0xc0052c b5 65 bd c5 
EA=0xc00530 78 93 a3 cf 
EA=0xc00534 44 32 cb e8 
EA=0xc00538 ce fa aa 2a 
EA=0xc0053c 8c 0e 70 3b 
EA=0xc00540 86 d7 65 2a 
EA=0xc00544 61 ba 89 86 
EA=0xc00548 ce f2 0b ae 
EA=0xc0054c 8c 85 7e 69 
EA=0xc00550 62 98 84 b4 
EA=0xc00554 db 89 c8 b3 
EA=0xc00558 38 d9 0e fd 
EA=0xc0055c f8 77 5b fa 
EA=0xc00560 0b ae 66 01 
EA=0xc00564 e5 38 fa 86 
EA=0xc00568 8f fa 0a 75 
EA=0xc0056c f8 13 38 8f 
EA=0xc00570 da 73 37 0b 
EA=0xc00574 78 8a d0 8a 
EA=0xc00578 bd cb 4c 02 
EA=0xc0057c 28 5b 35 8f 
EA=0xc00580 89 c0 e4 5c 
EA=0xc00584 7f 2d e5 b6 
EA=0xc00588 d0 9f b4 9f 
EA=0xc0058c 5b ae 65 0e 
EA=0xc00590 b6 86 3d 7e 
EA=0xc00594 6d 9f 2a a9 
EA=0xc00598 aa 5e fd 3a 
EA=0xc0059c 23 a1 8e d9 
EA=0xc005a0 81 dc 4b db 
EA=0xc005a4 ca 09 79 88 
EA=0xc005a8 0e 17 6b c8 
EA=0xc005ac 7e bc 41 c6 
EA=0xc005b0 2a f2 4d 1f 
EA=0xc005b4 37 2a 78 c5 
EA=0xc005b8 9e 1d bc c6 
EA=0xc005bc 02 c7 8f 0b 
EA=0xc005c0 67 0d 6d 9d 
EA=0xc005c4 5a 2d 0b e5 
EA=0xc005c8 76 a9 ca 61 
EA=0xc005cc fa bd cf 4e 
EA=0xc005d0 c6 86 d7 b6 
EA=0xc005d4 d0 ce 0a 0e 
EA=0xc005d8 1d b5 c9 bd 
EA=0xc005dc b6 89 49 d7 
EA=0xc005e0 46 26 e4 79 
EA=0xc005e4 36 44 1f 44 
EA=0xc005e8 8e 4c 8d 66 
EA=0xc005ec 13 95 86 12 
EA=0xc005f0 b4 44 69 23 
EA=0xc005f4 a9 b8 3a 0c 
EA=0xc005f8 1c 32 3c db 
EA=0xc005fc 50 b9 67 5c 
EA=0xc00600 04 b8 c4 8c 
EA=0xc00604 37 e6 50 28 
EA=0xc00608 38 fa a1 fd 
EA=0xc0060c ca b9 ca 84 
EA=0xc00610 f7 c7 96 0a 
EA=0xc00614 0a 78 db 08 
EA=0xc00618 fd b8 0e ed 
EA=0xc0061c d0 fa 1f 17 
EA=0xc00620 9a 63 98 bc 
EA=0xc00624 f8 fd 89 f7 
EA=0xc00628 b4 86 8e db 
EA=0xc0062c ca a9 4e b5 
EA=0xc00630 bd 3d 92 2d 
EA=0xc00634 1f 66 a8 7e 
EA=0xc00638 d9 5c 7f 5b 
EA=0xc0063c 63 ca 2a 4e 
EA=0xc00640 b9 f2 3d b3 
EA=0xc00644 b5 fa 4f 96 
EA=0xc00648 fd 5f 7e 79 
EA=0xc0064c fa 85 5b ec 
EA=0xc00650 4f 7e 5c 2e 
EA=0xc00654 8a 98 44 f2 
EA=0xc00658 ae 01 79 3b 
EA=0xc0065c 0e fa 8e 0a 
EA=0xc00660 ca 4b 6d 1d 
EA=0xc00664 2d bd 49 41 
EA=0xc00668 17 85 b4 2a 
EA=0xc0066c 53 b6 0d e8 
EA=0xc00670 c3 36 3d d3 
EA=0xc00674 b4 fd ca e6 
EA=0xc00678 f7 56 d5 f8 
EA=0xc0067c 8f 8c 71 b4 
EA=0xc00680 86 7f b6 49 
EA=0xc00684 c5 db 5e c7 
EA=0xc00688 79 bc 5f 9f 
EA=0xc0068c d3 db fd 86 
EA=0xc00690 49 09 ae 09 
EA=0xc00694 80 dc a9 79 
EA=0xc00698 4e ab 79 8a 
EA=0xc0069c 0c 8a 62 79 
EA=0xc006a0 c7 79 09 67 
EA=0xc006a4 65 cf df 7e 
EA=0xc006a8 ca ae 49 fa 
EA=0xc006ac f8 13 8d 9f 
EA=0xc006b0 50 85 ce d5 
EA=0xc006b4 65 c8 86 86 
EA=0xc006b8 67 db b7 80 
EA=0xc006bc e4 d7 32 80 
EA=0xc006c0 d9 9f 8f 2a 
EA=0xc006c4 39 26 1c 78 
EA=0xc006c8 ae c3 63 88 
EA=0xc006cc 86 86 a8 e6 
EA=0xc006d0 1c 71 79 c5 
EA=0xc006d4 d9 ed fa f2 
EA=0xc006d8 3d ce 12 1a 
EA=0xc006dc ca a1 32 ed 
EA=0xc006e0 29 78 15 86 
EA=0xc006e4 36 79 12 1c 
EA=0xc006e8 1c 9a 1d cf 
EA=0xc006ec 1f 79 aa 3b 
EA=0xc006f0 9f 4f 08 b7 
EA=0xc006f4 c7 bc 32 76 
EA=0xc006f8 2d 5c 75 0d 
EA=0xc006fc 78 c8 a1 c3 
EA=0xc00700 86 1d ca 8d 
EA=0xc00704 b4 5c eb 7d 
EA=0xc00708 e6 c6 c5 df 
EA=0xc0070c e6 a1 8c c6 
EA=0xc00710 2d 85 c1 ca 
EA=0xc00714 fb 49 9a 3d 
EA=0xc00718 c2 49 db 3d 
EA=0xc0071c 15 ba 8c 56 
EA=0xc00720 6b 29 8f 58 
EA=0xc00724 ba ec 7d 81 
EA=0xc00728 01 50 77 f7 
EA=0xc0072c 2e c7 65 5b 
EA=0xc00730 ca b4 35 13 
EA=0xc00734 d8 2d 7e d9 
EA=0xc00738 12 e6 67 da 
EA=0xc0073c b9 fa ec 6b 
EA=0xc00740 12 66 1d c5 
EA=0xc00744 3d 96 c4 12 
EA=0xc00748 c5 c6 0e 8e 
EA=0xc0074c 53 04 fa 5f 
EA=0xc00750 f2 70 86 8a 
EA=0xc00754 3f f2 b6 86 
EA=0xc00758 a9 9a bd 9a 
EA=0xc0075c fb 96 2a a8 
EA=0xc00760 bd d9 29 ce 
EA=0xc00764 ae 79 92 d7 
EA=0xc00768 5b ca a8 69 
EA=0xc0076c 2a c7 6b 0e 
EA=0xc00770 76 1c 2d 66 
EA=0xc00774 da 49 5e 94 
EA=0xc00778 d0 ab eb f2 
EA=0xc0077c db 58 0b c4 
EA=0xc00780 58 da 3d f2 
EA=0xc00784 0e 46 86 3f 
EA=0xc00788 3d 3a c4 2f 
EA=0xc0078c 0c e4 73 39 
EA=0xc00790 12 96 b9 b6 
EA=0xc00794 4f dc bc ca 
EA=0xc00798 7e 8f 9d 9d 
EA=0xc0079c 02 9f 46 e5 
EA=0xc007a0 38 0d 1a 93 
EA=0xc007a4 65 8a 39 5e 
EA=0xc007a8 fd d0 09 b6 
EA=0xc007ac f1 8a 41 2a 
EA=0xc007b0 ca 86 73 49 
EA=0xc007b4 ed da 63 a8 
EA=0xc007b8 c2 95 98 3b 
EA=0xc007bc 5f b6 fb aa 
EA=0xc007c0 12 32 04 9f 
EA=0xc007c4 84 61 49 fd 
EA=0xc007c8 44 b6 fa f2 
EA=0xc007cc fa c1 f2 db 
EA=0xc007d0 5b 12 67 94 
EA=0xc007d4 dc f2 65 23 
EA=0xc007d8 fb 23 70 f2 
EA=0xc007dc 2a c5 50 79 
EA=0xc007e0 cf 5e a3 cf 
EA=0xc007e4 8a 65 2a da 
EA=0xc007e8 0b 86 17 3d 
EA=0xc007ec 2e c7 26 a9 
EA=0xc007f0 56 59 bd 85 
EA=0xc007f4 b8 85 b7 9a 
EA=0xc007f8 c2 46 04 0d 
EA=0xc007fc 5f a1 39 ed 
EA=0xc00800 8a a1 98 80 
EA=0xc00804 f8 78 c1 2d 
EA=0xc00808 5f d5 76 5b 
EA=0xc0080c b6 d0 12 a9 
EA=0xc00810 9f a1 93 50 
EA=0xc00814 4e c8 49 1a 
EA=0xc00818 0a 26 95 73 
EA=0xc0081c e5 4c c8 7e 
EA=0xc00820 db f1 b6 cf 
EA=0xc00824 5b 79 ec 5b 
EA=0xc00828 c6 ae 56 50 
EA=0xc0082c ae 3d f9 cb 
EA=0xc00830 38 12 5f a1 
EA=0xc00834 6d c5 26 b8 
EA=0xc00838 f5 79 62 0a 
EA=0xc0083c d8 e4 5c dc 
EA=0xc00840 5b 36 9f b6 
EA=0xc00844 c0 c0 38 db 
EA=0xc00848 73 b9 b9 79 
EA=0xc0084c 86 b6 86 39 
EA=0xc00850 13 c7 69 76 
EA=0xc00854 0e 4f b6 9e 
EA=0xc00858 8c 86 26 ca 
EA=0xc0085c 3d 2a 2a 02 
EA=0xc00860 b7 73 3a fd 
EA=0xc00864 b4 78 b4 23 
EA=0xc00868 9a db cf 6b 
EA=0xc0086c 50 b5 23 eb 
EA=0xc00870 59 c2 b7 78 
EA=0xc00874 e6 b9 ae 78 
EA=0xc00878 e6 3a 78 b6 
EA=0xc0087c 2a 4f 53 7f 
EA=0xc00880 db 9f 29 85 
EA=0xc00884 4e 0a fa 7e 
EA=0xc00888 c2 71 3d db 
EA=0xc0088c 04 5e c9 95 
EA=0xc00890 b6 50 76 4c 
EA=0xc00894 3d e6 26 e6 
EA=0xc00898 bd 9f d5 e4 
EA=0xc0089c 0d b6 86 49 
EA=0xc008a0 77 d8 62 37 
EA=0xc008a4 0b 8f ab 96 
EA=0xc008a8 67 08 c5 93 
EA=0xc008ac 94 92 76 2d 
EA=0xc008b0 86 4c 78 d0 
EA=0xc008b4 2f 77 b9 bd 
EA=0xc008b8 fd 20 aa 44 
EA=0xc008bc 0d 4d 79 9d 
EA=0xc008c0 2a cf 5e 8c 
EA=0xc008c4 79 65 c1 d9 
EA=0xc008c8 77 84 b5 8d 
EA=0xc008cc d9 b3 5b 4c 
EA=0xc008d0 1f ca fd 8f 
EA=0xc008d4 3a c5 ba 51 
EA=0xc008d8 85 69 51 ab 
EA=0xc008dc 26 c5 89 66 
EA=0xc008e0 63 53 73 15 
EA=0xc008e4 6b 8e ca 0c 
EA=0xc008e8 9a a1 41 f8 
EA=0xc008ec d0 50 62 2d 
EA=0xc008f0 fb d7 6d c4 
EA=0xc008f4 f2 65 26 fd 
EA=0xc008f8 53 d7 89 59 
EA=0xc008fc 9e 3a ab c3 
EA=0xc00900 c8 85 b9 1a 
EA=0xc00904 5c 3c ba 28 
EA=0xc00908 76 78 c9 bc 
EA=0xc0090c 2a 86 65 fd 
EA=0xc00910 ca 5c 98 20 
EA=0xc00914 3b 79 db ab 
EA=0xc00918 fa 56 fb fa 
EA=0xc0091c 5c 8e bc 13 
EA=0xc00920 6b 5c 59 ae 
EA=0xc00924 61 79 9f 85 
EA=0xc00928 78 c5 ca 20 
EA=0xc0092c 49 3d 7d 29 
EA=0xc00930 12 49 85 78 
EA=0xc00934 ae 9a 49 5a 
EA=0xc00938 0b b6 56 f7 
EA=0xc0093c c9 65 85 0b 
EA=0xc00940 1f 38 fa f2 
EA=0xc00944 8f ed 94 0b 
EA=0xc00948 c4 38 5b 7e 
EA=0xc0094c a9 77 96 ed 
EA=0xc00950 c5 65 49 d5 
EA=0xc00954 67 2a c4 c6 
EA=0xc00958 3b 80 d9 aa 
EA=0xc0095c b3 9d 13 86 
EA=0xc00960 9c eb 61 7e 
EA=0xc00964 2a 8d 37 28 
EA=0xc00968 0a c3 01 96 
EA=0xc0096c 5c 13 84 8f 
EA=0xc00970 0e c7 c9 cb 
EA=0xc00974 ec 12 5b c5 
EA=0xc00978 b9 86 8c 86 
EA=0xc0097c 0e 29 3d a1 
EA=0xc00980 f8 96 b6 4e 
EA=0xc00984 b6 2f a8 8e 
EA=0xc00988 a8 c5 20 ca 
EA=0xc0098c 5f 2a 17 c9 
EA=0xc00990 62 f2 4e 8c 
EA=0xc00994 29 c0 35 1d 
EA=0xc00998 a3 09 41 ab 
EA=0xc0099c 49 51 02 b6 
EA=0xc009a0 b4 fa bd 2a 
EA=0xc009a4 51 58 d9 0a 
EA=0xc009a8 ba df 8c d5 
EA=0xc009ac 0a 76 58 44 
EA=0xc009b0 fd cf c7 7e 
EA=0xc009b4 8f 0a b6 46 
EA=0xc009b8 e6 8d 08 96 
EA=0xc009bc ce 53 ba 09 
EA=0xc009c0 76 a3 86 c9 
EA=0xc009c4 4d 28 3a a9 
EA=0xc009c8 da 0a 59 b7 
EA=0xc009cc 38 26 13 86 
EA=0xc009d0 ae ba 4c f1 
EA=0xc009d4 b6 ab 96 56 
EA=0xc009d8 ef 8f c8 8f 
EA=0xc009dc 20 4d c4 0c 
EA=0xc009e0 24 75 35 4e 
EA=0xc009e4 cf f2 a9 b6 
EA=0xc009e8 c8 3d a8 2a 
EA=0xc009ec 50 23 5c 4e 
EA=0xc009f0 6b 3f 4b 96 
EA=0xc009f4 ca c5 d9 49 
EA=0xc009f8 2f 9d 76 d9 
EA=0xc009fc 0e df 69 e6 
EA=0xc00a00 ae 5a d9 b5 
EA=0xc00a04 8e 5b ba 0a 
EA=0xc00a08 63 f9 8f b6 
EA=0xc00a0c 86 79 35 b8 
EA=0xc00a10 81 c5 ba f5 
EA=0xc00a14 dc 0e fb d0 
EA=0xc00a18 73 d9 76 2a 
EA=0xc00a1c dc a1 79 7e 
EA=0xc00a20 15 b3 0a ab 
EA=0xc00a24 41 86 41 fa 
EA=0xc00a28 85 93 17 fd 
EA=0xc00a2c 9f 0e c3 8a 
EA=0xc00a30 01 dc 4d ab 
EA=0xc00a34 1d 85 c7 9e 
EA=0xc00a38 fa d3 29 01 
EA=0xc00a3c 58 9f 63 bc 
EA=0xc00a40 ba eb 9f fa 
EA=0xc00a44 9e c9 89 ba 
EA=0xc00a48 ce ec a3 b9 
EA=0xc00a4c c5 09 b6 b4 
EA=0xc00a50 44 ef eb aa 
EA=0xc00a54 2a 79 04 2a 
EA=0xc00a58 a8 75 29 ae 
EA=0xc00a5c 67 ed c3 f7 
EA=0xc00a60 29 8a 94 0b 
EA=0xc00a64 2a aa da 94 
EA=0xc00a68 8a 13 a1 76 
EA=0xc00a6c c5 79 da c9 
EA=0xc00a70 b6 f2 56 70 
EA=0xc00a74 8e 17 dc 73 
EA=0xc00a78 69 ca 63 eb 
EA=0xc00a7c b9 fa c6 4e 
EA=0xc00a80 bd 6b 86 58 
EA=0xc00a84 4f 02 b6 26 
EA=0xc00a88 c8 4d 2e 39 
EA=0xc00a8c 0c d0 44 1f 
EA=0xc00a90 92 44 59 e5 
EA=0xc00a94 a9 bc d5 f7 
EA=0xc00a98 96 65 c7 73 
EA=0xc00a9c 2a 92 9d 59 
EA=0xc00aa0 c7 3c b8 8d 
EA=0xc00aa4 f2 3d 8c 8a 
EA=0xc00aa8 0a c7 ae 4e 
EA=0xc00aac 76 e5 8d 13 
EA=0xc00ab0 3d 5e 78 78 
EA=0xc00ab4 8e cf 8c 96 
EA=0xc00ab8 8f 6b 7d 29 
EA=0xc00abc 36 0a aa 88 
EA=0xc00ac0 5a 6d f2 0e 
EA=0xc00ac4 49 41 0d 94 
EA=0xc00ac8 0d 93 aa 98 
EA=0xc00acc 4d c3 23 79 
EA=0xc00ad0 4f d7 29 15 
EA=0xc00ad4 24 c5 d5 fd 
EA=0xc00ad8 80 e5 5c cf 
EA=0xc00adc 37 96 fa 7d 
EA=0xc00ae0 f2 f2 86 c0 
EA=0xc00ae4 9f d9 2e ae 
EA=0xc00ae8 70 29 0d 1d 
EA=0xc00aec 86 fa 04 58 
EA=0xc00af0 75 1c 4b 4e 
EA=0xc00af4 29 e8 3a 49 
EA=0xc00af8 04 b9 f5 b4 
EA=0xc00afc cf 3f e8 13 
EA=0xc00b00 c6 8f 9f 96 
EA=0xc00b04 46 8d 23 88 
EA=0xc00b08 26 2a 3d 4f 
EA=0xc00b0c 9f 73 86 9c 
EA=0xc00b10 4b c7 b6 28 
EA=0xc00b14 3d 24 9c 0d 
EA=0xc00b18 d9 e6 3c ca 
EA=0xc00b1c 12 29 65 f9 
EA=0xc00b20 8f b6 8a fd 
EA=0xc00b24 aa 5c 71 c3 
EA=0xc00b28 fa 51 d9 e6 
EA=0xc00b2c 0e d7 98 0a 
EA=0xc00b30 3b 75 98 b6 
EA=0xc00b34 93 ae b6 08 
EA=0xc00b38 b6 89 ed 0b 
EA=0xc00b3c 8d 3f 0b 23 
EA=0xc00b40 b9 ba c1 5a 
EA=0xc00b44 37 58 0a 26 
EA=0xc00b48 f7 28 08 ae 
EA=0xc00b4c 29 c7 53 d5 
EA=0xc00b50 b3 5c 73 88 
EA=0xc00b54 0a ca 2a f1 
EA=0xc00b58 0d 49 a3 12 
EA=0xc00b5c b9 29 0d 02 
EA=0xc00b60 58 20 63 09 
EA=0xc00b64 13 8d ae 0e 
EA=0xc00b68 7e b5 50 9d 
EA=0xc00b6c 08 58 c0 35 
EA=0xc00b70 f2 0a d0 9f 
EA=0xc00b74 fd 38 4d b4 
EA=0xc00b78 04 f2 86 7f 
EA=0xc00b7c 73 ab 96 ca 
EA=0xc00b80 13 b9 6d 6b 
EA=0xc00b84 01 ca b6 f1 
EA=0xc00b88 2a 70 76 a1 
EA=0xc00b8c 28 a1 1f 1c 
EA=0xc00b90 79 13 c3 89 
EA=0xc00b94 89 3b 4e b8 
EA=0xc00b98 0c 65 9f 6d 
EA=0xc00b9c 1c b6 77 23 
EA=0xc00ba0 3a 9e 63 f7 
EA=0xc00ba4 53 cf 78 1d 
EA=0xc00ba8 db dc 8d ec 
EA=0xc00bac f2 13 98 53 
EA=0xc00bb0 04 0b b3 f1 
EA=0xc00bb4 cf 76 b6 96 
EA=0xc00bb8 1f 8e 79 95 
EA=0xc00bbc e8 38 cb 9e 
EA=0xc00bc0 c6 9a bd fd 
EA=0xc00bc4 1f d5 0e ef 
EA=0xc00bc8 80 13 0c 8e 
EA=0xc00bcc a1 96 59 8c 
EA=0xc00bd0 73 1c 93 9e 
EA=0xc00bd4 a1 77 db 59 
EA=0xc00bd8 8a 8a fb 8d 
EA=0xc00bdc 93 2e 79 b6 
EA=0xc00be0 8f 5b 0d a8 
EA=0xc00be4 29 63 3d 12 
EA=0xc00be8 89 77 3c 1d 
EA=0xc00bec 04 eb f9 80 
EA=0xc00bf0 89 8e 86 e6 
EA=0xc00bf4 77 b6 0a 78 
EA=0xc00bf8 86 fd 7e cb 
EA=0xc00bfc ef 8d 8f 0e 
EA=0xc00c00 b9 04 89 aa 
EA=0xc00c04 c5 65 5c e6 
EA=0xc00c08 04 ef 4e cf 
EA=0xc00c0c 9c 6d df bd 
EA=0xc00c10 cf b6 0d b6 
EA=0xc00c14 0a 2d da ab 
EA=0xc00c18 7e 0d c1 ae 
EA=0xc00c1c 51 c1 78 f2 
EA=0xc00c20 ca ab 35 b5 
EA=0xc00c24 7d aa 7e f7 
EA=0xc00c28 ca ef 5e ef 
EA=0xc00c2c 7e 12 e4 d5 
EA=0xc00c30 9c 0d 5b 7e 
EA=0xc00c34 35 13 65 3d 
EA=0xc00c38 dc 04 c6 0a 
EA=0xc00c3c 96 3a ab 70 
EA=0xc00c40 4b 29 da 9c 
EA=0xc00c44 b4 8a b6 5e 
EA=0xc00c48 2a 0a d0 6d 
EA=0xc00c4c 38 46 12 4d 
EA=0xc00c50 ae 39 bd c0 
EA=0xc00c54 c8 86 c7 3d 
EA=0xc00c58 db eb 79 49 
EA=0xc00c5c 51 f1 0d 8e 
EA=0xc00c60 12 24 79 86 
EA=0xc00c64 e4 9d db 77 
EA=0xc00c68 73 fa 73 ab 
EA=0xc00c6c eb db b5 78 
EA=0xc00c70 ed 0a dc f2 
EA=0xc00c74 15 85 b7 6d 
EA=0xc00c78 f2 67 9c 79 
EA=0xc00c7c 5f 12 ed cf 
EA=0xc00c80 2a 3d 96 ed 
EA=0xc00c84 4f f7 bc a8 
EA=0xc00c88 53 2a 77 73 
EA=0xc00c8c ba 2e fa 26 
EA=0xc00c90 49 96 61 7e 
EA=0xc00c94 32 86 1c 6d 
EA=0xc00c98 86 c9 d8 9c 
EA=0xc00c9c 5f 9d 77 b7 
EA=0xc00ca0 c5 4e 0e 8f 
EA=0xc00ca4 7e 4e 80 c2 
EA=0xc00ca8 c7 b6 f5 38 
EA=0xc00cac 5b 3d 0d cf 
EA=0xc00cb0 d9 ed c5 c7 
EA=0xc00cb4 a9 86 fa 78 
EA=0xc00cb8 e6 86 2d 65 
EA=0xc00cbc 35 aa ed 95 
EA=0xc00cc0 3a e8 1d 13 
EA=0xc00cc4 c7 81 37 aa 
EA=0xc00cc8 63 85 61 6b 
EA=0xc00ccc a1 cf 2f 62 
EA=0xc00cd0 8f db 0b fa 
EA=0xc00cd4 df 71 b5 02 
EA=0xc00cd8 db a3 d0 b9 
EA=0xc00cdc 8c fb 17 d8 
EA=0xc00ce0 0d b6 8c 12 
EA=0xc00ce4 79 c8 9f 53 
EA=0xc00ce8 53 78 da 85 
EA=0xc00cec c7 f7 f2 94 
EA=0xc00cf0 3d eb c9 77 
EA=0xc00cf4 f5 aa b6 3b 
EA=0xc00cf8 13 e6 58 e5 
EA=0xc00cfc ca cf ca b6 
EA=0xc00d00 c6 b7 7d db 
EA=0xc00d04 53 63 ed 37 
EA=0xc00d08 b9 0c 89 0a 
EA=0xc00d0c 2a 58 b4 2a 
EA=0xc00d10 78 2a f9 3f 
EA=0xc00d14 eb 3d 9a 69 
EA=0xc00d18 a1 0a 71 1d 
EA=0xc00d1c 0d a1 fa 3a 
EA=0xc00d20 b8 3c 4e 38 
EA=0xc00d24 d9 8f 7f a9 
EA=0xc00d28 96 39 ed 86 
EA=0xc00d2c eb df 51 79 
EA=0xc00d30 ca fa 29 5f 
EA=0xc00d34 eb f9 ec a8 
EA=0xc00d38 44 2f 8f b6 
EA=0xc00d3c 3d a1 8f 69 
EA=0xc00d40 6d 17 62 29 
EA=0xc00d44 e6 c6 17 db 
EA=0xc00d48 f2 c2 0e 8d 
EA=0xc00d4c 73 01 26 9d 
EA=0xc00d50 6b 1c 0e c6 
EA=0xc00d54 d7 f2 1a 26 
EA=0xc00d58 44 51 79 41 
EA=0xc00d5c a1 96 c4 f2 
EA=0xc00d60 ba 5b 85 9e 
EA=0xc00d64 65 db d9 a1 
EA=0xc00d68 0d a8 f2 12 
EA=0xc00d6c 13 9c d7 c7 
EA=0xc00d70 79 c2 13 b6 
EA=0xc00d74 0a 86 f1 c4 
EA=0xc00d78 8f b7 2a 04 
EA=0xc00d7c 96 dc 76 0d 
EA=0xc00d80 ae c5 61 1a 
EA=0xc00d84 b7 e8 a9 ef 
EA=0xc00d88 aa 20 f8 c9 
EA=0xc00d8c c7 4f df 73 
EA=0xc00d90 6b 80 3d 78 
EA=0xc00d94 ab c2 5a cf 
EA=0xc00d98 8f 44 f2 96 
EA=0xc00d9c 6b c3 0c c5 
EA=0xc00da0 86 ca fa 2a 
EA=0xc00da4 84 c8 cf 4d 
EA=0xc00da8 70 85 92 b6 
EA=0xc00dac 6b 12 8e 8a 
EA=0xc00db0 c5 c5 e8 20 
EA=0xc00db4 80 28 77 9c 
EA=0xc00db8 86 f5 0d 86 
EA=0xc00dbc cb c1 15 37 
EA=0xc00dc0 f2 3c 1c da 
EA=0xc00dc4 d7 c9 13 37 
EA=0xc00dc8 5b 86 c0 26 
EA=0xc00dcc 96 a1 0d 20 
EA=0xc00dd0 aa 84 78 c2 
EA=0xc00dd4 e4 b4 26 9f 
EA=0xc00dd8 28 17 b6 65 
EA=0xc00ddc 38 75 c8 76 
EA=0xc00de0 26 29 d5 0a 
EA=0xc00de4 b9 29 92 7e 
EA=0xc00de8 93 46 9f 3d 
EA=0xc00dec 6b fa 4d b6 
EA=0xc00df0 df 62 b6 d3 
EA=0xc00df4 8f d0 c4 29 
EA=0xc00df8 73 79 4d 28 
EA=0xc00dfc e6 a9 85 0d 
EA=0xc00e00 2d c6 7f e5 
EA=0xc00e04 71 1c 78 bd 
EA=0xc00e08 80 29 61 ae 
EA=0xc00e0c 7f c1 44 b5 
EA=0xc00e10 38 9f 5c c5 
EA=0xc00e14 77 3d 7f 4f 
EA=0xc00e18 73 a1 b6 f8 
EA=0xc00e1c e6 29 0d 92 
EA=0xc00e20 b8 da b7 73 
EA=0xc00e24 75 76 b7 aa 
EA=0xc00e28 93 49 8f 9d 
EA=0xc00e2c cb d9 d0 0b 
EA=0xc00e30 01 92 2e 73 
EA=0xc00e34 b6 17 bd 75 
EA=0xc00e38 3d 59 65 5b 
EA=0xc00e3c 96 4b c1 9e 
EA=0xc00e40 db b9 6b e5 
EA=0xc00e44 c8 39 0b a9 
EA=0xc00e48 6b 8f db b4 
EA=0xc00e4c 71 12 88 0b 
EA=0xc00e50 b7 ec d9 63 
EA=0xc00e54 ba c7 0b 9f 
EA=0xc00e58 62 f7 29 da 
EA=0xc00e5c fa 56 8d 8c 
EA=0xc00e60 2a e4 f9 b9 
EA=0xc00e64 7e b6 c7 b6 
EA=0xc00e68 bd d9 aa 94 
EA=0xc00e6c 65 15 b4 73 
EA=0xc00e70 d7 5b b4 15 
EA=0xc00e74 fa 0c 9e 9c 
EA=0xc00e78 5b f2 65 3d 
EA=0xc00e7c 29 5e 13 d9 
EA=0xc00e80 3a fa 2a 59 
EA=0xc00e84 67 ba 79 4d 
EA=0xc00e88 cf b6 c1 c3 
EA=0xc00e8c 69 29 26 1c 
EA=0xc00e90 86 37 b4 d5 
EA=0xc00e94 f8 53 5b ca 
EA=0xc00e98 a9 6b 2a 96 
EA=0xc00e9c d5 7e fa 04 
EA=0xc00ea0 70 63 aa e8 
EA=0xc00ea4 7e 86 b6 61 
EA=0xc00ea8 f2 1c 17 7d 
EA=0xc00eac a9 61 c9 c9 
EA=0xc00eb0 da 69 c1 e6 
EA=0xc00eb4 c5 d9 9f 65 
EA=0xc00eb8 0d fd 4f 0a 
EA=0xc00ebc e6 73 2a aa 
EA=0xc00ec0 88 73 ca 1d 
EA=0xc00ec4 8c ab d0 f5 
EA=0xc00ec8 89 3f 4d db 
EA=0xc00ecc 8c 49 8f e6 
EA=0xc00ed0 d0 c7 ca 0b 
EA=0xc00ed4 26 3d 8d 8d 
EA=0xc00ed8 86 96 09 2d 
EA=0xc00edc 2f db 9f 5c 
EA=0xc00ee0 88 56 dc 23 
EA=0xc00ee4 5c 4f 79 8f 
EA=0xc00ee8 fa f7 2d 86 
EA=0xc00eec 63 67 1f 65 
EA=0xc00ef0 8f 12 79 2d 
EA=0xc00ef4 8c 2a 59 71 
EA=0xc00ef8 5c 9d 1d 65 
EA=0xc00efc 71 0c 65 66 
EA=0xc00f00 a8 f1 85 a9 
EA=0xc00f04 26 ca 2a 6b 
EA=0xc00f08 d9 71 04 2d 
EA=0xc00f0c ed a3 0c b4 
EA=0xc00f10 0d 79 8f 9c 
EA=0xc00f14 6b ca c6 f1 
EA=0xc00f18 23 5e 9d b5 
EA=0xc00f1c 9d 0a 26 fa 
EA=0xc00f20 a1 2a d9 4b 
EA=0xc00f24 d0 79 c8 cf 
EA=0xc00f28 67 7f 56 7f 
EA=0xc00f2c 5f c3 9f a8 
EA=0xc00f30 2a 4e b6 77 
EA=0xc00f34 0a 23 eb 0d 
EA=0xc00f38 4e 6b 2d 56 
EA=0xc00f3c cb 4f 9f f8 
EA=0xc00f40 c8 65 41 9a 
EA=0xc00f44 78 2a d7 fa 
EA=0xc00f48 2e 24 c4 c7 
EA=0xc00f4c 95 65 2f 17 
EA=0xc00f50 e6 cf 50 a9 
EA=0xc00f54 ef c8 ec 0e 
EA=0xc00f58 5c 32 cf 86 
EA=0xc00f5c 2e dc cf 23 
EA=0xc00f60 c4 a1 ca d7 
EA=0xc00f64 d0 0a 76 36 
EA=0xc00f68 96 94 84 24 
EA=0xc00f6c 63 0a db 28 
EA=0xc00f70 0a b8 2f 78 
EA=0xc00f74 3f c1 cb 61 
EA=0xc00f78 0b 17 86 8d 
EA=0xc00f7c c6 44 96 8f 
EA=0xc00f80 0d 46 61 ca 
EA=0xc00f84 77 b4 01 fd 
EA=0xc00f88 1c 3f 0b d8 
EA=0xc00f8c 0b dc 65 15 
EA=0xc00f90 f5 35 75 94 
EA=0xc00f94 66 ef db fa 
EA=0xc00f98 1c 8c ba 94 
EA=0xc00f9c a8 2a 8e da 
EA=0xc00fa0 ca f2 0c 59 
EA=0xc00fa4 1a 61 ae 17 
EA=0xc00fa8 b6 65 dc 32 
EA=0xc00fac 8e e6 eb 0e 
EA=0xc00fb0 5c 8d 76 fa 
EA=0xc00fb4 9d 29 ed 5f 
EA=0xc00fb8 2a 13 c5 da 
EA=0xc00fbc 23 c7 80 67 
EA=0xc00fc0 37 f7 8e e6 
EA=0xc00fc4 2f 5a d5 1d 
EA=0xc00fc8 f1 86 c0 96 
EA=0xc00fcc ca ba 04 6b 
EA=0xc00fd0 c9 4e 86 fa 
EA=0xc00fd4 3c 49 7e 96 
EA=0xc00fd8 62 96 f2 59 
EA=0xc00fdc f2 f7 1c 15 
EA=0xc00fe0 12 0d 02 6b 
EA=0xc00fe4 2a 59 b8 2d 
EA=0xc00fe8 f7 62 73 63 
EA=0xc00fec aa 4b 73 0b 
EA=0xc00ff0 0e 0c d9 26 
EA=0xc00ff4 c8 2e f2 ed 
EA=0xc00ff8 2d 2a b6 65 
EA=0xc00ffc f7 17 c7 8e 
