  14000[      7]: system.cpu T0 : 0x0    : immtransr  r1, 1           : IntAlu :  D=0x0000000000000001
  16000[      8]: system.cpu T0 : 0x4    : immtransr  r2, 2           : IntAlu :  D=0x0000000000000002
  18000[      9]: system.cpu T0 : 0x8    : immtransj  j1, 65536       : IntAlu :  D=0x0000000000010000
  20000[     10]: system.cpu T0 : 0x10    : immtransj  j2, 16          : IntAlu :  D=0x0000000000000010
  28000[     14]: system.cpu T0 : 0x20    : fixadd     r4, r1, r2      : IntAlu :  D=0x0000000000000003
  30000[     15]: system.cpu T0 : 0x18    : swr        r1, j2(j1)      : MemWrite :  D=0x0000000000000001 A=0x10010
  36000[     18]: system.cpu T0 : 0x1c    : lwr        r3, j2(j1)      : MemRead :  D=0x0000000000000001 A=0x10010
  42000[     21]: system.cpu T0 : 0x24    : fixadd     r5, r3, r1      : IntAlu :  D=0x0000000000000002
  44000[     22]: system.cpu T0 : 0x28    : immtransr  r1, 255         : IntAlu :  D=0x00000000000000ff
  46000[     23]: system.cpu T0 : 0x2c    : immtransj  j1, 32          : IntAlu :  D=0x0000000000000020
  48000[     24]: system.cpu T0 : 0x30    : immtransj  j2, 8           : IntAlu :  D=0x0000000000000008
  58000[     29]: system.cpu T0 : 0x34    : swr        r1, j2(j1)      : MemWrite :  D=0x00000000000000ff A=0x28
  64000[     32]: system.cpu T0 : 0x38    : lwr        r1, j2(j1)      : MemRead :  D=0x00000000000000ff A=0x28
  70000[     35]: system.cpu T0 : 0x3c    : movrr      r4, r3          : IntAlu :  D=0x0000000000000001
  70000[     35]: system.cpu T0 : 0x40    : fixadd     r3, r1, r2      : IntAlu :  D=0x0000000000000101
  72000[     36]: system.cpu T0 : 0x44    : immtransj  j2, 2           : IntAlu :  D=0x0000000000000002
  74000[     37]: system.cpu T0 : 0x48    : immtransr  r9, 0           : IntAlu :  D=0x0000000000000000
  76000[     38]: system.cpu T0 : 0x4c    : jne        j1, r9          : IntAlu : 
  78000[     39]: system.cpu T0 : 0x5c    : jne        j1, r9          : IntAlu : 
  80000[     40]: system.cpu T0 : 0x50    : immtransr  r5, 1048575     : IntAlu :  D=0x00000000000fffff
  80000[     40]: system.cpu T0 : 0x58    : fixadd     r3, r1, r2      : IntAlu :  D=0x0000000000000101
  80000[     40]: system.cpu T0 : 0x68    : jne        j1, r9          : IntAlu : 
  82000[     41]: system.cpu T0 : 0x60    : immtransr  r5, 10          : IntAlu :  D=0x000000000000000a
  82000[     41]: system.cpu T0 : 0x64    : fixadd     r3, r1, r2      : IntAlu :  D=0x0000000000000101
  84000[     42]: system.cpu T0 : 0x6c    : immtransr  r5, 10          : IntAlu :  D=0x000000000000000a
  84000[     42]: system.cpu T0 : 0x70    : fixadd     r3, r1, r2      : IntAlu :  D=0x0000000000000101
  86000[     43]: system.cpu T0 : 0x74    : immtransr  r5, 8           : IntAlu :  D=0x0000000000000008
  88000[     44]: system.cpu T0 : 0x78    : immtransr  r5, 1048575     : IntAlu :  D=0x00000000000fffff
  90000[     45]: system.cpu T0 : 0x80    : immtransr  r6, 9           : IntAlu :  D=0x0000000000000009
  94000[     47]: system.cpu T0 : 0x84    : movrr      r7, r5          : IntAlu :  D=0x00000000000fffff
  94000[     47]: system.cpu T0 : 0x8c    : spustop                    : IntAlu : 
