EA=0xc00000 17 b2 eb ff 
EA=0xc00004 8f 79 eb ff 
EA=0xc00008 fe 19 2a 00 
EA=0xc0000c 57 38 2e 00 
EA=0xc00010 3b 0a 2b 00 
EA=0xc00014 79 45 ff ff 
EA=0xc00018 82 ea c0 ff 
EA=0xc0001c 2f 4b fb ff 
EA=0xc00020 7d 6a 3c 00 
EA=0xc00024 5d 3e 1a 00 
EA=0xc00028 24 1a 6a ff 
EA=0xc0002c d1 e6 8b ff 
EA=0xc00030 47 98 08 00 
EA=0xc00034 71 2e 53 00 
EA=0xc00038 dc 71 e8 ff 
EA=0xc0003c da 6b 80 ff 
EA=0xc00040 4d c2 63 ff 
EA=0xc00044 ea 48 79 00 
EA=0xc00048 50 ce ed 00 
EA=0xc0004c db 24 cd ff 
EA=0xc00050 f6 25 cb ff 
EA=0xc00054 bc 79 86 00 
EA=0xc00058 7a 4c e0 00 
EA=0xc0005c 93 15 3f 00 
EA=0xc00060 85 d4 9a ff 
EA=0xc00064 b0 7c 3e ff 
EA=0xc00068 d2 fb 90 00 
EA=0xc0006c 58 01 3a 00 
EA=0xc00070 90 ed ce ff 
EA=0xc00074 ac 01 dc ff 
EA=0xc00078 a6 92 9c ff 
EA=0xc0007c 5b 06 c1 00 
EA=0xc00080 c5 ea 0c 00 
EA=0xc00084 a0 33 c2 ff 
EA=0xc00088 8e 81 21 ff 
EA=0xc0008c e3 d4 1a 00 
EA=0xc00090 03 93 b7 00 
EA=0xc00094 09 dc f0 ff 
EA=0xc00098 68 75 40 ff 
EA=0xc0009c ad a9 e9 ff 
EA=0xc000a0 b1 21 41 00 
EA=0xc000a4 bb da c2 ff 
EA=0xc000a8 af b0 fe ff 
EA=0xc000ac 85 68 b3 ff 
EA=0xc000b0 7a 9d dd ff 
EA=0xc000b4 5d 60 62 00 
EA=0xc000b8 a9 42 4d 01 
EA=0xc000bc 49 b2 7e ff 
EA=0xc000c0 5d cc 62 00 
EA=0xc000c4 1a 17 40 00 
EA=0xc000c8 b3 d0 46 ff 
EA=0xc000cc 4c 8d 3b 00 
EA=0xc000d0 71 76 8e ff 
EA=0xc000d4 38 5b a2 00 
EA=0xc000d8 4d 2c 1d 00 
EA=0xc000dc f8 45 fa ff 
EA=0xc000e0 d2 eb 95 ff 
EA=0xc000e4 19 29 40 01 
EA=0xc000e8 7b d5 83 ff 
EA=0xc000ec 12 9a 68 ff 
EA=0xc000f0 c9 22 17 ff 
EA=0xc000f4 c4 76 3f 00 
EA=0xc000f8 6f 5a 84 01 
EA=0xc000fc 31 5f 9f ff 
EA=0xc00100 4d 9c f0 ff 
EA=0xc00104 a3 a4 e7 00 
EA=0xc00108 04 60 52 00 
EA=0xc0010c 4b ee c1 ff 
EA=0xc00110 d4 ef 08 ff 
EA=0xc00114 89 e6 b3 ff 
EA=0xc00118 64 bc 01 02 
EA=0xc0011c cb bc 60 00 
EA=0xc00120 d7 bc 50 ff 
EA=0xc00124 11 e5 a4 00 
EA=0xc00128 c9 b3 f0 00 
EA=0xc0012c 39 e8 e2 00 
EA=0xc00130 3e a3 3b ff 
EA=0xc00134 f7 15 d8 ff 
EA=0xc00138 af 2c da ff 
EA=0xc0013c 78 d6 e2 00 
EA=0xc00140 d4 ac 56 00 
EA=0xc00144 5c c4 20 ff 
EA=0xc00148 71 f6 95 00 
EA=0xc0014c dc 26 25 00 
EA=0xc00150 b3 eb 69 00 
EA=0xc00154 ae d7 1f ff 
EA=0xc00158 26 da a7 00 
EA=0xc0015c 3a 25 54 00 
EA=0xc00160 24 6e 48 00 
EA=0xc00164 8f 69 e8 ff 
EA=0xc00168 77 b9 84 00 
EA=0xc0016c 83 2c 7d ff 
EA=0xc00170 62 4a ed ff 
EA=0xc00174 02 34 f8 ff 
EA=0xc00178 ed f9 27 ff 
EA=0xc0017c 15 21 f7 ff 
EA=0xc00180 08 21 c3 ff 
EA=0xc00184 ca 25 e2 ff 
EA=0xc00188 d1 fc 70 00 
EA=0xc0018c 8d ae e7 ff 
EA=0xc00190 a3 4b 28 ff 
EA=0xc00194 9d 38 7a 00 
EA=0xc00198 57 c9 26 00 
EA=0xc0019c c1 2f d3 ff 
EA=0xc001a0 08 27 f6 ff 
EA=0xc001a4 89 57 37 00 
EA=0xc001a8 d0 50 d0 00 
EA=0xc001ac 73 59 b0 00 
EA=0xc001b0 5a a1 2d 00 
EA=0xc001b4 43 f1 50 ff 
EA=0xc001b8 4b d4 d7 ff 
EA=0xc001bc 7c 23 5c 00 
EA=0xc001c0 54 d7 8e ff 
EA=0xc001c4 9d ce 0d 00 
EA=0xc001c8 13 55 97 00 
EA=0xc001cc 44 8a d8 ff 
EA=0xc001d0 a4 39 bd 00 
EA=0xc001d4 f9 e9 a2 ff 
EA=0xc001d8 5f 6e 30 ff 
EA=0xc001dc de 6f 1b ff 
EA=0xc001e0 50 a6 bb ff 
EA=0xc001e4 a6 79 02 00 
EA=0xc001e8 45 2c 65 ff 
EA=0xc001ec 55 3e 50 ff 
EA=0xc001f0 6f bc f4 ff 
EA=0xc001f4 0b 4d e8 ff 
EA=0xc001f8 7a 7c 68 00 
EA=0xc001fc 68 00 b3 fe 
EA=0xc00200 ad ab fe ff 
EA=0xc00204 aa 44 72 00 
EA=0xc00208 7a 54 08 00 
EA=0xc0020c 69 cf b4 00 
EA=0xc00210 b4 6b 75 ff 
EA=0xc00214 c2 fa b1 ff 
EA=0xc00218 8b 16 df ff 
EA=0xc0021c 42 51 a8 00 
EA=0xc00220 f4 79 75 ff 
EA=0xc00224 2a 60 82 ff 
EA=0xc00228 08 5a 31 00 
EA=0xc0022c 76 90 5a 00 
EA=0xc00230 e1 fd 69 00 
EA=0xc00234 b1 a7 1a fe 
EA=0xc00238 72 02 2f 00 
EA=0xc0023c 1c 9e d3 00 
EA=0xc00240 b2 0b 63 ff 
EA=0xc00244 b7 1c f3 00 
EA=0xc00248 e3 0a 1a 00 
EA=0xc0024c f2 7f bb ff 
EA=0xc00250 0b 5f f1 ff 
EA=0xc00254 c7 02 d5 ff 
EA=0xc00258 7b c3 a3 ff 
EA=0xc0025c 22 4e d3 ff 
EA=0xc00260 e6 e5 02 ff 
EA=0xc00264 41 ff c6 00 
EA=0xc00268 32 db f7 ff 
EA=0xc0026c ea 4b 9a ff 
EA=0xc00270 d9 2d 25 00 
EA=0xc00274 56 d8 3d ff 
EA=0xc00278 92 ad c6 ff 
EA=0xc0027c ce db e8 00 
EA=0xc00280 dd 24 6c ff 
EA=0xc00284 69 24 dd 00 
EA=0xc00288 fb 10 12 01 
EA=0xc0028c 33 86 dd ff 
EA=0xc00290 81 5f 4a 00 
EA=0xc00294 19 b7 ef fd 
EA=0xc00298 26 0a 39 ff 
EA=0xc0029c 97 66 0c 01 
EA=0xc002a0 0d 00 ad ff 
EA=0xc002a4 f4 8b cc 00 
EA=0xc002a8 84 04 e9 ff 
EA=0xc002ac c9 b3 c4 00 
EA=0xc002b0 d2 05 35 00 
EA=0xc002b4 18 66 35 ff 
EA=0xc002b8 6e c8 f6 ff 
EA=0xc002bc 5f 64 58 fe 
EA=0xc002c0 b9 be eb 00 
EA=0xc002c4 9a 19 12 01 
EA=0xc002c8 7c 52 c2 ff 
EA=0xc002cc 0a 2b 22 00 
EA=0xc002d0 9d c5 92 ff 
EA=0xc002d4 da 3a 07 ff 
EA=0xc002d8 c5 7f 78 ff 
EA=0xc002dc 1d b1 c3 fe 
EA=0xc002e0 72 c1 3c 00 
EA=0xc002e4 94 45 32 00 
EA=0xc002e8 de 57 5b 00 
EA=0xc002ec 4e 40 bd ff 
EA=0xc002f0 8d 77 4c 00 
EA=0xc002f4 b6 02 7e ff 
EA=0xc002f8 14 82 0e 00 
EA=0xc002fc 60 62 2d 00 
EA=0xc00300 70 d3 aa 00 
EA=0xc00304 76 43 8e 00 
EA=0xc00308 fc 68 da 00 
EA=0xc0030c ae bf c3 ff 
EA=0xc00310 63 b5 7d 00 
EA=0xc00314 4b 28 0e ff 
EA=0xc00318 fc 40 bb ff 
EA=0xc0031c 5d 95 06 fe 
EA=0xc00320 58 15 59 00 
EA=0xc00324 33 b9 42 00 
EA=0xc00328 1c 37 42 01 
EA=0xc0032c 75 86 9f 00 
EA=0xc00330 26 31 bd fe 
EA=0xc00334 5a 3a 8c 00 
EA=0xc00338 73 8f 60 ff 
EA=0xc0033c 0f ff 6d 00 
EA=0xc00340 1e bf 81 ff 
EA=0xc00344 af 21 1f 00 
EA=0xc00348 07 38 de 01 
EA=0xc0034c 3e 0f 1e 01 
EA=0xc00350 aa a8 17 ff 
EA=0xc00354 96 b2 cd 00 
EA=0xc00358 bd b3 83 ff 
EA=0xc0035c 49 2a e1 00 
EA=0xc00360 27 4c 03 00 
EA=0xc00364 85 98 10 ff 
EA=0xc00368 7c 88 9a 00 
EA=0xc0036c 71 0d 2d 00 
EA=0xc00370 87 a3 f2 ff 
EA=0xc00374 3a 8b c6 00 
EA=0xc00378 f2 62 3e 00 
EA=0xc0037c 97 70 af ff 
EA=0xc00380 cb 42 59 ff 
EA=0xc00384 71 ab 57 00 
EA=0xc00388 73 d8 a3 ff 
EA=0xc0038c 35 6f 66 01 
EA=0xc00390 55 b2 1a ff 
EA=0xc00394 c1 22 86 00 
EA=0xc00398 80 65 40 00 
EA=0xc0039c cf 6a 40 00 
EA=0xc003a0 3d a4 8a ff 
EA=0xc003a4 a1 2b 7f ff 
EA=0xc003a8 3e 1a 7c 00 
EA=0xc003ac ef b3 78 00 
EA=0xc003b0 fa a3 e4 00 
EA=0xc003b4 52 5e 61 00 
EA=0xc003b8 8f b9 07 00 
EA=0xc003bc cd b2 4b 00 
EA=0xc003c0 ad 03 fb 00 
EA=0xc003c4 88 bc 98 ff 
EA=0xc003c8 a4 b7 60 ff 
EA=0xc003cc d6 5e 8f ff 
EA=0xc003d0 60 43 a2 00 
EA=0xc003d4 e3 5b fd ff 
EA=0xc003d8 3b 0b c4 ff 
EA=0xc003dc 15 09 ac ff 
EA=0xc003e0 ee 44 31 00 
EA=0xc003e4 92 e0 a9 00 
EA=0xc003e8 6a 7f b8 fe 
EA=0xc003ec 61 89 24 fe 
EA=0xc003f0 c8 02 bd fe 
EA=0xc003f4 c8 ea 69 00 
EA=0xc003f8 de fc 42 01 
EA=0xc003fc 72 36 bb ff 
EA=0xc00400 43 c2 ae ff 
EA=0xc00404 0f e4 53 00 
EA=0xc00408 0d 14 94 00 
EA=0xc0040c d0 91 cd fe 
EA=0xc00410 d4 1c 9e fe 
EA=0xc00414 16 39 c1 ff 
EA=0xc00418 2e 01 f0 00 
EA=0xc0041c 32 10 a4 ff 
EA=0xc00420 59 54 1c 00 
EA=0xc00424 0e 29 1b 00 
EA=0xc00428 dc 34 c8 ff 
EA=0xc0042c b5 1c cc 00 
EA=0xc00430 e3 5f 08 ff 
EA=0xc00434 17 e7 dc ff 
EA=0xc00438 13 e7 03 00 
EA=0xc0043c 66 39 20 00 
EA=0xc00440 ae 11 c6 00 
EA=0xc00444 9b 7d d8 ff 
EA=0xc00448 fc d5 85 00 
EA=0xc0044c 9b cf 5d ff 
EA=0xc00450 31 0e f5 ff 
EA=0xc00454 6d 38 8e ff 
EA=0xc00458 e4 ff 46 ff 
EA=0xc0045c bc da 49 ff 
EA=0xc00460 5e 4c d5 ff 
EA=0xc00464 8d 4f 7b 00 
EA=0xc00468 ac ac f0 ff 
EA=0xc0046c 3e 4b 50 00 
EA=0xc00470 bf 22 f1 fe 
EA=0xc00474 70 7a 20 ff 
EA=0xc00478 ef 36 f8 ff 
EA=0xc0047c 2b 4d 6a 00 
EA=0xc00480 b2 fd 06 00 
EA=0xc00484 f9 3b 16 00 
EA=0xc00488 78 95 58 00 
EA=0xc0048c 6a f2 dd ff 
EA=0xc00490 18 fb 59 ff 
EA=0xc00494 3e 74 e8 ff 
EA=0xc00498 9a 9d 4a ff 
EA=0xc0049c 68 87 80 ff 
EA=0xc004a0 f6 46 10 00 
EA=0xc004a4 83 f2 d7 ff 
EA=0xc004a8 99 95 4a 00 
EA=0xc004ac 19 df 33 00 
EA=0xc004b0 b8 92 42 00 
EA=0xc004b4 1f bb 0c ff 
EA=0xc004b8 1b 0f d3 ff 
EA=0xc004bc fe d1 05 ff 
EA=0xc004c0 79 a0 b9 ff 
EA=0xc004c4 9a 74 04 00 
EA=0xc004c8 b8 ed 97 ff 
EA=0xc004cc 1a 59 2b 00 
EA=0xc004d0 8f 98 46 00 
EA=0xc004d4 48 62 ca ff 
EA=0xc004d8 b3 80 7d 00 
EA=0xc004dc 8b 2c 50 ff 
EA=0xc004e0 14 92 72 00 
EA=0xc004e4 7f dd f6 00 
EA=0xc004e8 57 f1 d6 ff 
EA=0xc004ec f9 4e e1 ff 
EA=0xc004f0 33 8c f0 ff 
EA=0xc004f4 58 05 e1 ff 
EA=0xc004f8 a0 ff 81 00 
EA=0xc004fc ab e3 bb ff 
EA=0xc00500 1a 96 4b ff 
EA=0xc00504 7a 05 f7 00 
EA=0xc00508 e3 92 54 ff 
EA=0xc0050c c7 26 c4 ff 
EA=0xc00510 29 8c 58 ff 
EA=0xc00514 41 2b 72 fe 
EA=0xc00518 1f 06 4d 00 
EA=0xc0051c 61 c8 61 00 
EA=0xc00520 ca a7 5c ff 
EA=0xc00524 7d 9b 52 00 
EA=0xc00528 f9 08 3e ff 
EA=0xc0052c 33 17 c6 ff 
EA=0xc00530 c0 b3 9d ff 
EA=0xc00534 e4 70 81 ff 
EA=0xc00538 f5 5f 0e 00 
EA=0xc0053c 85 87 35 ff 
EA=0xc00540 80 5d d1 ff 
EA=0xc00544 5e fd 97 00 
EA=0xc00548 de 24 bb ff 
EA=0xc0054c 5e 71 65 ff 
EA=0xc00550 09 d8 9a ff 
EA=0xc00554 b4 00 5b 00 
EA=0xc00558 7b 61 66 ff 
EA=0xc0055c 57 ac 13 00 
EA=0xc00560 e2 84 88 fe 
EA=0xc00564 2a 83 66 00 
EA=0xc00568 e7 b9 cd 00 
EA=0xc0056c ad d2 50 ff 
EA=0xc00570 16 34 8c 00 
EA=0xc00574 5b 9b 21 ff 
EA=0xc00578 9b 09 73 00 
EA=0xc0057c 1f f2 8a ff 
EA=0xc00580 a5 1e 3a 00 
EA=0xc00584 58 38 fb fe 
EA=0xc00588 7f 54 f6 fe 
EA=0xc0058c 76 85 e0 ff 
EA=0xc00590 b2 0e 0e 00 
EA=0xc00594 89 5b d6 ff 
EA=0xc00598 d0 50 3e ff 
EA=0xc0059c c0 03 c9 ff 
EA=0xc005a0 f5 0f bb ff 
EA=0xc005a4 0c c7 16 ff 
EA=0xc005a8 f4 77 69 ff 
EA=0xc005ac 0b 18 68 ff 
EA=0xc005b0 fb 42 0a 00 
EA=0xc005b4 b8 70 9a 00 
EA=0xc005b8 f1 8e 07 00 
EA=0xc005bc 16 5f 72 00 
EA=0xc005c0 7f 8a 59 ff 
EA=0xc005c4 5c b2 2c 00 
EA=0xc005c8 cd df 17 00 
EA=0xc005cc 1b 8f da fe 
EA=0xc005d0 61 fe c1 ff 
EA=0xc005d4 f0 21 91 00 
EA=0xc005d8 4d d8 7a 00 
EA=0xc005dc 15 32 cc 00 
EA=0xc005e0 92 11 26 00 
EA=0xc005e4 e3 5d e8 00 
EA=0xc005e8 ea 6c 25 ff 
EA=0xc005ec b6 aa 5c 00 
EA=0xc005f0 91 9e 09 ff 
EA=0xc005f4 da 44 88 00 
EA=0xc005f8 11 b2 bb ff 
EA=0xc005fc 8f a9 18 00 
EA=0xc00600 49 e1 a8 ff 
EA=0xc00604 8b 4f 34 ff 
EA=0xc00608 11 30 a0 ff 
EA=0xc0060c 41 17 fd ff 
EA=0xc00610 95 9e 1d ff 
EA=0xc00614 d3 e1 a6 00 
EA=0xc00618 14 1c 41 00 
EA=0xc0061c 4e ff 2d 00 
EA=0xc00620 76 a3 c1 ff 
EA=0xc00624 03 af 5f ff 
EA=0xc00628 59 db 84 ff 
EA=0xc0062c 8c 11 a2 ff 
EA=0xc00630 2c 22 9c 00 
EA=0xc00634 55 1c 3e 00 
EA=0xc00638 90 5c 84 00 
EA=0xc0063c 22 68 d2 ff 
EA=0xc00640 9a 03 36 00 
EA=0xc00644 91 04 40 00 
EA=0xc00648 6d 10 44 00 
EA=0xc0064c ad fa 45 ff 
EA=0xc00650 a3 55 2b ff 
EA=0xc00654 00 3b 17 00 
EA=0xc00658 13 f6 80 00 
EA=0xc0065c 12 a8 25 01 
EA=0xc00660 2d 22 3f 00 
EA=0xc00664 89 14 8a ff 
EA=0xc00668 af ca 50 01 
EA=0xc0066c 2a 7b 9c fe 
EA=0xc00670 7a 89 11 ff 
EA=0xc00674 26 df 03 ff 
EA=0xc00678 a0 05 01 00 
EA=0xc0067c 40 8f 9a 00 
EA=0xc00680 8b a6 81 ff 
EA=0xc00684 d6 18 f9 ff 
EA=0xc00688 49 d7 09 00 
EA=0xc0068c a6 21 07 00 
EA=0xc00690 de ed af 00 
EA=0xc00694 c1 e9 ba ff 
EA=0xc00698 ba 7d 76 ff 
EA=0xc0069c 66 b2 e3 ff 
EA=0xc006a0 43 3c f8 fe 
EA=0xc006a4 53 94 07 01 
EA=0xc006a8 b3 ad 4c 00 
EA=0xc006ac 6b 0a 24 00 
EA=0xc006b0 28 1f 00 00 
EA=0xc006b4 ab 4a 26 ff 
EA=0xc006b8 c8 5f d9 ff 
EA=0xc006bc 29 3e 82 00 
EA=0xc006c0 28 51 8b fe 
EA=0xc006c4 4b 19 11 00 
EA=0xc006c8 5d cd d4 ff 
EA=0xc006cc 8f f3 9f ff 
EA=0xc006d0 23 7e bf 00 
EA=0xc006d4 85 a0 77 fe 
EA=0xc006d8 ea ba f4 ff 
EA=0xc006dc a6 c3 bc ff 
EA=0xc006e0 6f 3d 6d 00 
EA=0xc006e4 15 42 6b 00 
EA=0xc006e8 15 3a a2 fe 
EA=0xc006ec f3 61 13 ff 
EA=0xc006f0 e0 3b 31 01 
EA=0xc006f4 2a af fa ff 
EA=0xc006f8 63 84 4c ff 
EA=0xc006fc 40 29 08 00 
EA=0xc00700 e7 74 e8 00 
EA=0xc00704 ab 1d 83 01 
EA=0xc00708 35 b1 21 00 
EA=0xc0070c 5e d9 1c ff 
EA=0xc00710 3b 91 33 01 
EA=0xc00714 d6 c1 62 00 
EA=0xc00718 83 b1 9f 00 
EA=0xc0071c f5 c1 a1 fe 
EA=0xc00720 5d b7 5e 00 
EA=0xc00724 e7 94 10 00 
EA=0xc00728 06 88 f0 00 
EA=0xc0072c c7 ba 1b 00 
EA=0xc00730 ec f4 5a ff 
EA=0xc00734 bc da 49 00 
EA=0xc00738 74 fa 89 00 
EA=0xc0073c 8d 1b 5d ff 
EA=0xc00740 e7 0b 68 ff 
EA=0xc00744 d0 5a 6c ff 
EA=0xc00748 6b c3 af ff 
EA=0xc0074c 76 10 e3 00 
EA=0xc00750 f6 ed 47 00 
EA=0xc00754 98 35 f5 ff 
EA=0xc00758 23 c6 df fe 
EA=0xc0075c ed 65 91 00 
EA=0xc00760 45 57 0b ff 
EA=0xc00764 ec 26 9a ff 
EA=0xc00768 aa 84 4d 00 
EA=0xc0076c 88 cb 60 00 
EA=0xc00770 77 a2 bd 00 
EA=0xc00774 b7 4a 3d ff 
EA=0xc00778 b4 32 65 ff 
EA=0xc0077c f9 aa b1 ff 
EA=0xc00780 03 32 cf ff 
EA=0xc00784 25 c8 cc ff 
EA=0xc00788 fc 0b 41 ff 
EA=0xc0078c 03 fc ce 00 
EA=0xc00790 37 40 7a ff 
EA=0xc00794 24 1e 69 00 
EA=0xc00798 a2 0a 7c 00 
EA=0xc0079c ef 14 23 00 
EA=0xc007a0 7f 34 98 ff 
EA=0xc007a4 5d 3c eb 00 
EA=0xc007a8 51 e5 d5 fe 
EA=0xc007ac 71 62 05 00 
EA=0xc007b0 98 3d d5 00 
EA=0xc007b4 9c 6d f7 ff 
EA=0xc007b8 8a c7 34 00 
EA=0xc007bc 14 9d 72 ff 
EA=0xc007c0 76 8c 2e ff 
EA=0xc007c4 f7 59 51 ff 
EA=0xc007c8 63 c3 aa ff 
EA=0xc007cc 6e 33 b3 ff 
EA=0xc007d0 18 7f 23 00 
EA=0xc007d4 35 cc 8d ff 
EA=0xc007d8 89 a8 28 00 
EA=0xc007dc cc 98 97 ff 
EA=0xc007e0 9c 23 6a 00 
EA=0xc007e4 7c bf 80 ff 
EA=0xc007e8 30 1f cf ff 
EA=0xc007ec ed bc d3 00 
EA=0xc007f0 ca e9 c1 ff 
EA=0xc007f4 25 ee 3c ff 
EA=0xc007f8 98 17 cc ff 
EA=0xc007fc a9 65 87 ff 
EA=0xc00800 26 a3 c0 01 
EA=0xc00804 5b 74 60 00 
EA=0xc00808 8f 77 80 00 
EA=0xc0080c 5a ff 4d ff 
EA=0xc00810 42 66 5f ff 
EA=0xc00814 41 13 b9 00 
EA=0xc00818 f5 08 e8 ff 
EA=0xc0081c a4 b0 5b 00 
EA=0xc00820 b6 55 ca 00 
EA=0xc00824 bf 0e ff ff 
EA=0xc00828 7f 47 56 00 
EA=0xc0082c 83 a2 b5 ff 
EA=0xc00830 60 94 d2 ff 
EA=0xc00834 31 0f ac 00 
EA=0xc00838 d8 bd 48 00 
EA=0xc0083c 7f 8c 7b ff 
EA=0xc00840 b3 f6 d6 ff 
EA=0xc00844 e6 58 83 00 
EA=0xc00848 43 49 67 00 
EA=0xc0084c 41 c7 e5 00 
EA=0xc00850 fd b7 76 ff 
EA=0xc00854 49 ee 4f 00 
EA=0xc00858 ab e5 7c ff 
EA=0xc0085c 1c ce 0a 01 
EA=0xc00860 93 f8 1f 00 
EA=0xc00864 00 a1 7a 00 
EA=0xc00868 e7 05 5f 00 
EA=0xc0086c 42 d7 6b 00 
EA=0xc00870 cc f0 b6 ff 
EA=0xc00874 56 32 c0 fe 
EA=0xc00878 00 bc 8d ff 
EA=0xc0087c bd 89 38 00 
EA=0xc00880 2f 2f ee ff 
EA=0xc00884 14 b3 d6 ff 
EA=0xc00888 51 e0 39 00 
EA=0xc0088c 3f e4 7a ff 
EA=0xc00890 43 13 ea ff 
EA=0xc00894 a3 39 91 fe 
EA=0xc00898 4a a2 74 00 
EA=0xc0089c 05 b3 31 ff 
EA=0xc008a0 a4 c7 09 00 
EA=0xc008a4 dd 7f a8 00 
EA=0xc008a8 22 8f 56 ff 
EA=0xc008ac a2 b7 49 00 
EA=0xc008b0 be 1e b2 ff 
EA=0xc008b4 44 c7 08 ff 
EA=0xc008b8 0f d0 32 ff 
EA=0xc008bc 17 3a 51 ff 
EA=0xc008c0 51 c3 6a 00 
EA=0xc008c4 7d 8a de ff 
EA=0xc008c8 f4 91 2c 00 
EA=0xc008cc 17 1c 2f 00 
EA=0xc008d0 6b bd 8a 00 
EA=0xc008d4 b7 7f d2 ff 
EA=0xc008d8 0f d4 da ff 
EA=0xc008dc 91 b3 dd ff 
EA=0xc008e0 ec 46 49 01 
EA=0xc008e4 91 1f d2 ff 
EA=0xc008e8 7b 66 1f 00 
EA=0xc008ec 9a c4 4f ff 
EA=0xc008f0 5a 30 85 ff 
EA=0xc008f4 e1 49 2c 00 
EA=0xc008f8 2b 0a c9 ff 
EA=0xc008fc c1 7d 8e ff 
EA=0xc00900 c3 83 f0 fe 
EA=0xc00904 5c eb 80 00 
EA=0xc00908 5e 10 b5 ff 
EA=0xc0090c 9a 4a c0 00 
EA=0xc00910 60 b9 8f fe 
EA=0xc00914 b2 03 fc 00 
EA=0xc00918 f3 5e d4 fd 
EA=0xc0091c 61 52 8e 00 
EA=0xc00920 ae b2 bd 00 
EA=0xc00924 c4 09 05 ff 
EA=0xc00928 be 35 bc 01 
EA=0xc0092c bc 26 28 00 
EA=0xc00930 a9 9b fe fe 
EA=0xc00934 54 81 f3 ff 
EA=0xc00938 8d 88 3e ff 
EA=0xc0093c d6 1e de 00 
EA=0xc00940 4b fa f2 00 
EA=0xc00944 53 6e 67 00 
EA=0xc00948 77 be 83 00 
EA=0xc0094c d9 3f 6d ff 
EA=0xc00950 fd e6 51 ff 
EA=0xc00954 78 1e bb ff 
EA=0xc00958 12 f5 b1 ff 
EA=0xc0095c b4 6a 0b 00 
EA=0xc00960 b6 34 d6 ff 
EA=0xc00964 c6 73 ee ff 
EA=0xc00968 f5 07 4d 00 
EA=0xc0096c a5 eb ba ff 
EA=0xc00970 cb 5a 75 ff 
EA=0xc00974 45 da 7c ff 
EA=0xc00978 eb c3 b9 fe 
EA=0xc0097c 66 61 35 ff 
EA=0xc00980 00 47 2e 00 
EA=0xc00984 35 23 bc ff 
EA=0xc00988 6a 22 62 00 
EA=0xc0098c 2e 73 cf 00 
EA=0xc00990 20 d4 cc 00 
EA=0xc00994 24 03 32 ff 
EA=0xc00998 d7 7f da ff 
EA=0xc0099c 7f c3 4b ff 
EA=0xc009a0 a9 c1 40 00 
EA=0xc009a4 40 fd f7 00 
EA=0xc009a8 12 47 75 00 
EA=0xc009ac b6 74 4f 00 
EA=0xc009b0 f7 bb 04 00 
EA=0xc009b4 1f ab e7 ff 
EA=0xc009b8 87 ae ed ff 
EA=0xc009bc 2b 4d 4c 00 
EA=0xc009c0 2a 15 ce ff 
EA=0xc009c4 48 92 44 00 
EA=0xc009c8 fd d7 8e 00 
EA=0xc009cc 84 34 e1 ff 
EA=0xc009d0 3e 71 3d ff 
EA=0xc009d4 7e 53 93 ff 
EA=0xc009d8 02 a1 e1 ff 
EA=0xc009dc f2 be da 00 
EA=0xc009e0 79 2c da ff 
EA=0xc009e4 cf 3b a8 ff 
EA=0xc009e8 86 bd 66 00 
EA=0xc009ec bf 49 d2 ff 
EA=0xc009f0 6f 35 fb ff 
EA=0xc009f4 77 42 59 ff 
EA=0xc009f8 86 8f f5 ff 
EA=0xc009fc 23 87 cb ff 
EA=0xc00a00 2a 39 f4 00 
EA=0xc00a04 bc 74 08 ff 
EA=0xc00a08 8e dc f2 01 
EA=0xc00a0c 3f a5 91 00 
EA=0xc00a10 cf b8 fb ff 
EA=0xc00a14 ed 5d 1b 00 
EA=0xc00a18 1b 1f 28 ff 
EA=0xc00a1c 05 85 00 01 
EA=0xc00a20 56 2e 93 00 
EA=0xc00a24 16 29 40 00 
EA=0xc00a28 2c d7 bc ff 
EA=0xc00a2c 49 83 64 00 
EA=0xc00a30 cc 9e 3c ff 
EA=0xc00a34 5d 25 33 ff 
EA=0xc00a38 ed 15 1b 00 
EA=0xc00a3c 0d 4a dd ff 
EA=0xc00a40 a5 5a 04 00 
EA=0xc00a44 c1 dd 43 ff 
EA=0xc00a48 08 40 3c ff 
EA=0xc00a4c 8b c3 9e ff 
EA=0xc00a50 8c 6a 18 ff 
EA=0xc00a54 49 22 ef fe 
EA=0xc00a58 5b 10 cf ff 
EA=0xc00a5c 00 50 94 00 
EA=0xc00a60 65 1a fe fe 
EA=0xc00a64 7f 32 ac 00 
EA=0xc00a68 92 5e a4 ff 
EA=0xc00a6c 06 e5 9c 00 
EA=0xc00a70 67 5c ea ff 
EA=0xc00a74 7f a5 08 00 
EA=0xc00a78 1f c9 66 00 
EA=0xc00a7c 80 d9 74 01 
EA=0xc00a80 d0 53 02 00 
EA=0xc00a84 9c 8f e1 01 
EA=0xc00a88 60 f0 98 ff 
EA=0xc00a8c 3f 01 35 00 
EA=0xc00a90 77 fc ad 00 
EA=0xc00a94 07 1e 00 00 
EA=0xc00a98 cd 4b 3f 01 
EA=0xc00a9c a4 52 ea ff 
EA=0xc00aa0 6c cf ca 00 
EA=0xc00aa4 9d 8d d2 ff 
EA=0xc00aa8 e2 6c 37 00 
EA=0xc00aac ad 4f 73 ff 
EA=0xc00ab0 47 45 02 ff 
EA=0xc00ab4 a2 c6 2a ff 
EA=0xc00ab8 bf f9 1d 00 
EA=0xc00abc 8f 46 aa 00 
EA=0xc00ac0 40 c8 31 ff 
EA=0xc00ac4 f9 45 23 00 
EA=0xc00ac8 04 a9 82 00 
EA=0xc00acc a3 55 38 ff 
EA=0xc00ad0 2f 0d 19 00 
EA=0xc00ad4 0c ab ce fe 
EA=0xc00ad8 45 34 63 00 
EA=0xc00adc 91 e7 8c 00 
EA=0xc00ae0 a7 42 4e 01 
EA=0xc00ae4 f1 96 37 00 
EA=0xc00ae8 0e 62 09 01 
EA=0xc00aec d6 be 21 00 
EA=0xc00af0 71 d6 76 ff 
EA=0xc00af4 53 05 38 ff 
EA=0xc00af8 4c d6 79 00 
EA=0xc00afc 35 25 5f ff 
EA=0xc00b00 3b 22 73 00 
EA=0xc00b04 8f c2 dc ff 
EA=0xc00b08 d2 28 be ff 
EA=0xc00b0c e2 46 92 00 
EA=0xc00b10 68 b7 a1 ff 
EA=0xc00b14 2d fd 90 ff 
EA=0xc00b18 2b 9a 55 ff 
EA=0xc00b1c b1 83 ab 00 
EA=0xc00b20 6b 43 8c ff 
EA=0xc00b24 af 82 30 00 
EA=0xc00b28 71 3b 5a 00 
EA=0xc00b2c 3e 44 87 00 
EA=0xc00b30 62 24 c2 01 
EA=0xc00b34 93 16 ca ff 
EA=0xc00b38 73 e7 b9 ff 
EA=0xc00b3c 5f c7 30 00 
EA=0xc00b40 6e 05 1e 01 
EA=0xc00b44 03 c1 72 00 
EA=0xc00b48 6a 00 4f 00 
EA=0xc00b4c 1a d0 36 00 
EA=0xc00b50 93 3f 2a 00 
EA=0xc00b54 69 2c e1 00 
EA=0xc00b58 db 42 70 00 
EA=0xc00b5c 86 df b1 00 
EA=0xc00b60 71 cc 3d ff 
EA=0xc00b64 f9 52 bf 00 
EA=0xc00b68 7a 95 4b 00 
EA=0xc00b6c 83 29 f2 ff 
EA=0xc00b70 45 77 09 00 
EA=0xc00b74 8e 96 b8 ff 
EA=0xc00b78 76 ed a8 00 
EA=0xc00b7c 86 fb b0 ff 
EA=0xc00b80 7d 3e 8f 00 
EA=0xc00b84 8f 7f cc ff 
EA=0xc00b88 bd a6 11 00 
EA=0xc00b8c dd 08 43 ff 
EA=0xc00b90 a1 57 a7 ff 
EA=0xc00b94 db b5 e7 00 
EA=0xc00b98 60 c2 5f 00 
EA=0xc00b9c de 5b 52 ff 
EA=0xc00ba0 d9 b7 ee 00 
EA=0xc00ba4 23 47 42 00 
EA=0xc00ba8 6b b9 e0 00 
EA=0xc00bac af e4 ef ff 
EA=0xc00bb0 e2 e9 c8 ff 
EA=0xc00bb4 e9 0d 92 00 
EA=0xc00bb8 8e 70 21 00 
EA=0xc00bbc ca 48 f0 00 
EA=0xc00bc0 ad fd 29 ff 
EA=0xc00bc4 03 73 ce ff 
EA=0xc00bc8 d3 db aa ff 
EA=0xc00bcc 40 1b 5e 00 
EA=0xc00bd0 bc 99 7a ff 
EA=0xc00bd4 01 67 fc fe 
EA=0xc00bd8 08 be c7 ff 
EA=0xc00bdc 13 b9 ae ff 
EA=0xc00be0 08 7a f6 00 
EA=0xc00be4 37 66 dd ff 
EA=0xc00be8 b3 b8 b5 ff 
EA=0xc00bec 08 be 14 01 
EA=0xc00bf0 b9 85 d0 ff 
EA=0xc00bf4 20 1c ad 01 
EA=0xc00bf8 fd 7a 1e ff 
EA=0xc00bfc 51 0f fa fe 
EA=0xc00c00 99 f3 a2 ff 
EA=0xc00c04 60 93 54 00 
EA=0xc00c08 48 4f 7e 00 
EA=0xc00c0c b8 37 77 ff 
EA=0xc00c10 a5 9c 4c 00 
EA=0xc00c14 cf 51 f5 ff 
EA=0xc00c18 0d 90 a4 ff 
EA=0xc00c1c d0 1e a2 ff 
EA=0xc00c20 a9 4c d3 ff 
EA=0xc00c24 6a 67 94 ff 
EA=0xc00c28 6a de df ff 
EA=0xc00c2c 41 83 10 00 
EA=0xc00c30 0e 14 1f 00 
EA=0xc00c34 ed 15 51 ff 
EA=0xc00c38 9d c2 3e 00 
EA=0xc00c3c 15 4a c8 ff 
EA=0xc00c40 61 0a da ff 
EA=0xc00c44 1a 05 4c ff 
EA=0xc00c48 45 af 42 ff 
EA=0xc00c4c 98 96 b1 ff 
EA=0xc00c50 dd df a6 ff 
EA=0xc00c54 10 dc 35 00 
EA=0xc00c58 79 0f ab 00 
EA=0xc00c5c 06 24 0b 00 
EA=0xc00c60 c8 33 53 00 
EA=0xc00c64 3d 2c 48 00 
EA=0xc00c68 b9 86 6b 00 
EA=0xc00c6c 0a 35 39 ff 
EA=0xc00c70 19 6b c9 ff 
EA=0xc00c74 09 97 43 00 
EA=0xc00c78 e2 27 62 00 
EA=0xc00c7c 2a 90 46 00 
EA=0xc00c80 ec c6 37 00 
EA=0xc00c84 c2 d8 33 00 
EA=0xc00c88 f1 a1 89 ff 
EA=0xc00c8c d7 ba 45 00 
EA=0xc00c90 5e 7e f7 ff 
EA=0xc00c94 ba 1d b9 fe 
EA=0xc00c98 80 91 ca ff 
EA=0xc00c9c ab e8 fa ff 
EA=0xc00ca0 41 f9 1c 01 
EA=0xc00ca4 fc ed 7e 00 
EA=0xc00ca8 d7 ed 8b ff 
EA=0xc00cac a1 fc ff ff 
EA=0xc00cb0 cc 87 f2 ff 
EA=0xc00cb4 19 b1 be ff 
EA=0xc00cb8 c9 02 83 ff 
EA=0xc00cbc c8 31 0a ff 
EA=0xc00cc0 f2 82 80 00 
EA=0xc00cc4 f9 e7 19 02 
EA=0xc00cc8 80 00 aa 00 
EA=0xc00ccc 28 7d f1 ff 
EA=0xc00cd0 ba 0b 86 ff 
EA=0xc00cd4 4c a0 d4 ff 
EA=0xc00cd8 18 4b 4c 00 
EA=0xc00cdc ac 37 9d ff 
EA=0xc00ce0 29 b9 ac fe 
EA=0xc00ce4 3d b4 12 01 
EA=0xc00ce8 0e f7 ee 00 
EA=0xc00cec 20 61 15 01 
EA=0xc00cf0 b1 1b 30 00 
EA=0xc00cf4 f9 5c e3 fe 
EA=0xc00cf8 cb 46 22 ff 
EA=0xc00cfc 26 6a 39 00 
EA=0xc00d00 f9 ef df ff 
EA=0xc00d04 d1 39 6a 00 
EA=0xc00d08 77 e4 11 00 
EA=0xc00d0c 13 1b f8 ff 
EA=0xc00d10 30 7e ef 00 
EA=0xc00d14 71 f9 b3 00 
EA=0xc00d18 0b 69 01 ff 
EA=0xc00d1c f6 0d 45 ff 
EA=0xc00d20 fe 0d 3a ff 
EA=0xc00d24 19 2e f5 ff 
EA=0xc00d28 e0 c0 c5 ff 
EA=0xc00d2c b4 e4 7a 00 
EA=0xc00d30 3c c4 be ff 
EA=0xc00d34 71 ad c6 ff 
EA=0xc00d38 d3 3b 9d 00 
EA=0xc00d3c fa 4a 42 00 
EA=0xc00d40 b8 6f a8 fe 
EA=0xc00d44 25 4a a4 fe 
EA=0xc00d48 2b c7 f6 00 
EA=0xc00d4c 66 f2 02 01 
EA=0xc00d50 04 f7 ee 00 
EA=0xc00d54 6c 5e 2d ff 
EA=0xc00d58 55 9b 6d fe 
EA=0xc00d5c a7 8a b2 ff 
EA=0xc00d60 04 69 8d 00 
EA=0xc00d64 e2 af 97 fe 
EA=0xc00d68 18 1c df ff 
EA=0xc00d6c 1c f9 cc ff 
EA=0xc00d70 1b 45 34 01 
EA=0xc00d74 18 9c df 00 
EA=0xc00d78 bb a3 ba fe 
EA=0xc00d7c f5 c2 9e ff 
EA=0xc00d80 52 10 9c 00 
EA=0xc00d84 33 fb 07 00 
EA=0xc00d88 f6 37 d9 ff 
EA=0xc00d8c e7 bb 4c 00 
EA=0xc00d90 1e 27 4a ff 
EA=0xc00d94 e1 9a 42 00 
EA=0xc00d98 19 93 79 00 
EA=0xc00d9c 8d 5d 39 ff 
EA=0xc00da0 d2 fb 34 ff 
EA=0xc00da4 21 22 87 ff 
EA=0xc00da8 53 06 a5 00 
EA=0xc00dac c0 83 b8 00 
EA=0xc00db0 a6 5a 23 01 
EA=0xc00db4 69 2c 82 00 
EA=0xc00db8 1b e8 90 ff 
EA=0xc00dbc fa 42 c5 00 
EA=0xc00dc0 86 10 81 ff 
EA=0xc00dc4 8f ae ce fe 
EA=0xc00dc8 78 4d e5 ff 
EA=0xc00dcc 0f f6 1c 00 
EA=0xc00dd0 8c 36 16 00 
EA=0xc00dd4 26 cc 04 00 
EA=0xc00dd8 c0 ac eb fe 
EA=0xc00ddc a1 90 5f ff 
EA=0xc00de0 cb e8 18 fe 
EA=0xc00de4 89 16 5d ff 
EA=0xc00de8 44 f4 89 ff 
EA=0xc00dec e6 dc 08 01 
EA=0xc00df0 fb 01 d7 ff 
EA=0xc00df4 c4 69 84 00 
EA=0xc00df8 64 ae dd 00 
EA=0xc00dfc f8 1e 3f 00 
EA=0xc00e00 6a 4b a5 ff 
EA=0xc00e04 7f 30 d3 fe 
EA=0xc00e08 b8 3f 94 ff 
EA=0xc00e0c d7 25 7d ff 
EA=0xc00e10 45 ac a5 00 
EA=0xc00e14 34 f1 41 00 
EA=0xc00e18 7c ca 36 00 
EA=0xc00e1c 34 83 02 01 
EA=0xc00e20 01 93 ec 00 
EA=0xc00e24 15 4b b3 ff 
EA=0xc00e28 91 65 33 ff 
EA=0xc00e2c 0c cc 3f 00 
EA=0xc00e30 3b ad 1a 00 
EA=0xc00e34 1c 20 56 00 
EA=0xc00e38 30 5f 11 01 
EA=0xc00e3c 5f b4 fe ff 
EA=0xc00e40 28 01 f8 ff 
EA=0xc00e44 9f 43 85 ff 
EA=0xc00e48 32 d1 3f ff 
EA=0xc00e4c 13 12 54 00 
EA=0xc00e50 4d 3c 8f ff 
EA=0xc00e54 34 f8 18 00 
EA=0xc00e58 6c 6a d9 ff 
EA=0xc00e5c 9d 30 40 00 
EA=0xc00e60 83 1e da 00 
EA=0xc00e64 6e d2 e4 fe 
EA=0xc00e68 4d 4d 28 00 
EA=0xc00e6c b5 a5 b0 00 
EA=0xc00e70 b0 ff 08 00 
EA=0xc00e74 8a 6e 39 00 
EA=0xc00e78 76 36 6b 00 
EA=0xc00e7c 67 4c 49 ff 
EA=0xc00e80 1b fa 5e 00 
EA=0xc00e84 68 b7 0e 00 
EA=0xc00e88 20 1b bb fe 
EA=0xc00e8c 94 e7 d0 ff 
EA=0xc00e90 9a 4f ea fe 
EA=0xc00e94 fc 63 b1 fe 
EA=0xc00e98 70 60 92 00 
EA=0xc00e9c f6 71 1f 00 
EA=0xc00ea0 98 f6 f3 ff 
EA=0xc00ea4 c7 87 39 00 
EA=0xc00ea8 62 c5 42 ff 
EA=0xc00eac 18 ca 7e ff 
EA=0xc00eb0 27 6b 74 00 
EA=0xc00eb4 4a 64 b6 ff 
EA=0xc00eb8 90 ab e9 fe 
EA=0xc00ebc 66 bb 5e 00 
EA=0xc00ec0 61 a8 b4 00 
EA=0xc00ec4 1e 98 4f 00 
EA=0xc00ec8 14 e7 45 00 
EA=0xc00ecc 00 6d 9d ff 
EA=0xc00ed0 fe 51 56 00 
EA=0xc00ed4 e6 39 0b 00 
EA=0xc00ed8 42 42 03 ff 
EA=0xc00edc 5f af 47 00 
EA=0xc00ee0 cf 0e 49 ff 
EA=0xc00ee4 60 1d 03 01 
EA=0xc00ee8 25 b2 c9 00 
EA=0xc00eec 8f 4b b8 ff 
EA=0xc00ef0 47 e8 40 00 
EA=0xc00ef4 ef a7 b0 ff 
EA=0xc00ef8 a5 93 c1 00 
EA=0xc00efc 24 ac 44 00 
EA=0xc00f00 7c 1f b1 ff 
EA=0xc00f04 03 42 1f 00 
EA=0xc00f08 49 e7 97 00 
EA=0xc00f0c d5 29 af ff 
EA=0xc00f10 35 df 14 00 
EA=0xc00f14 f9 04 f2 00 
EA=0xc00f18 0a a9 10 00 
EA=0xc00f1c 70 53 d8 00 
EA=0xc00f20 db 94 5e ff 
EA=0xc00f24 75 1d f1 ff 
EA=0xc00f28 dc 68 0a 00 
EA=0xc00f2c e0 a5 0b 00 
EA=0xc00f30 aa 3d 46 00 
EA=0xc00f34 2d a4 f0 ff 
EA=0xc00f38 f7 82 3f ff 
EA=0xc00f3c 74 94 3f 00 
EA=0xc00f40 04 c9 9a ff 
EA=0xc00f44 18 8f ab ff 
EA=0xc00f48 2a a5 6c 00 
EA=0xc00f4c 9b 67 2a 00 
EA=0xc00f50 94 7d bc 00 
EA=0xc00f54 81 9a ba fe 
EA=0xc00f58 54 4a 92 00 
EA=0xc00f5c 98 ed 70 00 
EA=0xc00f60 35 48 91 ff 
EA=0xc00f64 ee 6d fe ff 
EA=0xc00f68 e3 9d f1 ff 
EA=0xc00f6c f1 63 3c 00 
EA=0xc00f70 33 3b 03 00 
EA=0xc00f74 61 a1 23 00 
EA=0xc00f78 55 2e 92 00 
EA=0xc00f7c 8d 7c 30 01 
EA=0xc00f80 40 d0 a3 ff 
EA=0xc00f84 f9 7f e4 ff 
EA=0xc00f88 ab 5d 85 ff 
EA=0xc00f8c af 24 fe fe 
EA=0xc00f90 4d 2a 34 01 
EA=0xc00f94 91 82 e7 fe 
EA=0xc00f98 62 3b b5 00 
EA=0xc00f9c eb 23 32 ff 
EA=0xc00fa0 85 a0 06 00 
EA=0xc00fa4 11 5f ca fe 
EA=0xc00fa8 bd 75 e8 00 
EA=0xc00fac 65 83 ad ff 
EA=0xc00fb0 2a 25 3b 01 
EA=0xc00fb4 e0 a4 d5 ff 
EA=0xc00fb8 55 5f 9c ff 
EA=0xc00fbc c1 b0 71 00 
EA=0xc00fc0 fb 9c 46 00 
EA=0xc00fc4 a6 0b 44 00 
EA=0xc00fc8 16 3d e2 ff 
EA=0xc00fcc 07 cc 41 00 
EA=0xc00fd0 c3 02 93 ff 
EA=0xc00fd4 8b 96 db 00 
EA=0xc00fd8 32 c1 0a 00 
EA=0xc00fdc 95 16 fe ff 
EA=0xc00fe0 87 ae 20 00 
EA=0xc00fe4 55 64 d1 ff 
EA=0xc00fe8 5c 9d af ff 
EA=0xc00fec 7f 6a 37 ff 
EA=0xc00ff0 d9 e9 f8 ff 
EA=0xc00ff4 63 0a 34 01 
EA=0xc00ff8 80 19 83 00 
EA=0xc00ffc ed 6b fd fe 
