130000[65]: system.cpu.mpurf_manager: [tid:1]: [sn:39] : W MPU Reg 1 : 0x01 0x02 0x03 0x04 0x05 0x06 0xf1 0xd9 0x62 0x4c 0x9f 0x8f 0xf8 0xb7 0x9f 0x5c 0x5b 0x89 0x49 0xd0 0xd7 0x51 0x96 0xc 0xc2 0xc8 0x77 0x3d 0x12 0x7e 0x6d 0x39 0x1f 0xd3 0x85 0x78 0x5b 0x49 0x3f 0x2a 0x58 0x86 0x8e 0x9c 0xfa 0x26 0x73 0xa3 0x2f 0xb3 0x5f 0x44 0xf7 0xcb 0xe6 0x5a 0x29 0xed 0xda 0x65 0xb5 0xdf 0xbb 0xaa 
130000[65]: system.cpu.graduation_unit: [tid:1]: [sn:39]: [sln:39]: 0x00000070: (memo:biu0ld    ) BIU0.DM(A++,K++)->M[I++] : 110000 111000 112000 113000 114000 115000 116000 117000 119000 120000 122000 124000 125000 126000 127000 128000 129000 130000
131000[65]: system.cpu.mpurf_manager: [tid:1]: [sn:40] : R MPU Reg 1 : 0x01 0x02 0x03 0x04 0x05 0x06 0xf1 0xd9 0x62 0x4c 0x9f 0x8f 0xf8 0xb7 0x9f 0x5c 0x5b 0x89 0x49 0xd0 0xd7 0x51 0x96 0xc 0xc2 0xc8 0x77 0x3d 0x12 0x7e 0x6d 0x39 0x1f 0xd3 0x85 0x78 0x5b 0x49 0x3f 0x2a 0x58 0x86 0x8e 0x9c 0xfa 0x26 0x73 0xa3 0x2f 0xb3 0x5f 0x44 0xf7 0xcb 0xe6 0x5a 0x29 0xed 0xda 0x65 0xb5 0xdf 0xbb 0xaa 
131000[65]: system.cpu.graduation_unit: [tid:1]: [sn:40]: [sln:40]: 0x00000070: (memo:biu0ld    ) BIU1.DM(A++,K++)->M[4] : 110000 111000 112000 113000 114000 115000 116000 117000 119000 120000 122000 124000 125000 126000 127000 128000 129000 131000
131000[65]: system.cpu.mpurf_manager: [tid:1]: [sn:41] : W MPU Reg 4 : 0x01 0x02 0x03 0x04 0x05 0x06 0xf1 0xd9 0x62 0x4c 0x9f 0x8f 0xf8 0xb7 0x9f 0x5c 0x5b 0x89 0x49 0xd0 0xd7 0x51 0x96 0xc 0xc2 0xc8 0x77 0x3d 0x12 0x7e 0x6d 0x39 0x1f 0xd3 0x85 0x78 0x5b 0x49 0x3f 0x2a 0x58 0x86 0x8e 0x9c 0xfa 0x26 0x73 0xa3 0x2f 0xb3 0x5f 0x44 0xf7 0xcb 0xe6 0x5a 0x29 0xed 0xda 0x65 0xb5 0xdf 0xbb 0xaa 
131000[65]: system.cpu.mpurf_manager: [tid:1]: [sn:41] : R MPU Reg 4 : 0x01 0x02 0x03 0x04 0x05 0x06 0xf1 0xd9 0x62 0x4c 0x9f 0x8f 0xf8 0xb7 0x9f 0x5c 0x5b 0x89 0x49 0xd0 0xd7 0x51 0x96 0xc 0xc2 0xc8 0x77 0x3d 0x12 0x7e 0x6d 0x39 0x1f 0xd3 0x85 0x78 0x5b 0x49 0x3f 0x2a 0x58 0x86 0x8e 0x9c 0xfa 0x26 0x73 0xa3 0x2f 0xb3 0x5f 0x44 0xf7 0xcb 0xe6 0x5a 0x29 0xed 0xda 0x65 0xb5 0xdf 0xbb 0xaa 
131000[65]: system.cpu.graduation_unit: [tid:1]: [sn:41]: [sln:41]: 0x00000070: (memo:biu0ld    ) BIU0.DM(A++,K++)->M[I++] : 110000 111000 112000 113000 114000 115000 116000 117000 119000 120000 122000 124000 125000 126000 127000 128000 129000 131000
132000[66]: system.cpu.mpurf_manager: [tid:1]: [sn:42] : R MPU Reg 13 : 0x01 0x02 0x03 0x04 0x05 0x06 0xf1 0xd9 0x62 0x4c 0x9f 0x8f 0xf8 0xb7 0x9f 0x5c 0x5b 0x89 0x49 0xd0 0xd7 0x51 0x96 0xc 0xc2 0xc8 0x77 0x3d 0x12 0x7e 0x6d 0x39 0x1f 0xd3 0x85 0x78 0x5b 0x49 0x3f 0x2a 0x58 0x86 0x8e 0x9c 0xfa 0x26 0x73 0xa3 0x2f 0xb3 0x5f 0x44 0xf7 0xcb 0xe6 0x5a 0x29 0xed 0xda 0x65 0xb5 0xdf 0xbb 0xaa 
132000[66]: system.cpu.graduation_unit: [tid:1]: [sn:42]: [sln:42]: 0x00000070: (memo:biu0ld    ) BIU0.DM(A++,K++)->M[I++] : 110000 111000 112000 113000 114000 115000 116000 117000 119000 120000 122000 124000 125000 126000 127000 128000 129000 132000
133000[66]: system.cpu.mpurf_manager: [tid:1]: [sn:43] : R MPU Reg 28 : 0x01 0x02 0x03 0x04 0x05 0x06 0xf1 0xd9 0x62 0x4c 0x9f 0x8f 0xf8 0xb7 0x9f 0x5c 0x5b 0x89 0x49 0xd0 0xd7 0x51 0x96 0xc 0xc2 0xc8 0x77 0x3d 0x12 0x7e 0x6d 0x39 0x1f 0xd3 0x85 0x78 0x5b 0x49 0x3f 0x2a 0x58 0x86 0x8e 0x9c 0xfa 0x26 0x73 0xa3 0x2f 0xb3 0x5f 0x44 0xf7 0xcb 0xe6 0x5a 0x29 0xed 0xda 0x65 0xb5 0xdf 0xbb 0xaa 
133000[66]: system.cpu.graduation_unit: [tid:1]: [sn:43]: [sln:43]: 0x0000007: (memo:biu0ld    ) BIU0.DM(A++,K++)->M[I++] : 110000 111000 112000 113000 114000 115000 116000 117000 119000 121000 122000 124000 125000 126000 127000 128000 129000 133000
133000[66]: system.cpu.mpurf_manager: [tid:1]: [sn:44] : W MPU Reg 160 : 0xaa 0xbb 0xcc 0xdd 0xee 0x2d 0x4b 0xc2 0x1e 0xd 0xec 0x18 0xd1 0x86 0x41 0x3b 0xd8 0x53 0x56 0x5b 0xe2 0x4 0x73 0xd8 0x12 0xb8 0x39 0xe5 0xa1 0x2b 0x81 0xc8 0x27 0xa1 0x1f 0x4 0x58 0x96 0x14 0x12 0x96 0xb1 0x55 0xed 0x2b 0xf5 0xad 0x27 0x84 0xa7 0xe7 0xb9 0x49 0xdb 0xc9 0x51 0xa1 0x2a 0xfa 0x45 0x83 0x7c 0x72 0xfe 
133000[66]: system.cpu.graduation_unit: [tid:1]: [sn:44]: [sln:44]: 0x000000f: (memo:mr2       ) R2.M[4]->IALU.T0(I0) : 118000 123000 124000 127000 128000 129000 130000 133000 0 0 0 0 0 0 0 0 0 0
134000[67]: system.cpu.mpurf_manager: [tid:1]: [sn:45] : W MPU Reg 48 : 0xaa 0xbb 0xcc 0xdd 0xee 0x61 0x17 0xa1 0x86 0x50 0xf5 0x35 0x29 0xc1 0xc5 0x98 0x4b 0x73 0xec 0x8a 0x4e 0xa8 0xa9 0xa1 0xe 0xe6 0x9f 0x2a 0x2a 0x8d 0x9e 0x38 0x79 0xc8 0xca 0x13 0x6b 0xc7 0xb6 0xba 0xc4 0xb9 0x92 0xb4 0x7f 0x86 0xfa 0xf2 0x32 0xbd 0x84 0xe4 0xca 0xa9 0xa1 0x8e 0xfb 0xb 0xef 0xc9 0x36 0x75 0x8f 0x6b 
134000[67]: system.cpu.graduation_unit: [tid:1]: [sn:45]: [sln:45]: 0x0000007: (memo:biu0ld    ) BIU0.DM(A++,K++)->M[I++] : 115000 115000 115000 115000 116000 117000 120000 121000 123000 124000 125000 126000 127000 128000 129000 130000 133000 134000
135000[67]: system.cpu.mpurf_manager: [tid:1]: [sn:46] : W MPU Reg 128 : 0xaa 0xbb 0xcc 0xdd 0xd 0x8d 0x65 0x12 0x1 0xd 0x76 0x3d 0xed 0x8c 0xf9 0xc6 0xc5 0xaa 0xe5 0x77 0x12 0x8f 0xf2 0xce 0xe8 0xc5 0x5c 0xbd 0x2d 0x65 0x63 0xa 0x80 0x20 0xaa 0x9d 0x96 0x13 0xd 0x53 0x6b 0xd5 0x2 0xae 0x1d 0xcf 0x23 0xa 0xca 0x3c 0xf2 0x8a 0x41 0xd8 0x78 0x89 0xeb 0xb6 0xc6 0xae 0xbc 0x2a 0xb 0x71 
135000[67]: system.cpu.graduation_unit: [tid:1]: [sn:46]: [sln:46]: 0x000000f: (memo:mr0       ) R0.M[I++]->SHU0.T0 : 116000 123000 123000 123000 128000 129000 130000 131000 135000 0 0 0 0 0 0 0 0 0
136000[68]: system.cpu.mpurf_manager: [tid:1]: [sn:47] : W MPU Reg 161 : 0xaa 0xbb 0xcc 0xdd 0xbc 0x80 0xc6 0x3d 0xd 0x13 0xf2 0xaa 0xd 0x12 0x2a 0x3d 0x2d 0x12 0x65 0xb6 0x41 0xc5 0x1d 0xed 0x12 0x2 0xaa 0x6b 0x3d 0x8a 0x1d 0x9d 0x96 0xd 0xb6 0xa 0x12 0x53 0x65 0xca 0x9 0xd 0xc5 0x80 0x2d 0x77 0x9d 0x2 0x1 0x65 0xc6 0xd 0xae 0xb6 0xe5 0xe5 0xc5 0xc5 0x23 0xce 0xbd 0xd 0xae 0x24 
136000[68]: system.cpu.graduation_unit: [tid:1]: [sn:47]: [sln:47]: 0x000003e1: (memo:shu0idx   ) SHU0.T0 IND T1->IALU.T1(I1) : 125000 126000 127000 128000 129000 130000 131000 132000 136000 0 0 0 0 0 0 0 0 0
138000[69]: system.cpu.mpurf_manager: [tid:1]: [sn:48] : R MPU Reg 128 : 0xaa 0xbb 0xcc 0xdd 0xfa 0x61 0x17 0xa1 0x86 0x50 0xf5 0x35 0x29 0xc1 0xc5 0x98 0x4b 0x73 0xec 0x8a 0x4e 0xa8 0xa9 0xa1 0xe 0xe6 0x9f 0x2a 0x2a 0x8d 0x9e 0x38 0x79 0xc8 0xca 0x13 0x6b 0xc7 0xb6 0xba 0xc4 0xb9 0x92 0xb4 0x7f 0x86 0xfa 0xf2 0x32 0xbd 0x84 0xe4 0xca 0xa9 0xa1 0x8e 0xfb 0xb 0xef 0xc9 0x36 0x75 0x8f 0x6b 
138000[69]: system.cpu.graduation_unit: [tid:1]: [sn:48]: [sln:48]: 0x000003e: (memo:ialumerge ) IALU.Merge(T1,T2,T3)(B)->BIU2 : 119000 120000 121000 122000 123000 124000 129000 133000 136000 138000 0 0 0 0 0 0 0 0
140000[70]: system.cpu.mpurf_manager: [tid:1]: [sn:49] : W MPU Reg 162 : 0xaa 0xbb 0xcc 0xdd 0xb5 0x1f 0xda 0x8f 0x3f 0x49 0x5f 0x85 0x4c 0xd7 0xdf 0x8f 0x12 0xd9 0xf1 0xed 0xf7 0x5b 0xfa 0xf8 0xd9 0x8e 0x89 0x58 0x8f 0x44 0xfa 0x78 0x5b 0x4c 0xed 0x39 0xd7 0x2a 0x7e 0x2f 0x3b 0x4c 0xc8 0x1f 0x12 0xd0 0x78 0x8e 0x62 0x7e 0xda 0x7e 0x9c 0xed 0x49 0x49 0xc8 0x5b 0x73 0xc 0x3d 0x3f 0x65 0x85 
140000[70]: system.cpu.graduation_unit: [tid:1]: [sn:49]: [sln:49]: 0x0000040b: (memo:shu0idx   ) SHU0.T0 IND T1->IALU.T2(I1) : 126000 128000 130000 132000 134000 135000 137000 138000 140000 0 0 0 0 0 0 0 0 0
141000[70]: system.cpu.mpurf_manager: [tid:1]: [sn:50] : W MPU Reg 132 : 0xaa 0xbb 0xcc 0xdd 0x81 0xe9 0x2e 0x2 0x96 0xc8 0x88 0x2 0x51 0xf4 0x2c 0x1 0x1d 0x19 0xe6 0x0 0x42 0xb3 0x30 0x2 0xa8 0x45 0xa0 0x3 0xcd 0xb1 0x8f 0x0 0x26 0xe7 0x7c 0x3 0x9f 0x75 0xc2 0x2 0x26 0x65 0x83 0x0 0x4c 0x8e 0xab 0x0 0x77 0xe9 0x10 0x2 0xe4 0x48 0x48 0x1 0x41 0xbb 0x5d 0x2 0x9b 0xee 0x2 0x0 
141000[70]: system.cpu.mpurf_manager: [tid:1]: [sn:50] : R MPU Reg 132 : 0xaa 0xbb 0xcc 0xdd 0x81 0xe9 0x2e 0x2 0x96 0xc8 0x88 0x2 0x51 0xf4 0x2c 0x1 0x1d 0x19 0xe6 0x0 0x42 0xb3 0x30 0x2 0xa8 0x45 0xa0 0x3 0xcd 0xb1 0x8f 0x0 0x26 0xe7 0x7c 0x3 0x9f 0x75 0xc2 0x2 0x26 0x65 0x83 0x0 0x4c 0x8e 0xab 0x0 0x77 0xe9 0x10 0x2 0xe4 0x48 0x48 0x1 0x41 0xbb 0x5d 0x2 0x9b 0xee 0x2 0x0 
141000[70]: system.cpu.graduation_unit: [tid:1]: [sn:50]: [sln:50]: 0x0000040b: (memo:ialusrimm ) IALU.T0>>6(U)->IALU.T0 : 130000 131000 131000 131000 132000 133000 135000 138000 141000 0 0 0 0 0 0 0 0 0
142000[71]: system.cpu.mpurf_manager: [tid:1]: [sn:51] : W MPU Reg 4 : 0xaa 0xbb 0xcc 0xdd 0xc5 0xcf 0x90 0x51 0x69 0x77 0x4a 0xd8 0x9b 0xc4 0xb8 0xb7 0x86 0x30 0x77 0xb5 0xd4 0x7 0x76 0xe9 0x8b 0x1 0xdb 0x80 0xc2 0xc5 0x30 0xaf 0x66 0xaf 0xe9 0xf8 0x6 0xef 0xe1 0x95 0xee 0x60 0xe5 0x28 0x64 0x29 0xe1 0x77 0x6e 0x81 0xd5 0x68 0xf0 0xaa 0xf 0xf1 0x7d 0x8e 0xe2 0x3c 0xa9 0xef 0x5b 0xaf 
142000[71]: system.cpu.graduation_unit: [tid:1]: [sn:51]: [sln:51]: 0x000002da: (memo:biu1ld    ) BIU1.DM(A++,K++)->M[4] : 125000 126000 127000 128000 129000 130000 131000 132000 133000 134000 135000 136000 137000 138000 139000 140000 141000 142000
144000[72]: system.cpu.mpurf_manager: [tid:1]: [sn:52] : W MPU Reg 161 : 0xaa 0xbb 0xcc 0xdd 0x7d 0xb4 0x26 0xa 0x8 0x2e 0x5e 0x28 0x4e 0xdb 0xdc 0xa 0x46 0xc3 0xfd 0xc0 0xd5 0x94 0xda 0xb6 0xc3 0x1c 0x93 0xfd 0xa 0xfa 0xda 0x2d 0xc7 0x4e 0xc0 0x69 0xdb 0x1c 0x4 0x73 0xab 0x4e 0xca 0xb4 0x46 0x59 0x2d 0x1c 0x56 0x4 0x26 0xdc 0x86 0xc0 0x4 0x4 0xca 0x94 0x66 0x6d 0x95 0x8 0xb6 0xd0 
144000[72]: system.cpu.graduation_unit: [tid:1]: [sn:52]: [sln:52]: 0x00000433: (memo:shu0idx   ) SHU0.T0 IND T1->IALU.T1(I1) : 120000 120000 122000 125000 129000 132000 138000 140000 144000 0 0 0 0 0 0 0 0 0
144000[72]: system.cpu.mpurf_manager: [tid:1]: [sn:53] : W MPU Reg 178 : 0xaa 0xbb 0xcc 0xdd 0x36 0x79 0xef 0x35 0xb6 0xc7 0x84 0xca 0x50 0x4e 0x75 0x35 0x2a 0xa1 0x17 0xb 0xca 0x4b 0x7f 0x29 0xa1 0x92 0x73 0xc4 0x35 0xe4 0x7f 0x13 0x6b 0x50 0xb 0x38 0x4e 0xba 0x8d 0x32 0xcf 0x50 0xe6 0x79 0x2a 0x8a 0x13 0x92 0x86 0x8d 0xef 0xfa 0xb4 0xb 0xec 0xec 0xe6 0x4b 0xfa 0xa1 0x2a 0xb6 0xc9 0x7e 
144000[72]: system.cpu.graduation_unit: [tid:1]: [sn:53]: [sln:53]: 0x0000045c: (memo:shu0idx   ) SHU0.T0 IND T1->IALU.T2(I1) : 132000 133000 134000 135000 136000 137000 138000 139000 144000 0 0 0 0 0 0 0 0 0
145000[72]: system.cpu.mpurf_manager: [tid:1]: [sn:54] : W MPU Reg 143 : 0xaa 0xbb 0xcc 0xdd 0x80 0x50 0xec 0x1 0x81 0xe9 0x72 0x0 0x79 0x54 0xc4 0x0 0xc2 0x2f 0x86 0x0 0xd 0x4b 0x82 0x1 0xb5 0xe 0x58 0x0 0xe2 0x76 0x6c 0x1 0x3d 0xb9 0xaa 0x0 0x40 0xe5 0x68 0x1 0x1b 0x96 0xf2 0x0 0xfb 0xf7 0x1e 0x1 0xc6 0x3b 0x62 0x1 0x2a 0xc1 0xdb 0x1 0xf0 0x1b 0xa5 0x0 0x8d 0x18 0x21 0x1 
145000[72]: system.cpu.graduation_unit: [tid:1]: [sn:54]: [sln:54]: 0x0000047e: (memo:mr1       ) R1.M[7]->IALU.T3(I0) : 120000 128000 130000 132000 136000 140000 144000 145000 0 0 0 0 0 0 0 0 0 0
146000[73]: system.cpu.mpurf_manager: [tid:1]: [sn:55] : W MPU Reg 165 : 0xaa 0xbb 0xcc 0xdd 0xc5 0xcf 0x90 0x51 0x69 0x77 0x4a 0xd8 0x9b 0xc4 0xb8 0xb7 0x86 0x30 0x77 0xb5 0xd4 0x7 0x76 0xe9 0x8b 0x1 0xdb 0x80 0xc2 0xc5 0x30 0xaf 0x66 0xaf 0xe9 0xf8 0x6 0xef 0xe1 0x95 0xee 0x60 0xe5 0x28 0x64 0x29 0xe1 0x77 0x6e 0x81 0xd5 0x68 0xf0 0xaa 0xf 0xf1 0x7d 0x8e 0xe2 0x3c 0xa9 0xef 0x5b 0xaf 
146000[73]: system.cpu.graduation_unit: [tid:1]: [sn:55]: [sln:55]: 0x000004aa: (memo:mr2       ) R2.M[4]->IALU.T0(I0) : 130000 135000 136000 138000 139000 140000 145000 146000 0 0 0 0 0 0 0 0 0 0
147000[73]: system.cpu.mpurf_manager: [tid:1]: [sn:56] : W MPU Reg 56 : 0xaa 0xbb 0xcc 0xdd 0xb5 0x1f 0xc6 0x3d 0xd 0x13 0xf2 0xaa 0x4c 0x12 0x2a 0x8f 0x12 0xd9 0x65 0xb6 0x41 0x5b 0x1d 0xed 0x12 0x8e 0xaa 0x58 0x8f 0x44 0xfa 0x9d 0x96 0x4c 0xb6 0x39 0xd7 0x2a 0x65 0xca 0x9 0x4c 0xc8 0x80 0x2d 0x77 0x78 0x2 0x62 0x7e 0xc6 0xd 0xae 0xb6 0xe5 0x49 0xc8 0x5b 0x73 0xce 0x3d 0xd 0xae 0x24 
147000[73]: system.cpu.graduation_unit: [tid:1]: [sn:56]: [sln:56]: 0x0000048c: (memo:ialumerge ) IALU.Merge(T1,T2,T0)(B)->M[5] : 132000 132000 134000 134000 135000 135000 140000 145000 146000 147000 0 0 0 0 0 0 0 0
148000[74]: system.cpu.mpurf_manager: [tid:1]: [sn:57] : W MPU Reg 128 : 0xaa 0xbb 0xcc 0xdd 0xd 0x8d 0x65 0x12 0x1 0xd 0x76 0x3d 0xed 0x8c 0xf9 0xc6 0xc5 0xaa 0xe5 0x77 0x12 0x8f 0xf2 0xce 0xe8 0xc5 0x5c 0xbd 0x2d 0x65 0x63 0xa 0x80 0x20 0xaa 0x9d 0x96 0x13 0xd 0x53 0x6b 0xd5 0x2 0xae 0x1d 0xcf 0x23 0xa 0xca 0x3c 0xf2 0x8a 0x41 0xd8 0x78 0x89 0xeb 0xb6 0xc6 0xae 0xbc 0x2a 0xb 0x71 
148000[74]: system.cpu.mpurf_manager: [tid:1]: [sn:57] : R MPU Reg 128 : 0xaa 0xbb 0xcc 0xdd 0xd 0x8d 0x65 0x12 0x1 0xd 0x76 0x3d 0xed 0x8c 0xf9 0xc6 0xc5 0xaa 0xe5 0x77 0x12 0x8f 0xf2 0xce 0xe8 0xc5 0x5c 0xbd 0x2d 0x65 0x63 0xa 0x80 0x20 0xaa 0x9d 0x96 0x13 0xd 0x53 0x6b 0xd5 0x2 0xae 0x1d 0xcf 0x23 0xa 0xca 0x3c 0xf2 0x8a 0x41 0xd8 0x78 0x89 0xeb 0xb6 0xc6 0xae 0xbc 0x2a 0xb 0x71 
148000[74]: system.cpu.graduation_unit: [tid:1]: [sn:57]: [sln:57]: 0x000004a5: (memo:mr0       ) R0.M[I++]->SHU0.T0 : 128000 129000 130000 135000 136000 138000 140000 143000 148000 0 0 0 0 0 0 0 0 0
150000[75]: system.cpu.mpurf_manager: [tid:1]: [sn:58] : W MPU Reg 43 : 0xaa 0xbb 0xcc 0xdd 0xc5 0xcf 0x90 0x51 0x69 0x77 0x4a 0xd8 0x9b 0xc4 0xb8 0xb7 0x86 0x30 0x77 0xb5 0xd4 0x7 0x76 0xe9 0x8b 0x1 0xdb 0x80 0xc2 0xc5 0x30 0xaf 0x66 0xaf 0xe9 0xf8 0x6 0xef 0xe1 0x95 0xee 0x60 0xe5 0x28 0x64 0x29 0xe1 0x77 0x6e 0x81 0xd5 0x68 0xf0 0xaa 0xf 0xf1 0x7d 0x8e 0xe2 0x3c 0xa9 0xef 0x5b 0xaf 
150000[75]: system.cpu.graduation_unit: [tid:1]: [sn:58]: [sln:58]: 0x000004a7: (memo:mr1       ) R1.M[4]->SHU0.T1 : 128000 130000 132000 135000 142000 145000 147000 148000 150000 0 0 0 0 0 0 0 0 0
152000[76]: system.cpu.mpurf_manager: [tid:1]: [sn:59] : W MPU Reg 122 : 0xaa 0xbb 0xcc 0xdd 0xeb 0x85 0x6b 0xe6 0x15 0x85 0xf7 0xb6 0xca 0xbc 0x2 0x85 0x8f 0xd3 0xce 0x3a 0x4c 0x65 0x13 0x4f 0x8c 0x77 0x12 0x1d 0xed 0xb3 0xae 0x78 0x5a 0x63 0x12 0x51 0x80 0x80 0x5f 0x41 0x7e 0x8c 0x8f 0xed 0x63 0xdf 0x65 0xc6 0x63 0x78 0x65 0x3c 0x7e 0x8f 0x1f 0x26 0x49 0x29 0x8c 0x49 0xd 0xf1 0xed 0xc5 
152000[76]: system.cpu.graduation_unit: [tid:1]: [sn:59]: [sln:59]: 0x000004d0: (memo:mr1       ) R1.M[5]->IALU.T1(I0) : 130000 131000 132000 133000 141000 145000 150000 152000 0 0 0 0 0 0 0 0 0 0
153000[76]: system.cpu.mpurf_manager: [tid:1]: [sn:60] : W MPU Reg 8 : 0xaa 0xbb 0xcc 0xdd 0x96 0x7e 0xfd 0xa1 0x61 0x7e 0xca 0xc0 0x73 0x7d 0x1c 0xca 0x4d 0xc8 0x6d 0x79 0x50 0xfd 0x2e 0xdb 0x38 0x9f 0xc3 0xda 0xb6 0xbd 0xb6 0xb9 0x8e 0xf7 0x2a 0xa8 0xb4 0xb4 0x84 0xd5 0x8d 0x38 0x35 0xb 0xf7 0x75 0xc9 0xb8 0xe 0x13 0x4 0xba 0xfa 0x4d 0x79 0x86 0xec 0xfb 0x38 0xec 0xdc 0x17 0xb6 0x94 
153000[76]: system.cpu.graduation_unit: [tid:1]: [sn:60]: [sln:60]: 0x000004d3: (memo:mr2       ) R2.M[6]->IALU.T2(I2) : 149000 150000 150000 150000 150000 151000 152000 153000 0 0 0 0 0 0 0 0 0 0
154000[77]: system.cpu.mpurf_manager: [tid:1]: [sn:61] : W MPU Reg 128 : 0xaa 0xbb 0xcc 0xdd 0x7e 0x15 0xf1 0xd9 0x62 0x4c 0x9f 0x8f 0xf8 0xb7 0x9f 0x5c 0x5b 0x89 0x49 0xd0 0xd7 0x51 0x96 0xc 0xc2 0xc8 0x77 0x3d 0x12 0x7e 0x6d 0x39 0x1f 0xd3 0x85 0x78 0x5b 0x49 0x3f 0x2a 0x58 0x86 0x8e 0x9c 0xfa 0x26 0x73 0xa3 0x2f 0xb3 0x5f 0x44 0xf7 0xcb 0xe6 0x5a 0x29 0xed 0xda 0x65 0xb5 0xdf 0x79 0x44 
154000[77]: system.cpu.graduation_unit: [tid:1]: [sn:61]: [sln:61]: 0x000004ce: (memo:mr0       ) R0.M[I++]->SHU0.T0 : 149000 150000 151000 152000 153000 153000 153000 153000 154000 0 0 0 0 0 0 0 0 0
155000[77]: system.cpu.mpurf_manager: [tid:1]: [sn:62] : W MPU Reg 6 : 0xaa 0xbb 0xcc 0xdd 0x36 0x79 0x26 0xa 0x8 0x2e 0x5e 0x28 0x50 0xdb 0xdc 0x35 0x2a 0xa1 0xfd 0xc0 0xd5 0x4b 0xda 0xb6 0xc3 0x92 0x93 0xc4 0x35 0xe4 0x7f 0x2d 0xc7 0x50 0xc0 0x38 0x4e 0xba 0x4 0x73 0xab 0x50 0xe6 0xb4 0x46 0x59 0x13 0x1c 0x86 0x8d 0x26 0xdc 0x86 0xc0 0x4 0xec 0xe6 0x4b 0xfa 0x6d 0x2a 0x8 0xb6 0xd0 
155000[77]: system.cpu.graduation_unit: [tid:1]: [sn:62]: [sln:62]: 0x000004de: (memo:ialumerge ) IALU.Merge(T1,T2,T0)(B)->M[6] : 140000 146000 148000 149000 150000 151000 152000 153000 154000 155000 0 0 0 0 0 0 0 0
156000[78]: system.cpu.mpurf_manager: [tid:1]: [sn:63] : W MPU Reg 56 : 0xaa 0xbb 0xcc 0xdd 0xdc 0x9a 0xfd 0xc3 0x56 0x4e 0x67 0xa 0xb6 0x38 0x79 0xb8 0x94 0x93 0x4 0x59 0xdb 0x4d 0xd9 0x6d 0x76 0xca 0xb6 0x95 0x46 0x4 0xf7 0x69 0xb4 0x88 0x28 0x2d 0xc7 0x2e 0x8 0x1c 0xfd 0x29 0x1c 0x86 0xda 0x3d 0x66 0x70 0x73 0xba 0x5e 0xfa 0xd5 0x1a 0xb9 0x37 0x96 0xc0 0x26 0xb6 0x7d 0xdc 0x86 0x78 
156000[78]: system.cpu.graduation_unit: [tid:1]: [sn:63]: [sln:63]: 0x000004f7: (memo:mr0       ) R0.M[I++]->SHU0.T0 : 142000 148000 150000 151000 152000 153000 154000 155000 156000 0 0 0 0 0 0 0 0 0
