22000[11]: system.cpu2.regfile_manager: [tid:0]: [sn:1]: W R Reg 0 : 0x40 
23000[11]: system.cpu2.regfile_manager: [tid:0]: [sn:1]: R R Reg 0 : 0x40 
24000[12]: system.cpu2.regfile_manager: [tid:0]: [sn:1]: W R Reg 0 : 0x40 
24000[12]: system.cpu2.regfile_manager: [tid:0]: [sn:1]: R R Reg 0 : 0x40 
25000[12]: system.cpu2.regfile_manager: [tid:0]: [sn:1]: W R Reg 1 : 0x40 
26000[13]: system.cpu2.regfile_manager: [tid:0]: [sn:1]: R R Reg 1 : 0x40 
27000[13]: system.cpu2.regfile_manager: [tid:0]: [sn:1]: W R Reg 1 : 0x40 
27000[13]: system.cpu2.regfile_manager: [tid:0]: [sn:1]: R R Reg 1 : 0x40 
28000[14]: system.cpu2.regfile_manager: [tid:0]: [sn:2]: W R Reg 2 : 0x40 
29000[14]: system.cpu2.regfile_manager: [tid:0]: [sn:2]: R R Reg 2 : 0x40 
30000[15]: system.cpu2.regfile_manager: [tid:0]: [sn:2]: W R Reg 2 : 0x40 
30000[15]: system.cpu2.regfile_manager: [tid:0]: [sn:2]: R R Reg 2 : 0x40 
31000[15]: system.cpu2.regfile_manager: [tid:0]: [sn:3]: W R Reg 3 : 0x40 
32000[16]: system.cpu2.regfile_manager: [tid:0]: [sn:3]: R R Reg 3 : 0x40 
33000[16]: system.cpu2.regfile_manager: [tid:0]: [sn:3]: W R Reg 3 : 0x40 
33000[16]: system.cpu2.regfile_manager: [tid:0]: [sn:3]: R R Reg 3 : 0x40 
34000[17]: system.cpu2.regfile_manager: [tid:0]: [sn:4]: W R Reg 4 : 0x40 
35000[17]: system.cpu2.regfile_manager: [tid:0]: [sn:4]: R R Reg 4 : 0x40 
36000[18]: system.cpu2.regfile_manager: [tid:0]: [sn:4]: W R Reg 4 : 0x40 
36000[18]: system.cpu2.regfile_manager: [tid:0]: [sn:4]: R R Reg 4 : 0x40 
37000[18]: system.cpu2.regfile_manager: [tid:0]: [sn:5]: W R Reg 5 : 0x40 
38000[19]: system.cpu2.regfile_manager: [tid:0]: [sn:5]: R R Reg 5 : 0x40 
39000[19]: system.cpu2.regfile_manager: [tid:0]: [sn:5]: W R Reg 5 : 0x40 
39000[19]: system.cpu2.regfile_manager: [tid:0]: [sn:5]: R R Reg 5 : 0x40 
40000[20]: system.cpu2.regfile_manager: [tid:0]: [sn:6]: W R Reg 6 : 0x40 
41000[20]: system.cpu2.regfile_manager: [tid:0]: [sn:6]: R R Reg 6 : 0x40 
42000[21]: system.cpu2.regfile_manager: [tid:0]: [sn:6]: W R Reg 6 : 0x40 
42000[21]: system.cpu2.regfile_manager: [tid:0]: [sn:6]: R R Reg 6 : 0x40 
43000[21]: system.cpu2.regfile_manager: [tid:0]: [sn:7]: W R Reg 7 : 0x40 
44000[22]: system.cpu2.regfile_manager: [tid:0]: [sn:7]: R R Reg 7 : 0x40 
45000[22]: system.cpu2.regfile_manager: [tid:0]: [sn:7]: W R Reg 7 : 0x40 
45000[22]: system.cpu2.regfile_manager: [tid:0]: [sn:7]: R R Reg 7 : 0x40 
46000[23]: system.cpu2.regfile_manager: [tid:0]: [sn:8]: W R Reg 8 : 0x40 
47000[23]: system.cpu2.regfile_manager: [tid:0]: [sn:8]: R R Reg 8 : 0x40 
48000[24]: system.cpu2.regfile_manager: [tid:0]: [sn:8]: W R Reg 8 : 0x40 
48000[24]: system.cpu2.regfile_manager: [tid:0]: [sn:8]: R R Reg 8 : 0x40 
49000[24]: system.cpu2.regfile_manager: [tid:0]: [sn:9]: W R Reg 9 : 0x40 
50000[25]: system.cpu2.regfile_manager: [tid:0]: [sn:9]: R R Reg 9 : 0x40 
51000[25]: system.cpu2.regfile_manager: [tid:0]: [sn:9]: W R Reg 9 : 0x40 
51000[25]: system.cpu2.regfile_manager: [tid:0]: [sn:9]: R R Reg 9 : 0x40 
52000[26]: system.cpu2.regfile_manager: [tid:0]: [sn:10]: W R Reg 10 : 0x40 
53000[26]: system.cpu2.regfile_manager: [tid:0]: [sn:10]: R R Reg 10 : 0x40 
54000[27]: system.cpu2.regfile_manager: [tid:0]: [sn:10]: W R Reg 10 : 0x40 
54000[27]: system.cpu2.regfile_manager: [tid:0]: [sn:10]: R R Reg 10 : 0x40 
55000[27]: system.cpu2.regfile_manager: [tid:0]: [sn:11]: W R Reg 11 : 0x40 
56000[28]: system.cpu2.regfile_manager: [tid:0]: [sn:11]: R R Reg 11 : 0x40 
57000[28]: system.cpu2.regfile_manager: [tid:0]: [sn:11]: W R Reg 11 : 0x40 
57000[28]: system.cpu2.regfile_manager: [tid:0]: [sn:11]: R R Reg 11 : 0x40 
58000[29]: system.cpu2.regfile_manager: [tid:0]: [sn:12]: W R Reg 12 : 0x40 
59000[29]: system.cpu2.regfile_manager: [tid:0]: [sn:12]: R R Reg 12 : 0x40 
60000[30]: system.cpu2.regfile_manager: [tid:0]: [sn:12]: W R Reg 12 : 0x40 
60000[30]: system.cpu2.regfile_manager: [tid:0]: [sn:12]: R R Reg 12 : 0x40 
61000[30]: system.cpu2.regfile_manager: [tid:0]: [sn:13]: W R Reg 13 : 0x40 
62000[31]: system.cpu2.regfile_manager: [tid:0]: [sn:13]: R R Reg 13 : 0x40 
63000[31]: system.cpu2.regfile_manager: [tid:0]: [sn:13]: W R Reg 13 : 0x40 
63000[31]: system.cpu2.regfile_manager: [tid:0]: [sn:13]: R R Reg 13 : 0x40 
64000[32]: system.cpu2.regfile_manager: [tid:0]: [sn:14]: W R Reg 14 : 0x40 
65000[32]: system.cpu2.regfile_manager: [tid:0]: [sn:14]: R R Reg 14 : 0x40 
66000[33]: system.cpu2.regfile_manager: [tid:0]: [sn:14]: W R Reg 14 : 0x40 
66000[33]: system.cpu2.regfile_manager: [tid:0]: [sn:14]: R R Reg 14 : 0x40 
67000[33]: system.cpu2.regfile_manager: [tid:0]: [sn:15]: W R Reg 15 : 0x40 
68000[34]: system.cpu2.regfile_manager: [tid:0]: [sn:15]: R R Reg 15 : 0x40 
69000[34]: system.cpu2.regfile_manager: [tid:0]: [sn:15]: W R Reg 15 : 0x40 
69000[34]: system.cpu2.regfile_manager: [tid:0]: [sn:15]: R R Reg 15 : 0x40 
70000[35]: system.cpu2.regfile_manager: [tid:0]: [sn:16]: W R Reg 16 : 0x40 
71000[35]: system.cpu2.regfile_manager: [tid:0]: [sn:16]: R R Reg 16 : 0x40 
72000[36]: system.cpu2.regfile_manager: [tid:0]: [sn:16]: W R Reg 16 : 0x40 
72000[36]: system.cpu2.regfile_manager: [tid:0]: [sn:16]: R R Reg 16 : 0x40 
73000[36]: system.cpu2.regfile_manager: [tid:0]: [sn:17]: W R Reg 17 : 0x40 
74000[37]: system.cpu2.regfile_manager: [tid:0]: [sn:17]: R R Reg 17 : 0x40 
75000[37]: system.cpu2.regfile_manager: [tid:0]: [sn:17]: W R Reg 17 : 0x40 
75000[37]: system.cpu2.regfile_manager: [tid:0]: [sn:17]: R R Reg 17 : 0x40 
76000[38]: system.cpu2.regfile_manager: [tid:0]: [sn:18]: W R Reg 18 : 0x40 
77000[38]: system.cpu2.regfile_manager: [tid:0]: [sn:18]: R R Reg 18 : 0x40 
78000[39]: system.cpu2.regfile_manager: [tid:0]: [sn:18]: W R Reg 18 : 0x40 
78000[39]: system.cpu2.regfile_manager: [tid:0]: [sn:18]: R R Reg 18 : 0x40 
79000[39]: system.cpu2.regfile_manager: [tid:0]: [sn:19]: W R Reg 19 : 0x40 
80000[40]: system.cpu2.regfile_manager: [tid:0]: [sn:19]: R R Reg 19 : 0x40 
81000[40]: system.cpu2.regfile_manager: [tid:0]: [sn:19]: W R Reg 19 : 0x40 
81000[40]: system.cpu2.regfile_manager: [tid:0]: [sn:19]: R R Reg 19 : 0x40 
82000[41]: system.cpu2.regfile_manager: [tid:0]: [sn:20]: W R Reg 20 : 0x40 
83000[41]: system.cpu2.regfile_manager: [tid:0]: [sn:20]: R R Reg 20 : 0x40 
84000[42]: system.cpu2.regfile_manager: [tid:0]: [sn:20]: W R Reg 20 : 0x40 
84000[42]: system.cpu2.regfile_manager: [tid:0]: [sn:20]: R R Reg 20 : 0x40
85000[42]: system.cpu2.regfile_manager: [tid:0]: [sn:21]: W R Reg 21 : 0x40 
86000[43]: system.cpu2.regfile_manager: [tid:0]: [sn:21]: R R Reg 21 : 0x40 
87000[43]: system.cpu2.regfile_manager: [tid:0]: [sn:21]: W R Reg 21 : 0x40 
87000[43]: system.cpu2.regfile_manager: [tid:0]: [sn:21]: R R Reg 21 : 0x40 
88000[44]: system.cpu2.regfile_manager: [tid:0]: [sn:22]: W R Reg 22 : 0x40 
89000[44]: system.cpu2.regfile_manager: [tid:0]: [sn:22]: R R Reg 22 : 0x40 
90000[45]: system.cpu2.regfile_manager: [tid:0]: [sn:22]: W R Reg 22 : 0x40 
90000[45]: system.cpu2.regfile_manager: [tid:0]: [sn:22]: R R Reg 22 : 0x40 
91000[45]: system.cpu2.regfile_manager: [tid:0]: [sn:23]: W R Reg 23 : 0x40 
92000[46]: system.cpu2.regfile_manager: [tid:0]: [sn:23]: R R Reg 23 : 0x40 
93000[46]: system.cpu2.regfile_manager: [tid:0]: [sn:23]: W R Reg 23 : 0x40 
93000[46]: system.cpu2.regfile_manager: [tid:0]: [sn:23]: R R Reg 23 : 0x40 
94000[47]: system.cpu2.regfile_manager: [tid:0]: [sn:24]: W R Reg 24 : 0x40 
95000[47]: system.cpu2.regfile_manager: [tid:0]: [sn:24]: R R Reg 24 : 0x40 
96000[48]: system.cpu2.regfile_manager: [tid:0]: [sn:24]: W R Reg 24 : 0x40 
96000[48]: system.cpu2.regfile_manager: [tid:0]: [sn:24]: R R Reg 24 : 0x40 
97000[48]: system.cpu2.regfile_manager: [tid:0]: [sn:25]: W R Reg 25 : 0x40 
98000[49]: system.cpu2.regfile_manager: [tid:0]: [sn:25]: R R Reg 25 : 0x40 
99000[49]: system.cpu2.regfile_manager: [tid:0]: [sn:25]: W R Reg 25 : 0x40 
99000[49]: system.cpu2.regfile_manager: [tid:0]: [sn:25]: R R Reg 25 : 0x40 
100000[50]: system.cpu2.regfile_manager: [tid:0]: [sn:26]: W R Reg 26 : 0x40 
101000[50]: system.cpu2.regfile_manager: [tid:0]: [sn:26]: R R Reg 26 : 0x40 
102000[51]: system.cpu2.regfile_manager: [tid:0]: [sn:26]: W R Reg 26 : 0x40 
102000[51]: system.cpu2.regfile_manager: [tid:0]: [sn:26]: R R Reg 26 : 0x40 
103000[51]: system.cpu2.regfile_manager: [tid:0]: [sn:27]: W R Reg 27 : 0x40 
104000[52]: system.cpu2.regfile_manager: [tid:0]: [sn:27]: R R Reg 27 : 0x40 
105000[52]: system.cpu2.regfile_manager: [tid:0]: [sn:27]: W R Reg 27 : 0x40 
105000[52]: system.cpu2.regfile_manager: [tid:0]: [sn:27]: R R Reg 27 : 0x40 
106000[53]: system.cpu2.regfile_manager: [tid:0]: [sn:28]: W R Reg 28 : 0x40 
107000[53]: system.cpu2.regfile_manager: [tid:0]: [sn:28]: R R Reg 28 : 0x40 
108000[54]: system.cpu2.regfile_manager: [tid:0]: [sn:28]: W R Reg 28 : 0x40 
108000[54]: system.cpu2.regfile_manager: [tid:0]: [sn:28]: R R Reg 28 : 0x40 
109000[54]: system.cpu2.regfile_manager: [tid:0]: [sn:29]: W R Reg 29 : 0x40 
110000[55]: system.cpu2.regfile_manager: [tid:0]: [sn:29]: R R Reg 29 : 0x40 
111000[55]: system.cpu2.regfile_manager: [tid:0]: [sn:29]: W R Reg 29 : 0x40 
111000[55]: system.cpu2.regfile_manager: [tid:0]: [sn:29]: R R Reg 29 : 0x40 
112000[56]: system.cpu2.regfile_manager: [tid:0]: [sn:30]: W R Reg 30 : 0x40 
113000[56]: system.cpu2.regfile_manager: [tid:0]: [sn:30]: R R Reg 30 : 0x40 
114000[57]: system.cpu2.regfile_manager: [tid:0]: [sn:30]: W R Reg 30 : 0x40 
114000[57]: system.cpu2.regfile_manager: [tid:0]: [sn:30]: R R Reg 30 : 0x40 
115000[57]: system.cpu2.regfile_manager: [tid:0]: [sn:31]: W R Reg 31 : 0x40 
116000[58]: system.cpu2.regfile_manager: [tid:0]: [sn:31]: R R Reg 31 : 0x40 
117000[58]: system.cpu2.regfile_manager: [tid:0]: [sn:31]: W R Reg 31 : 0x40 
117000[58]: system.cpu2.regfile_manager: [tid:0]: [sn:31]: R R Reg 31 : 0x40 
118000[59]: system.cpu2.regfile_manager: [tid:0]: [sn:32]: W J Reg 0 : 0x40 
119000[59]: system.cpu2.regfile_manager: [tid:0]: [sn:32]: R J Reg 0 : 0x40 
120000[60]: system.cpu2.regfile_manager: [tid:0]: [sn:32]: W J Reg 0 : 0x40 
120000[60]: system.cpu2.regfile_manager: [tid:0]: [sn:32]: R J Reg 0 : 0x40 
121000[60]: system.cpu2.regfile_manager: [tid:0]: [sn:33]: W J Reg 1 : 0x40 
122000[61]: system.cpu2.regfile_manager: [tid:0]: [sn:33]: R J Reg 1 : 0x40 
123000[61]: system.cpu2.regfile_manager: [tid:0]: [sn:33]: W J Reg 1 : 0x40 
123000[61]: system.cpu2.regfile_manager: [tid:0]: [sn:33]: R J Reg 1 : 0x40 
124000[62]: system.cpu2.regfile_manager: [tid:0]: [sn:34]: W J Reg 2 : 0x40 
125000[62]: system.cpu2.regfile_manager: [tid:0]: [sn:34]: R J Reg 2 : 0x40 
126000[63]: system.cpu2.regfile_manager: [tid:0]: [sn:34]: W J Reg 2 : 0x40 
126000[63]: system.cpu2.regfile_manager: [tid:0]: [sn:34]: R J Reg 2 : 0x40 
127000[63]: system.cpu2.regfile_manager: [tid:0]: [sn:35]: W J Reg 3 : 0x40 
128000[64]: system.cpu2.regfile_manager: [tid:0]: [sn:35]: R J Reg 3 : 0x40 
129000[64]: system.cpu2.regfile_manager: [tid:0]: [sn:35]: W J Reg 3 : 0x40 
129000[64]: system.cpu2.regfile_manager: [tid:0]: [sn:35]: R J Reg 3 : 0x40 
130000[65]: system.cpu2.regfile_manager: [tid:0]: [sn:36]: W J Reg 4 : 0x40 
131000[65]: system.cpu2.regfile_manager: [tid:0]: [sn:36]: R J Reg 4 : 0x40 
132000[66]: system.cpu2.regfile_manager: [tid:0]: [sn:36]: W J Reg 4 : 0x40 
132000[66]: system.cpu2.regfile_manager: [tid:0]: [sn:36]: R J Reg 4 : 0x40 
133000[66]: system.cpu2.regfile_manager: [tid:0]: [sn:37]: W J Reg 5 : 0x40 
134000[67]: system.cpu2.regfile_manager: [tid:0]: [sn:37]: R J Reg 5 : 0x40 
135000[67]: system.cpu2.regfile_manager: [tid:0]: [sn:37]: W J Reg 5 : 0x40 
135000[67]: system.cpu2.regfile_manager: [tid:0]: [sn:37]: R J Reg 5 : 0x40 
136000[68]: system.cpu2.regfile_manager: [tid:0]: [sn:38]: W J Reg 6 : 0x40 
137000[68]: system.cpu2.regfile_manager: [tid:0]: [sn:38]: R J Reg 6 : 0x40 
138000[69]: system.cpu2.regfile_manager: [tid:0]: [sn:38]: W J Reg 6 : 0x40 
138000[69]: system.cpu2.regfile_manager: [tid:0]: [sn:38]: R J Reg 6 : 0x40 
139000[69]: system.cpu2.regfile_manager: [tid:0]: [sn:39]: W J Reg 7 : 0x40 
140000[70]: system.cpu2.regfile_manager: [tid:0]: [sn:39]: R J Reg 7 : 0x40 
141000[70]: system.cpu2.regfile_manager: [tid:0]: [sn:39]: W J Reg 7 : 0x40 
141000[70]: system.cpu2.regfile_manager: [tid:0]: [sn:39]: R J Reg 7 : 0x40 
142000[71]: system.cpu2.regfile_manager: [tid:0]: [sn:40]: W J Reg 8 : 0x40 
143000[71]: system.cpu2.regfile_manager: [tid:0]: [sn:40]: R J Reg 8 : 0x40 
144000[72]: system.cpu2.regfile_manager: [tid:0]: [sn:40]: W J Reg 8 : 0x40 
144000[72]: system.cpu2.regfile_manager: [tid:0]: [sn:40]: R J Reg 8 : 0x40 
145000[72]: system.cpu2.regfile_manager: [tid:0]: [sn:41]: W J Reg 9 : 0x40 
146000[73]: system.cpu2.regfile_manager: [tid:0]: [sn:41]: R J Reg 9 : 0x40 
147000[73]: system.cpu2.regfile_manager: [tid:0]: [sn:41]: W J Reg 9 : 0x40 
147000[73]: system.cpu2.regfile_manager: [tid:0]: [sn:41]: R J Reg 9 : 0x40 
148000[74]: system.cpu2.regfile_manager: [tid:0]: [sn:42]: W J Reg 10 : 0x40 
149000[74]: system.cpu2.regfile_manager: [tid:0]: [sn:42]: R J Reg 10 : 0x40 
150000[75]: system.cpu2.regfile_manager: [tid:0]: [sn:42]: W J Reg 10 : 0x40 
150000[75]: system.cpu2.regfile_manager: [tid:0]: [sn:42]: R J Reg 10 : 0x40 
151000[75]: system.cpu2.regfile_manager: [tid:0]: [sn:43]: W J Reg 11 : 0x40 
152000[76]: system.cpu2.regfile_manager: [tid:0]: [sn:43]: R J Reg 11 : 0x40 
153000[76]: system.cpu2.regfile_manager: [tid:0]: [sn:43]: W J Reg 11 : 0x40 
153000[76]: system.cpu2.regfile_manager: [tid:0]: [sn:43]: R J Reg 11 : 0x40 
154000[77]: system.cpu2.regfile_manager: [tid:0]: [sn:44]: W J Reg 12 : 0x40 
155000[77]: system.cpu2.regfile_manager: [tid:0]: [sn:44]: R J Reg 12 : 0x40 
156000[78]: system.cpu2.regfile_manager: [tid:0]: [sn:44]: W J Reg 12 : 0x40 
156000[78]: system.cpu2.regfile_manager: [tid:0]: [sn:44]: R J Reg 12 : 0x40 
157000[78]: system.cpu2.regfile_manager: [tid:0]: [sn:45]: W J Reg 13 : 0x40 
158000[79]: system.cpu2.regfile_manager: [tid:0]: [sn:45]: R J Reg 13 : 0x40 
159000[79]: system.cpu2.regfile_manager: [tid:0]: [sn:45]: W J Reg 13 : 0x40 
159000[79]: system.cpu2.regfile_manager: [tid:0]: [sn:45]: R J Reg 13 : 0x40 
160000[80]: system.cpu2.regfile_manager: [tid:0]: [sn:46]: W J Reg 14 : 0x40 
161000[80]: system.cpu2.regfile_manager: [tid:0]: [sn:46]: R J Reg 14 : 0x40 
162000[81]: system.cpu2.regfile_manager: [tid:0]: [sn:46]: W J Reg 14 : 0x40 
162000[81]: system.cpu2.regfile_manager: [tid:0]: [sn:46]: R J Reg 14 : 0x40 
163000[81]: system.cpu2.regfile_manager: [tid:0]: [sn:47]: W J Reg 15 : 0x40 
164000[82]: system.cpu2.regfile_manager: [tid:0]: [sn:47]: R J Reg 15 : 0x40 
165000[82]: system.cpu2.regfile_manager: [tid:0]: [sn:47]: W J Reg 15 : 0x40 
165000[82]: system.cpu2.regfile_manager: [tid:0]: [sn:47]: R J Reg 15 : 0x40 
166000[83]: system.cpu2.regfile_manager: [tid:0]: [sn:48]: W J Reg 16 : 0x40 
167000[83]: system.cpu2.regfile_manager: [tid:0]: [sn:48]: R J Reg 16 : 0x40 
168000[84]: system.cpu2.regfile_manager: [tid:0]: [sn:48]: W J Reg 16 : 0x40 
168000[84]: system.cpu2.regfile_manager: [tid:0]: [sn:48]: R J Reg 16 : 0x40 
169000[84]: system.cpu2.regfile_manager: [tid:0]: [sn:49]: W J Reg 17 : 0x40 
170000[85]: system.cpu2.regfile_manager: [tid:0]: [sn:49]: R J Reg 17 : 0x40 
171000[85]: system.cpu2.regfile_manager: [tid:0]: [sn:49]: W J Reg 17 : 0x40 
171000[85]: system.cpu2.regfile_manager: [tid:0]: [sn:49]: R J Reg 17 : 0x40 
172000[86]: system.cpu2.regfile_manager: [tid:0]: [sn:50]: W J Reg 18 : 0x40 
173000[86]: system.cpu2.regfile_manager: [tid:0]: [sn:50]: R J Reg 18 : 0x40 
174000[87]: system.cpu2.regfile_manager: [tid:0]: [sn:50]: W J Reg 18 : 0x40 
174000[87]: system.cpu2.regfile_manager: [tid:0]: [sn:50]: R J Reg 18 : 0x40 
175000[87]: system.cpu2.regfile_manager: [tid:0]: [sn:51]: W J Reg 19 : 0x40 
176000[88]: system.cpu2.regfile_manager: [tid:0]: [sn:51]: R J Reg 19 : 0x40 
177000[88]: system.cpu2.regfile_manager: [tid:0]: [sn:51]: W J Reg 19 : 0x40 
177000[88]: system.cpu2.regfile_manager: [tid:0]: [sn:51]: R J Reg 19 : 0x40 
178000[89]: system.cpu2.regfile_manager: [tid:0]: [sn:52]: W J Reg 20 : 0x40 
179000[89]: system.cpu2.regfile_manager: [tid:0]: [sn:52]: R J Reg 20 : 0x40 
180000[90]: system.cpu2.regfile_manager: [tid:0]: [sn:52]: W J Reg 20 : 0x40 
180000[90]: system.cpu2.regfile_manager: [tid:0]: [sn:52]: R J Reg 20 : 0x40 
181000[90]: system.cpu2.regfile_manager: [tid:0]: [sn:53]: W J Reg 21 : 0x40 
182000[91]: system.cpu2.regfile_manager: [tid:0]: [sn:53]: R J Reg 21 : 0x40 
183000[91]: system.cpu2.regfile_manager: [tid:0]: [sn:53]: W J Reg 21 : 0x40 
183000[91]: system.cpu2.regfile_manager: [tid:0]: [sn:53]: R J Reg 21 : 0x40 
184000[92]: system.cpu2.regfile_manager: [tid:0]: [sn:54]: W J Reg 22 : 0x40 
185000[92]: system.cpu2.regfile_manager: [tid:0]: [sn:54]: R J Reg 22 : 0x40 
186000[93]: system.cpu2.regfile_manager: [tid:0]: [sn:54]: W J Reg 22 : 0x40 
186000[93]: system.cpu2.regfile_manager: [tid:0]: [sn:54]: R J Reg 22 : 0x40 
187000[93]: system.cpu2.regfile_manager: [tid:0]: [sn:55]: W J Reg 23 : 0x40 
188000[94]: system.cpu2.regfile_manager: [tid:0]: [sn:55]: R J Reg 23 : 0x40 
189000[94]: system.cpu2.regfile_manager: [tid:0]: [sn:55]: W J Reg 23 : 0x40 
189000[94]: system.cpu2.regfile_manager: [tid:0]: [sn:55]: R J Reg 23 : 0x40 
190000[95]: system.cpu2.regfile_manager: [tid:0]: [sn:56]: W J Reg 24 : 0x40 
191000[95]: system.cpu2.regfile_manager: [tid:0]: [sn:56]: R J Reg 24 : 0x40 
192000[96]: system.cpu2.regfile_manager: [tid:0]: [sn:56]: W J Reg 24 : 0x40 
192000[96]: system.cpu2.regfile_manager: [tid:0]: [sn:56]: R J Reg 24 : 0x40 
193000[96]: system.cpu2.regfile_manager: [tid:0]: [sn:57]: W J Reg 25 : 0x40 
194000[97]: system.cpu2.regfile_manager: [tid:0]: [sn:57]: R J Reg 25 : 0x40 
195000[97]: system.cpu2.regfile_manager: [tid:0]: [sn:57]: W J Reg 25 : 0x40 
195000[97]: system.cpu2.regfile_manager: [tid:0]: [sn:57]: R J Reg 25 : 0x40 
196000[98]: system.cpu2.regfile_manager: [tid:0]: [sn:58]: W J Reg 26 : 0x40 
197000[98]: system.cpu2.regfile_manager: [tid:0]: [sn:58]: R J Reg 26 : 0x40 
198000[99]: system.cpu2.regfile_manager: [tid:0]: [sn:58]: W J Reg 26 : 0x40 
198000[99]: system.cpu2.regfile_manager: [tid:0]: [sn:58]: R J Reg 26 : 0x40 
199000[99]: system.cpu2.regfile_manager: [tid:0]: [sn:59]: W J Reg 27 : 0x40 
200000[100]: system.cpu2.regfile_manager: [tid:0]: [sn:59]: R J Reg 27 : 0x40 
201000[100]: system.cpu2.regfile_manager: [tid:0]: [sn:59]: W J Reg 27 : 0x40 
201000[100]: system.cpu2.regfile_manager: [tid:0]: [sn:59]: R J Reg 27 : 0x40 
202000[101]: system.cpu2.regfile_manager: [tid:0]: [sn:60]: W J Reg 28 : 0x40 
203000[101]: system.cpu2.regfile_manager: [tid:0]: [sn:60]: R J Reg 28 : 0x40 
204000[102]: system.cpu2.regfile_manager: [tid:0]: [sn:60]: W J Reg 28 : 0x40 
204000[102]: system.cpu2.regfile_manager: [tid:0]: [sn:60]: R J Reg 28 : 0x40 
205000[102]: system.cpu2.regfile_manager: [tid:0]: [sn:61]: W J Reg 29 : 0x40 
206000[103]: system.cpu2.regfile_manager: [tid:0]: [sn:61]: R J Reg 29 : 0x40 
207000[103]: system.cpu2.regfile_manager: [tid:0]: [sn:61]: W J Reg 29 : 0x40 
207000[103]: system.cpu2.regfile_manager: [tid:0]: [sn:61]: R J Reg 29 : 0x40 
208000[104]: system.cpu2.regfile_manager: [tid:0]: [sn:62]: W J Reg 30 : 0x40 
209000[104]: system.cpu2.regfile_manager: [tid:0]: [sn:62]: R J Reg 30 : 0x40 
210000[105]: system.cpu2.regfile_manager: [tid:0]: [sn:62]: W J Reg 30 : 0x40 
210000[105]: system.cpu2.regfile_manager: [tid:0]: [sn:62]: R J Reg 30 : 0x40 
211000[105]: system.cpu2.regfile_manager: [tid:0]: [sn:63]: W J Reg 31 : 0x40 
212000[106]: system.cpu2.regfile_manager: [tid:0]: [sn:63]: R J Reg 31 : 0x40 
213000[106]: system.cpu2.regfile_manager: [tid:0]: [sn:63]: W J Reg 31 : 0x40 
213000[106]: system.cpu2.regfile_manager: [tid:0]: [sn:63]: R J Reg 31 : 0x40 
214000[107]: system.cpu2.mpurf_manager: [tid:1]: [sn:64] : W Misc Reg 0 : 0x3f 
215000[107]: system.cpu2.mpurf_manager: [tid:1]: [sn:65] : W Misc Reg 1 : 0x3f 
216000[108]: system.cpu2.mpurf_manager: [tid:1]: [sn:66] : W Misc Reg 2 : 0x3f 
217000[108]: system.cpu2.mpurf_manager: [tid:1]: [sn:67] : W Misc Reg 3 : 0x3f 
218000[109]: system.cpu2.mpurf_manager: [tid:1]: [sn:68] : W Misc Reg 4 : 0x3f 
219000[109]: system.cpu2.mpurf_manager: [tid:1]: [sn:69] : W Misc Reg 5 : 0x3f 
220000[110]: system.cpu2.mpurf_manager: [tid:1]: [sn:70] : W Misc Reg 6 : 0x3f 
221000[110]: system.cpu2.mpurf_manager: [tid:1]: [sn:71] : W Misc Reg 7 : 0x3f 
222000[111]: system.cpu2.mpurf_manager: [tid:1]: [sn:72] : W Misc Reg 8 : 0x3f 
223000[111]: system.cpu2.mpurf_manager: [tid:1]: [sn:73] : W Misc Reg 9 : 0x3f 
224000[112]: system.cpu2.mpurf_manager: [tid:1]: [sn:74] : W Misc Reg 10 : 0x3f 
225000[112]: system.cpu2.mpurf_manager: [tid:1]: [sn:75] : W Misc Reg 11 : 0x3f 
226000[113]: system.cpu2.mpurf_manager: [tid:1]: [sn:76] : W Misc Reg 12 : 0x3f 
227000[113]: system.cpu2.mpurf_manager: [tid:1]: [sn:77] : W Misc Reg 13 : 0x3f 
228000[114]: system.cpu2.mpurf_manager: [tid:1]: [sn:78] : W Misc Reg 14 : 0x3f 
229000[114]: system.cpu2.mpurf_manager: [tid:1]: [sn:79] : W Misc Reg 15 : 0x3f 
230000[115]: system.cpu2.mpurf_manager: [tid:1]: [sn:80] : W Misc Reg 16 : 0x3f 
231000[115]: system.cpu2.mpurf_manager: [tid:1]: [sn:81] : W Misc Reg 17 : 0x3f 
232000[116]: system.cpu2.mpurf_manager: [tid:1]: [sn:82] : W Misc Reg 18 : 0x3f 
233000[116]: system.cpu2.mpurf_manager: [tid:1]: [sn:83] : W Misc Reg 19 : 0x3f 
234000[117]: system.cpu2.mpurf_manager: [tid:1]: [sn:84] : W Misc Reg 20 : 0x3f 
235000[117]: system.cpu2.mpurf_manager: [tid:1]: [sn:85] : W Misc Reg 21 : 0x3f 
236000[118]: system.cpu2.mpurf_manager: [tid:1]: [sn:86] : W Misc Reg 22 : 0x3f 
237000[118]: system.cpu2.mpurf_manager: [tid:1]: [sn:87] : W Misc Reg 23 : 0x3f 
238000[119]: system.cpu2.mpurf_manager: [tid:1]: [sn:88] : W Misc Reg 24 : 0x3f 
239000[119]: system.cpu2.mpurf_manager: [tid:1]: [sn:89] : W Misc Reg 25 : 0x3f 
240000[120]: system.cpu2.mpurf_manager: [tid:1]: [sn:90] : W Misc Reg 26 : 0x3f 
241000[120]: system.cpu2.mpurf_manager: [tid:1]: [sn:91] : W Misc Reg 27 : 0x3f 
242000[121]: system.cpu2.mpurf_manager: [tid:1]: [sn:92] : W Misc Reg 28 : 0x3f 
243000[121]: system.cpu2.mpurf_manager: [tid:1]: [sn:93] : W Misc Reg 29 : 0x3f 
244000[122]: system.cpu2.mpurf_manager: [tid:1]: [sn:94] : W Misc Reg 30 : 0x3f 
245000[122]: system.cpu2.mpurf_manager: [tid:1]: [sn:95] : W Misc Reg 31 : 0x3f 
246000[123]: system.cpu2.mpurf_manager: [tid:1]: [sn:96] : W Misc Reg 32 : 0x3f 
247000[123]: system.cpu2.mpurf_manager: [tid:1]: [sn:97] : W Misc Reg 33 : 0x3f 
248000[124]: system.cpu2.mpurf_manager: [tid:1]: [sn:98] : W Misc Reg 34 : 0x3f 
249000[124]: system.cpu2.mpurf_manager: [tid:1]: [sn:99] : W Misc Reg 35 : 0x3f 
250000[125]: system.cpu2.mpurf_manager: [tid:1]: [sn:100] : W Misc Reg 36 : 0x3f 
251000[125]: system.cpu2.mpurf_manager: [tid:1]: [sn:101] : W Misc Reg 37 : 0x3f 
252000[126]: system.cpu2.mpurf_manager: [tid:1]: [sn:102] : W Misc Reg 38 : 0x3f 
253000[126]: system.cpu2.mpurf_manager: [tid:1]: [sn:103] : W Misc Reg 39 : 0x3f 
254000[127]: system.cpu2.mpurf_manager: [tid:1]: [sn:104] : W Misc Reg 40 : 0x3f 
255000[127]: system.cpu2.mpurf_manager: [tid:1]: [sn:105] : W Misc Reg 41 : 0x3f 
256000[128]: system.cpu2.mpurf_manager: [tid:1]: [sn:106] : W Misc Reg 42 : 0x3f 
257000[128]: system.cpu2.mpurf_manager: [tid:1]: [sn:107] : W Misc Reg 43 : 0x3f 
258000[129]: system.cpu2.mpurf_manager: [tid:1]: [sn:108] : W Misc Reg 44 : 0x3f 
259000[129]: system.cpu2.mpurf_manager: [tid:1]: [sn:109] : W Misc Reg 45 : 0x3f 
260000[130]: system.cpu2.mpurf_manager: [tid:1]: [sn:110] : W Misc Reg 46 : 0x3f 
261000[130]: system.cpu2.mpurf_manager: [tid:1]: [sn:111] : W Misc Reg 47 : 0x3f 
262000[131]: system.cpu2.mpurf_manager: [tid:1]: [sn:112] : W Misc Reg 48 : 0x3f 
263000[131]: system.cpu2.mpurf_manager: [tid:1]: [sn:113] : W Misc Reg 49 : 0x3f 
264000[132]: system.cpu2.mpurf_manager: [tid:1]: [sn:114] : W Misc Reg 50 : 0x3f 
265000[132]: system.cpu2.mpurf_manager: [tid:1]: [sn:115] : W Misc Reg 51 : 0x3f 
266000[133]: system.cpu2.mpurf_manager: [tid:1]: [sn:116] : W Misc Reg 52 : 0x3f 
267000[133]: system.cpu2.mpurf_manager: [tid:1]: [sn:117] : W Misc Reg 53 : 0x3f 
268000[134]: system.cpu2.mpurf_manager: [tid:1]: [sn:118] : W Misc Reg 54 : 0x3f 
269000[134]: system.cpu2.mpurf_manager: [tid:1]: [sn:119] : W Misc Reg 55 : 0x3f 
270000[135]: system.cpu2.mpurf_manager: [tid:1]: [sn:120] : W Misc Reg 56 : 0x3f 
271000[135]: system.cpu2.mpurf_manager: [tid:1]: [sn:121] : W Misc Reg 57 : 0x3f 
272000[136]: system.cpu2.mpurf_manager: [tid:1]: [sn:122] : W Misc Reg 58 : 0x3f 
273000[136]: system.cpu2.mpurf_manager: [tid:1]: [sn:123] : W Misc Reg 59 : 0x3f 
274000[137]: system.cpu2.mpurf_manager: [tid:1]: [sn:124] : W Misc Reg 60 : 0x3f 
275000[137]: system.cpu2.mpurf_manager: [tid:1]: [sn:125] : W Misc Reg 61 : 0x3f 
276000[138]: system.cpu2.mpurf_manager: [tid:1]: [sn:126] : W Misc Reg 62 : 0x3f 
277000[138]: system.cpu2.mpurf_manager: [tid:1]: [sn:127] : W Misc Reg 63 : 0x3f 
278000[139]: system.cpu2.mpurf_manager: [tid:1]: [sn:128] : W Misc Reg 64 : 0x3f 
279000[139]: system.cpu2.mpurf_manager: [tid:1]: [sn:129] : W Misc Reg 65 : 0x3f 
280000[140]: system.cpu2.mpurf_manager: [tid:1]: [sn:130] : W Misc Reg 66 : 0x3f 
281000[140]: system.cpu2.mpurf_manager: [tid:1]: [sn:131] : W Misc Reg 67 : 0x3f 
282000[141]: system.cpu2.mpurf_manager: [tid:1]: [sn:132] : W Misc Reg 68 : 0x3f 
283000[141]: system.cpu2.mpurf_manager: [tid:1]: [sn:133] : W Misc Reg 69 : 0x3f 
284000[142]: system.cpu2.mpurf_manager: [tid:1]: [sn:134] : W Misc Reg 70 : 0x3f 
285000[142]: system.cpu2.mpurf_manager: [tid:1]: [sn:135] : W Misc Reg 71 : 0x3f 
286000[143]: system.cpu2.mpurf_manager: [tid:1]: [sn:136] : W Misc Reg 72 : 0x3f 
287000[143]: system.cpu2.mpurf_manager: [tid:1]: [sn:137] : W Misc Reg 73 : 0x3f 
288000[144]: system.cpu2.mpurf_manager: [tid:1]: [sn:138] : W Misc Reg 74 : 0x3f 
289000[144]: system.cpu2.mpurf_manager: [tid:1]: [sn:139] : W Misc Reg 75 : 0x3f 
290000[145]: system.cpu2.mpurf_manager: [tid:1]: [sn:140] : W Misc Reg 76 : 0x3f 
291000[145]: system.cpu2.mpurf_manager: [tid:1]: [sn:141] : W Misc Reg 77 : 0x3f 
292000[146]: system.cpu2.mpurf_manager: [tid:1]: [sn:142] : W Misc Reg 78 : 0x3f 
293000[146]: system.cpu2.mpurf_manager: [tid:1]: [sn:143] : W Misc Reg 79 : 0x3f 
294000[147]: system.cpu2.mpurf_manager: [tid:1]: [sn:144] : W Misc Reg 80 : 0x3f 
295000[147]: system.cpu2.mpurf_manager: [tid:1]: [sn:145] : W Misc Reg 81 : 0x3f 
296000[148]: system.cpu2.mpurf_manager: [tid:1]: [sn:146] : W Misc Reg 82 : 0x3f 
297000[148]: system.cpu2.mpurf_manager: [tid:1]: [sn:147] : W Misc Reg 83 : 0x3f 
298000[149]: system.cpu2.mpurf_manager: [tid:1]: [sn:148] : W Misc Reg 84 : 0x3f 
299000[149]: system.cpu2.mpurf_manager: [tid:1]: [sn:149] : W Misc Reg 85 : 0x3f 
300000[150]: system.cpu2.mpurf_manager: [tid:1]: [sn:150] : W Misc Reg 86 : 0x3f 
301000[150]: system.cpu2.mpurf_manager: [tid:1]: [sn:151] : W Misc Reg 87 : 0x3f 
302000[151]: system.cpu2.mpurf_manager: [tid:1]: [sn:152] : W Misc Reg 88 : 0x3f 
303000[151]: system.cpu2.mpurf_manager: [tid:1]: [sn:153] : W Misc Reg 89 : 0x3f 
304000[152]: system.cpu2.mpurf_manager: [tid:1]: [sn:154] : W Misc Reg 90 : 0x3f 
305000[152]: system.cpu2.mpurf_manager: [tid:1]: [sn:155] : W Misc Reg 91 : 0x3f 
306000[153]: system.cpu2.mpurf_manager: [tid:1]: [sn:156] : W Misc Reg 92 : 0x3f 
307000[153]: system.cpu2.mpurf_manager: [tid:1]: [sn:157] : W Misc Reg 93 : 0x3f 
308000[154]: system.cpu2.mpurf_manager: [tid:1]: [sn:158] : W Misc Reg 94 : 0x3f 
309000[154]: system.cpu2.mpurf_manager: [tid:1]: [sn:159] : W Misc Reg 95 : 0x3f 
310000[155]: system.cpu2.mpurf_manager: [tid:1]: [sn:160] : W Misc Reg 96 : 0x3f 
311000[155]: system.cpu2.mpurf_manager: [tid:1]: [sn:161] : W Misc Reg 97 : 0x3f 
312000[156]: system.cpu2.mpurf_manager: [tid:1]: [sn:162] : W Misc Reg 98 : 0x3f 
313000[156]: system.cpu2.mpurf_manager: [tid:1]: [sn:163] : W Misc Reg 99 : 0x3f 
314000[157]: system.cpu2.mpurf_manager: [tid:1]: [sn:164] : W Misc Reg 100 : 0x3f 
315000[157]: system.cpu2.mpurf_manager: [tid:1]: [sn:165] : W Misc Reg 101 : 0x3f 
316000[158]: system.cpu2.mpurf_manager: [tid:1]: [sn:166] : W Misc Reg 102 : 0x3f 
317000[158]: system.cpu2.mpurf_manager: [tid:1]: [sn:167] : W Misc Reg 103 : 0x3f 
318000[159]: system.cpu2.mpurf_manager: [tid:1]: [sn:168] : W Misc Reg 104 : 0x3f 
319000[159]: system.cpu2.mpurf_manager: [tid:1]: [sn:169] : W Misc Reg 105 : 0x3f 
320000[160]: system.cpu2.mpurf_manager: [tid:1]: [sn:170] : W Misc Reg 106 : 0x3f 
321000[160]: system.cpu2.mpurf_manager: [tid:1]: [sn:171] : W Misc Reg 107 : 0x3f 
322000[161]: system.cpu2.mpurf_manager: [tid:1]: [sn:172] : W Misc Reg 108 : 0x3f 
323000[161]: system.cpu2.mpurf_manager: [tid:1]: [sn:173] : W Misc Reg 109 : 0x3f 
324000[162]: system.cpu2.mpurf_manager: [tid:1]: [sn:174] : W Misc Reg 110 : 0x3f 
325000[162]: system.cpu2.mpurf_manager: [tid:1]: [sn:175] : W Misc Reg 111 : 0x3f 
326000[163]: system.cpu2.mpurf_manager: [tid:1]: [sn:176] : W Misc Reg 112 : 0x3f 
327000[163]: system.cpu2.mpurf_manager: [tid:1]: [sn:177] : W Misc Reg 113 : 0x3f 
328000[164]: system.cpu2.mpurf_manager: [tid:1]: [sn:178] : W Misc Reg 114 : 0x3f 
329000[164]: system.cpu2.mpurf_manager: [tid:1]: [sn:179] : W Misc Reg 115 : 0x3f 
330000[165]: system.cpu2.mpurf_manager: [tid:1]: [sn:180] : W Misc Reg 116 : 0x3f 
331000[165]: system.cpu2.mpurf_manager: [tid:1]: [sn:181] : W Misc Reg 117 : 0x3f 
332000[166]: system.cpu2.mpurf_manager: [tid:1]: [sn:182] : W Misc Reg 118 : 0x3f 
333000[166]: system.cpu2.mpurf_manager: [tid:1]: [sn:183] : W Misc Reg 119 : 0x3f 
334000[167]: system.cpu2.mpurf_manager: [tid:1]: [sn:184] : W Misc Reg 120 : 0x3f 
335000[167]: system.cpu2.mpurf_manager: [tid:1]: [sn:185] : W Misc Reg 121 : 0x3f 
336000[168]: system.cpu2.mpurf_manager: [tid:1]: [sn:186] : W Misc Reg 122 : 0x3f 
337000[168]: system.cpu2.mpurf_manager: [tid:1]: [sn:187] : W Misc Reg 123 : 0x3f 
338000[169]: system.cpu2.mpurf_manager: [tid:1]: [sn:188] : W Misc Reg 124 : 0x3f 
339000[169]: system.cpu2.mpurf_manager: [tid:1]: [sn:189] : W Misc Reg 125 : 0x3f 
340000[170]: system.cpu2.mpurf_manager: [tid:1]: [sn:190] : W Misc Reg 126 : 0x3f 
341000[170]: system.cpu2.mpurf_manager: [tid:1]: [sn:191] : W Misc Reg 127 : 0x3f 
342000[171]: system.cpu2.mpurf_manager: [tid:1]: [sn:192] : W Misc Reg 128 : 0x3f 
343000[171]: system.cpu2.mpurf_manager: [tid:1]: [sn:193] : W Misc Reg 129 : 0x3f 
344000[172]: system.cpu2.mpurf_manager: [tid:1]: [sn:194] : W Misc Reg 130 : 0x3f 
345000[172]: system.cpu2.mpurf_manager: [tid:1]: [sn:195] : W Misc Reg 131 : 0x3f 
346000[173]: system.cpu2.mpurf_manager: [tid:1]: [sn:196] : W Misc Reg 132 : 0x3f 
347000[173]: system.cpu2.mpurf_manager: [tid:1]: [sn:197] : W Misc Reg 133 : 0x3f 
348000[174]: system.cpu2.mpurf_manager: [tid:1]: [sn:198] : W Misc Reg 134 : 0x3f 
349000[174]: system.cpu2.mpurf_manager: [tid:1]: [sn:199] : W Misc Reg 135 : 0x3f 
350000[175]: system.cpu2.mpurf_manager: [tid:1]: [sn:200] : W Misc Reg 136 : 0x3f 
351000[175]: system.cpu2.mpurf_manager: [tid:1]: [sn:201] : W Misc Reg 137 : 0x3f 
352000[176]: system.cpu2.mpurf_manager: [tid:1]: [sn:202] : W Misc Reg 138 : 0x3f 
353000[176]: system.cpu2.mpurf_manager: [tid:1]: [sn:203] : W Misc Reg 139 : 0x3f 
354000[177]: system.cpu2.mpurf_manager: [tid:1]: [sn:204] : W Misc Reg 140 : 0x3f 
355000[177]: system.cpu2.mpurf_manager: [tid:1]: [sn:205] : W Misc Reg 141 : 0x3f 
356000[178]: system.cpu2.mpurf_manager: [tid:1]: [sn:206] : W Misc Reg 142 : 0x3f 
357000[178]: system.cpu2.mpurf_manager: [tid:1]: [sn:207] : W Misc Reg 143 : 0x3f 
358000[179]: system.cpu2.mpurf_manager: [tid:1]: [sn:208] : W Misc Reg 144 : 0x3f 
359000[179]: system.cpu2.mpurf_manager: [tid:1]: [sn:209] : W Misc Reg 145 : 0x3f 
360000[180]: system.cpu2.mpurf_manager: [tid:1]: [sn:210] : W Misc Reg 146 : 0x3f 
361000[180]: system.cpu2.mpurf_manager: [tid:1]: [sn:211] : W Misc Reg 147 : 0x3f 
362000[181]: system.cpu2.mpurf_manager: [tid:1]: [sn:212] : W Misc Reg 148 : 0x3f 
363000[181]: system.cpu2.mpurf_manager: [tid:1]: [sn:213] : W Misc Reg 149 : 0x3f 
364000[182]: system.cpu2.mpurf_manager: [tid:1]: [sn:214] : W Misc Reg 150 : 0x3f 
365000[182]: system.cpu2.mpurf_manager: [tid:1]: [sn:215] : W Misc Reg 151 : 0x3f 
366000[183]: system.cpu2.mpurf_manager: [tid:1]: [sn:216] : W Misc Reg 152 : 0x3f 
367000[183]: system.cpu2.mpurf_manager: [tid:1]: [sn:217] : W Misc Reg 153 : 0x3f 
368000[184]: system.cpu2.mpurf_manager: [tid:1]: [sn:218] : W Misc Reg 154 : 0x3f 
369000[184]: system.cpu2.mpurf_manager: [tid:1]: [sn:219] : W Misc Reg 155 : 0x3f 
370000[185]: system.cpu2.mpurf_manager: [tid:1]: [sn:220] : W Misc Reg 156 : 0x3f 
371000[185]: system.cpu2.mpurf_manager: [tid:1]: [sn:221] : W Misc Reg 157 : 0x3f 
372000[186]: system.cpu2.mpurf_manager: [tid:1]: [sn:222] : W Misc Reg 158 : 0x3f 
373000[186]: system.cpu2.mpurf_manager: [tid:1]: [sn:223] : W Misc Reg 159 : 0x3f 
