  14000[      7]: system.cpu T0 : 0x0    : immtransr  r0, -2147483640 : IntAlu :  D=0x0000000080000008
  16000[      8]: system.cpu T0 : 0x8    : immtransr  r1, -2147483641 : IntAlu :  D=0x0000000080000007
  18000[      9]: system.cpu T0 : 0x10    : immtransr  r2, -2147483642 : IntAlu :  D=0x0000000080000006
  20000[     10]: system.cpu T0 : 0x18    : immtransr  r3, -2147483643 : IntAlu :  D=0x0000000080000005
  22000[     11]: system.cpu T0 : 0x20    : immtransr  r4, -2147483644 : IntAlu :  D=0x0000000080000004
  24000[     12]: system.cpu T0 : 0x28    : immtransr  r5, -2147483645 : IntAlu :  D=0x0000000080000003
  26000[     13]: system.cpu T0 : 0x30    : immtransr  r6, -2147483646 : IntAlu :  D=0x0000000080000002
  28000[     14]: system.cpu T0 : 0x38    : immtransr  r7, -2147483647 : IntAlu :  D=0x0000000080000001
  30000[     15]: system.cpu T0 : 0x40    : immtransr  r8, 2           : IntAlu :  D=0x0000000000000002
  32000[     16]: system.cpu T0 : 0x44    : immtransr  r9, 3           : IntAlu :  D=0x0000000000000003
  34000[     17]: system.cpu T0 : 0x48    : immtransr  r10, 4          : IntAlu :  D=0x0000000000000004
  36000[     18]: system.cpu T0 : 0x4c    : immtransr  r11, 5          : IntAlu :  D=0x0000000000000005
  38000[     19]: system.cpu T0 : 0x50    : immtransr  r12, 6          : IntAlu :  D=0x0000000000000006
  40000[     20]: system.cpu T0 : 0x54    : immtransr  r13, 7          : IntAlu :  D=0x0000000000000007
  42000[     21]: system.cpu T0 : 0x58    : immtransr  r14, 8          : IntAlu :  D=0x0000000000000008
  44000[     22]: system.cpu T0 : 0x5c    : immtransr  r15, 9          : IntAlu :  D=0x0000000000000009
  46000[     23]: system.cpu T0 : 0x60    : r2svrwimm  svr0[0], r0     : IntAlu :  D=0x0000000080000008
  52000[     26]: system.cpu T0 : 0x64    : r2svrwimm  svr0[1], r1     : IntAlu :  D=0x0000000080000007
  58000[     29]: system.cpu T0 : 0x68    : r2svrwimm  svr0[2], r2     : IntAlu :  D=0x0000000080000006
  64000[     32]: system.cpu T0 : 0x6c    : r2svrwimm  svr0[3], r3     : IntAlu :  D=0x0000000080000005
  70000[     35]: system.cpu T0 : 0x70    : r2svrwimm  svr0[4], r4     : IntAlu :  D=0x0000000080000004
  76000[     38]: system.cpu T0 : 0x74    : r2svrwimm  svr0[5], r5     : IntAlu :  D=0x0000000080000003
  82000[     41]: system.cpu T0 : 0x78    : r2svrwimm  svr0[6], r6     : IntAlu :  D=0x0000000080000002
  88000[     44]: system.cpu T0 : 0x7c    : r2svrwimm  svr0[7], r7     : IntAlu :  D=0x0000000080000001
  94000[     47]: system.cpu T0 : 0x80    : r2svrwimm  svr0[8], r8     : IntAlu :  D=0x0000000000000002
 100000[     50]: system.cpu T0 : 0x84    : r2svrwimm  svr0[9], r9     : IntAlu :  D=0x0000000000000003
 106000[     53]: system.cpu T0 : 0x88    : r2svrwimm  svr0[10], r10   : IntAlu :  D=0x0000000000000004
 112000[     56]: system.cpu T0 : 0x8c    : r2svrwimm  svr0[11], r11   : IntAlu :  D=0x0000000000000005
 118000[     59]: system.cpu T0 : 0x90    : r2svrwimm  svr0[12], r12   : IntAlu :  D=0x0000000000000006
 124000[     62]: system.cpu T0 : 0x94    : r2svrwimm  svr0[13], r13   : IntAlu :  D=0x0000000000000007
 130000[     65]: system.cpu T0 : 0x98    : r2svrwimm  svr0[14], r14   : IntAlu :  D=0x0000000000000008
 136000[     68]: system.cpu T0 : 0x9c    : r2svrwimm  svr0[15], r15   : IntAlu :  D=0x0000000000000009
 140000[     70]: system.cpu T0 : 0xa0    : svr2shu0   shu0.t0, svr0   : IntAlu :  D=0x8 0x0 0x0 0x80 0x7 0x0 0x0 0x80 0x6 0x0 0x0 0x80 0x5 0x0 0x0 0x80 0x4 0x0 0x0 0x80 0x3 0x0 0x0 0x80 0x2 0x0 0x0 0x80 0x1 0x0 0x0 0x80 0x2 0x0 0x0 0x0 0x3 0x0 0x0 0x0 0x4 0x0 0x0 0x0 0x5 0x0 0x0 0x0 0x6 0x0 0x0 0x0 0x7 0x0 0x0 0x0 0x8 0x0 0x0 0x0 0x9 0x0 0x0 0x0 
 140000[     70]: system.cpu T0 : 0xa4    : callmimmb  _FALUTest0      : IntAlu : 
 152000[     76]: system.cpu T1 : 0x128(4)    : (memo:shu0idx   ) SHU0.T0 IND TSQ->M[0] : IntDiv :  D=0x8 0x0 0x0 0x80 0x7 0x0 0x0 0x80 0x6 0x0 0x0 0x80 0x5 0x0 0x0 0x80 0x4 0x0 0x0 0x80 0x3 0x0 0x0 0x80 0x2 0x0 0x0 0x80 0x1 0x0 0x0 0x80 0x2 0x0 0x0 0x0 0x3 0x0 0x0 0x0 0x4 0x0 0x0 0x0 0x5 0x0 0x0 0x0 0x6 0x0 0x0 0x0 0x7 0x0 0x0 0x0 0x8 0x0 0x0 0x0 0x9 0x0 0x0 0x0 
 153000[     76]: system.cpu T1 : 0x23b(13)    : (memo:mpustop   ) MSEQ.Stop : SimdFloatAlu : 
 158000[     79]: system.cpu T0 : 0xb0    : callmimmb  _FALUTest1      : IntAlu : 
 167000[     83]: system.cpu T1 : 0x267(0)    : (memo:mr0       ) R0.M[0]->FALU.T0(I0) : IntAlu :  D=0x8 0x0 0x0 0x80 0x7 0x0 0x0 0x80 0x6 0x0 0x0 0x80 0x5 0x0 0x0 0x80 0x4 0x0 0x0 0x80 0x3 0x0 0x0 0x80 0x2 0x0 0x0 0x80 0x1 0x0 0x0 0x80 0x2 0x0 0x0 0x0 0x3 0x0 0x0 0x0 0x4 0x0 0x0 0x0 0x5 0x0 0x0 0x0 0x6 0x0 0x0 0x0 0x7 0x0 0x0 0x0 0x8 0x0 0x0 0x0 0x9 0x0 0x0 0x0 
 173000[     86]: system.cpu T1 : 0x2fa(8)    : (memo:falucvtw2d) FALU.Double T0->SHU0.T2 : SimdMisc :  D=0x0 0x0 0x0 0xfe 0xff 0xff 0xdf 0xc1 0x0 0x0 0x80 0xfe 0xff 0xff 0xdf 0xc1 0x0 0x0 0x0 0xff 0xff 0xff 0xdf 0xc1 0x0 0x0 0x80 0xff 0xff 0xff 0xdf 0xc1 0x0 0x0 0x0 0x0 0x0 0x0 0x0 0x40 0x0 0x0 0x0 0x0 0x0 0x0 0x10 0x40 0x0 0x0 0x0 0x0 0x0 0x0 0x18 0x40 0x0 0x0 0x0 0x0 0x0 0x0 0x20 0x40 
 173000[     86]: system.cpu T1 : 0x344(6)    : (memo:ialuequal2c) IALU.T0==T0->Cond : FloatMult :  D=0x0000000000000001
 174000[     87]: system.cpu T1 : 0x323(8)    : (memo:falucvtw2d) FALU.Double T0(U)->SHU0.T2 : SimdMisc :  D=0x0 0x0 0x0 0x1 0x0 0x0 0xe0 0x41 0x0 0x0 0xc0 0x0 0x0 0x0 0xe0 0x41 0x0 0x0 0x80 0x0 0x0 0x0 0xe0 0x41 0x0 0x0 0x40 0x0 0x0 0x0 0xe0 0x41 0x0 0x0 0x0 0x0 0x0 0x0 0x0 0x40 0x0 0x0 0x0 0x0 0x0 0x0 0x10 0x40 0x0 0x0 0x0 0x0 0x0 0x0 0x18 0x40 0x0 0x0 0x0 0x0 0x0 0x0 0x20 0x40 
 180000[     90]: system.cpu T1 : 0x419(8)    : (memo:falucvtw2d) FALU.Double T0->SHU0.T2 : SimdMisc :  D=0x0 0x0 0x0 0xfe 0xff 0xff 0xdf 0xc1 0x0 0x0 0x80 0xfe 0xff 0xff 0xdf 0xc1 0x0 0x0 0x0 0xff 0xff 0xff 0xdf 0xc1 0x0 0x0 0x80 0xff 0xff 0xff 0xdf 0xc1 0x0 0x0 0x0 0x0 0x0 0x0 0x0 0x40 0x0 0x0 0x0 0x0 0x0 0x0 0x10 0x40 0x0 0x0 0x0 0x0 0x0 0x0 0x18 0x40 0x0 0x0 0x0 0x0 0x0 0x0 0x20 0x40 
 180000[     90]: system.cpu T1 : 0x463(6)    : (memo:ialuneq2c ) IALU.T0!=T0->Cond : FloatMult :  D=0x0000000000000000
 187000[     93]: system.cpu T1 : 0x538(8)    : (memo:falucvtw2d) FALU.Double T0(U)->SHU0.T2 : SimdMisc :  D=0x0 0x0 0x0 0x1 0x0 0x0 0xe0 0x41 0x0 0x0 0xc0 0x0 0x0 0x0 0xe0 0x41 0x0 0x0 0x80 0x0 0x0 0x0 0xe0 0x41 0x0 0x0 0x40 0x0 0x0 0x0 0xe0 0x41 0x0 0x0 0x0 0x0 0x0 0x0 0x0 0x40 0x0 0x0 0x0 0x0 0x0 0x0 0x10 0x40 0x0 0x0 0x0 0x0 0x0 0x0 0x18 0x40 0x0 0x0 0x0 0x0 0x0 0x0 0x20 0x40 
 190000[     95]: system.cpu T1 : 0x6e0(13)    : (memo:mpustop   ) MSEQ.Stop : SimdFloatAlu : 
 194000[     97]: system.cpu T0 : 0xbc    : callmimmb  _FALUTest2      : IntAlu : 
 203000[    101]: system.cpu T1 : 0x70c(0)    : (memo:mr0       ) R0.M[0]->FALU.T0(I0) : IntAlu :  D=0x8 0x0 0x0 0x80 0x7 0x0 0x0 0x80 0x6 0x0 0x0 0x80 0x5 0x0 0x0 0x80 0x4 0x0 0x0 0x80 0x3 0x0 0x0 0x80 0x2 0x0 0x0 0x80 0x1 0x0 0x0 0x80 0x2 0x0 0x0 0x0 0x3 0x0 0x0 0x0 0x4 0x0 0x0 0x0 0x5 0x0 0x0 0x0 0x6 0x0 0x0 0x0 0x7 0x0 0x0 0x0 0x8 0x0 0x0 0x0 0x9 0x0 0x0 0x0 
 209000[    104]: system.cpu T1 : 0x79f(8)    : (memo:falucvtw2d) FALU.Double T0->SHU1.T2 : SimdMisc :  D=0x0 0x0 0x0 0xfe 0xff 0xff 0xdf 0xc1 0x0 0x0 0x80 0xfe 0xff 0xff 0xdf 0xc1 0x0 0x0 0x0 0xff 0xff 0xff 0xdf 0xc1 0x0 0x0 0x80 0xff 0xff 0xff 0xdf 0xc1 0x0 0x0 0x0 0x0 0x0 0x0 0x0 0x40 0x0 0x0 0x0 0x0 0x0 0x0 0x10 0x40 0x0 0x0 0x0 0x0 0x0 0x0 0x18 0x40 0x0 0x0 0x0 0x0 0x0 0x0 0x20 0x40 
 209000[    104]: system.cpu T1 : 0x7e9(6)    : (memo:ialuequal2c) IALU.T0==T0->Cond : FloatMult :  D=0x0000000000000001
 210000[    105]: system.cpu T1 : 0x7c8(8)    : (memo:falucvtw2d) FALU.Double T0(U)->SHU1.T2 : SimdMisc :  D=0x0 0x0 0x0 0x1 0x0 0x0 0xe0 0x41 0x0 0x0 0xc0 0x0 0x0 0x0 0xe0 0x41 0x0 0x0 0x80 0x0 0x0 0x0 0xe0 0x41 0x0 0x0 0x40 0x0 0x0 0x0 0xe0 0x41 0x0 0x0 0x0 0x0 0x0 0x0 0x0 0x40 0x0 0x0 0x0 0x0 0x0 0x0 0x10 0x40 0x0 0x0 0x0 0x0 0x0 0x0 0x18 0x40 0x0 0x0 0x0 0x0 0x0 0x0 0x20 0x40 
 216000[    108]: system.cpu T1 : 0x8be(8)    : (memo:falucvtw2d) FALU.Double T0->SHU1.T2 : SimdMisc :  D=0x0 0x0 0x0 0xfe 0xff 0xff 0xdf 0xc1 0x0 0x0 0x80 0xfe 0xff 0xff 0xdf 0xc1 0x0 0x0 0x0 0xff 0xff 0xff 0xdf 0xc1 0x0 0x0 0x80 0xff 0xff 0xff 0xdf 0xc1 0x0 0x0 0x0 0x0 0x0 0x0 0x0 0x40 0x0 0x0 0x0 0x0 0x0 0x0 0x10 0x40 0x0 0x0 0x0 0x0 0x0 0x0 0x18 0x40 0x0 0x0 0x0 0x0 0x0 0x0 0x20 0x40 
 216000[    108]: system.cpu T1 : 0x908(6)    : (memo:ialuneq2c ) IALU.T0!=T0->Cond : FloatMult :  D=0x0000000000000000
 223000[    111]: system.cpu T1 : 0x9dd(8)    : (memo:falucvtw2d) FALU.Double T0(U)->SHU1.T2 : SimdMisc :  D=0x0 0x0 0x0 0x1 0x0 0x0 0xe0 0x41 0x0 0x0 0xc0 0x0 0x0 0x0 0xe0 0x41 0x0 0x0 0x80 0x0 0x0 0x0 0xe0 0x41 0x0 0x0 0x40 0x0 0x0 0x0 0xe0 0x41 0x0 0x0 0x0 0x0 0x0 0x0 0x0 0x40 0x0 0x0 0x0 0x0 0x0 0x0 0x10 0x40 0x0 0x0 0x0 0x0 0x0 0x0 0x18 0x40 0x0 0x0 0x0 0x0 0x0 0x0 0x20 0x40 
 226000[    113]: system.cpu T1 : 0xb85(13)    : (memo:mpustop   ) MSEQ.Stop : SimdFloatAlu : 
 230000[    115]: system.cpu T0 : 0xc8    : callmimmb  _FALUTest3      : IntAlu : 
 239000[    119]: system.cpu T1 : 0xbb1(0)    : (memo:mr0       ) R0.M[0]->FALU.T0(I0) : IntAlu :  D=0x8 0x0 0x0 0x80 0x7 0x0 0x0 0x80 0x6 0x0 0x0 0x80 0x5 0x0 0x0 0x80 0x4 0x0 0x0 0x80 0x3 0x0 0x0 0x80 0x2 0x0 0x0 0x80 0x1 0x0 0x0 0x80 0x2 0x0 0x0 0x0 0x3 0x0 0x0 0x0 0x4 0x0 0x0 0x0 0x5 0x0 0x0 0x0 0x6 0x0 0x0 0x0 0x7 0x0 0x0 0x0 0x8 0x0 0x0 0x0 0x9 0x0 0x0 0x0 
 245000[    122]: system.cpu T1 : 0xc44(8)    : (memo:falucvtw2d) FALU.Double T0->IALU.T2 : SimdMisc :  D=0x0 0x0 0x0 0xfe 0xff 0xff 0xdf 0xc1 0x0 0x0 0x80 0xfe 0xff 0xff 0xdf 0xc1 0x0 0x0 0x0 0xff 0xff 0xff 0xdf 0xc1 0x0 0x0 0x80 0xff 0xff 0xff 0xdf 0xc1 0x0 0x0 0x0 0x0 0x0 0x0 0x0 0x40 0x0 0x0 0x0 0x0 0x0 0x0 0x10 0x40 0x0 0x0 0x0 0x0 0x0 0x0 0x18 0x40 0x0 0x0 0x0 0x0 0x0 0x0 0x20 0x40 
 245000[    122]: system.cpu T1 : 0xc8e(6)    : (memo:ialuequal2c) IALU.T0==T0->Cond : FloatMult :  D=0x0000000000000001
 246000[    123]: system.cpu T1 : 0xc6d(8)    : (memo:falucvtw2d) FALU.Double T0(U)->IALU.T2 : SimdMisc :  D=0x0 0x0 0x0 0x1 0x0 0x0 0xe0 0x41 0x0 0x0 0xc0 0x0 0x0 0x0 0xe0 0x41 0x0 0x0 0x80 0x0 0x0 0x0 0xe0 0x41 0x0 0x0 0x40 0x0 0x0 0x0 0xe0 0x41 0x0 0x0 0x0 0x0 0x0 0x0 0x0 0x40 0x0 0x0 0x0 0x0 0x0 0x0 0x10 0x40 0x0 0x0 0x0 0x0 0x0 0x0 0x18 0x40 0x0 0x0 0x0 0x0 0x0 0x0 0x20 0x40 
 252000[    126]: system.cpu T1 : 0xd63(8)    : (memo:falucvtw2d) FALU.Double T0->IALU.T2 : SimdMisc :  D=0x0 0x0 0x0 0xfe 0xff 0xff 0xdf 0xc1 0x0 0x0 0x80 0xfe 0xff 0xff 0xdf 0xc1 0x0 0x0 0x0 0xff 0xff 0xff 0xdf 0xc1 0x0 0x0 0x80 0xff 0xff 0xff 0xdf 0xc1 0x0 0x0 0x0 0x0 0x0 0x0 0x0 0x40 0x0 0x0 0x0 0x0 0x0 0x0 0x10 0x40 0x0 0x0 0x0 0x0 0x0 0x0 0x18 0x40 0x0 0x0 0x0 0x0 0x0 0x0 0x20 0x40 
 252000[    126]: system.cpu T1 : 0xdad(6)    : (memo:ialuneq2c ) IALU.T0!=T0->Cond : FloatMult :  D=0x0000000000000000
 259000[    129]: system.cpu T1 : 0xe82(8)    : (memo:falucvtw2d) FALU.Double T0(U)->IALU.T2 : SimdMisc :  D=0x0 0x0 0x0 0x1 0x0 0x0 0xe0 0x41 0x0 0x0 0xc0 0x0 0x0 0x0 0xe0 0x41 0x0 0x0 0x80 0x0 0x0 0x0 0xe0 0x41 0x0 0x0 0x40 0x0 0x0 0x0 0xe0 0x41 0x0 0x0 0x0 0x0 0x0 0x0 0x0 0x40 0x0 0x0 0x0 0x0 0x0 0x0 0x10 0x40 0x0 0x0 0x0 0x0 0x0 0x0 0x18 0x40 0x0 0x0 0x0 0x0 0x0 0x0 0x20 0x40 
 262000[    131]: system.cpu T1 : 0x102a(13)    : (memo:mpustop   ) MSEQ.Stop : SimdFloatAlu : 
 266000[    133]: system.cpu T0 : 0xd4    : callmimmb  _FALUTest4      : IntAlu : 
 275000[    137]: system.cpu T1 : 0x1056(0)    : (memo:mr0       ) R0.M[0]->FALU.T0(I0) : IntAlu :  D=0x8 0x0 0x0 0x80 0x7 0x0 0x0 0x80 0x6 0x0 0x0 0x80 0x5 0x0 0x0 0x80 0x4 0x0 0x0 0x80 0x3 0x0 0x0 0x80 0x2 0x0 0x0 0x80 0x1 0x0 0x0 0x80 0x2 0x0 0x0 0x0 0x3 0x0 0x0 0x0 0x4 0x0 0x0 0x0 0x5 0x0 0x0 0x0 0x6 0x0 0x0 0x0 0x7 0x0 0x0 0x0 0x8 0x0 0x0 0x0 0x9 0x0 0x0 0x0 
 281000[    140]: system.cpu T1 : 0x10e9(8)    : (memo:falucvtw2d) FALU.Double T0->IMAC.T2 : SimdMisc :  D=0x0 0x0 0x0 0xfe 0xff 0xff 0xdf 0xc1 0x0 0x0 0x80 0xfe 0xff 0xff 0xdf 0xc1 0x0 0x0 0x0 0xff 0xff 0xff 0xdf 0xc1 0x0 0x0 0x80 0xff 0xff 0xff 0xdf 0xc1 0x0 0x0 0x0 0x0 0x0 0x0 0x0 0x40 0x0 0x0 0x0 0x0 0x0 0x0 0x10 0x40 0x0 0x0 0x0 0x0 0x0 0x0 0x18 0x40 0x0 0x0 0x0 0x0 0x0 0x0 0x20 0x40 
 281000[    140]: system.cpu T1 : 0x1133(6)    : (memo:ialuequal2c) IALU.T0==T0->Cond : FloatMult :  D=0x0000000000000001
 282000[    141]: system.cpu T1 : 0x1112(8)    : (memo:falucvtw2d) FALU.Double T0(U)->IMAC.T2 : SimdMisc :  D=0x0 0x0 0x0 0x1 0x0 0x0 0xe0 0x41 0x0 0x0 0xc0 0x0 0x0 0x0 0xe0 0x41 0x0 0x0 0x80 0x0 0x0 0x0 0xe0 0x41 0x0 0x0 0x40 0x0 0x0 0x0 0xe0 0x41 0x0 0x0 0x0 0x0 0x0 0x0 0x0 0x40 0x0 0x0 0x0 0x0 0x0 0x0 0x10 0x40 0x0 0x0 0x0 0x0 0x0 0x0 0x18 0x40 0x0 0x0 0x0 0x0 0x0 0x0 0x20 0x40 
 288000[    144]: system.cpu T1 : 0x1208(8)    : (memo:falucvtw2d) FALU.Double T0->IMAC.T2 : SimdMisc :  D=0x0 0x0 0x0 0xfe 0xff 0xff 0xdf 0xc1 0x0 0x0 0x80 0xfe 0xff 0xff 0xdf 0xc1 0x0 0x0 0x0 0xff 0xff 0xff 0xdf 0xc1 0x0 0x0 0x80 0xff 0xff 0xff 0xdf 0xc1 0x0 0x0 0x0 0x0 0x0 0x0 0x0 0x40 0x0 0x0 0x0 0x0 0x0 0x0 0x10 0x40 0x0 0x0 0x0 0x0 0x0 0x0 0x18 0x40 0x0 0x0 0x0 0x0 0x0 0x0 0x20 0x40 
 288000[    144]: system.cpu T1 : 0x1252(6)    : (memo:ialuneq2c ) IALU.T0!=T0->Cond : FloatMult :  D=0x0000000000000000
 295000[    147]: system.cpu T1 : 0x1327(8)    : (memo:falucvtw2d) FALU.Double T0(U)->IMAC.T2 : SimdMisc :  D=0x0 0x0 0x0 0x1 0x0 0x0 0xe0 0x41 0x0 0x0 0xc0 0x0 0x0 0x0 0xe0 0x41 0x0 0x0 0x80 0x0 0x0 0x0 0xe0 0x41 0x0 0x0 0x40 0x0 0x0 0x0 0xe0 0x41 0x0 0x0 0x0 0x0 0x0 0x0 0x0 0x40 0x0 0x0 0x0 0x0 0x0 0x0 0x10 0x40 0x0 0x0 0x0 0x0 0x0 0x0 0x18 0x40 0x0 0x0 0x0 0x0 0x0 0x0 0x20 0x40 
 298000[    149]: system.cpu T1 : 0x14cf(13)    : (memo:mpustop   ) MSEQ.Stop : SimdFloatAlu : 
 302000[    151]: system.cpu T0 : 0xe0    : callmimmb  _FALUTest5      : IntAlu : 
 311000[    155]: system.cpu T1 : 0x14fb(0)    : (memo:mr0       ) R0.M[0]->FALU.T0(I0) : IntAlu :  D=0x8 0x0 0x0 0x80 0x7 0x0 0x0 0x80 0x6 0x0 0x0 0x80 0x5 0x0 0x0 0x80 0x4 0x0 0x0 0x80 0x3 0x0 0x0 0x80 0x2 0x0 0x0 0x80 0x1 0x0 0x0 0x80 0x2 0x0 0x0 0x0 0x3 0x0 0x0 0x0 0x4 0x0 0x0 0x0 0x5 0x0 0x0 0x0 0x6 0x0 0x0 0x0 0x7 0x0 0x0 0x0 0x8 0x0 0x0 0x0 0x9 0x0 0x0 0x0 
 317000[    158]: system.cpu T1 : 0x158e(8)    : (memo:falucvtw2d) FALU.Double T0->FALU.T2 : SimdMisc :  D=0x0 0x0 0x0 0xfe 0xff 0xff 0xdf 0xc1 0x0 0x0 0x80 0xfe 0xff 0xff 0xdf 0xc1 0x0 0x0 0x0 0xff 0xff 0xff 0xdf 0xc1 0x0 0x0 0x80 0xff 0xff 0xff 0xdf 0xc1 0x0 0x0 0x0 0x0 0x0 0x0 0x0 0x40 0x0 0x0 0x0 0x0 0x0 0x0 0x10 0x40 0x0 0x0 0x0 0x0 0x0 0x0 0x18 0x40 0x0 0x0 0x0 0x0 0x0 0x0 0x20 0x40 
 317000[    158]: system.cpu T1 : 0x15d8(6)    : (memo:ialuequal2c) IALU.T0==T0->Cond : FloatMult :  D=0x0000000000000001
 318000[    159]: system.cpu T1 : 0x15b7(8)    : (memo:falucvtw2d) FALU.Double T0(U)->FALU.T2 : SimdMisc :  D=0x0 0x0 0x0 0x1 0x0 0x0 0xe0 0x41 0x0 0x0 0xc0 0x0 0x0 0x0 0xe0 0x41 0x0 0x0 0x80 0x0 0x0 0x0 0xe0 0x41 0x0 0x0 0x40 0x0 0x0 0x0 0xe0 0x41 0x0 0x0 0x0 0x0 0x0 0x0 0x0 0x40 0x0 0x0 0x0 0x0 0x0 0x0 0x10 0x40 0x0 0x0 0x0 0x0 0x0 0x0 0x18 0x40 0x0 0x0 0x0 0x0 0x0 0x0 0x20 0x40 
 324000[    162]: system.cpu T1 : 0x16ad(8)    : (memo:falucvtw2d) FALU.Double T0->FALU.T2 : SimdMisc :  D=0x0 0x0 0x0 0xfe 0xff 0xff 0xdf 0xc1 0x0 0x0 0x80 0xfe 0xff 0xff 0xdf 0xc1 0x0 0x0 0x0 0xff 0xff 0xff 0xdf 0xc1 0x0 0x0 0x80 0xff 0xff 0xff 0xdf 0xc1 0x0 0x0 0x0 0x0 0x0 0x0 0x0 0x40 0x0 0x0 0x0 0x0 0x0 0x0 0x10 0x40 0x0 0x0 0x0 0x0 0x0 0x0 0x18 0x40 0x0 0x0 0x0 0x0 0x0 0x0 0x20 0x40 
 324000[    162]: system.cpu T1 : 0x16f7(6)    : (memo:ialuneq2c ) IALU.T0!=T0->Cond : FloatMult :  D=0x0000000000000000
 331000[    165]: system.cpu T1 : 0x17cc(8)    : (memo:falucvtw2d) FALU.Double T0(U)->FALU.T2 : SimdMisc :  D=0x0 0x0 0x0 0x1 0x0 0x0 0xe0 0x41 0x0 0x0 0xc0 0x0 0x0 0x0 0xe0 0x41 0x0 0x0 0x80 0x0 0x0 0x0 0xe0 0x41 0x0 0x0 0x40 0x0 0x0 0x0 0xe0 0x41 0x0 0x0 0x0 0x0 0x0 0x0 0x0 0x40 0x0 0x0 0x0 0x0 0x0 0x0 0x10 0x40 0x0 0x0 0x0 0x0 0x0 0x0 0x18 0x40 0x0 0x0 0x0 0x0 0x0 0x0 0x20 0x40 
 334000[    167]: system.cpu T1 : 0x1974(13)    : (memo:mpustop   ) MSEQ.Stop : SimdFloatAlu : 
 338000[    169]: system.cpu T0 : 0xec    : callmimmb  _FALUTest6      : IntAlu : 
 347000[    173]: system.cpu T1 : 0x19a0(0)    : (memo:mr0       ) R0.M[0]->FALU.T0(I0) : IntAlu :  D=0x8 0x0 0x0 0x80 0x7 0x0 0x0 0x80 0x6 0x0 0x0 0x80 0x5 0x0 0x0 0x80 0x4 0x0 0x0 0x80 0x3 0x0 0x0 0x80 0x2 0x0 0x0 0x80 0x1 0x0 0x0 0x80 0x2 0x0 0x0 0x0 0x3 0x0 0x0 0x0 0x4 0x0 0x0 0x0 0x5 0x0 0x0 0x0 0x6 0x0 0x0 0x0 0x7 0x0 0x0 0x0 0x8 0x0 0x0 0x0 0x9 0x0 0x0 0x0 
 353000[    176]: system.cpu T1 : 0x1a33(8)    : (memo:falucvtw2d) FALU.Double T0->FMAC.T2 : SimdMisc :  D=0x0 0x0 0x0 0xfe 0xff 0xff 0xdf 0xc1 0x0 0x0 0x80 0xfe 0xff 0xff 0xdf 0xc1 0x0 0x0 0x0 0xff 0xff 0xff 0xdf 0xc1 0x0 0x0 0x80 0xff 0xff 0xff 0xdf 0xc1 0x0 0x0 0x0 0x0 0x0 0x0 0x0 0x40 0x0 0x0 0x0 0x0 0x0 0x0 0x10 0x40 0x0 0x0 0x0 0x0 0x0 0x0 0x18 0x40 0x0 0x0 0x0 0x0 0x0 0x0 0x20 0x40 
 353000[    176]: system.cpu T1 : 0x1a7d(6)    : (memo:ialuequal2c) IALU.T0==T0->Cond : FloatMult :  D=0x0000000000000001
 354000[    177]: system.cpu T1 : 0x1a5c(8)    : (memo:falucvtw2d) FALU.Double T0(U)->FMAC.T2 : SimdMisc :  D=0x0 0x0 0x0 0x1 0x0 0x0 0xe0 0x41 0x0 0x0 0xc0 0x0 0x0 0x0 0xe0 0x41 0x0 0x0 0x80 0x0 0x0 0x0 0xe0 0x41 0x0 0x0 0x40 0x0 0x0 0x0 0xe0 0x41 0x0 0x0 0x0 0x0 0x0 0x0 0x0 0x40 0x0 0x0 0x0 0x0 0x0 0x0 0x10 0x40 0x0 0x0 0x0 0x0 0x0 0x0 0x18 0x40 0x0 0x0 0x0 0x0 0x0 0x0 0x20 0x40 
 360000[    180]: system.cpu T1 : 0x1b52(8)    : (memo:falucvtw2d) FALU.Double T0->FMAC.T2 : SimdMisc :  D=0x0 0x0 0x0 0xfe 0xff 0xff 0xdf 0xc1 0x0 0x0 0x80 0xfe 0xff 0xff 0xdf 0xc1 0x0 0x0 0x0 0xff 0xff 0xff 0xdf 0xc1 0x0 0x0 0x80 0xff 0xff 0xff 0xdf 0xc1 0x0 0x0 0x0 0x0 0x0 0x0 0x0 0x40 0x0 0x0 0x0 0x0 0x0 0x0 0x10 0x40 0x0 0x0 0x0 0x0 0x0 0x0 0x18 0x40 0x0 0x0 0x0 0x0 0x0 0x0 0x20 0x40 
 360000[    180]: system.cpu T1 : 0x1b9c(6)    : (memo:ialuneq2c ) IALU.T0!=T0->Cond : FloatMult :  D=0x0000000000000000
 367000[    183]: system.cpu T1 : 0x1c71(8)    : (memo:falucvtw2d) FALU.Double T0(U)->FMAC.T2 : SimdMisc :  D=0x0 0x0 0x0 0x1 0x0 0x0 0xe0 0x41 0x0 0x0 0xc0 0x0 0x0 0x0 0xe0 0x41 0x0 0x0 0x80 0x0 0x0 0x0 0xe0 0x41 0x0 0x0 0x40 0x0 0x0 0x0 0xe0 0x41 0x0 0x0 0x0 0x0 0x0 0x0 0x0 0x40 0x0 0x0 0x0 0x0 0x0 0x0 0x10 0x40 0x0 0x0 0x0 0x0 0x0 0x0 0x18 0x40 0x0 0x0 0x0 0x0 0x0 0x0 0x20 0x40 
 370000[    185]: system.cpu T1 : 0x1e19(13)    : (memo:mpustop   ) MSEQ.Stop : SimdFloatAlu : 
 374000[    187]: system.cpu T0 : 0xf8    : callmimmb  _FALUTest7      : IntAlu : 
 383000[    191]: system.cpu T1 : 0x1e45(0)    : (memo:mr0       ) R0.M[0]->FALU.T0(I0) : IntAlu :  D=0x8 0x0 0x0 0x80 0x7 0x0 0x0 0x80 0x6 0x0 0x0 0x80 0x5 0x0 0x0 0x80 0x4 0x0 0x0 0x80 0x3 0x0 0x0 0x80 0x2 0x0 0x0 0x80 0x1 0x0 0x0 0x80 0x2 0x0 0x0 0x0 0x3 0x0 0x0 0x0 0x4 0x0 0x0 0x0 0x5 0x0 0x0 0x0 0x6 0x0 0x0 0x0 0x7 0x0 0x0 0x0 0x8 0x0 0x0 0x0 0x9 0x0 0x0 0x0 
 389000[    194]: system.cpu T1 : 0x1ed8(8)    : (memo:falucvtw2d) FALU.Double T0->BIU0 : SimdMisc :  D=0x0 0x0 0x0 0xfe 0xff 0xff 0xdf 0xc1 0x0 0x0 0x80 0xfe 0xff 0xff 0xdf 0xc1 0x0 0x0 0x0 0xff 0xff 0xff 0xdf 0xc1 0x0 0x0 0x80 0xff 0xff 0xff 0xdf 0xc1 0x0 0x0 0x0 0x0 0x0 0x0 0x0 0x40 0x0 0x0 0x0 0x0 0x0 0x0 0x10 0x40 0x0 0x0 0x0 0x0 0x0 0x0 0x18 0x40 0x0 0x0 0x0 0x0 0x0 0x0 0x20 0x40 
 389000[    194]: system.cpu T1 : 0x1f22(6)    : (memo:ialuequal2c) IALU.T0==T0->Cond : FloatMult :  D=0x0000000000000001
 390000[    195]: system.cpu T1 : 0x1f01(8)    : (memo:falucvtw2d) FALU.Double T0(U)->BIU0 : SimdMisc :  D=0x0 0x0 0x0 0x1 0x0 0x0 0xe0 0x41 0x0 0x0 0xc0 0x0 0x0 0x0 0xe0 0x41 0x0 0x0 0x80 0x0 0x0 0x0 0xe0 0x41 0x0 0x0 0x40 0x0 0x0 0x0 0xe0 0x41 0x0 0x0 0x0 0x0 0x0 0x0 0x0 0x40 0x0 0x0 0x0 0x0 0x0 0x0 0x10 0x40 0x0 0x0 0x0 0x0 0x0 0x0 0x18 0x40 0x0 0x0 0x0 0x0 0x0 0x0 0x20 0x40 
 396000[    198]: system.cpu T1 : 0x1ff7(8)    : (memo:falucvtw2d) FALU.Double T0->BIU0 : SimdMisc :  D=0x0 0x0 0x0 0xfe 0xff 0xff 0xdf 0xc1 0x0 0x0 0x80 0xfe 0xff 0xff 0xdf 0xc1 0x0 0x0 0x0 0xff 0xff 0xff 0xdf 0xc1 0x0 0x0 0x80 0xff 0xff 0xff 0xdf 0xc1 0x0 0x0 0x0 0x0 0x0 0x0 0x0 0x40 0x0 0x0 0x0 0x0 0x0 0x0 0x10 0x40 0x0 0x0 0x0 0x0 0x0 0x0 0x18 0x40 0x0 0x0 0x0 0x0 0x0 0x0 0x20 0x40 
 396000[    198]: system.cpu T1 : 0x2041(6)    : (memo:ialuneq2c ) IALU.T0!=T0->Cond : FloatMult :  D=0x0000000000000000
 403000[    201]: system.cpu T1 : 0x2116(8)    : (memo:falucvtw2d) FALU.Double T0(U)->BIU0 : SimdMisc :  D=0x0 0x0 0x0 0x1 0x0 0x0 0xe0 0x41 0x0 0x0 0xc0 0x0 0x0 0x0 0xe0 0x41 0x0 0x0 0x80 0x0 0x0 0x0 0xe0 0x41 0x0 0x0 0x40 0x0 0x0 0x0 0xe0 0x41 0x0 0x0 0x0 0x0 0x0 0x0 0x0 0x40 0x0 0x0 0x0 0x0 0x0 0x0 0x10 0x40 0x0 0x0 0x0 0x0 0x0 0x0 0x18 0x40 0x0 0x0 0x0 0x0 0x0 0x0 0x20 0x40 
 406000[    203]: system.cpu T1 : 0x22be(13)    : (memo:mpustop   ) MSEQ.Stop : SimdFloatAlu : 
 410000[    205]: system.cpu T0 : 0x104    : callmimmb  _FALUTest8      : IntAlu : 
 419000[    209]: system.cpu T1 : 0x22ea(0)    : (memo:mr0       ) R0.M[0]->FALU.T0(I0) : IntAlu :  D=0x8 0x0 0x0 0x80 0x7 0x0 0x0 0x80 0x6 0x0 0x0 0x80 0x5 0x0 0x0 0x80 0x4 0x0 0x0 0x80 0x3 0x0 0x0 0x80 0x2 0x0 0x0 0x80 0x1 0x0 0x0 0x80 0x2 0x0 0x0 0x0 0x3 0x0 0x0 0x0 0x4 0x0 0x0 0x0 0x5 0x0 0x0 0x0 0x6 0x0 0x0 0x0 0x7 0x0 0x0 0x0 0x8 0x0 0x0 0x0 0x9 0x0 0x0 0x0 
 425000[    212]: system.cpu T1 : 0x237d(8)    : (memo:falucvtw2d) FALU.Double T0->BIU1 : SimdMisc :  D=0x0 0x0 0x0 0xfe 0xff 0xff 0xdf 0xc1 0x0 0x0 0x80 0xfe 0xff 0xff 0xdf 0xc1 0x0 0x0 0x0 0xff 0xff 0xff 0xdf 0xc1 0x0 0x0 0x80 0xff 0xff 0xff 0xdf 0xc1 0x0 0x0 0x0 0x0 0x0 0x0 0x0 0x40 0x0 0x0 0x0 0x0 0x0 0x0 0x10 0x40 0x0 0x0 0x0 0x0 0x0 0x0 0x18 0x40 0x0 0x0 0x0 0x0 0x0 0x0 0x20 0x40 
 425000[    212]: system.cpu T1 : 0x23c7(6)    : (memo:ialuequal2c) IALU.T0==T0->Cond : FloatMult :  D=0x0000000000000001
 426000[    213]: system.cpu T1 : 0x23a6(8)    : (memo:falucvtw2d) FALU.Double T0(U)->BIU1 : SimdMisc :  D=0x0 0x0 0x0 0x1 0x0 0x0 0xe0 0x41 0x0 0x0 0xc0 0x0 0x0 0x0 0xe0 0x41 0x0 0x0 0x80 0x0 0x0 0x0 0xe0 0x41 0x0 0x0 0x40 0x0 0x0 0x0 0xe0 0x41 0x0 0x0 0x0 0x0 0x0 0x0 0x0 0x40 0x0 0x0 0x0 0x0 0x0 0x0 0x10 0x40 0x0 0x0 0x0 0x0 0x0 0x0 0x18 0x40 0x0 0x0 0x0 0x0 0x0 0x0 0x20 0x40 
 432000[    216]: system.cpu T1 : 0x249c(8)    : (memo:falucvtw2d) FALU.Double T0->BIU1 : SimdMisc :  D=0x0 0x0 0x0 0xfe 0xff 0xff 0xdf 0xc1 0x0 0x0 0x80 0xfe 0xff 0xff 0xdf 0xc1 0x0 0x0 0x0 0xff 0xff 0xff 0xdf 0xc1 0x0 0x0 0x80 0xff 0xff 0xff 0xdf 0xc1 0x0 0x0 0x0 0x0 0x0 0x0 0x0 0x40 0x0 0x0 0x0 0x0 0x0 0x0 0x10 0x40 0x0 0x0 0x0 0x0 0x0 0x0 0x18 0x40 0x0 0x0 0x0 0x0 0x0 0x0 0x20 0x40 
 432000[    216]: system.cpu T1 : 0x24e6(6)    : (memo:ialuneq2c ) IALU.T0!=T0->Cond : FloatMult :  D=0x0000000000000000
 439000[    219]: system.cpu T1 : 0x25bb(8)    : (memo:falucvtw2d) FALU.Double T0(U)->BIU1 : SimdMisc :  D=0x0 0x0 0x0 0x1 0x0 0x0 0xe0 0x41 0x0 0x0 0xc0 0x0 0x0 0x0 0xe0 0x41 0x0 0x0 0x80 0x0 0x0 0x0 0xe0 0x41 0x0 0x0 0x40 0x0 0x0 0x0 0xe0 0x41 0x0 0x0 0x0 0x0 0x0 0x0 0x0 0x40 0x0 0x0 0x0 0x0 0x0 0x0 0x10 0x40 0x0 0x0 0x0 0x0 0x0 0x0 0x18 0x40 0x0 0x0 0x0 0x0 0x0 0x0 0x20 0x40 
 442000[    221]: system.cpu T1 : 0x2763(13)    : (memo:mpustop   ) MSEQ.Stop : SimdFloatAlu : 
 446000[    223]: system.cpu T0 : 0x110    : callmimmb  _FALUTest9      : IntAlu : 
 455000[    227]: system.cpu T1 : 0x278f(0)    : (memo:mr0       ) R0.M[0]->FALU.T0(I0) : IntAlu :  D=0x8 0x0 0x0 0x80 0x7 0x0 0x0 0x80 0x6 0x0 0x0 0x80 0x5 0x0 0x0 0x80 0x4 0x0 0x0 0x80 0x3 0x0 0x0 0x80 0x2 0x0 0x0 0x80 0x1 0x0 0x0 0x80 0x2 0x0 0x0 0x0 0x3 0x0 0x0 0x0 0x4 0x0 0x0 0x0 0x5 0x0 0x0 0x0 0x6 0x0 0x0 0x0 0x7 0x0 0x0 0x0 0x8 0x0 0x0 0x0 0x9 0x0 0x0 0x0 
 461000[    230]: system.cpu T1 : 0x2822(8)    : (memo:falucvtw2d) FALU.Double T0->BIU2 : SimdMisc :  D=0x0 0x0 0x0 0xfe 0xff 0xff 0xdf 0xc1 0x0 0x0 0x80 0xfe 0xff 0xff 0xdf 0xc1 0x0 0x0 0x0 0xff 0xff 0xff 0xdf 0xc1 0x0 0x0 0x80 0xff 0xff 0xff 0xdf 0xc1 0x0 0x0 0x0 0x0 0x0 0x0 0x0 0x40 0x0 0x0 0x0 0x0 0x0 0x0 0x10 0x40 0x0 0x0 0x0 0x0 0x0 0x0 0x18 0x40 0x0 0x0 0x0 0x0 0x0 0x0 0x20 0x40 
 461000[    230]: system.cpu T1 : 0x286c(6)    : (memo:ialuequal2c) IALU.T0==T0->Cond : FloatMult :  D=0x0000000000000001
 462000[    231]: system.cpu T1 : 0x284b(8)    : (memo:falucvtw2d) FALU.Double T0(U)->BIU2 : SimdMisc :  D=0x0 0x0 0x0 0x1 0x0 0x0 0xe0 0x41 0x0 0x0 0xc0 0x0 0x0 0x0 0xe0 0x41 0x0 0x0 0x80 0x0 0x0 0x0 0xe0 0x41 0x0 0x0 0x40 0x0 0x0 0x0 0xe0 0x41 0x0 0x0 0x0 0x0 0x0 0x0 0x0 0x40 0x0 0x0 0x0 0x0 0x0 0x0 0x10 0x40 0x0 0x0 0x0 0x0 0x0 0x0 0x18 0x40 0x0 0x0 0x0 0x0 0x0 0x0 0x20 0x40 
 468000[    234]: system.cpu T1 : 0x2941(8)    : (memo:falucvtw2d) FALU.Double T0->BIU2 : SimdMisc :  D=0x0 0x0 0x0 0xfe 0xff 0xff 0xdf 0xc1 0x0 0x0 0x80 0xfe 0xff 0xff 0xdf 0xc1 0x0 0x0 0x0 0xff 0xff 0xff 0xdf 0xc1 0x0 0x0 0x80 0xff 0xff 0xff 0xdf 0xc1 0x0 0x0 0x0 0x0 0x0 0x0 0x0 0x40 0x0 0x0 0x0 0x0 0x0 0x0 0x10 0x40 0x0 0x0 0x0 0x0 0x0 0x0 0x18 0x40 0x0 0x0 0x0 0x0 0x0 0x0 0x20 0x40 
 468000[    234]: system.cpu T1 : 0x298b(6)    : (memo:ialuneq2c ) IALU.T0!=T0->Cond : FloatMult :  D=0x0000000000000000
 475000[    237]: system.cpu T1 : 0x2a60(8)    : (memo:falucvtw2d) FALU.Double T0(U)->BIU2 : SimdMisc :  D=0x0 0x0 0x0 0x1 0x0 0x0 0xe0 0x41 0x0 0x0 0xc0 0x0 0x0 0x0 0xe0 0x41 0x0 0x0 0x80 0x0 0x0 0x0 0xe0 0x41 0x0 0x0 0x40 0x0 0x0 0x0 0xe0 0x41 0x0 0x0 0x0 0x0 0x0 0x0 0x0 0x40 0x0 0x0 0x0 0x0 0x0 0x0 0x10 0x40 0x0 0x0 0x0 0x0 0x0 0x0 0x18 0x40 0x0 0x0 0x0 0x0 0x0 0x0 0x20 0x40 
 478000[    239]: system.cpu T1 : 0x2c08(13)    : (memo:mpustop   ) MSEQ.Stop : SimdFloatAlu : 
 482000[    241]: system.cpu T0 : 0x11c    : callmimmb  _FALUTest10     : IntAlu : 
 491000[    245]: system.cpu T1 : 0x2c34(0)    : (memo:mr0       ) R0.M[0]->FALU.T0(I0) : IntAlu :  D=0x8 0x0 0x0 0x80 0x7 0x0 0x0 0x80 0x6 0x0 0x0 0x80 0x5 0x0 0x0 0x80 0x4 0x0 0x0 0x80 0x3 0x0 0x0 0x80 0x2 0x0 0x0 0x80 0x1 0x0 0x0 0x80 0x2 0x0 0x0 0x0 0x3 0x0 0x0 0x0 0x4 0x0 0x0 0x0 0x5 0x0 0x0 0x0 0x6 0x0 0x0 0x0 0x7 0x0 0x0 0x0 0x8 0x0 0x0 0x0 0x9 0x0 0x0 0x0 
 497000[    248]: system.cpu T1 : 0x2d11(6)    : (memo:ialuequal2c) IALU.T0==T0->Cond : FloatMult :  D=0x0000000000000001
 498000[    249]: system.cpu T1 : 0x2cc7(8)    : (memo:falucvtw2d) FALU.Double T0->M[10] : SimdMisc :  D=0x0 0x0 0x0 0xfe 0xff 0xff 0xdf 0xc1 0x0 0x0 0x80 0xfe 0xff 0xff 0xdf 0xc1 0x0 0x0 0x0 0xff 0xff 0xff 0xdf 0xc1 0x0 0x0 0x80 0xff 0xff 0xff 0xdf 0xc1 0x0 0x0 0x0 0x0 0x0 0x0 0x0 0x40 0x0 0x0 0x0 0x0 0x0 0x0 0x10 0x40 0x0 0x0 0x0 0x0 0x0 0x0 0x18 0x40 0x0 0x0 0x0 0x0 0x0 0x0 0x20 0x40 
 499000[    249]: system.cpu T1 : 0x2cf0(8)    : (memo:falucvtw2d) FALU.Double T0(U)->M[10] : SimdMisc :  D=0x0 0x0 0x0 0x1 0x0 0x0 0xe0 0x41 0x0 0x0 0xc0 0x0 0x0 0x0 0xe0 0x41 0x0 0x0 0x80 0x0 0x0 0x0 0xe0 0x41 0x0 0x0 0x40 0x0 0x0 0x0 0xe0 0x41 0x0 0x0 0x0 0x0 0x0 0x0 0x0 0x40 0x0 0x0 0x0 0x0 0x0 0x0 0x10 0x40 0x0 0x0 0x0 0x0 0x0 0x0 0x18 0x40 0x0 0x0 0x0 0x0 0x0 0x0 0x20 0x40 
 504000[    252]: system.cpu T1 : 0x2e30(6)    : (memo:ialuneq2c ) IALU.T0!=T0->Cond : FloatMult :  D=0x0000000000000000
 505000[    252]: system.cpu T1 : 0x2de6(8)    : (memo:falucvtw2d) FALU.Double T0->M[10] : SimdMisc :  D=0x0 0x0 0x0 0xfe 0xff 0xff 0xdf 0xc1 0x0 0x0 0x80 0xfe 0xff 0xff 0xdf 0xc1 0x0 0x0 0x0 0xff 0xff 0xff 0xdf 0xc1 0x0 0x0 0x80 0xff 0xff 0xff 0xdf 0xc1 0x0 0x0 0x0 0x0 0x0 0x0 0x0 0x40 0x0 0x0 0x0 0x0 0x0 0x0 0x10 0x40 0x0 0x0 0x0 0x0 0x0 0x0 0x18 0x40 0x0 0x0 0x0 0x0 0x0 0x0 0x20 0x40 
 512000[    256]: system.cpu T1 : 0x2f05(8)    : (memo:falucvtw2d) FALU.Double T0(U)->M[10] : SimdMisc :  D=0x0 0x0 0x0 0x1 0x0 0x0 0xe0 0x41 0x0 0x0 0xc0 0x0 0x0 0x0 0xe0 0x41 0x0 0x0 0x80 0x0 0x0 0x0 0xe0 0x41 0x0 0x0 0x40 0x0 0x0 0x0 0xe0 0x41 0x0 0x0 0x0 0x0 0x0 0x0 0x0 0x40 0x0 0x0 0x0 0x0 0x0 0x0 0x10 0x40 0x0 0x0 0x0 0x0 0x0 0x0 0x18 0x40 0x0 0x0 0x0 0x0 0x0 0x0 0x20 0x40 
 514000[    257]: system.cpu T1 : 0x30ad(13)    : (memo:mpustop   ) MSEQ.Stop : SimdFloatAlu : 
 524000[    262]: system.cpu T0 : 0x134    : spustop                    : IntAlu : 
