  16000[      8]: system.cpu T0 : 0x4    : immtransr  r1, 458759      : IntAlu :  D=0x0000000000070007
  18000[      9]: system.cpu T0 : 0xc    : immtransr  r2, 131074      : IntAlu :  D=0x0000000000020002
  20000[     10]: system.cpu T0 : 0x14    : r2shu0w    shu0.t1, r1     : IntAlu :  D=0x7 0x0 0x7 0x0 0x7 0x0 0x7 0x0 0x7 0x0 0x7 0x0 0x7 0x0 0x7 0x0 0x7 0x0 0x7 0x0 0x7 0x0 0x7 0x0 0x7 0x0 0x7 0x0 0x7 0x0 0x7 0x0 0x7 0x0 0x7 0x0 0x7 0x0 0x7 0x0 0x7 0x0 0x7 0x0 0x7 0x0 0x7 0x0 0x7 0x0 0x7 0x0 0x7 0x0 0x7 0x0 0x7 0x0 0x7 0x0 0x7 0x0 0x7 0x0 
  22000[     11]: system.cpu T0 : 0x18    : r2shu0w    shu0.t2, r2     : IntAlu :  D=0x2 0x0 0x2 0x0 0x2 0x0 0x2 0x0 0x2 0x0 0x2 0x0 0x2 0x0 0x2 0x0 0x2 0x0 0x2 0x0 0x2 0x0 0x2 0x0 0x2 0x0 0x2 0x0 0x2 0x0 0x2 0x0 0x2 0x0 0x2 0x0 0x2 0x0 0x2 0x0 0x2 0x0 0x2 0x0 0x2 0x0 0x2 0x0 0x2 0x0 0x2 0x0 0x2 0x0 0x2 0x0 0x2 0x0 0x2 0x0 0x2 0x0 0x2 0x0 
  26000[     13]: system.cpu T0 : 0x1c    : immtransr  r1, 50462976    : IntAlu :  D=0x0000000003020100
  28000[     14]: system.cpu T0 : 0x24    : immtransr  r2, 117835012   : IntAlu :  D=0x0000000007060504
  30000[     15]: system.cpu T0 : 0x2c    : immtransr  r3, 185207048   : IntAlu :  D=0x000000000b0a0908
  32000[     16]: system.cpu T0 : 0x34    : immtransr  r4, 252579084   : IntAlu :  D=0x000000000f0e0d0c
  34000[     17]: system.cpu T0 : 0x3c    : immtransr  r5, 319951120   : IntAlu :  D=0x0000000013121110
  36000[     18]: system.cpu T0 : 0x44    : immtransr  r6, 387323156   : IntAlu :  D=0x0000000017161514
  38000[     19]: system.cpu T0 : 0x4c    : immtransr  r7, 454695192   : IntAlu :  D=0x000000001b1a1918
  40000[     20]: system.cpu T0 : 0x54    : immtransr  r8, 522067228   : IntAlu :  D=0x000000001f1e1d1c
  42000[     21]: system.cpu T0 : 0x5c    : immtransr  r9, 589439264   : IntAlu :  D=0x0000000023222120
  44000[     22]: system.cpu T0 : 0x64    : immtransr  r10, 656811300  : IntAlu :  D=0x0000000027262524
  46000[     23]: system.cpu T0 : 0x6c    : immtransr  r11, 724183336  : IntAlu :  D=0x000000002b2a2928
  48000[     24]: system.cpu T0 : 0x74    : immtransr  r12, 791555372  : IntAlu :  D=0x000000002f2e2d2c
  50000[     25]: system.cpu T0 : 0x7c    : immtransr  r13, 858927408  : IntAlu :  D=0x0000000033323130
  52000[     26]: system.cpu T0 : 0x84    : immtransr  r14, 926299444  : IntAlu :  D=0x0000000037363534
  54000[     27]: system.cpu T0 : 0x8c    : immtransr  r15, 993671480  : IntAlu :  D=0x000000003b3a3938
  56000[     28]: system.cpu T0 : 0x94    : immtransr  r16, 1061043516 : IntAlu :  D=0x000000003f3e3d3c
  58000[     29]: system.cpu T0 : 0x9c    : immtransj  j0, 4194304     : IntAlu :  D=0x0000000000400000
  60000[     30]: system.cpu T0 : 0xa4    : immtransj  j1, 4           : IntAlu :  D=0x0000000000000004
  62000[     31]: system.cpu T0 : 0xa8    : immtransj  j2, 4194304     : IntAlu :  D=0x0000000000400000
  64000[     32]: system.cpu T0 : 0xb0    : immtransj  j3, 4           : IntAlu :  D=0x0000000000000004
  72000[     36]: system.cpu T0 : 0xb4    : swrpost    r1, j1(j0)      : MemWrite :  D=0x0000000003020100 A=0x400000
  78000[     39]: system.cpu T0 : 0xb8    : swrpost    r2, j1(j0)      : MemWrite :  D=0x0000000007060504 A=0x400004
  84000[     42]: system.cpu T0 : 0xbc    : swrpost    r3, j1(j0)      : MemWrite :  D=0x000000000b0a0908 A=0x400008
  90000[     45]: system.cpu T0 : 0xc0    : swrpost    r4, j1(j0)      : MemWrite :  D=0x000000000f0e0d0c A=0x40000c
  96000[     48]: system.cpu T0 : 0xc4    : swrpost    r5, j1(j0)      : MemWrite :  D=0x0000000013121110 A=0x400010
 102000[     51]: system.cpu T0 : 0xc8    : swrpost    r6, j1(j0)      : MemWrite :  D=0x0000000017161514 A=0x400014
 108000[     54]: system.cpu T0 : 0xcc    : swrpost    r7, j1(j0)      : MemWrite :  D=0x000000001b1a1918 A=0x400018
 114000[     57]: system.cpu T0 : 0xd0    : swrpost    r8, j1(j0)      : MemWrite :  D=0x000000001f1e1d1c A=0x40001c
 120000[     60]: system.cpu T0 : 0xd4    : swrpost    r9, j1(j0)      : MemWrite :  D=0x0000000023222120 A=0x400020
 126000[     63]: system.cpu T0 : 0xd8    : swrpost    r10, j1(j0)     : MemWrite :  D=0x0000000027262524 A=0x400024
 132000[     66]: system.cpu T0 : 0xdc    : swrpost    r11, j1(j0)     : MemWrite :  D=0x000000002b2a2928 A=0x400028
 138000[     69]: system.cpu T0 : 0xe0    : swrpost    r12, j1(j0)     : MemWrite :  D=0x000000002f2e2d2c A=0x40002c
 144000[     72]: system.cpu T0 : 0xe4    : swrpost    r13, j1(j0)     : MemWrite :  D=0x0000000033323130 A=0x400030
 150000[     75]: system.cpu T0 : 0xe8    : swrpost    r14, j1(j0)     : MemWrite :  D=0x0000000037363534 A=0x400034
 156000[     78]: system.cpu T0 : 0xec    : swrpost    r15, j1(j0)     : MemWrite :  D=0x000000003b3a3938 A=0x400038
 162000[     81]: system.cpu T0 : 0xf0    : swrpost    r16, j1(j0)     : MemWrite :  D=0x000000003f3e3d3c A=0x40003c
 166000[     83]: system.cpu T0 : 0xf4    : lsvr       svr1, j3(j2)    : MemRead :  D=0x0 0x1 0x2 0x3 0x4 0x5 0x6 0x7 0x8 0x9 0xa 0xb 0xc 0xd 0xe 0xf 0x10 0x11 0x12 0x13 0x14 0x15 0x16 0x17 0x18 0x19 0x1a 0x1b 0x1c 0x1d 0x1e 0x1f 0x20 0x21 0x22 0x23 0x24 0x25 0x26 0x27 0x28 0x29 0x2a 0x2b 0x2c 0x2d 0x2e 0x2f 0x30 0x31 0x32 0x33 0x34 0x35 0x36 0x37 0x38 0x39 0x3a 0x3b 0x3c 0x3d 0x3e 0x3f  A=0x400000
 170000[     85]: system.cpu T0 : 0xf8    : svr2shu0   shu0.t3, svr1   : IntAlu :  D=0x0 0x1 0x2 0x3 0x4 0x5 0x6 0x7 0x8 0x9 0xa 0xb 0xc 0xd 0xe 0xf 0x10 0x11 0x12 0x13 0x14 0x15 0x16 0x17 0x18 0x19 0x1a 0x1b 0x1c 0x1d 0x1e 0x1f 0x20 0x21 0x22 0x23 0x24 0x25 0x26 0x27 0x28 0x29 0x2a 0x2b 0x2c 0x2d 0x2e 0x2f 0x30 0x31 0x32 0x33 0x34 0x35 0x36 0x37 0x38 0x39 0x3a 0x3b 0x3c 0x3d 0x3e 0x3f 
 170000[     85]: system.cpu T0 : 0xfc    : callmimmb  IALUTest        : IntAlu : 
 183000[     91]: system.cpu T1 : 0xd6(4)    : (memo:shu0idx   ) SHU0.T1 IND T3->IALU.T1(I0) : IntAlu :  D=0x7 0x0 0x7 0x0 0x7 0x0 0x7 0x0 0x7 0x0 0x7 0x0 0x7 0x0 0x7 0x0 0x7 0x0 0x7 0x0 0x7 0x0 0x7 0x0 0x7 0x0 0x7 0x0 0x7 0x0 0x7 0x0 0x7 0x0 0x7 0x0 0x7 0x0 0x7 0x0 0x7 0x0 0x7 0x0 0x7 0x0 0x7 0x0 0x7 0x0 0x7 0x0 0x7 0x0 0x7 0x0 0x7 0x0 0x7 0x0 0x7 0x0 0x7 0x0 
 184000[     92]: system.cpu T1 : 0xff(4)    : (memo:shu0idx   ) SHU0.T2 IND T3->IALU.T2(I0) : IntAlu :  D=0x2 0x0 0x2 0x0 0x2 0x0 0x2 0x0 0x2 0x0 0x2 0x0 0x2 0x0 0x2 0x0 0x2 0x0 0x2 0x0 0x2 0x0 0x2 0x0 0x2 0x0 0x2 0x0 0x2 0x0 0x2 0x0 0x2 0x0 0x2 0x0 0x2 0x0 0x2 0x0 0x2 0x0 0x2 0x0 0x2 0x0 0x2 0x0 0x2 0x0 0x2 0x0 0x2 0x0 0x2 0x0 0x2 0x0 0x2 0x0 0x2 0x0 0x2 0x0 
 186000[     93]: system.cpu T1 : 0x181(6)    : (memo:ialudivs  ) IALU.T1 DivS T2->DivR : IntMult :  D=0x0 0x0 0x0 0x0 0x0 0x0 0x0 0x0 0x0 0x0 0x0 0x0 0x0 0x0 0x0 0x0 0x0 0x0 0x0 0x0 0x0 0x0 0x0 0x0 0x0 0x0 0x0 0x0 0x0 0x0 0x0 0x0 0x0 0x0 0x0 0x0 0x0 0x0 0x0 0x0 0x0 0x0 0x0 0x0 0x0 0x0 0x0 0x0 0x0 0x0 0x0 0x0 0x0 0x0 0x0 0x0 0x0 0x0 0x0 0x0 0x0 0x0 0x0 0x0 
 187000[     93]: system.cpu T1 : 0x1aa(6)    : (memo:ialudivq  ) IALU.DIVQ : IntMult :  D=0x1 0x0 0x0 0x0 0x0 0x0 0x0 0x0 0x0 0x0 0x0 0x0 0x0 0x0 0x0 0x0 0x0 0x0 0x0 0x0 0x0 0x0 0x0 0x0 0x0 0x0 0x0 0x0 0x0 0x0 0x0 0x0 0x0 0x0 0x0 0x0 0x0 0x0 0x0 0x0 0x0 0x0 0x0 0x0 0x0 0x0 0x0 0x0 0x0 0x0 0x0 0x0 0x0 0x0 0x0 0x0 0x0 0x0 0x0 0x0 0x0 0x0 0x0 0x0 
 188000[     94]: system.cpu T1 : 0x1d3(6)    : (memo:ialudivq  ) IALU.DIVQ : IntMult :  D=0x2 0x0 0x0 0x0 0x0 0x0 0x0 0x0 0x0 0x0 0x0 0x0 0x0 0x0 0x0 0x0 0x0 0x0 0x0 0x0 0x0 0x0 0x0 0x0 0x0 0x0 0x0 0x0 0x0 0x0 0x0 0x0 0x0 0x0 0x0 0x0 0x0 0x0 0x0 0x0 0x0 0x0 0x0 0x0 0x0 0x0 0x0 0x0 0x0 0x0 0x0 0x0 0x0 0x0 0x0 0x0 0x0 0x0 0x0 0x0 0x0 0x0 0x0 0x0 
 189000[     94]: system.cpu T1 : 0x1fc(6)    : (memo:ialudivq  ) IALU.DIVQ : IntMult :  D=0x3 0x0 0x0 0x0 0x0 0x0 0x0 0x0 0x0 0x0 0x0 0x0 0x0 0x0 0x0 0x0 0x0 0x0 0x0 0x0 0x0 0x0 0x0 0x0 0x0 0x0 0x0 0x0 0x0 0x0 0x0 0x0 0x0 0x0 0x0 0x0 0x0 0x0 0x0 0x0 0x0 0x0 0x0 0x0 0x0 0x0 0x0 0x0 0x0 0x0 0x0 0x0 0x0 0x0 0x0 0x0 0x0 0x0 0x0 0x0 0x0 0x0 0x0 0x0 
 190000[     95]: system.cpu T1 : 0x225(6)    : (memo:ialudivq  ) IALU.DIVQ : IntMult :  D=0x4 0x0 0x0 0x0 0x0 0x0 0x0 0x0 0x0 0x0 0x0 0x0 0x0 0x0 0x0 0x0 0x0 0x0 0x0 0x0 0x0 0x0 0x0 0x0 0x0 0x0 0x0 0x0 0x0 0x0 0x0 0x0 0x0 0x0 0x0 0x0 0x0 0x0 0x0 0x0 0x0 0x0 0x0 0x0 0x0 0x0 0x0 0x0 0x0 0x0 0x0 0x0 0x0 0x0 0x0 0x0 0x0 0x0 0x0 0x0 0x0 0x0 0x0 0x0 
 191000[     95]: system.cpu T1 : 0x24e(6)    : (memo:ialudivq  ) IALU.DIVQ : IntMult :  D=0x5 0x0 0x0 0x0 0x0 0x0 0x0 0x0 0x0 0x0 0x0 0x0 0x0 0x0 0x0 0x0 0x0 0x0 0x0 0x0 0x0 0x0 0x0 0x0 0x0 0x0 0x0 0x0 0x0 0x0 0x0 0x0 0x0 0x0 0x0 0x0 0x0 0x0 0x0 0x0 0x0 0x0 0x0 0x0 0x0 0x0 0x0 0x0 0x0 0x0 0x0 0x0 0x0 0x0 0x0 0x0 0x0 0x0 0x0 0x0 0x0 0x0 0x0 0x0 
 192000[     96]: system.cpu T1 : 0x277(6)    : (memo:ialudivq  ) IALU.DIVQ : IntMult :  D=0x6 0x0 0x0 0x0 0x0 0x0 0x0 0x0 0x0 0x0 0x0 0x0 0x0 0x0 0x0 0x0 0x0 0x0 0x0 0x0 0x0 0x0 0x0 0x0 0x0 0x0 0x0 0x0 0x0 0x0 0x0 0x0 0x0 0x0 0x0 0x0 0x0 0x0 0x0 0x0 0x0 0x0 0x0 0x0 0x0 0x0 0x0 0x0 0x0 0x0 0x0 0x0 0x0 0x0 0x0 0x0 0x0 0x0 0x0 0x0 0x0 0x0 0x0 0x0 
 193000[     96]: system.cpu T1 : 0x2a0(6)    : (memo:ialudivq  ) IALU.DIVQ : IntMult :  D=0x7 0x0 0x0 0x0 0x0 0x0 0x0 0x0 0x0 0x0 0x0 0x0 0x0 0x0 0x0 0x0 0x0 0x0 0x0 0x0 0x0 0x0 0x0 0x0 0x0 0x0 0x0 0x0 0x0 0x0 0x0 0x0 0x0 0x0 0x0 0x0 0x0 0x0 0x0 0x0 0x0 0x0 0x0 0x0 0x0 0x0 0x0 0x0 0x0 0x0 0x0 0x0 0x0 0x0 0x0 0x0 0x0 0x0 0x0 0x0 0x0 0x0 0x0 0x0 
 194000[     97]: system.cpu T1 : 0x2c9(6)    : (memo:ialudivq  ) IALU.DIVQ : IntMult :  D=0x8 0x0 0x0 0x0 0x0 0x0 0x0 0x0 0x0 0x0 0x0 0x0 0x0 0x0 0x0 0x0 0x0 0x0 0x0 0x0 0x0 0x0 0x0 0x0 0x0 0x0 0x0 0x0 0x0 0x0 0x0 0x0 0x0 0x0 0x0 0x0 0x0 0x0 0x0 0x0 0x0 0x0 0x0 0x0 0x0 0x0 0x0 0x0 0x0 0x0 0x0 0x0 0x0 0x0 0x0 0x0 0x0 0x0 0x0 0x0 0x0 0x0 0x0 0x0 
 195000[     97]: system.cpu T1 : 0x2f2(6)    : (memo:ialudivq  ) IALU.DIVQ : IntMult :  D=0x9 0x0 0x0 0x0 0x0 0x0 0x0 0x0 0x0 0x0 0x0 0x0 0x0 0x0 0x0 0x0 0x0 0x0 0x0 0x0 0x0 0x0 0x0 0x0 0x0 0x0 0x0 0x0 0x0 0x0 0x0 0x0 0x0 0x0 0x0 0x0 0x0 0x0 0x0 0x0 0x0 0x0 0x0 0x0 0x0 0x0 0x0 0x0 0x0 0x0 0x0 0x0 0x0 0x0 0x0 0x0 0x0 0x0 0x0 0x0 0x0 0x0 0x0 0x0 
 196000[     98]: system.cpu T1 : 0x31b(6)    : (memo:ialudivq  ) IALU.DIVQ : IntMult :  D=0xa 0x0 0x0 0x0 0x0 0x0 0x0 0x0 0x0 0x0 0x0 0x0 0x0 0x0 0x0 0x0 0x0 0x0 0x0 0x0 0x0 0x0 0x0 0x0 0x0 0x0 0x0 0x0 0x0 0x0 0x0 0x0 0x0 0x0 0x0 0x0 0x0 0x0 0x0 0x0 0x0 0x0 0x0 0x0 0x0 0x0 0x0 0x0 0x0 0x0 0x0 0x0 0x0 0x0 0x0 0x0 0x0 0x0 0x0 0x0 0x0 0x0 0x0 0x0 
 197000[     98]: system.cpu T1 : 0x344(6)    : (memo:ialudivq  ) IALU.DIVQ : IntMult :  D=0xb 0x0 0x0 0x0 0x0 0x0 0x0 0x0 0x0 0x0 0x0 0x0 0x0 0x0 0x0 0x0 0x0 0x0 0x0 0x0 0x0 0x0 0x0 0x0 0x0 0x0 0x0 0x0 0x0 0x0 0x0 0x0 0x0 0x0 0x0 0x0 0x0 0x0 0x0 0x0 0x0 0x0 0x0 0x0 0x0 0x0 0x0 0x0 0x0 0x0 0x0 0x0 0x0 0x0 0x0 0x0 0x0 0x0 0x0 0x0 0x0 0x0 0x0 0x0 
 198000[     99]: system.cpu T1 : 0x36d(6)    : (memo:ialudivq  ) IALU.DIVQ : IntMult :  D=0xc 0x0 0x0 0x0 0x0 0x0 0x0 0x0 0x0 0x0 0x0 0x0 0x0 0x0 0x0 0x0 0x0 0x0 0x0 0x0 0x0 0x0 0x0 0x0 0x0 0x0 0x0 0x0 0x0 0x0 0x0 0x0 0x0 0x0 0x0 0x0 0x0 0x0 0x0 0x0 0x0 0x0 0x0 0x0 0x0 0x0 0x0 0x0 0x0 0x0 0x0 0x0 0x0 0x0 0x0 0x0 0x0 0x0 0x0 0x0 0x0 0x0 0x0 0x0 
 199000[     99]: system.cpu T1 : 0x396(6)    : (memo:ialudivq  ) IALU.DIVQ : IntMult :  D=0xd 0x0 0x0 0x0 0x0 0x0 0x0 0x0 0x0 0x0 0x0 0x0 0x0 0x0 0x0 0x0 0x0 0x0 0x0 0x0 0x0 0x0 0x0 0x0 0x0 0x0 0x0 0x0 0x0 0x0 0x0 0x0 0x0 0x0 0x0 0x0 0x0 0x0 0x0 0x0 0x0 0x0 0x0 0x0 0x0 0x0 0x0 0x0 0x0 0x0 0x0 0x0 0x0 0x0 0x0 0x0 0x0 0x0 0x0 0x0 0x0 0x0 0x0 0x0 
 200000[    100]: system.cpu T1 : 0x3bf(6)    : (memo:ialudivq  ) IALU.DIVQ : IntMult :  D=0xe 0x0 0x0 0x0 0x0 0x0 0x0 0x0 0x0 0x0 0x0 0x0 0x0 0x0 0x0 0x0 0x0 0x0 0x0 0x0 0x0 0x0 0x0 0x0 0x0 0x0 0x0 0x0 0x0 0x0 0x0 0x0 0x0 0x0 0x0 0x0 0x0 0x0 0x0 0x0 0x0 0x0 0x0 0x0 0x0 0x0 0x0 0x0 0x0 0x0 0x0 0x0 0x0 0x0 0x0 0x0 0x0 0x0 0x0 0x0 0x0 0x0 0x0 0x0 
 201000[    100]: system.cpu T1 : 0x3e8(6)    : (memo:ialudivq  ) IALU.DIVQ : IntMult :  D=0xf 0x0 0x0 0x0 0x0 0x0 0x0 0x0 0x0 0x0 0x0 0x0 0x0 0x0 0x0 0x0 0x0 0x0 0x0 0x0 0x0 0x0 0x0 0x0 0x0 0x0 0x0 0x0 0x0 0x0 0x0 0x0 0x0 0x0 0x0 0x0 0x0 0x0 0x0 0x0 0x0 0x0 0x0 0x0 0x0 0x0 0x0 0x0 0x0 0x0 0x0 0x0 0x0 0x0 0x0 0x0 0x0 0x0 0x0 0x0 0x0 0x0 0x0 0x0 
 202000[    101]: system.cpu T1 : 0x411(6)    : (memo:ialudivq  ) IALU.DIVQ : IntMult :  D=0x10 0x0 0x0 0x0 0x0 0x0 0x0 0x0 0x0 0x0 0x0 0x0 0x0 0x0 0x0 0x0 0x0 0x0 0x0 0x0 0x0 0x0 0x0 0x0 0x0 0x0 0x0 0x0 0x0 0x0 0x0 0x0 0x0 0x0 0x0 0x0 0x0 0x0 0x0 0x0 0x0 0x0 0x0 0x0 0x0 0x0 0x0 0x0 0x0 0x0 0x0 0x0 0x0 0x0 0x0 0x0 0x0 0x0 0x0 0x0 0x0 0x0 0x0 0x0 
 203000[    101]: system.cpu T1 : 0x43a(6)    : (memo:ialumdivr ) IALU.MDIVR : IntMult :  D=0x11 0x0 0x0 0x0 0x0 0x0 0x0 0x0 0x0 0x0 0x0 0x0 0x0 0x0 0x0 0x0 0x0 0x0 0x0 0x0 0x0 0x0 0x0 0x0 0x0 0x0 0x0 0x0 0x0 0x0 0x0 0x0 0x0 0x0 0x0 0x0 0x0 0x0 0x0 0x0 0x0 0x0 0x0 0x0 0x0 0x0 0x0 0x0 0x0 0x0 0x0 0x0 0x0 0x0 0x0 0x0 0x0 0x0 0x0 0x0 0x0 0x0 0x0 0x0 
 204000[    102]: system.cpu T1 : 0x463(6)    : (memo:ialumdivq ) IALU.MDivQ : IntMult :  D=0x12 0x0 0x0 0x0 0x0 0x0 0x0 0x0 0x0 0x0 0x0 0x0 0x0 0x0 0x0 0x0 0x0 0x0 0x0 0x0 0x0 0x0 0x0 0x0 0x0 0x0 0x0 0x0 0x0 0x0 0x0 0x0 0x0 0x0 0x0 0x0 0x0 0x0 0x0 0x0 0x0 0x0 0x0 0x0 0x0 0x0 0x0 0x0 0x0 0x0 0x0 0x0 0x0 0x0 0x0 0x0 0x0 0x0 0x0 0x0 0x0 0x0 0x0 0x0 
 206000[    103]: system.cpu T1 : 0x48c(6)    : (memo:ialudivr  ) IALU.DIVR->IMAC.T2 : IntMult :  D=0x3 0x0 0x3 0x0 0x3 0x0 0x3 0x0 0x3 0x0 0x3 0x0 0x3 0x0 0x3 0x0 0x3 0x0 0x3 0x0 0x3 0x0 0x3 0x0 0x3 0x0 0x3 0x0 0x3 0x0 0x3 0x0 0x3 0x0 0x3 0x0 0x3 0x0 0x3 0x0 0x3 0x0 0x3 0x0 0x3 0x0 0x3 0x0 0x3 0x0 0x3 0x0 0x3 0x0 0x3 0x0 0x3 0x0 0x3 0x0 0x3 0x0 0x3 0x0 
 208000[    104]: system.cpu T1 : 0x546(13)    : (memo:mpustop   ) MSEQ.Stop : IntAlu : 
 214000[    107]: system.cpu T0 : 0x104    : immtransr  r0, 2           : IntAlu :  D=0x0000000000000002
 216000[    108]: system.cpu T0 : 0x108    : immtransr  r1, 3           : IntAlu :  D=0x0000000000000003
 222000[    111]: system.cpu T0 : 0x10c    : fixadd     r2, r1, r2      : IntAlu :  D=0x0000000007060507
 228000[    114]: system.cpu T0 : 0x120    : spustop                    : IntAlu : 
