  14000[      7]: system.cpu T0 : 0x0    : immtransj  j1, 1077936128  : IntAlu :  D=0x0000000040400000
  16000[      8]: system.cpu T0 : 0x8    : immtransj  j2, 0           : IntAlu :  D=0x0000000000000000
  18000[      9]: system.cpu T0 : 0xc    : immtransr  r3, 5           : IntAlu :  D=0x0000000000000005
  28000[     14]: system.cpu T0 : 0x10    : swr        r3, j2(j1)      : MemWrite :  D=0x0000000000000005 A=0x40400000
  34000[     17]: system.cpu T0 : 0x14    : llr        r12, j2(j1)     : MemRead :  D=0x0000000000000005 A=0x40400000
  54000[     27]: system.cpu T0 : 0x4c    : immtransr  r4, 8           : IntAlu :  D=0x0000000000000008
  66000[     33]: system.cpu T0 : 0x50    : scr        r4, j2(j1)      : MemWrite :  D=0x0000000000000001 A=0x40400000
  74000[     37]: system.cpu T0 : 0x54    : movrr      r6, r4          : IntAlu :  D=0x0000000000000001
  78000[     39]: system.cpu T0 : 0x5c    : immtransj  j1, 1077936128  : IntAlu :  D=0x0000000040400000
  80000[     40]: system.cpu T0 : 0x64    : immtransj  j2, 0           : IntAlu :  D=0x0000000000000000
  82000[     41]: system.cpu T0 : 0x68    : immtransr  r3, 5           : IntAlu :  D=0x0000000000000005
  84000[     42]: system.cpu T0 : 0x58    : lwr        r5, j2(j1)      : MemRead :  D=0x0000000000000008 A=0x40400000
  92000[     46]: system.cpu T0 : 0x6c    : swr        r3, j2(j1)      : MemWrite :  D=0x0000000000000005 A=0x40400000
  98000[     49]: system.cpu T0 : 0x70    : llr        r12, j2(j1)     : MemRead :  D=0x0000000000000005 A=0x40400000
 108000[     54]: system.cpu T0 : 0x94    : immtransr  r4, 8           : IntAlu :  D=0x0000000000000008
 118000[     59]: system.cpu T0 : 0x98    : swr        r4, j2(j1)      : MemWrite :  D=0x0000000000000008 A=0x40400000
 126000[     63]: system.cpu T0 : 0xb0    : immtransr  r5, 9           : IntAlu :  D=0x0000000000000009
 138000[     69]: system.cpu T0 : 0xb4    : scr        r5, j2(j1)      : MemWrite :  D=0x0000000000000000 A=0x40400000
 146000[     73]: system.cpu T0 : 0xb8    : movrr      r7, r5          : IntAlu :  D=0x0000000000000000
 150000[     75]: system.cpu T0 : 0xc0    : immtransj  j1, 1077936128  : IntAlu :  D=0x0000000040400000
 152000[     76]: system.cpu T0 : 0xc8    : immtransj  j2, 0           : IntAlu :  D=0x0000000000000000
 154000[     77]: system.cpu T0 : 0xcc    : immtransj  j3, 1081082112  : IntAlu :  D=0x0000000040700100
 156000[     78]: system.cpu T0 : 0xbc    : lwr        r6, j2(j1)      : MemRead :  D=0x0000000000000008 A=0x40400000
 156000[     78]: system.cpu T0 : 0xd4    : immtransj  j4, 0           : IntAlu :  D=0x0000000000000000
 158000[     79]: system.cpu T0 : 0xd8    : immtransr  r3, 5           : IntAlu :  D=0x0000000000000005
 160000[     80]: system.cpu T0 : 0xdc    : immtransr  r4, 6           : IntAlu :  D=0x0000000000000006
 168000[     84]: system.cpu T0 : 0xe0    : swr        r3, j2(j1)      : MemWrite :  D=0x0000000000000005 A=0x40400000
 170000[     85]: system.cpu T0 : 0xe4    : swr        r4, j4(j3)      : MemWrite :  D=0x0000000000000006 A=0x40700100
 176000[     88]: system.cpu T0 : 0xe8    : llr        r12, j2(j1)     : MemRead :  D=0x0000000000000005 A=0x40400000
 178000[     89]: system.cpu T0 : 0xec    : llr        r13, j4(j3)     : MemRead :  D=0x0000000000000006 A=0x40700100
 188000[     94]: system.cpu T0 : 0x110    : immtransr  r5, 8           : IntAlu :  D=0x0000000000000008
 190000[     95]: system.cpu T0 : 0x114    : immtransr  r6, 9           : IntAlu :  D=0x0000000000000009
 200000[    100]: system.cpu T0 : 0x118    : scr        r5, j2(j1)      : MemWrite :  D=0x0000000000000000 A=0x40400000
 208000[    104]: system.cpu T0 : 0x11c    : movrr      r9, r5          : IntAlu :  D=0x0000000000000000
 216000[    108]: system.cpu T0 : 0x120    : scr        r6, j4(j3)      : MemWrite :  D=0x0000000000000001 A=0x40700100
 224000[    112]: system.cpu T0 : 0x124    : movrr      r10, r6         : IntAlu :  D=0x0000000000000001
 230000[    115]: system.cpu T0 : 0x130    : immtransj  j1, 1077936128  : IntAlu :  D=0x0000000040400000
 232000[    116]: system.cpu T0 : 0x138    : immtransj  j2, 0           : IntAlu :  D=0x0000000000000000
 234000[    117]: system.cpu T0 : 0x128    : lwr        r7, j2(j1)      : MemRead :  D=0x0000000000000005 A=0x40400000
 234000[    117]: system.cpu T0 : 0x13c    : immtransr  r3, 5           : IntAlu :  D=0x0000000000000005
 236000[    118]: system.cpu T0 : 0x12c    : lwr        r8, j4(j3)      : MemRead :  D=0x0000000000000009 A=0x40700100
 244000[    122]: system.cpu T0 : 0x140    : swr        r3, j2(j1)      : MemWrite :  D=0x0000000000000005 A=0x40400000
 250000[    125]: system.cpu T0 : 0x144    : llr        r12, j2(j1)     : MemRead :  D=0x0000000000000005 A=0x40400000
 260000[    130]: system.cpu T0 : 0x168    : immtransj  j3, 1081082112  : IntAlu :  D=0x0000000040700100
 262000[    131]: system.cpu T0 : 0x170    : immtransj  j4, 0           : IntAlu :  D=0x0000000000000000
 264000[    132]: system.cpu T0 : 0x174    : immtransr  r4, 8           : IntAlu :  D=0x0000000000000008
 276000[    138]: system.cpu T0 : 0x178    : scr        r4, j4(j3)      : MemWrite :  D=0x0000000000000000 A=0x40700100
 284000[    142]: system.cpu T0 : 0x17c    : movrr      r7, r4          : IntAlu :  D=0x0000000000000000
 286000[    143]: system.cpu T0 : 0x180    : immtransr  r5, 9           : IntAlu :  D=0x0000000000000009
 298000[    149]: system.cpu T0 : 0x184    : scr        r5, j2(j1)      : MemWrite :  D=0x0000000000000001 A=0x40400000
 306000[    153]: system.cpu T0 : 0x188    : movrr      r8, r5          : IntAlu :  D=0x0000000000000001
 312000[    156]: system.cpu T0 : 0x19c    : spustop                    : IntAlu : 
