  16000[      8]: system.cpu T0 : 0x4    : immtransr  r1, 16384       : IntAlu :  D=0x0000000000004000
  18000[      9]: system.cpu T0 : 0xc    : immtransr  r2, 2           : IntAlu :  D=0x0000000000000002
  20000[     10]: system.cpu T0 : 0x10    : immtransr  r3, -2147450880 : IntAlu :  D=0x0000000080008000
  20000[     10]: system.cpu T0 : 0x18    : r2shu0w    shu0.t1, r1     : IntAlu :  D=0x0 0x40 0x0 0x0 0x0 0x40 0x0 0x0 0x0 0x40 0x0 0x0 0x0 0x40 0x0 0x0 0x0 0x40 0x0 0x0 0x0 0x40 0x0 0x0 0x0 0x40 0x0 0x0 0x0 0x40 0x0 0x0 0x0 0x40 0x0 0x0 0x0 0x40 0x0 0x0 0x0 0x40 0x0 0x0 0x0 0x40 0x0 0x0 0x0 0x40 0x0 0x0 0x0 0x40 0x0 0x0 0x0 0x40 0x0 0x0 0x0 0x40 0x0 0x0 
  22000[     11]: system.cpu T0 : 0x1c    : r2shu0w    shu0.t2, r2     : IntAlu :  D=0x2 0x0 0x0 0x0 0x2 0x0 0x0 0x0 0x2 0x0 0x0 0x0 0x2 0x0 0x0 0x0 0x2 0x0 0x0 0x0 0x2 0x0 0x0 0x0 0x2 0x0 0x0 0x0 0x2 0x0 0x0 0x0 0x2 0x0 0x0 0x0 0x2 0x0 0x0 0x0 0x2 0x0 0x0 0x0 0x2 0x0 0x0 0x0 0x2 0x0 0x0 0x0 0x2 0x0 0x0 0x0 0x2 0x0 0x0 0x0 0x2 0x0 0x0 0x0 
  24000[     12]: system.cpu T0 : 0x20    : r2shu0w    shu0.t0, r3     : IntAlu :  D=0x0 0x80 0x0 0x80 0x0 0x80 0x0 0x80 0x0 0x80 0x0 0x80 0x0 0x80 0x0 0x80 0x0 0x80 0x0 0x80 0x0 0x80 0x0 0x80 0x0 0x80 0x0 0x80 0x0 0x80 0x0 0x80 0x0 0x80 0x0 0x80 0x0 0x80 0x0 0x80 0x0 0x80 0x0 0x80 0x0 0x80 0x0 0x80 0x0 0x80 0x0 0x80 0x0 0x80 0x0 0x80 0x0 0x80 0x0 0x80 0x0 0x80 0x0 0x80 
  28000[     14]: system.cpu T0 : 0x24    : immtransr  r1, 50462976    : IntAlu :  D=0x0000000003020100
  30000[     15]: system.cpu T0 : 0x2c    : immtransr  r2, 117835012   : IntAlu :  D=0x0000000007060504
  32000[     16]: system.cpu T0 : 0x34    : immtransr  r3, 185207048   : IntAlu :  D=0x000000000b0a0908
  34000[     17]: system.cpu T0 : 0x3c    : immtransr  r4, 252579084   : IntAlu :  D=0x000000000f0e0d0c
  36000[     18]: system.cpu T0 : 0x44    : immtransr  r5, 319951120   : IntAlu :  D=0x0000000013121110
  38000[     19]: system.cpu T0 : 0x4c    : immtransr  r6, 387323156   : IntAlu :  D=0x0000000017161514
  40000[     20]: system.cpu T0 : 0x54    : immtransr  r7, 454695192   : IntAlu :  D=0x000000001b1a1918
  42000[     21]: system.cpu T0 : 0x5c    : immtransr  r8, 522067228   : IntAlu :  D=0x000000001f1e1d1c
  44000[     22]: system.cpu T0 : 0x64    : immtransr  r9, 589439264   : IntAlu :  D=0x0000000023222120
  46000[     23]: system.cpu T0 : 0x6c    : immtransr  r10, 656811300  : IntAlu :  D=0x0000000027262524
  48000[     24]: system.cpu T0 : 0x74    : immtransr  r11, 724183336  : IntAlu :  D=0x000000002b2a2928
  50000[     25]: system.cpu T0 : 0x7c    : immtransr  r12, 791555372  : IntAlu :  D=0x000000002f2e2d2c
  52000[     26]: system.cpu T0 : 0x84    : immtransr  r13, 858927408  : IntAlu :  D=0x0000000033323130
  54000[     27]: system.cpu T0 : 0x8c    : immtransr  r14, 926299444  : IntAlu :  D=0x0000000037363534
  56000[     28]: system.cpu T0 : 0x94    : immtransr  r15, 993671480  : IntAlu :  D=0x000000003b3a3938
  58000[     29]: system.cpu T0 : 0x9c    : immtransr  r16, 1061043516 : IntAlu :  D=0x000000003f3e3d3c
  60000[     30]: system.cpu T0 : 0xa4    : immtransj  j0, 4194304     : IntAlu :  D=0x0000000000400000
  62000[     31]: system.cpu T0 : 0xac    : immtransj  j1, 4           : IntAlu :  D=0x0000000000000004
  64000[     32]: system.cpu T0 : 0xb0    : immtransj  j2, 4194304     : IntAlu :  D=0x0000000000400000
  66000[     33]: system.cpu T0 : 0xb8    : immtransj  j3, 4           : IntAlu :  D=0x0000000000000004
  74000[     37]: system.cpu T0 : 0xbc    : swrpost    r1, j1(j0)      : MemWrite :  D=0x0000000003020100 A=0x400000
  80000[     40]: system.cpu T0 : 0xc0    : swrpost    r2, j1(j0)      : MemWrite :  D=0x0000000007060504 A=0x400004
  86000[     43]: system.cpu T0 : 0xc4    : swrpost    r3, j1(j0)      : MemWrite :  D=0x000000000b0a0908 A=0x400008
  92000[     46]: system.cpu T0 : 0xc8    : swrpost    r4, j1(j0)      : MemWrite :  D=0x000000000f0e0d0c A=0x40000c
  98000[     49]: system.cpu T0 : 0xcc    : swrpost    r5, j1(j0)      : MemWrite :  D=0x0000000013121110 A=0x400010
 104000[     52]: system.cpu T0 : 0xd0    : swrpost    r6, j1(j0)      : MemWrite :  D=0x0000000017161514 A=0x400014
 110000[     55]: system.cpu T0 : 0xd4    : swrpost    r7, j1(j0)      : MemWrite :  D=0x000000001b1a1918 A=0x400018
 116000[     58]: system.cpu T0 : 0xd8    : swrpost    r8, j1(j0)      : MemWrite :  D=0x000000001f1e1d1c A=0x40001c
 122000[     61]: system.cpu T0 : 0xdc    : swrpost    r9, j1(j0)      : MemWrite :  D=0x0000000023222120 A=0x400020
 128000[     64]: system.cpu T0 : 0xe0    : swrpost    r10, j1(j0)     : MemWrite :  D=0x0000000027262524 A=0x400024
 134000[     67]: system.cpu T0 : 0xe4    : swrpost    r11, j1(j0)     : MemWrite :  D=0x000000002b2a2928 A=0x400028
 140000[     70]: system.cpu T0 : 0xe8    : swrpost    r12, j1(j0)     : MemWrite :  D=0x000000002f2e2d2c A=0x40002c
 146000[     73]: system.cpu T0 : 0xec    : swrpost    r13, j1(j0)     : MemWrite :  D=0x0000000033323130 A=0x400030
 152000[     76]: system.cpu T0 : 0xf0    : swrpost    r14, j1(j0)     : MemWrite :  D=0x0000000037363534 A=0x400034
 158000[     79]: system.cpu T0 : 0xf4    : swrpost    r15, j1(j0)     : MemWrite :  D=0x000000003b3a3938 A=0x400038
 164000[     82]: system.cpu T0 : 0xf8    : swrpost    r16, j1(j0)     : MemWrite :  D=0x000000003f3e3d3c A=0x40003c
 168000[     84]: system.cpu T0 : 0xfc    : lsvr       svr1, j3(j2)    : MemRead :  D=0x0 0x1 0x2 0x3 0x4 0x5 0x6 0x7 0x8 0x9 0xa 0xb 0xc 0xd 0xe 0xf 0x10 0x11 0x12 0x13 0x14 0x15 0x16 0x17 0x18 0x19 0x1a 0x1b 0x1c 0x1d 0x1e 0x1f 0x20 0x21 0x22 0x23 0x24 0x25 0x26 0x27 0x28 0x29 0x2a 0x2b 0x2c 0x2d 0x2e 0x2f 0x30 0x31 0x32 0x33 0x34 0x35 0x36 0x37 0x38 0x39 0x3a 0x3b 0x3c 0x3d 0x3e 0x3f  A=0x400000
 178000[     89]: system.cpu T0 : 0x124    : svr2shu0   shu0.t3, svr1   : IntAlu :  D=0x0 0x1 0x2 0x3 0x4 0x5 0x6 0x7 0x8 0x9 0xa 0xb 0xc 0xd 0xe 0xf 0x10 0x11 0x12 0x13 0x14 0x15 0x16 0x17 0x18 0x19 0x1a 0x1b 0x1c 0x1d 0x1e 0x1f 0x20 0x21 0x22 0x23 0x24 0x25 0x26 0x27 0x28 0x29 0x2a 0x2b 0x2c 0x2d 0x2e 0x2f 0x30 0x31 0x32 0x33 0x34 0x35 0x36 0x37 0x38 0x39 0x3a 0x3b 0x3c 0x3d 0x3e 0x3f 
 178000[     89]: system.cpu T0 : 0x128    : callmimmb  IMACTest        : IntAlu : 
 188000[     94]: system.cpu T1 : 0xd6(4)    : (memo:shu0idx   ) SHU0.T1 IND T3->IMAC.T1(I0) : IntDiv :  D=0x0 0x40 0x0 0x0 0x0 0x40 0x0 0x0 0x0 0x40 0x0 0x0 0x0 0x40 0x0 0x0 0x0 0x40 0x0 0x0 0x0 0x40 0x0 0x0 0x0 0x40 0x0 0x0 0x0 0x40 0x0 0x0 0x0 0x40 0x0 0x0 0x0 0x40 0x0 0x0 0x0 0x40 0x0 0x0 0x0 0x40 0x0 0x0 0x0 0x40 0x0 0x0 0x0 0x40 0x0 0x0 0x0 0x40 0x0 0x0 0x0 0x40 0x0 0x0 
 189000[     94]: system.cpu T1 : 0xff(4)    : (memo:shu0idx   ) SHU0.T2 IND T3->IMAC.T2(I0) : IntDiv :  D=0x2 0x0 0x0 0x0 0x2 0x0 0x0 0x0 0x2 0x0 0x0 0x0 0x2 0x0 0x0 0x0 0x2 0x0 0x0 0x0 0x2 0x0 0x0 0x0 0x2 0x0 0x0 0x0 0x2 0x0 0x0 0x0 0x2 0x0 0x0 0x0 0x2 0x0 0x0 0x0 0x2 0x0 0x0 0x0 0x2 0x0 0x0 0x0 0x2 0x0 0x0 0x0 0x2 0x0 0x0 0x0 0x2 0x0 0x0 0x0 0x2 0x0 0x0 0x0 
 190000[     95]: system.cpu T1 : 0x128(4)    : (memo:shu0idx   ) SHU0.T0 IND T3->IMAC.T3(I0) : IntDiv :  D=0x0 0x80 0x0 0x80 0x0 0x80 0x0 0x80 0x0 0x80 0x0 0x80 0x0 0x80 0x0 0x80 0x0 0x80 0x0 0x80 0x0 0x80 0x0 0x80 0x0 0x80 0x0 0x80 0x0 0x80 0x0 0x80 0x0 0x80 0x0 0x80 0x0 0x80 0x0 0x80 0x0 0x80 0x0 0x80 0x0 0x80 0x0 0x80 0x0 0x80 0x0 0x80 0x0 0x80 0x0 0x80 0x0 0x80 0x0 0x80 0x0 0x80 0x0 0x80 
 195000[     97]: system.cpu T1 : 0x185(7)    : (memo:imacmult  ) IMAC.T1*T2(T,I)->IALU.T0 : FloatDiv :  D=0x0 0x80 0x0 0x0 0x0 0x80 0x0 0x0 0x0 0x80 0x0 0x0 0x0 0x80 0x0 0x0 0x0 0x80 0x0 0x0 0x0 0x80 0x0 0x0 0x0 0x80 0x0 0x0 0x0 0x80 0x0 0x0 0x0 0x80 0x0 0x0 0x0 0x80 0x0 0x0 0x0 0x80 0x0 0x0 0x0 0x80 0x0 0x0 0x0 0x80 0x0 0x0 0x0 0x80 0x0 0x0 0x0 0x80 0x0 0x0 0x0 0x80 0x0 0x0 
 196000[     98]: system.cpu T1 : 0x1ae(7)    : (memo:imacmul   ) IMAC.T3*T3(I,H)->IALU.T2 : FloatDiv :  D=0x0 0x0 0x0 0x40 0x0 0x0 0x0 0x40 0x0 0x0 0x0 0x40 0x0 0x0 0x0 0x40 0x0 0x0 0x0 0x40 0x0 0x0 0x0 0x40 0x0 0x0 0x0 0x40 0x0 0x0 0x0 0x40 0x0 0x0 0x0 0x40 0x0 0x0 0x0 0x40 0x0 0x0 0x0 0x40 0x0 0x0 0x0 0x40 0x0 0x0 0x0 0x40 0x0 0x0 0x0 0x40 0x0 0x0 0x0 0x40 0x0 0x0 0x0 0x40 
 198000[     99]: system.cpu T1 : 0x200(7)    : (memo:imacmult  ) IMAC.T1*T2(T)->FALU.T0 : FloatDiv :  D=0x0 0x0 0x0 0x0 0x0 0x0 0x0 0x0 0x0 0x0 0x0 0x0 0x0 0x0 0x0 0x0 0x0 0x0 0x0 0x0 0x0 0x0 0x0 0x0 0x0 0x0 0x0 0x0 0x0 0x0 0x0 0x0 0x0 0x0 0x0 0x0 0x0 0x0 0x0 0x0 0x0 0x0 0x0 0x0 0x0 0x0 0x0 0x0 0x0 0x0 0x0 0x0 0x0 0x0 0x0 0x0 0x0 0x0 0x0 0x0 0x0 0x0 0x0 0x0 
 199000[     99]: system.cpu T1 : 0x229(7)    : (memo:imacmul   ) IMAC.T3*T3(H)->FALU.T2 : FloatDiv :  D=0x0 0x0 0xff 0x7f 0x0 0x0 0xff 0x7f 0x0 0x0 0xff 0x7f 0x0 0x0 0xff 0x7f 0x0 0x0 0xff 0x7f 0x0 0x0 0xff 0x7f 0x0 0x0 0xff 0x7f 0x0 0x0 0xff 0x7f 0x0 0x0 0xff 0x7f 0x0 0x0 0xff 0x7f 0x0 0x0 0xff 0x7f 0x0 0x0 0xff 0x7f 0x0 0x0 0xff 0x7f 0x0 0x0 0xff 0x7f 0x0 0x0 0xff 0x7f 0x0 0x0 0xff 0x7f 
 201000[    100]: system.cpu T1 : 0x27b(7)    : (memo:imacmul   ) IMAC.T1*T2(H)->FALU.T0 : FloatDiv :  D=0x0 0x0 0x1 0x0 0x0 0x0 0x1 0x0 0x0 0x0 0x1 0x0 0x0 0x0 0x1 0x0 0x0 0x0 0x1 0x0 0x0 0x0 0x1 0x0 0x0 0x0 0x1 0x0 0x0 0x0 0x1 0x0 0x0 0x0 0x1 0x0 0x0 0x0 0x1 0x0 0x0 0x0 0x1 0x0 0x0 0x0 0x1 0x0 0x0 0x0 0x1 0x0 0x0 0x0 0x1 0x0 0x0 0x0 0x1 0x0 0x0 0x0 0x1 0x0 
 206000[    103]: system.cpu T1 : 0x308(13)    : (memo:mpustop   ) MSEQ.Stop : SimdFloatAlu : 
 212000[    106]: system.cpu T0 : 0x130    : immtransr  r0, 2           : IntAlu :  D=0x0000000000000002
 214000[    107]: system.cpu T0 : 0x134    : immtransr  r1, 3           : IntAlu :  D=0x0000000000000003
 220000[    110]: system.cpu T0 : 0x138    : fixadd     r2, r1, r2      : IntAlu :  D=0x0000000007060507
 228000[    114]: system.cpu T0 : 0x150    : spustop                    : IntAlu : 
