  14000[      7]: system.cpu T0 : 0x0    : immtransr  r0, 3           : IntAlu :  D=0x0000000000000003
  16000[      8]: system.cpu T0 : 0x4    : immtransj  j1, 20          : IntAlu :  D=0x0000000000000014
  18000[      9]: system.cpu T0 : 0x8    : immtransr  r1, 4           : IntAlu :  D=0x0000000000000004
  20000[     10]: system.cpu T0 : 0xc    : immtransr  r2, -1          : IntAlu :  D=0x00000000ffffffff
  26000[     13]: system.cpu T0 : 0x14    : fixadd     r3, r0, r2      : IntAlu :  D=0x0000000000000002
  32000[     16]: system.cpu T0 : 0x18    : mfc        r5, stat        : IntAlu :  D=0x0000000000000001
  34000[     17]: system.cpu T0 : 0x1c    : movrr      r6, r3          : IntAlu :  D=0x0000000000000002
  40000[     20]: system.cpu T0 : 0x20    : movrr      r8, r6          : IntAlu :  D=0x0000000000000002
  42000[     21]: system.cpu T0 : 0x24    : movrr      r7, r5          : IntAlu :  D=0x0000000000000001
  44000[     22]: system.cpu T0 : 0x28    : addci_t    r8, r0, r2      : IntAlu :  D=0x0000000000000003
  46000[     23]: system.cpu T0 : 0x2c    : fixsub     r9, r0, r2      : IntAlu :  D=0x0000000000000004
  52000[     26]: system.cpu T0 : 0x30    : mfc        r5, stat        : IntAlu :  D=0x0000000000000001
  54000[     27]: system.cpu T0 : 0x34    : subci_t    r10, r0, r2     : IntAlu :  D=0x0000000000000004
  56000[     28]: system.cpu T0 : 0x38    : fixsub     r4, r1, r2      : IntAlu :  D=0x0000000000000005
  58000[     29]: system.cpu T0 : 0x3c    : movrr      r5, r1          : IntAlu :  D=0x0000000000000004
  60000[     30]: system.cpu T0 : 0x40    : immtransr  r1, 5           : IntAlu :  D=0x0000000000000005
  62000[     31]: system.cpu T0 : 0x44    : immtransr  r2, 3           : IntAlu :  D=0x0000000000000003
  70000[     35]: system.cpu T0 : 0x48    : mul        r6, r1, r2      : IntAlu :  D=0x000000000000000f
  76000[     38]: system.cpu T0 : 0x4c    : fixadd     r11, r1, r6     : IntAlu :  D=0x0000000000000014
  78000[     39]: system.cpu T0 : 0x50    : abs        r7, r1          : IntAlu :  D=0x0000000000000005
  80000[     40]: system.cpu T0 : 0x54    : and        r8, r1, r2      : IntAlu :  D=0x0000000000000001
  82000[     41]: system.cpu T0 : 0x58    : or         r9, r1, r2      : IntAlu :  D=0x0000000000000007
  84000[     42]: system.cpu T0 : 0x5c    : xor        r10, r1, r2     : IntAlu :  D=0x0000000000000006
  86000[     43]: system.cpu T0 : 0x60    : not        r11, r1         : IntAlu :  D=0x00000000fffffffa
  88000[     44]: system.cpu T0 : 0x64    : eq         r12, r1, r2     : IntAlu :  D=0x0000000000000000
  90000[     45]: system.cpu T0 : 0x68    : neq        r13, r1, r2     : IntAlu :  D=0x0000000000000001
  92000[     46]: system.cpu T0 : 0x6c    : greater    r14, r1, r2     : IntAlu :  D=0x0000000000000001
  94000[     47]: system.cpu T0 : 0x70    : ge         r15, r1, r2     : IntAlu :  D=0x0000000000000001
  96000[     48]: system.cpu T0 : 0x74    : less       r16, r1, r2     : IntAlu :  D=0x0000000000000000
  98000[     49]: system.cpu T0 : 0x78    : le         r17, r1, r2     : IntAlu :  D=0x0000000000000000
 100000[     50]: system.cpu T0 : 0x7c    : sllv       r18, r1, r2     : IntAlu :  D=0x0000000000000028
 102000[     51]: system.cpu T0 : 0x80    : sll        r19, r1, 2      : IntAlu :  D=0x0000000000000014
 104000[     52]: system.cpu T0 : 0x84    : srlv       r20, r1, r2     : IntAlu :  D=0x0000000000000000
 106000[     53]: system.cpu T0 : 0x88    : srl        r21, r1, 1      : IntAlu :  D=0x0000000000000002
 110000[     55]: system.cpu T0 : 0x90    : immtransj  j1, 34          : IntAlu :  D=0x0000000000000022
 112000[     56]: system.cpu T0 : 0x94    : immtransj  j2, 2           : IntAlu :  D=0x0000000000000002
 118000[     59]: system.cpu T0 : 0x98    : addradd    j3, j1, j2      : IntAlu :  D=0x0000000000000024
 120000[     60]: system.cpu T0 : 0x9c    : addrsub    j4, j1, j2      : IntAlu :  D=0x0000000000000020
 122000[     61]: system.cpu T0 : 0xa0    : addrslreg  j5, j1, j2      : IntAlu :  D=0x0000000000000088
 124000[     62]: system.cpu T0 : 0xa4    : addrslimm  j6, j1          : IntAlu :  D=0x0000000000000088
 126000[     63]: system.cpu T0 : 0xa8    : immtransr  r1, 5           : IntAlu :  D=0x0000000000000005
 128000[     64]: system.cpu T0 : 0xac    : immtransj  j1, 6           : IntAlu :  D=0x0000000000000006
 132000[     66]: system.cpu T0 : 0xb0    : movrr      r2, r1          : IntAlu :  D=0x0000000000000005
 134000[     67]: system.cpu T0 : 0xb4    : movrj      r3, j1          : IntAlu :  D=0x0000000000000006
 136000[     68]: system.cpu T0 : 0xb8    : movjr      j2, r1          : IntAlu :  D=0x0000000000000005
 138000[     69]: system.cpu T0 : 0xbc    : movjj      j3, j1          : IntAlu :  D=0x0000000000000006
 140000[     70]: system.cpu T0 : 0xc0    : immtransj  j1, 256         : IntAlu :  D=0x0000000000000100
 142000[     71]: system.cpu T0 : 0xc4    : immtransj  j2, 4194304     : IntAlu :  D=0x0000000000400000
 144000[     72]: system.cpu T0 : 0xcc    : immtransr  r1, 305419896   : IntAlu :  D=0x0000000012345678
 154000[     77]: system.cpu T0 : 0xd4    : swr        r1, j2(j1)      : MemWrite :  D=0x0000000012345678 A=0x400100
 160000[     80]: system.cpu T0 : 0xd8    : lwr        r2, j2(j1)      : MemRead :  D=0x0000000012345678 A=0x400100
 162000[     81]: system.cpu T0 : 0xdc    : lbr        r3, j2(j1)      : MemRead :  D=0x0000000000000078 A=0x400100
 162000[     81]: system.cpu T0 : 0xec    : immtransj  j3, 8192        : IntAlu :  D=0x0000000000002000
 164000[     82]: system.cpu T0 : 0xe0    : lhr        r4, j2(j1)      : MemRead :  D=0x0000000000005678 A=0x400100
 166000[     83]: system.cpu T0 : 0xe4    : lbur       r5, j2(j1)      : MemRead :  D=0x0000000000000078 A=0x400100
 168000[     84]: system.cpu T0 : 0xe8    : lhur       r6, j2(j1)      : MemRead :  D=0x0000000000005678 A=0x400100
 170000[     85]: system.cpu T0 : 0xf8    : immtransj  j3, 66          : IntAlu :  D=0x0000000000000042
 172000[     86]: system.cpu T0 : 0xf4    : swj        j3, j2(j1)      : MemWrite :  D=0x0000000000002000 A=0x400100
 174000[     87]: system.cpu T0 : 0x100    : immtransr  r3, 131072      : IntAlu :  D=0x0000000000020000
 180000[     90]: system.cpu T0 : 0xfc    : lwj        j4, j2(j1)      : MemRead :  D=0x0000000000002000 A=0x400100
 184000[     92]: system.cpu T0 : 0x108    : swir       r3, 12(j1)      : MemWrite :  D=0x0000000000020000 A=0x10c
 184000[     92]: system.cpu T0 : 0x110    : immtransj  j5, 131         : IntAlu :  D=0x0000000000000083
 190000[     95]: system.cpu T0 : 0x10c    : lwir       r4, 12(j1)      : MemRead :  D=0x0000000000020000 A=0x10c
 194000[     97]: system.cpu T0 : 0x114    : swij       j5, 8(j1)       : MemWrite :  D=0x0000000000000083 A=0x108
 194000[     97]: system.cpu T0 : 0x11c    : immtransj  j1, 4194336     : IntAlu :  D=0x0000000000400020
 196000[     98]: system.cpu T0 : 0x124    : immtransr  r1, 5           : IntAlu :  D=0x0000000000000005
 200000[    100]: system.cpu T0 : 0x118    : lwij       j6, 8(j1)       : MemRead :  D=0x0000000000000083 A=0x108
 206000[    103]: system.cpu T0 : 0x128    : swir       r1, -4(j1)      : MemWrite :  D=0x0000000000000005 A=0x40001c
 212000[    106]: system.cpu T0 : 0x12c    : lwir       r2, -4(j1)      : MemRead :  D=0x0000000000000005 A=0x40001c
 214000[    107]: system.cpu T0 : 0x140    : immtransr  r1, 8           : IntAlu :  D=0x0000000000000008
 216000[    108]: system.cpu T0 : 0x144    : immtransr  r2, 1           : IntAlu :  D=0x0000000000000001
 222000[    111]: system.cpu T0 : 0x148    : fixsub     r1, r1, r2      : IntAlu :  D=0x0000000000000007
 224000[    112]: system.cpu T0 : 0x14c    : bne        r1, _label      : IntAlu : 
 240000[    120]: system.cpu T0 : 0x148    : fixsub     r1, r1, r2      : IntAlu :  D=0x0000000000000006
 242000[    121]: system.cpu T0 : 0x14c    : bne        r1, _label      : IntAlu : 
 258000[    129]: system.cpu T0 : 0x148    : fixsub     r1, r1, r2      : IntAlu :  D=0x0000000000000005
 260000[    130]: system.cpu T0 : 0x14c    : bne        r1, _label      : IntAlu : 
 276000[    138]: system.cpu T0 : 0x148    : fixsub     r1, r1, r2      : IntAlu :  D=0x0000000000000004
 278000[    139]: system.cpu T0 : 0x14c    : bne        r1, _label      : IntAlu : 
 294000[    147]: system.cpu T0 : 0x148    : fixsub     r1, r1, r2      : IntAlu :  D=0x0000000000000003
 296000[    148]: system.cpu T0 : 0x14c    : bne        r1, _label      : IntAlu : 
 312000[    156]: system.cpu T0 : 0x148    : fixsub     r1, r1, r2      : IntAlu :  D=0x0000000000000002
 314000[    157]: system.cpu T0 : 0x14c    : bne        r1, _label      : IntAlu : 
 330000[    165]: system.cpu T0 : 0x148    : fixsub     r1, r1, r2      : IntAlu :  D=0x0000000000000001
 332000[    166]: system.cpu T0 : 0x14c    : bne        r1, _label      : IntAlu : 
 348000[    174]: system.cpu T0 : 0x148    : fixsub     r1, r1, r2      : IntAlu :  D=0x0000000000000000
 350000[    175]: system.cpu T0 : 0x14c    : bne        r1, _label      : IntAlu : 
 370000[    185]: system.cpu T0 : 0x16c    : immtransj  j1, 2           : IntAlu :  D=0x0000000000000002
 374000[    187]: system.cpu T0 : 0x170    : lpto0      _labelloop BY j1 : IntAlu :  D=0x0000000000000002
 378000[    189]: system.cpu T0 : 0x174    : immtransj  j1, 1           : IntAlu :  D=0x0000000000000001
 380000[    190]: system.cpu T0 : 0x178    : immtransj  j2, 2           : IntAlu :  D=0x0000000000000002
 382000[    191]: system.cpu T0 : 0x17c    : immtransj  j1, 1           : IntAlu :  D=0x0000000000000001
 384000[    192]: system.cpu T0 : 0x180    : immtransj  j2, 2           : IntAlu :  D=0x0000000000000002
 386000[    193]: system.cpu T0 : 0x184    : immtransj  j1, 1           : IntAlu :  D=0x0000000000000001
 388000[    194]: system.cpu T0 : 0x188    : immtransj  j2, 2           : IntAlu :  D=0x0000000000000002
 390000[    195]: system.cpu T0 : 0x18c    : immtransj  j1, 1           : IntAlu :  D=0x0000000000000001
 392000[    196]: system.cpu T0 : 0x190    : immtransj  j2, 2           : IntAlu :  D=0x0000000000000002
 394000[    197]: system.cpu T0 : 0x194    : immtransj  j1, 1           : IntAlu :  D=0x0000000000000001
 396000[    198]: system.cpu T0 : 0x198    : immtransj  j2, 2           : IntAlu :  D=0x0000000000000002
 398000[    199]: system.cpu T0 : 0x19c    : immtransj  j1, 1           : IntAlu :  D=0x0000000000000001
 400000[    200]: system.cpu T0 : 0x1a0    : immtransj  j2, 2           : IntAlu :  D=0x0000000000000002
 402000[    201]: system.cpu T0 : 0x1a4    : immtransj  j1, 1           : IntAlu :  D=0x0000000000000001
 404000[    202]: system.cpu T0 : 0x1a8    : immtransj  j2, 2           : IntAlu :  D=0x0000000000000002
 406000[    203]: system.cpu T0 : 0x1ac    : immtransj  j1, 1           : IntAlu :  D=0x0000000000000001
 408000[    204]: system.cpu T0 : 0x1b0    : immtransj  j2, 2           : IntAlu :  D=0x0000000000000002
 410000[    205]: system.cpu T0 : 0x1b4    : immtransj  j1, 1           : IntAlu :  D=0x0000000000000001
 412000[    206]: system.cpu T0 : 0x1b8    : immtransj  j2, 2           : IntAlu :  D=0x0000000000000002
 414000[    207]: system.cpu T0 : 0x1bc    : immtransj  j1, 1           : IntAlu :  D=0x0000000000000001
 416000[    208]: system.cpu T0 : 0x1c0    : immtransj  j2, 2           : IntAlu :  D=0x0000000000000002
 418000[    209]: system.cpu T0 : 0x1c4    : immtransj  j1, 1           : IntAlu :  D=0x0000000000000001
 420000[    210]: system.cpu T0 : 0x1c8    : immtransj  j2, 2           : IntAlu :  D=0x0000000000000002
 422000[    211]: system.cpu T0 : 0x1cc    : immtransj  j1, 1           : IntAlu :  D=0x0000000000000001
 424000[    212]: system.cpu T0 : 0x1d0    : immtransj  j2, 2           : IntAlu :  D=0x0000000000000002
 426000[    213]: system.cpu T0 : 0x1d4    : immtransj  j1, 1           : IntAlu :  D=0x0000000000000001
 428000[    214]: system.cpu T0 : 0x1d8    : immtransj  j2, 2           : IntAlu :  D=0x0000000000000002
 430000[    215]: system.cpu T0 : 0x1dc    : immtransj  j1, 1           : IntAlu :  D=0x0000000000000001
 432000[    216]: system.cpu T0 : 0x1e0    : immtransj  j12, 119        : IntAlu :  D=0x0000000000000077
 436000[    218]: system.cpu T0 : 0x174    : immtransj  j1, 1           : IntAlu :  D=0x0000000000000001
 438000[    219]: system.cpu T0 : 0x178    : immtransj  j2, 2           : IntAlu :  D=0x0000000000000002
 440000[    220]: system.cpu T0 : 0x17c    : immtransj  j1, 1           : IntAlu :  D=0x0000000000000001
 442000[    221]: system.cpu T0 : 0x180    : immtransj  j2, 2           : IntAlu :  D=0x0000000000000002
 444000[    222]: system.cpu T0 : 0x184    : immtransj  j1, 1           : IntAlu :  D=0x0000000000000001
 446000[    223]: system.cpu T0 : 0x188    : immtransj  j2, 2           : IntAlu :  D=0x0000000000000002
 448000[    224]: system.cpu T0 : 0x18c    : immtransj  j1, 1           : IntAlu :  D=0x0000000000000001
 450000[    225]: system.cpu T0 : 0x190    : immtransj  j2, 2           : IntAlu :  D=0x0000000000000002
 452000[    226]: system.cpu T0 : 0x194    : immtransj  j1, 1           : IntAlu :  D=0x0000000000000001
 454000[    227]: system.cpu T0 : 0x198    : immtransj  j2, 2           : IntAlu :  D=0x0000000000000002
 456000[    228]: system.cpu T0 : 0x19c    : immtransj  j1, 1           : IntAlu :  D=0x0000000000000001
 458000[    229]: system.cpu T0 : 0x1a0    : immtransj  j2, 2           : IntAlu :  D=0x0000000000000002
 460000[    230]: system.cpu T0 : 0x1a4    : immtransj  j1, 1           : IntAlu :  D=0x0000000000000001
 462000[    231]: system.cpu T0 : 0x1a8    : immtransj  j2, 2           : IntAlu :  D=0x0000000000000002
 464000[    232]: system.cpu T0 : 0x1ac    : immtransj  j1, 1           : IntAlu :  D=0x0000000000000001
 466000[    233]: system.cpu T0 : 0x1b0    : immtransj  j2, 2           : IntAlu :  D=0x0000000000000002
 468000[    234]: system.cpu T0 : 0x1b4    : immtransj  j1, 1           : IntAlu :  D=0x0000000000000001
 470000[    235]: system.cpu T0 : 0x1b8    : immtransj  j2, 2           : IntAlu :  D=0x0000000000000002
 472000[    236]: system.cpu T0 : 0x1bc    : immtransj  j1, 1           : IntAlu :  D=0x0000000000000001
 474000[    237]: system.cpu T0 : 0x1c0    : immtransj  j2, 2           : IntAlu :  D=0x0000000000000002
 476000[    238]: system.cpu T0 : 0x1c4    : immtransj  j1, 1           : IntAlu :  D=0x0000000000000001
 478000[    239]: system.cpu T0 : 0x1c8    : immtransj  j2, 2           : IntAlu :  D=0x0000000000000002
 480000[    240]: system.cpu T0 : 0x1cc    : immtransj  j1, 1           : IntAlu :  D=0x0000000000000001
 482000[    241]: system.cpu T0 : 0x1d0    : immtransj  j2, 2           : IntAlu :  D=0x0000000000000002
 484000[    242]: system.cpu T0 : 0x1d4    : immtransj  j1, 1           : IntAlu :  D=0x0000000000000001
 486000[    243]: system.cpu T0 : 0x1d8    : immtransj  j2, 2           : IntAlu :  D=0x0000000000000002
 488000[    244]: system.cpu T0 : 0x1dc    : immtransj  j1, 1           : IntAlu :  D=0x0000000000000001
 490000[    245]: system.cpu T0 : 0x1e0    : immtransj  j12, 119        : IntAlu :  D=0x0000000000000077
 494000[    247]: system.cpu T0 : 0x1f0    : immtransj  j3, 5           : IntAlu :  D=0x0000000000000005
 496000[    248]: system.cpu T0 : 0x1f4    : immtransj  j4, 8           : IntAlu :  D=0x0000000000000008
 498000[    249]: system.cpu T0 : 0x1f8    : immtransr  r1, -8          : IntAlu :  D=0x00000000fffffff8
 504000[    252]: system.cpu T0 : 0x200    : srl        r2, r1, 3       : IntAlu :  D=0x00000000ffffffff
 506000[    253]: system.cpu T0 : 0x204    : immtransr  r1, -8          : IntAlu :  D=0x00000000fffffff8
 512000[    256]: system.cpu T0 : 0x20c    : srl_u      r2, r1, 3       : IntAlu :  D=0x000000001fffffff
 514000[    257]: system.cpu T0 : 0x210    : immtransr  r3, 3           : IntAlu :  D=0x0000000000000003
 516000[    258]: system.cpu T0 : 0x214    : immtransr  r1, -8          : IntAlu :  D=0x00000000fffffff8
 522000[    261]: system.cpu T0 : 0x21c    : srlv       r2, r1, r3      : IntAlu :  D=0x00000000ffffffff
 524000[    262]: system.cpu T0 : 0x220    : immtransr  r1, -8          : IntAlu :  D=0x00000000fffffff8
 530000[    265]: system.cpu T0 : 0x228    : srlv_u     r2, r1, r3      : IntAlu :  D=0x000000001fffffff
 536000[    268]: system.cpu T0 : 0x234    : immtransr  r0, 1065353216  : IntAlu :  D=0x000000003f800000
 538000[    269]: system.cpu T0 : 0x23c    : immtransr  r1, 1073741824  : IntAlu :  D=0x0000000040000000
 550000[    275]: system.cpu T0 : 0x244    : add_s      f2, f0, f1      : FloatAdd :  D=0x0000000040400000
 556000[    278]: system.cpu T0 : 0x248    : movrr      r3, r2          : IntAlu :  D=0x0000000040400000
 564000[    282]: system.cpu T0 : 0x24c    : sub_s      f4, f0, f1      : FloatAdd :  D=0x00000000bf800000
 570000[    285]: system.cpu T0 : 0x250    : movrr      r5, r4          : IntAlu :  D=0x00000000bf800000
 578000[    289]: system.cpu T0 : 0x254    : mul_s      f6, f0, f1      : FloatAdd :  D=0x0000000040000000
 584000[    292]: system.cpu T0 : 0x258    : movrr      r7, r6          : IntAlu :  D=0x0000000040000000
 586000[    293]: system.cpu T0 : 0x25c    : immtransr  r0, -1082130432 : IntAlu :  D=0x00000000bf800000
 598000[    299]: system.cpu T0 : 0x264    : abs_s      f1, f0          : FloatAdd :  D=0x000000003f800000
 604000[    302]: system.cpu T0 : 0x268    : movrr      r2, r1          : IntAlu :  D=0x000000003f800000
 606000[    303]: system.cpu T0 : 0x26c    : immtransr  r3, 1073741824  : IntAlu :  D=0x0000000040000000
 610000[    305]: system.cpu T0 : 0x278    : movrr      r5, r4          : IntAlu :  D=0x00000000bf800000
 612000[    306]: system.cpu T0 : 0x27c    : immtransr  r6, 1082130432  : IntAlu :  D=0x0000000040800000
 616000[    308]: system.cpu T0 : 0x288    : movrr      r8, r7          : IntAlu :  D=0x0000000040000000
 618000[    309]: system.cpu T0 : 0x28c    : immtransr  r0, 3           : IntAlu :  D=0x0000000000000003
 620000[    310]: system.cpu T0 : 0x290    : immtransr  r1, 1065353216  : IntAlu :  D=0x000000003f800000
 630000[    315]: system.cpu T0 : 0x298    : cvt_s_w_u  f2, r0          : FloatAdd :  D=0x0000000040400000
 636000[    318]: system.cpu T0 : 0x29c    : movrr      r8, r2          : IntAlu :  D=0x0000000040400000
 644000[    322]: system.cpu T0 : 0x2a0    : cvt_s_w    f3, r0          : FloatAdd :  D=0x0000000040400000
 646000[    323]: system.cpu T0 : 0x2a4    : cvt_d_w    dr1, r0         : FloatAdd :  D=0x4008000000000000
 648000[    324]: system.cpu T0 : 0x2a8    : cvt_d_w_u  dr1, r0         : FloatAdd :  D=0x4008000000000000
 650000[    325]: system.cpu T0 : 0x2ac    : cvt_d_s    dr2, f1         : FloatAdd :  D=0x3ff0000000000000
 660000[    330]: system.cpu T0 : 0x2b0    : cvt_s_d    f3, dr1         : FloatAdd :  D=0x0000000040400000
 666000[    333]: system.cpu T0 : 0x2b4    : movrr      r4, r3          : IntAlu :  D=0x0000000040400000
 668000[    334]: system.cpu T0 : 0x2b8    : immtransr  r1, 1065353216  : IntAlu :  D=0x000000003f800000
 678000[    339]: system.cpu T0 : 0x2c8    : immtransr  r0, 0           : IntAlu :  D=0x0000000000000000
 680000[    340]: system.cpu T0 : 0x2c0    : cvt_w_s    r5, f1          : FloatAdd :  D=0x0000000000000001
 680000[    340]: system.cpu T0 : 0x2cc    : immtransr  r1, 1076101120  : IntAlu :  D=0x0000000040240000
 682000[    341]: system.cpu T0 : 0x2c4    : cvt_w_s_u  r6, f1          : FloatAdd :  D=0x0000000000000001
 682000[    341]: system.cpu T0 : 0x2d4    : immtransr  r2, 0           : IntAlu :  D=0x0000000000000000
 684000[    342]: system.cpu T0 : 0x2d8    : immtransr  r3, 1077149696  : IntAlu :  D=0x0000000040340000
 692000[    346]: system.cpu T0 : 0x2e0    : cvt_w_d    r7, dr0         : FloatAdd :  D=0x000000000000000a
 692000[    346]: system.cpu T0 : 0x2e8    : immtransr  r0, 1073741824  : IntAlu :  D=0x0000000040000000
 694000[    347]: system.cpu T0 : 0x2f0    : immtransr  r1, 1065353216  : IntAlu :  D=0x000000003f800000
 696000[    348]: system.cpu T0 : 0x2e4    : cvt_w_d_u  r8, dr1         : FloatAdd :  D=0x0000000000000014
 700000[    350]: system.cpu T0 : 0x2f8    : eq_s       r2, f0, f1      : FloatAdd :  D=0x0000000000000000
 702000[    351]: system.cpu T0 : 0x2fc    : neq_s      r8, f0, f1      : FloatAdd :  D=0x0000000000000001
 708000[    354]: system.cpu T0 : 0x300    : movrr      r5, r8          : IntAlu :  D=0x0000000000000001
 716000[    358]: system.cpu T0 : 0x304    : less_s     r3, f0, f1      : FloatAdd :  D=0x0000000000000000
 718000[    359]: system.cpu T0 : 0x308    : le_s       r6, f0, f1      : FloatAdd :  D=0x0000000000000000
 718000[    359]: system.cpu T0 : 0x314    : immtransr  r0, 17          : IntAlu :  D=0x0000000000000011
 720000[    360]: system.cpu T0 : 0x30c    : greater_s  r7, f0, f1      : FloatAdd :  D=0x0000000000000001
 720000[    360]: system.cpu T0 : 0x318    : immtransr  r1, 34          : IntAlu :  D=0x0000000000000022
 722000[    361]: system.cpu T0 : 0x310    : ge_s       r4, f0, f1      : FloatAdd :  D=0x0000000000000001
 726000[    363]: system.cpu T0 : 0x31c    : movdr      dr1, dr0        : FloatAdd :  D=0x0000002200000011
 732000[    366]: system.cpu T0 : 0x320    : movrr      r5, r2          : IntAlu :  D=0x0000000000000011
 734000[    367]: system.cpu T0 : 0x324    : movrr      r6, r3          : IntAlu :  D=0x0000000000000022
 736000[    368]: system.cpu T0 : 0x328    : immtransj  j1, 512         : IntAlu :  D=0x0000000000000200
 738000[    369]: system.cpu T0 : 0x32c    : immtransj  j2, 4194304     : IntAlu :  D=0x0000000000400000
 740000[    370]: system.cpu T0 : 0x334    : immtransr  r0, -2023406815 : IntAlu :  D=0x0000000087654321
 742000[    371]: system.cpu T0 : 0x33c    : immtransr  r1, 305419896   : IntAlu :  D=0x0000000012345678
 752000[    376]: system.cpu T0 : 0x344    : sdr        DR0, j2(j1)     : MemWrite :  D=0x1234567887654321 A=0x400200
 758000[    379]: system.cpu T0 : 0x348    : ldr        DR1, j2(j1)     : MemRead :  D=0x1234567887654321 A=0x400200
 764000[    382]: system.cpu T0 : 0x34c    : movrr      r5, r2          : IntAlu :  D=0x0000000087654321
 766000[    383]: system.cpu T0 : 0x350    : movrr      r6, r3          : IntAlu :  D=0x0000000012345678
 768000[    384]: system.cpu T0 : 0x354    : immtransr  r0, 0           : IntAlu :  D=0x0000000000000000
 770000[    385]: system.cpu T0 : 0x358    : immtransr  r1, 1076101120  : IntAlu :  D=0x0000000040240000
 772000[    386]: system.cpu T0 : 0x360    : immtransr  r2, 0           : IntAlu :  D=0x0000000000000000
 774000[    387]: system.cpu T0 : 0x364    : immtransr  r3, 1077149696  : IntAlu :  D=0x0000000040340000
 786000[    393]: system.cpu T0 : 0x36c    : add_dr     dr2, dr0, dr1   : FloatAdd :  D=0x403e000000000000
 788000[    394]: system.cpu T0 : 0x370    : sub_dr     dr3, dr1, dr0   : FloatAdd :  D=0x4024000000000000
 790000[    395]: system.cpu T0 : 0x374    : mul_dr     dr4, dr0, dr1   : FloatAdd :  D=0x4069000000000000
 792000[    396]: system.cpu T0 : 0x378    : abs_dr     dr5, dr0        : FloatAdd :  D=0x4024000000000000
 792000[    396]: system.cpu T0 : 0x384    : eq_dr      r0, dr0, dr1    : FloatAdd :  D=0x0000000000000000
 798000[    399]: system.cpu T0 : 0x388    : neq_dr     r0, dr0, dr1    : FloatAdd :  D=0x0000000000000001
 810000[    405]: system.cpu T0 : 0x38c    : ge_dr      r0, dr0, dr1    : FloatAdd :  D=0x0000000000000000
 822000[    411]: system.cpu T0 : 0x390    : le_dr      r0, dr0, dr1    : FloatAdd :  D=0x0000000000000001
 834000[    417]: system.cpu T0 : 0x394    : greater_dr r0, dr0, dr1    : FloatAdd :  D=0x0000000000000000
 846000[    423]: system.cpu T0 : 0x398    : less_dr    r0, dr0, dr1    : FloatAdd :  D=0x0000000000000001
 846000[    423]: system.cpu T0 : 0x3a4    : immtransj  j1, 256         : IntAlu :  D=0x0000000000000100
 848000[    424]: system.cpu T0 : 0x3a8    : immtransj  j2, 8192        : IntAlu :  D=0x0000000000002000
 850000[    425]: system.cpu T0 : 0x3b0    : immtransr  r1, 305419896   : IntAlu :  D=0x0000000012345678
 860000[    430]: system.cpu T0 : 0x3b8    : swir       r1, 256(j2)     : MemWrite :  D=0x0000000012345678 A=0x2100
 862000[    431]: system.cpu T0 : 0x3bc    : swir       r1, 512(j2)     : MemWrite :  D=0x0000000012345678 A=0x2200
 864000[    432]: system.cpu T0 : 0x3c0    : swir       r1, 768(j2)     : MemWrite :  D=0x0000000012345678 A=0x2300
 868000[    434]: system.cpu T0 : 0x3c4    : swir       r1, 1024(j2)    : MemWrite :  D=0x0000000012345678 A=0x2400
 870000[    435]: system.cpu T0 : 0x3cc    : swir       r1, 1280(j2)    : MemWrite :  D=0x0000000012345678 A=0x2500
 872000[    436]: system.cpu T0 : 0x3d4    : swir       r1, 1536(j2)    : MemWrite :  D=0x0000000012345678 A=0x2600
 876000[    438]: system.cpu T0 : 0x3dc    : swir       r1, 1792(j2)    : MemWrite :  D=0x0000000012345678 A=0x2700
 882000[    441]: system.cpu T0 : 0x3e4    : lwir       r2, 256(j2)     : MemRead :  D=0x0000000012345678 A=0x2100
 886000[    443]: system.cpu T0 : 0x3e8    : lwir       r3, 512(j2)     : MemRead :  D=0x0000000012345678 A=0x2200
 888000[    444]: system.cpu T0 : 0x3ec    : lwir       r4, 768(j2)     : MemRead :  D=0x0000000012345678 A=0x2300
 892000[    446]: system.cpu T0 : 0x3f0    : lwir       r5, 1024(j2)    : MemRead :  D=0x0000000012345678 A=0x2400
 892000[    446]: system.cpu T0 : 0x410    : immtransr  r0, 3           : IntAlu :  D=0x0000000000000003
 894000[    447]: system.cpu T0 : 0x3f8    : lwir       r6, 1280(j2)    : MemRead :  D=0x0000000012345678 A=0x2500
 894000[    447]: system.cpu T0 : 0x414    : immtransr  r1, 8           : IntAlu :  D=0x0000000000000008
 896000[    448]: system.cpu T0 : 0x400    : lwir       r7, 1536(j2)    : MemRead :  D=0x0000000012345678 A=0x2600
 896000[    448]: system.cpu T0 : 0x418    : immtransr  r2, -2          : IntAlu :  D=0x00000000fffffffe
 898000[    449]: system.cpu T0 : 0x420    : immtransr  r3, -4          : IntAlu :  D=0x00000000fffffffc
 900000[    450]: system.cpu T0 : 0x408    : lwir       r8, 1792(j2)    : MemRead :  D=0x0000000012345678 A=0x2700
 900000[    450]: system.cpu T0 : 0x428    : fixadd     r4, r0, r1      : IntAlu :  D=0x000000000000000b
 906000[    453]: system.cpu T0 : 0x42c    : mfc        r31, stat       : IntAlu :  D=0x0000000000000000
 908000[    454]: system.cpu T0 : 0x430    : fixadd     r5, r0, r1      : IntAlu :  D=0x000000000000000b
 914000[    457]: system.cpu T0 : 0x434    : mfc        r31, stat       : IntAlu :  D=0x0000000000000000
 916000[    458]: system.cpu T0 : 0x438    : fixadd     r6, r0, r2      : IntAlu :  D=0x0000000000000001
 922000[    461]: system.cpu T0 : 0x43c    : mfc        r31, stat       : IntAlu :  D=0x0000000000000001
 924000[    462]: system.cpu T0 : 0x440    : fixadd     r6, r3, r0      : IntAlu :  D=0x00000000ffffffff
 930000[    465]: system.cpu T0 : 0x444    : mfc        r31, stat       : IntAlu :  D=0x0000000000000000
 932000[    466]: system.cpu T0 : 0x448    : fixadd     r7, r2, r3      : IntAlu :  D=0x00000000fffffffa
 938000[    469]: system.cpu T0 : 0x44c    : mfc        r31, stat       : IntAlu :  D=0x0000000000000001
 940000[    470]: system.cpu T0 : 0x450    : fixadd     r4, r0, r1      : IntAlu :  D=0x000000000000000b
 946000[    473]: system.cpu T0 : 0x454    : mfc        r31, stat       : IntAlu :  D=0x0000000000000000
 948000[    474]: system.cpu T0 : 0x458    : fixadd     r5, r0, r1      : IntAlu :  D=0x000000000000000b
 954000[    477]: system.cpu T0 : 0x45c    : mfc        r31, stat       : IntAlu :  D=0x0000000000000000
 956000[    478]: system.cpu T0 : 0x460    : fixadd     r6, r0, r2      : IntAlu :  D=0x0000000000000001
 962000[    481]: system.cpu T0 : 0x464    : mfc        r31, stat       : IntAlu :  D=0x0000000000000001
 964000[    482]: system.cpu T0 : 0x468    : fixadd     r6, r3, r0      : IntAlu :  D=0x00000000ffffffff
 970000[    485]: system.cpu T0 : 0x46c    : mfc        r31, stat       : IntAlu :  D=0x0000000000000000
 972000[    486]: system.cpu T0 : 0x470    : fixadd     r7, r2, r3      : IntAlu :  D=0x00000000fffffffa
 978000[    489]: system.cpu T0 : 0x474    : mfc        r31, stat       : IntAlu :  D=0x0000000000000001
 980000[    490]: system.cpu T0 : 0x478    : immtransr  r0, -2          : IntAlu :  D=0x00000000fffffffe
 982000[    491]: system.cpu T0 : 0x480    : immtransr  r1, 8           : IntAlu :  D=0x0000000000000008
 988000[    494]: system.cpu T0 : 0x484    : fixadd     r2, r0, r1      : IntAlu :  D=0x00000000ffffffff
 994000[    497]: system.cpu T0 : 0x488    : mfc        r31, stat       : IntAlu :  D=0x0000000000000001
 996000[    498]: system.cpu T0 : 0x48c    : fixadd     r2, r0, r1      : IntAlu :  D=0x0000000000000006
1002000[    501]: system.cpu T0 : 0x490    : mfc        r31, stat       : IntAlu :  D=0x0000000000000001
1004000[    502]: system.cpu T0 : 0x494    : immtransr  r0, 2147483645  : IntAlu :  D=0x000000007ffffffd
1006000[    503]: system.cpu T0 : 0x49c    : immtransr  r1, 2147483646  : IntAlu :  D=0x000000007ffffffe
1008000[    504]: system.cpu T0 : 0x4a4    : immtransr  r2, -2147483647 : IntAlu :  D=0x0000000080000001
1010000[    505]: system.cpu T0 : 0x4ac    : immtransr  r3, -2147483646 : IntAlu :  D=0x0000000080000002
1012000[    506]: system.cpu T0 : 0x4b4    : fixadd     r4, r0, r1      : IntAlu :  D=0x000000007fffffff
1018000[    509]: system.cpu T0 : 0x4b8    : mfc        r31, stat       : IntAlu :  D=0x0000000000000000
1020000[    510]: system.cpu T0 : 0x4bc    : fixadd     r5, r0, r1      : IntAlu :  D=0x00000000fffffffb
1026000[    513]: system.cpu T0 : 0x4c0    : mfc        r31, stat       : IntAlu :  D=0x0000000000000000
1028000[    514]: system.cpu T0 : 0x4c4    : fixadd     r6, r2, r3      : IntAlu :  D=0x0000000080000000
1034000[    517]: system.cpu T0 : 0x4c8    : mfc        r31, stat       : IntAlu :  D=0x0000000000000001
1036000[    518]: system.cpu T0 : 0x4cc    : fixadd     r7, r2, r3      : IntAlu :  D=0x0000000000000003
1042000[    521]: system.cpu T0 : 0x4d0    : mfc        r31, stat       : IntAlu :  D=0x0000000000000001
1044000[    522]: system.cpu T0 : 0x4d4    : immtransr  r1, -2          : IntAlu :  D=0x00000000fffffffe
1046000[    523]: system.cpu T0 : 0x4dc    : immtransr  r3, 8           : IntAlu :  D=0x0000000000000008
1048000[    524]: system.cpu T0 : 0x4e0    : immtransr  r0, 51          : IntAlu :  D=0x0000000000000033
1050000[    525]: system.cpu T0 : 0x4e4    : immtransr  r2, 34          : IntAlu :  D=0x0000000000000022
1052000[    526]: system.cpu T0 : 0x4e8    : fixadd     r4, r1, r3      : IntAlu :  D=0x00000000ffffffff
1058000[    529]: system.cpu T0 : 0x4ec    : mfc        r31, stat       : IntAlu :  D=0x0000000000000001
1060000[    530]: system.cpu T0 : 0x4f0    : addci_t    r5, r0, r2      : IntAlu :  D=0x0000000000000056
1066000[    533]: system.cpu T0 : 0x4f4    : mfc        r31, stat       : IntAlu :  D=0x0000000000000000
1072000[    536]: system.cpu T0 : 0x500    : immtransr  r0, 3           : IntAlu :  D=0x0000000000000003
1074000[    537]: system.cpu T0 : 0x504    : immtransr  r1, 8           : IntAlu :  D=0x0000000000000008
1076000[    538]: system.cpu T0 : 0x508    : immtransr  r2, -2          : IntAlu :  D=0x00000000fffffffe
1078000[    539]: system.cpu T0 : 0x510    : immtransr  r3, -4          : IntAlu :  D=0x00000000fffffffc
1080000[    540]: system.cpu T0 : 0x518    : fixsub     r4, r0, r1      : IntAlu :  D=0x0000000000000000
1086000[    543]: system.cpu T0 : 0x51c    : mfc        r31, stat       : IntAlu :  D=0x0000000000000000
1088000[    544]: system.cpu T0 : 0x520    : fixsub     r5, r0, r1      : IntAlu :  D=0x00000000fffffffb
1094000[    547]: system.cpu T0 : 0x524    : mfc        r31, stat       : IntAlu :  D=0x0000000000000000
1096000[    548]: system.cpu T0 : 0x528    : fixsub     r6, r0, r2      : IntAlu :  D=0x0000000000000005
1102000[    551]: system.cpu T0 : 0x52c    : mfc        r31, stat       : IntAlu :  D=0x0000000000000001
1104000[    552]: system.cpu T0 : 0x530    : fixsub     r6, r3, r0      : IntAlu :  D=0x00000000fffffff9
1110000[    555]: system.cpu T0 : 0x534    : mfc        r31, stat       : IntAlu :  D=0x0000000000000000
1112000[    556]: system.cpu T0 : 0x538    : fixsub     r7, r2, r3      : IntAlu :  D=0x0000000000000002
1118000[    559]: system.cpu T0 : 0x53c    : mfc        r31, stat       : IntAlu :  D=0x0000000000000001
1120000[    560]: system.cpu T0 : 0x540    : fixsub     r4, r0, r1      : IntAlu :  D=0x00000000fffffffb
1126000[    563]: system.cpu T0 : 0x544    : mfc        r31, stat       : IntAlu :  D=0x0000000000000000
1128000[    564]: system.cpu T0 : 0x548    : fixsub     r5, r0, r1      : IntAlu :  D=0x00000000fffffffb
1134000[    567]: system.cpu T0 : 0x54c    : mfc        r31, stat       : IntAlu :  D=0x0000000000000000
1136000[    568]: system.cpu T0 : 0x550    : fixsub     r6, r0, r2      : IntAlu :  D=0x0000000000000005
1142000[    571]: system.cpu T0 : 0x554    : mfc        r31, stat       : IntAlu :  D=0x0000000000000001
1144000[    572]: system.cpu T0 : 0x558    : fixsub     r6, r3, r0      : IntAlu :  D=0x00000000fffffff9
1150000[    575]: system.cpu T0 : 0x55c    : mfc        r31, stat       : IntAlu :  D=0x0000000000000000
1152000[    576]: system.cpu T0 : 0x560    : fixsub     r7, r2, r3      : IntAlu :  D=0x0000000000000002
1158000[    579]: system.cpu T0 : 0x564    : mfc        r31, stat       : IntAlu :  D=0x0000000000000001
1160000[    580]: system.cpu T0 : 0x568    : immtransr  r0, 0           : IntAlu :  D=0x0000000000000000
1162000[    581]: system.cpu T0 : 0x56c    : immtransr  r1, 2           : IntAlu :  D=0x0000000000000002
1168000[    584]: system.cpu T0 : 0x570    : fixsub     r2, r0, r1      : IntAlu :  D=0x0000000000000000
1174000[    587]: system.cpu T0 : 0x574    : mfc        r31, stat       : IntAlu :  D=0x0000000000000000
1176000[    588]: system.cpu T0 : 0x578    : fixsub     r2, r0, r1      : IntAlu :  D=0x00000000fffffffe
1182000[    591]: system.cpu T0 : 0x57c    : mfc        r31, stat       : IntAlu :  D=0x0000000000000000
1184000[    592]: system.cpu T0 : 0x580    : immtransr  r0, 2147483645  : IntAlu :  D=0x000000007ffffffd
1186000[    593]: system.cpu T0 : 0x588    : immtransr  r1, 2147483646  : IntAlu :  D=0x000000007ffffffe
1188000[    594]: system.cpu T0 : 0x590    : immtransr  r2, -2147483647 : IntAlu :  D=0x0000000080000001
1190000[    595]: system.cpu T0 : 0x598    : immtransr  r3, -2147483646 : IntAlu :  D=0x0000000080000002
1194000[    597]: system.cpu T0 : 0x5a0    : fixsub     r4, r0, r2      : IntAlu :  D=0x000000007fffffff
1200000[    600]: system.cpu T0 : 0x5a4    : mfc        r31, stat       : IntAlu :  D=0x0000000000000001
1202000[    601]: system.cpu T0 : 0x5a8    : fixsub     r5, r0, r2      : IntAlu :  D=0x00000000fffffffc
1208000[    604]: system.cpu T0 : 0x5ac    : mfc        r31, stat       : IntAlu :  D=0x0000000000000001
1210000[    605]: system.cpu T0 : 0x5b0    : fixsub     r6, r3, r1      : IntAlu :  D=0x0000000080000000
1216000[    608]: system.cpu T0 : 0x5b4    : mfc        r31, stat       : IntAlu :  D=0x0000000000000000
1218000[    609]: system.cpu T0 : 0x5b8    : fixsub     r7, r3, r1      : IntAlu :  D=0x0000000000000004
1224000[    612]: system.cpu T0 : 0x5bc    : mfc        r31, stat       : IntAlu :  D=0x0000000000000000
1226000[    613]: system.cpu T0 : 0x5c0    : immtransr  r1, 0           : IntAlu :  D=0x0000000000000000
1228000[    614]: system.cpu T0 : 0x5c4    : immtransr  r3, 2           : IntAlu :  D=0x0000000000000002
1230000[    615]: system.cpu T0 : 0x5c8    : immtransr  r0, 51          : IntAlu :  D=0x0000000000000033
1232000[    616]: system.cpu T0 : 0x5cc    : immtransr  r2, 34          : IntAlu :  D=0x0000000000000022
1234000[    617]: system.cpu T0 : 0x5d0    : fixsub     r4, r1, r3      : IntAlu :  D=0x0000000000000000
1240000[    620]: system.cpu T0 : 0x5d4    : mfc        r31, stat       : IntAlu :  D=0x0000000000000000
1242000[    621]: system.cpu T0 : 0x5d8    : subci_t    r5, r0, r2      : IntAlu :  D=0x0000000000000010
1248000[    624]: system.cpu T0 : 0x5dc    : mfc        r31, stat       : IntAlu :  D=0x0000000000000001
1250000[    625]: system.cpu T0 : 0x5e0    : immtransr  r0, 1065353216  : IntAlu :  D=0x000000003f800000
1252000[    626]: system.cpu T0 : 0x5e8    : immtransr  r1, 1065484288  : IntAlu :  D=0x000000003f820000
1254000[    627]: system.cpu T0 : 0x5f0    : immtransr  r8, 1065418752  : IntAlu :  D=0x000000003f810000
1256000[    628]: system.cpu T0 : 0x5f8    : immtransr  r11, 1056964608 : IntAlu :  D=0x000000003f000000
1258000[    629]: system.cpu T0 : 0x600    : immtransr  r18, 1057095680 : IntAlu :  D=0x000000003f020000
1260000[    630]: system.cpu T0 : 0x608    : immtransr  r2, 0           : IntAlu :  D=0x0000000000000000
1262000[    631]: system.cpu T0 : 0x60c    : immtransr  r3, 1072693248  : IntAlu :  D=0x000000003ff00000
1264000[    632]: system.cpu T0 : 0x614    : immtransr  r4, -1          : IntAlu :  D=0x00000000ffffffff
1266000[    633]: system.cpu T0 : 0x61c    : immtransr  r5, 1073741823  : IntAlu :  D=0x000000003fffffff
1268000[    634]: system.cpu T0 : 0x624    : immtransr  r6, 0           : IntAlu :  D=0x0000000000000000
1270000[    635]: system.cpu T0 : 0x628    : immtransr  r7, 1071644672  : IntAlu :  D=0x000000003fe00000
1272000[    636]: system.cpu T0 : 0x630    : immtransr  r8, -1          : IntAlu :  D=0x00000000ffffffff
1274000[    637]: system.cpu T0 : 0x638    : immtransr  r9, 1072693247  : IntAlu :  D=0x000000003fefffff
1286000[    643]: system.cpu T0 : 0x648    : recip_s    f10, f0         : FloatAdd :  D=0x000000003f7f8000
1288000[    644]: system.cpu T0 : 0x64c    : recip_s    f31, f1         : FloatAdd :  D=0x000000003f7c0000
1290000[    645]: system.cpu T0 : 0x650    : recip_s    f16, f8         : FloatAdd :  D=0x000000007fbfffff
1292000[    646]: system.cpu T0 : 0x654    : recip_dr   dr10, dr1       : FloatAdd :  D=0x3feff80000000000
1294000[    647]: system.cpu T0 : 0x658    : rsqrt_s    f13, f1         : FloatAdd :  D=0x000000003f7e0000
1296000[    648]: system.cpu T0 : 0x65c    : rsqrt_s    f14, f11        : FloatAdd :  D=0x000000003fb50000
1298000[    649]: system.cpu T0 : 0x660    : rsqrt_s    f21, f18        : FloatAdd :  D=0x000000003fb30000
1300000[    650]: system.cpu T0 : 0x664    : rsqrt_dr   dr12, dr1       : FloatAdd :  D=0x3feff80000000000
1302000[    651]: system.cpu T0 : 0x668    : rsqrt_dr   dr13, dr2       : FloatAdd :  D=0x3fe6a80000000000
1304000[    652]: system.cpu T0 : 0x66c    : rsqrt_dr   dr14, dr3       : FloatAdd :  D=0x3ff6a00000000000
1306000[    653]: system.cpu T0 : 0x670    : rsqrt_dr   dr15, dr4       : FloatAdd :  D=0x3ff0080000000000
1310000[    655]: system.cpu T0 : 0x68c    : spustop                    : IntAlu : 
