  14000[      7]: system.cpu T0 : 0x0    : immtransj  j1, 32          : IntAlu :  D=0x0000000000000020
  16000[      8]: system.cpu T0 : 0x4    : immtransr  r0, 0           : IntAlu :  D=0x0000000000000000
  18000[      9]: system.cpu T0 : 0x8    : immtransr  r1, 1           : IntAlu :  D=0x0000000000000001
  20000[     10]: system.cpu T0 : 0xc    : immtransr  r2, 2           : IntAlu :  D=0x0000000000000002
  22000[     11]: system.cpu T0 : 0x10    : immtransr  r3, 3           : IntAlu :  D=0x0000000000000003
  24000[     12]: system.cpu T0 : 0x14    : immtransr  r4, 4           : IntAlu :  D=0x0000000000000004
  26000[     13]: system.cpu T0 : 0x18    : immtransr  r5, 5           : IntAlu :  D=0x0000000000000005
  28000[     14]: system.cpu T0 : 0x1c    : immtransr  r6, 6           : IntAlu :  D=0x0000000000000006
  30000[     15]: system.cpu T0 : 0x20    : immtransr  r7, 7           : IntAlu :  D=0x0000000000000007
  32000[     16]: system.cpu T0 : 0x24    : immtransr  r8, 8           : IntAlu :  D=0x0000000000000008
  34000[     17]: system.cpu T0 : 0x28    : r2svrwimm  svr0[24], r1    : IntAlu :  D=0x0000000000000001
  34000[     17]: system.cpu T0 : 0x2c    : r2k        kb0, r0         : IntAlu :  D=0x0000000000000000
  36000[     18]: system.cpu T0 : 0x30    : r2k        ke0, r1         : IntAlu :  D=0x0000000000000001
  38000[     19]: system.cpu T0 : 0x34    : r2k        ks0, r2         : IntAlu :  D=0x0000000000000002
  42000[     21]: system.cpu T0 : 0x38    : r2ki       ki0, r3         : IntAlu :  D=0x0000000000000003
  42000[     21]: system.cpu T0 : 0x3c    : r2k        km1, r4         : IntAlu :  D=0x0000000000000004
  44000[     22]: system.cpu T0 : 0x40    : r2k        kg0, r5         : IntAlu :  D=0x0000000000000005
  46000[     23]: system.cpu T0 : 0x44    : r2k        kl0, r6         : IntAlu :  D=0x0000000000000006
  48000[     24]: system.cpu T0 : 0x48    : r2k        kl4, r7         : IntAlu :  D=0x0000000000000007
  50000[     25]: system.cpu T0 : 0x4c    : r2k        kl8, r8         : IntAlu :  D=0x0000000000000008
  54000[     27]: system.cpu T0 : 0x50    : immtransj  j0, 4194304     : IntAlu :  D=0x0000000000400000
  56000[     28]: system.cpu T0 : 0x58    : immtransj  j1, 0           : IntAlu :  D=0x0000000000000000
  58000[     29]: system.cpu T0 : 0x5c    : immtransr  r0, 6           : IntAlu :  D=0x0000000000000006
  68000[     34]: system.cpu T0 : 0x60    : swr        r0, j1(j0)      : MemWrite :  D=0x0000000000000006 A=0x400000
  74000[     37]: system.cpu T0 : 0x64    : lsvr       svr1, j1(j0)    : MemRead :  D=0x6 0x0 0x0 0x0 0x0 0x0 0x0 0x0 0x0 0x0 0x0 0x0 0x0 0x0 0x0 0x0 0x0 0x0 0x0 0x0 0x0 0x0 0x0 0x0 0x0 0x0 0x0 0x0 0x0 0x0 0x0 0x0 0x0 0x0 0x0 0x0 0x0 0x0 0x0 0x0 0x0 0x0 0x0 0x0 0x0 0x0 0x0 0x0 0x0 0x0 0x0 0x0 0x0 0x0 0x0 0x0 0x0 0x0 0x0 0x0 0x0 0x0 0x0 0x0  A=0x400000
  80000[     40]: system.cpu T0 : 0x68    : svr2shu0   shu0.t0, svr1   : IntAlu :  D=0x6 0x0 0x0 0x0 0x0 0x0 0x0 0x0 0x0 0x0 0x0 0x0 0x0 0x0 0x0 0x0 0x0 0x0 0x0 0x0 0x0 0x0 0x0 0x0 0x0 0x0 0x0 0x0 0x0 0x0 0x0 0x0 0x0 0x0 0x0 0x0 0x0 0x0 0x0 0x0 0x0 0x0 0x0 0x0 0x0 0x0 0x0 0x0 0x0 0x0 0x0 0x0 0x0 0x0 0x0 0x0 0x0 0x0 0x0 0x0 0x0 0x0 0x0 0x0 
  84000[     42]: system.cpu T0 : 0x70    : shu02svr   svr1, shu0.t0   : IntAlu :  D=0x6 0x0 0x0 0x0 0x0 0x0 0x0 0x0 0x0 0x0 0x0 0x0 0x0 0x0 0x0 0x0 0x0 0x0 0x0 0x0 0x0 0x0 0x0 0x0 0x0 0x0 0x0 0x0 0x0 0x0 0x0 0x0 0x0 0x0 0x0 0x0 0x0 0x0 0x0 0x0 0x0 0x0 0x0 0x0 0x0 0x0 0x0 0x0 0x0 0x0 0x0 0x0 0x0 0x0 0x0 0x0 0x0 0x0 0x0 0x0 0x0 0x0 0x0 0x0 
  88000[     44]: system.cpu T0 : 0x74    : immtransr  r1, 248         : IntAlu :  D=0x00000000000000f8
  94000[     47]: system.cpu T0 : 0x78    : r2shu0w    shu0.t0, r1     : IntAlu :  D=0xf8 0x0 0x0 0x0 0xf8 0x0 0x0 0x0 0xf8 0x0 0x0 0x0 0xf8 0x0 0x0 0x0 0xf8 0x0 0x0 0x0 0xf8 0x0 0x0 0x0 0xf8 0x0 0x0 0x0 0xf8 0x0 0x0 0x0 0xf8 0x0 0x0 0x0 0xf8 0x0 0x0 0x0 0xf8 0x0 0x0 0x0 0xf8 0x0 0x0 0x0 0xf8 0x0 0x0 0x0 0xf8 0x0 0x0 0x0 0xf8 0x0 0x0 0x0 0xf8 0x0 0x0 0x0 
  98000[     49]: system.cpu T0 : 0x80    : shu02svr   svr1, shu0.t0   : IntAlu :  D=0xf8 0x0 0x0 0x0 0xf8 0x0 0x0 0x0 0xf8 0x0 0x0 0x0 0xf8 0x0 0x0 0x0 0xf8 0x0 0x0 0x0 0xf8 0x0 0x0 0x0 0xf8 0x0 0x0 0x0 0xf8 0x0 0x0 0x0 0xf8 0x0 0x0 0x0 0xf8 0x0 0x0 0x0 0xf8 0x0 0x0 0x0 0xf8 0x0 0x0 0x0 0xf8 0x0 0x0 0x0 0xf8 0x0 0x0 0x0 0xf8 0x0 0x0 0x0 0xf8 0x0 0x0 0x0 
 102000[     51]: system.cpu T0 : 0x84    : r2shu0b    shu0.t1, r1     : IntAlu :  D=0xf8 0xf8 0xf8 0xf8 0xf8 0xf8 0xf8 0xf8 0xf8 0xf8 0xf8 0xf8 0xf8 0xf8 0xf8 0xf8 0xf8 0xf8 0xf8 0xf8 0xf8 0xf8 0xf8 0xf8 0xf8 0xf8 0xf8 0xf8 0xf8 0xf8 0xf8 0xf8 0xf8 0xf8 0xf8 0xf8 0xf8 0xf8 0xf8 0xf8 0xf8 0xf8 0xf8 0xf8 0xf8 0xf8 0xf8 0xf8 0xf8 0xf8 0xf8 0xf8 0xf8 0xf8 0xf8 0xf8 0xf8 0xf8 0xf8 0xf8 0xf8 0xf8 0xf8 0xf8 
 106000[     53]: system.cpu T0 : 0x8c    : shu02svr   svr1, shu0.t1   : IntAlu :  D=0xf8 0xf8 0xf8 0xf8 0xf8 0xf8 0xf8 0xf8 0xf8 0xf8 0xf8 0xf8 0xf8 0xf8 0xf8 0xf8 0xf8 0xf8 0xf8 0xf8 0xf8 0xf8 0xf8 0xf8 0xf8 0xf8 0xf8 0xf8 0xf8 0xf8 0xf8 0xf8 0xf8 0xf8 0xf8 0xf8 0xf8 0xf8 0xf8 0xf8 0xf8 0xf8 0xf8 0xf8 0xf8 0xf8 0xf8 0xf8 0xf8 0xf8 0xf8 0xf8 0xf8 0xf8 0xf8 0xf8 0xf8 0xf8 0xf8 0xf8 0xf8 0xf8 0xf8 0xf8 
 110000[     55]: system.cpu T0 : 0x90    : r2shu1h    shu1.t0, r1     : IntAlu :  D=0xf8 0x0 0xf8 0x0 0xf8 0x0 0xf8 0x0 0xf8 0x0 0xf8 0x0 0xf8 0x0 0xf8 0x0 0xf8 0x0 0xf8 0x0 0xf8 0x0 0xf8 0x0 0xf8 0x0 0xf8 0x0 0xf8 0x0 0xf8 0x0 0xf8 0x0 0xf8 0x0 0xf8 0x0 0xf8 0x0 0xf8 0x0 0xf8 0x0 0xf8 0x0 0xf8 0x0 0xf8 0x0 0xf8 0x0 0xf8 0x0 0xf8 0x0 0xf8 0x0 0xf8 0x0 0xf8 0x0 0xf8 0x0 
 114000[     57]: system.cpu T0 : 0x98    : shu12svr   svr1, shu1.t0   : IntAlu :  D=0xf8 0x0 0xf8 0x0 0xf8 0x0 0xf8 0x0 0xf8 0x0 0xf8 0x0 0xf8 0x0 0xf8 0x0 0xf8 0x0 0xf8 0x0 0xf8 0x0 0xf8 0x0 0xf8 0x0 0xf8 0x0 0xf8 0x0 0xf8 0x0 0xf8 0x0 0xf8 0x0 0xf8 0x0 0xf8 0x0 0xf8 0x0 0xf8 0x0 0xf8 0x0 0xf8 0x0 0xf8 0x0 0xf8 0x0 0xf8 0x0 0xf8 0x0 0xf8 0x0 0xf8 0x0 0xf8 0x0 0xf8 0x0 
 118000[     59]: system.cpu T0 : 0x9c    : r2shu1w    shu1.t1, r1     : IntAlu :  D=0xf8 0x0 0x0 0x0 0xf8 0x0 0x0 0x0 0xf8 0x0 0x0 0x0 0xf8 0x0 0x0 0x0 0xf8 0x0 0x0 0x0 0xf8 0x0 0x0 0x0 0xf8 0x0 0x0 0x0 0xf8 0x0 0x0 0x0 0xf8 0x0 0x0 0x0 0xf8 0x0 0x0 0x0 0xf8 0x0 0x0 0x0 0xf8 0x0 0x0 0x0 0xf8 0x0 0x0 0x0 0xf8 0x0 0x0 0x0 0xf8 0x0 0x0 0x0 0xf8 0x0 0x0 0x0 
 122000[     61]: system.cpu T0 : 0xa4    : shu12svr   svr1, shu1.t1   : IntAlu :  D=0xf8 0x0 0x0 0x0 0xf8 0x0 0x0 0x0 0xf8 0x0 0x0 0x0 0xf8 0x0 0x0 0x0 0xf8 0x0 0x0 0x0 0xf8 0x0 0x0 0x0 0xf8 0x0 0x0 0x0 0xf8 0x0 0x0 0x0 0xf8 0x0 0x0 0x0 0xf8 0x0 0x0 0x0 0xf8 0x0 0x0 0x0 0xf8 0x0 0x0 0x0 0xf8 0x0 0x0 0x0 0xf8 0x0 0x0 0x0 0xf8 0x0 0x0 0x0 0xf8 0x0 0x0 0x0 
 124000[     62]: system.cpu T0 : 0xa8    : shu02rw    r2, shu0.t0     : IntAlu :  D=0x00000000000000f8
 126000[     63]: system.cpu T0 : 0xac    : shu02rb    r3, shu0.t0     : IntAlu :  D=0x00000000fffffff8
 128000[     64]: system.cpu T0 : 0xb0    : shu02rbu   r4, shu0.t0     : IntAlu :  D=0x00000000000000f8
 130000[     65]: system.cpu T0 : 0xb4    : shu02rh    r5, shu0.t0     : IntAlu :  D=0x00000000000000f8
 132000[     66]: system.cpu T0 : 0xb8    : shu02rhu   r6, shu0.t0     : IntAlu :  D=0x00000000000000f8
 136000[     68]: system.cpu T0 : 0xbc    : immtransr  r0, 8           : IntAlu :  D=0x0000000000000008
 138000[     69]: system.cpu T0 : 0xc0    : immtransr  r1, 6           : IntAlu :  D=0x0000000000000006
 144000[     72]: system.cpu T0 : 0xc4    : dr2shu1    shu1.t2, dr0    : FloatAdd :  D=0x8 0x0 0x0 0x0 0x6 0x0 0x0 0x0 0x8 0x0 0x0 0x0 0x6 0x0 0x0 0x0 0x8 0x0 0x0 0x0 0x6 0x0 0x0 0x0 0x8 0x0 0x0 0x0 0x6 0x0 0x0 0x0 0x8 0x0 0x0 0x0 0x6 0x0 0x0 0x0 0x8 0x0 0x0 0x0 0x6 0x0 0x0 0x0 0x8 0x0 0x0 0x0 0x6 0x0 0x0 0x0 0x8 0x0 0x0 0x0 0x6 0x0 0x0 0x0 
 150000[     75]: system.cpu T0 : 0xd0    : immtransr  r0, 0           : IntAlu :  D=0x0000000000000000
 152000[     76]: system.cpu T0 : 0xcc    : shu12dr    dr1, shu1.t2    : FloatAdd :  D=0x0000000600000008
 152000[     76]: system.cpu T0 : 0xd4    : immtransr  r1, 1           : IntAlu :  D=0x0000000000000001
 154000[     77]: system.cpu T0 : 0xd8    : immtransr  r2, 3           : IntAlu :  D=0x0000000000000003
 156000[     78]: system.cpu T0 : 0xdc    : immtransr  r3, 129254      : IntAlu :  D=0x000000000001f8e6
 162000[     81]: system.cpu T0 : 0xe4    : r2svrb     svr0[r0], r3    : IntAlu :  D=0x00000000000000e6
 168000[     84]: system.cpu T0 : 0xe8    : r2svrh     svr0[r1], r3    : IntAlu :  D=0x000000000000f8e6
 174000[     87]: system.cpu T0 : 0xec    : r2svrw     svr0[r1], r3    : IntAlu :  D=0x000000000001f8e6
 180000[     90]: system.cpu T0 : 0xf0    : svr2rw     r4, svr0[r1]    : IntAlu :  D=0x000000000001f8e6
 182000[     91]: system.cpu T0 : 0xf4    : svr2rb     r5, svr0[r2]    : IntAlu :  D=0x00000000000000f8
 184000[     92]: system.cpu T0 : 0xf8    : svr2rbu    r6, svr0[r2]    : IntAlu :  D=0x00000000000000f8
 186000[     93]: system.cpu T0 : 0xfc    : svr2rh     r7, svr0[r2]    : IntAlu :  D=0x0000000000000001
 188000[     94]: system.cpu T0 : 0x100    : svr2rhu    r8, svr0[r2]    : IntAlu :  D=0x0000000000000001
 190000[     95]: system.cpu T0 : 0x104    : immtransr  r3, 129254      : IntAlu :  D=0x000000000001f8e6
 196000[     98]: system.cpu T0 : 0x10c    : r2svrbimm  svr1[0], r3     : IntAlu :  D=0x00000000000000e6
 202000[    101]: system.cpu T0 : 0x110    : r2svrhimm  svr1[1], r3     : IntAlu :  D=0x000000000000f8e6
 208000[    104]: system.cpu T0 : 0x114    : r2svrwimm  svr1[1], r3     : IntAlu :  D=0x000000000001f8e6
 214000[    107]: system.cpu T0 : 0x118    : svr2rwimm  r2, svr1[1]     : IntAlu :  D=0x000000000001f8e6
 216000[    108]: system.cpu T0 : 0x11c    : svr2rbimm  r3, svr1[3]     : IntAlu :  D=0x00000000000000f8
 218000[    109]: system.cpu T0 : 0x120    : svr2rbuimm r4, svr1[3]     : IntAlu :  D=0x00000000000000f8
 220000[    110]: system.cpu T0 : 0x124    : svr2rhimm  r5, svr1[3]     : IntAlu :  D=0x0000000000000001
 222000[    111]: system.cpu T0 : 0x128    : svr2rhuimm r6, svr1[3]     : IntAlu :  D=0x0000000000000001
 224000[    112]: system.cpu T0 : 0x12c    : immtransr  r0, 0           : IntAlu :  D=0x0000000000000000
 226000[    113]: system.cpu T0 : 0x130    : immtransr  r1, 255         : IntAlu :  D=0x00000000000000ff
 230000[    115]: system.cpu T0 : 0x134    : r2svrbimm  svr1[0], r0     : IntAlu :  D=0x0000000000000000
 236000[    118]: system.cpu T0 : 0x138    : r2svrbimm  svr1[1], r0     : IntAlu :  D=0x0000000000000000
 242000[    121]: system.cpu T0 : 0x13c    : r2svrbimm  svr1[2], r0     : IntAlu :  D=0x0000000000000000
 248000[    124]: system.cpu T0 : 0x140    : r2svrbimm  svr1[3], r0     : IntAlu :  D=0x0000000000000000
 254000[    127]: system.cpu T0 : 0x144    : r2svrbimm  svr1[4], r0     : IntAlu :  D=0x0000000000000000
 260000[    130]: system.cpu T0 : 0x148    : r2svrbimm  svr1[5], r0     : IntAlu :  D=0x0000000000000000
 266000[    133]: system.cpu T0 : 0x14c    : r2svrbimm  svr1[6], r0     : IntAlu :  D=0x0000000000000000
 272000[    136]: system.cpu T0 : 0x150    : r2svrbimm  svr1[7], r0     : IntAlu :  D=0x0000000000000000
 278000[    139]: system.cpu T0 : 0x154    : r2svrbimm  svr1[8], r0     : IntAlu :  D=0x0000000000000000
 284000[    142]: system.cpu T0 : 0x158    : r2svrbimm  svr1[9], r0     : IntAlu :  D=0x0000000000000000
 290000[    145]: system.cpu T0 : 0x15c    : r2svrbimm  svr1[10], r0    : IntAlu :  D=0x0000000000000000
 296000[    148]: system.cpu T0 : 0x160    : r2svrbimm  svr1[11], r0    : IntAlu :  D=0x0000000000000000
 302000[    151]: system.cpu T0 : 0x164    : svr2shu0   shu0.t0, svr1   : IntAlu :  D=0x0 0x0 0x0 0x0 0x0 0x0 0x0 0x0 0x0 0x0 0x0 0x0 0xf8 0x0 0x0 0x0 0xf8 0x0 0x0 0x0 0xf8 0x0 0x0 0x0 0xf8 0x0 0x0 0x0 0xf8 0x0 0x0 0x0 0xf8 0x0 0x0 0x0 0xf8 0x0 0x0 0x0 0xf8 0x0 0x0 0x0 0xf8 0x0 0x0 0x0 0xf8 0x0 0x0 0x0 0xf8 0x0 0x0 0x0 0xf8 0x0 0x0 0x0 0xf8 0x0 0x0 0x0 
 304000[    152]: system.cpu T0 : 0x168    : r2svrbimm  svr1[0], r1     : IntAlu :  D=0x00000000000000ff
 310000[    155]: system.cpu T0 : 0x16c    : r2svrbimm  svr1[1], r1     : IntAlu :  D=0x00000000000000ff
 316000[    158]: system.cpu T0 : 0x170    : r2svrbimm  svr1[2], r1     : IntAlu :  D=0x00000000000000ff
 322000[    161]: system.cpu T0 : 0x174    : r2svrbimm  svr1[3], r1     : IntAlu :  D=0x00000000000000ff
 328000[    164]: system.cpu T0 : 0x178    : r2svrbimm  svr1[4], r1     : IntAlu :  D=0x00000000000000ff
 334000[    167]: system.cpu T0 : 0x17c    : r2svrbimm  svr1[5], r1     : IntAlu :  D=0x00000000000000ff
 340000[    170]: system.cpu T0 : 0x180    : r2svrbimm  svr1[6], r1     : IntAlu :  D=0x00000000000000ff
 346000[    173]: system.cpu T0 : 0x184    : r2svrbimm  svr1[7], r1     : IntAlu :  D=0x00000000000000ff
 352000[    176]: system.cpu T0 : 0x188    : r2svrbimm  svr1[8], r1     : IntAlu :  D=0x00000000000000ff
 358000[    179]: system.cpu T0 : 0x18c    : r2svrbimm  svr1[9], r1     : IntAlu :  D=0x00000000000000ff
 364000[    182]: system.cpu T0 : 0x190    : r2svrbimm  svr1[10], r1    : IntAlu :  D=0x00000000000000ff
 370000[    185]: system.cpu T0 : 0x194    : r2svrbimm  svr1[11], r1    : IntAlu :  D=0x00000000000000ff
 376000[    188]: system.cpu T0 : 0x198    : svr2shu0   shu0.t1, svr1   : IntAlu :  D=0xff 0xff 0xff 0xff 0xff 0xff 0xff 0xff 0xff 0xff 0xff 0xff 0xf8 0x0 0x0 0x0 0xf8 0x0 0x0 0x0 0xf8 0x0 0x0 0x0 0xf8 0x0 0x0 0x0 0xf8 0x0 0x0 0x0 0xf8 0x0 0x0 0x0 0xf8 0x0 0x0 0x0 0xf8 0x0 0x0 0x0 0xf8 0x0 0x0 0x0 0xf8 0x0 0x0 0x0 0xf8 0x0 0x0 0x0 0xf8 0x0 0x0 0x0 0xf8 0x0 0x0 0x0 
 380000[    190]: system.cpu T0 : 0x1a8    : spustop                    : IntAlu : 
